node.exe : FAIL src/test/__tests_cps__/components/supportCenter.comprehensive.test.tsx (6.229 s)
At line:1 char:1
+ & "C:\Program Files\nodejs/node.exe" "C:\Program Files\nodejs/node_mo ...
+ ~~~~~~~~~~~~~~~~~~~~~~~~~~~~~~~~~~~~~~~~~~~~~~~~~~~~~~~~~~~~~~~~~~~~~
    + CategoryInfo          : NotSpecified: (FAIL src/test/_...t.tsx (6.229 s):String) [], Remo 
   teException
    + FullyQualifiedErrorId : NativeCommandError
 
  笳・SupportCenter Component 窶ｺ Rendering 窶ｺ should render the support center heading

    TestingLibraryElementError: Unable to find an element with the text: Support center. This 
could be because the text is broken up by multiple elements. In this case, you can provide a 
function for your text matcher to make your matcher more flexible.

    Ignored nodes: comments, script, style
    [36m<body>[39m
      [36m<div>[39m
        [36m<div[39m
          [33mclass[39m=[32m"fixed inset-0 z-50 flex items-center justify-center bg-black/60 
backdrop-blur-sm"[39m
        [36m>[39m
          [36m<div[39m
            [33mclass[39m=[32m"relative w-full max-w-6xl mx-4"[39m
          [36m>[39m
            [36m<button[39m
              [33maria-label[39m=[32m"Close support center"[39m
              [33mclass[39m=[32m"absolute -top-12 right-0 text-white hover:text-gray-300 
transition-colors"[39m
            [36m>[39m
              [36m<svg[39m
                [33mclass[39m=[32m"w-8 h-8"[39m
                [33mfill[39m=[32m"none"[39m
                [33mstroke[39m=[32m"currentColor"[39m
                [33mviewBox[39m=[32m"0 0 24 24"[39m
              [36m>[39m
                [36m<path[39m
                  [33md[39m=[32m"M6 18L18 6M6 6l12 12"[39m
                  [33mstroke-linecap[39m=[32m"round"[39m
                  [33mstroke-linejoin[39m=[32m"round"[39m
                  [33mstroke-width[39m=[32m"2"[39m
                [36m/>[39m
              [36m</svg>[39m
            [36m</button>[39m
            [36m<div[39m
              [33mclass[39m=[32m"relative rounded-3xl overflow-hidden shadow-2xl 
bg-white"[39m
            [36m>[39m
              [36m<div[39m
                [33mclass[39m=[32m"relative px-12 py-16"[39m
              [36m>[39m
                [36m<div[39m
                  [33mclass[39m=[32m"mb-12"[39m
                [36m>[39m
                  [36m<h1[39m
                    [33mclass[39m=[32m"text-5xl font-bold text-gray-900 mb-4"[39m
                  [36m>[39m
                    [0mSupport Center[0m
                  [36m</h1>[39m
                  [36m<p[39m
                    [33mclass[39m=[32m"text-gray-600 text-lg max-w-2xl"[39m
                  [36m>[39m
                    [0mA quick guide to using the project management system. Learn how to 
create projects, manage tasks, and collaborate with your team effectively.[0m
                  [36m</p>[39m
                [36m</div>[39m
                [36m<div[39m
                  [33mclass[39m=[32m"grid grid-cols-1 md:grid-cols-3 gap-6"[39m
                [36m>[39m
                  [36m<div[39m
                    [33mclass[39m=[32m"group relative bg-white border border-gray-200 
rounded-2xl overflow-hidden hover:shadow-xl transition-all duration-300 cursor-pointer 
hover:scale-105"[39m
                  [36m>[39m
                    [36m<div[39m
                      [33mclass[39m=[32m"w-full h-48 overflow-hidden"[39m
                    [36m>[39m
                      [36m<img[39m
                        [33malt[39m=[32m"How to Create Project"[39m
                        [33mclass[39m=[32m"w-full h-full object-cover group-hover:scale-110 
transition-transform duration-300"[39m
                        [33msrc[39m=[32m"/icons/projectcreate.jpg"[39m
                      [36m/>[39m
                    [36m</div>[39m
                    [36m<div[39m
                      [33mclass[39m=[32m"p-6"[39m
                    [36m>[39m
                      [36m<h3[39m
                        [33mclass[39m=[32m"text-xl font-semibold text-gray-900 mb-3 
group-hover:text-blue-600 transition-colors"[39m
                      [36m>[39m
                        [0mHow to Create Project[0m
                      [36m</h3>[39m
                      [36m<p[39m
                        [33mclass[39m=[32m"text-gray-600 text-sm leading-relaxed"[39m
                      [36m>[39m
                        [0mGuide to creating a new project, setting up boards, columns, and 
swimlanes. Manage members and project permissions.[0m
                      [36m</p>[39m
                    [36m</div>[39m
                    [36m<div[39m
                      [33mclass[39m=[32m"absolute inset-0 rounded-2xl border-2 
border-transparent group-hover:border-blue-500 transition-all duration-300"[39m
                    [36m/>[39m
                  [36m</div>[39m
                  [36m<div[39m
                    [33mclass[39m=[32m"group relative bg-white border border-gray-200 
rounded-2xl overflow-hidden hover:shadow-xl transition-all duration-300 cursor-pointer 
hover:scale-105"[39m
                  [36m>[39m
                    [36m<div[39m
                      [33mclass[39m=[32m"w-full h-48 overflow-hidden"[39m
                    [36m>[39m
                      [36m<img[39m
                        [33malt[39m=[32m"Task Management Guide"[39m
                        [33mclass[39m=[32m"w-full h-full object-cover group-hover:scale-110 
transition-transform duration-300"[39m
                        [33msrc[39m=[32m"/icons/TaskManagement.avif"[39m
                      [36m/>[39m
                    [36m</div>[39m
                    [36m<div[39m
                      [33mclass[39m=[32m"p-6"[39m
                    [36m>[39m
                      [36m<h3[39m
                        [33mclass[39m=[32m"text-xl font-semibold text-gray-900 mb-3 
group-hover:text-blue-600 transition-colors"[39m
                      [36m>[39m
                        [0mTask Management Guide[0m
                      [36m</h3>[39m
                      [36m<p[39m
                        [33mclass[39m=[32m"text-gray-600 text-sm leading-relaxed"[39m
                      [36m>[39m
                        [0mHow to create, edit, and move tasks. Use tags, priorities, and 
assign tasks to team members. Track task progress.[0m
                      [36m</p>[39m
                    [36m</div>[39m
                    [36m<div[39m
                      [33mclass[39m=[32m"absolute inset-0 rounded-2xl border-2 
border-transparent group-hover:border-blue-500 transition-all duration-300"[39m
                    [36m/>[39m
                  [36m</div>[39m
                  [36m<div[39m
                    [33mclass[39m=[32m"group relative bg-white border border-gray-200 
rounded-2xl overflow-hidden hover:shadow-xl transition-all duration-300 cursor-pointer 
hover:scale-105"[39m
                  [36m>[39m
                    [36m<div[39m
                      [33mclass[39m=[32m"w-full h-48 overflow-hidden"[39m
                    [36m>[39m
                      [36m<img[39m
                        [33malt[39m=[32m"Team Collaboration"[39m
                        [33mclass[39m=[32m"w-full h-full object-cover group-hover:scale-110 
transition-transform duration-300"[39m
                        [33msrc[39m=[32m"/icons/TeamCollaboration.jpeg"[39m
                      [36m/>[39m
                    [36m</div>[39m
                    [36m<div[39m
                      [33mclass[39m=[32m"p-6"[39m
                    [36m>[39m
                      [36m<h3[39m
                        [33mclass[39m=[32m"text-xl font-semibold text-gray-900 mb-3 
group-hover:text-blue-600 transition-colors"[39m
                      [36m>[39m
                        [0mTeam Collaboration[0m
                      [36m</h3>[39m
                      [36m<p[39m
                        [33mclass[39m=[32m"text-gray-600 text-sm leading-relaxed"[39m
                      [36m>[39m
                        [0mWork effectively with realtime updates, notifications, and 
comments. Share files and track team activity.[0m
                      [36m</p>[39m
                    [36m</div>[39m
                    [36m<div[39m
                      [33mclass[39m=[32m"absolute inset-0 rounded-2xl border-2 
border-transparent group-hover:border-blue-500 transition-all duration-300"[39m
                    [36m/>[39m
                  [36m</div>[39m
                [36m</div>[39m
              [36m</div>[39m
            [36m</div>[39m
          [36m</div>[39m
        [36m</div>[39m
      [36m</div>[39m
    [36m</body>[39m

    [0m [90m 15 |[39m       render([33m<[39m[33mSupportCenter[39m 
onClose[33m=[39m{mockOnClose} [33m/[39m[33m>[39m)[33m;[39m
     [90m 16 |[39m
    [31m[1m>[22m[39m[90m 17 |[39m       expect(screen[33m.[39mgetByText([32m'Support 
center'[39m))[33m.[39mtoBeInTheDocument()[33m;[39m
     [90m    |[39m                     [31m[1m^[22m[39m
     [90m 18 |[39m     })[33m;[39m
     [90m 19 |[39m
     [90m 20 |[39m     it([32m'should render the description text'[39m[33m,[39m () 
[33m=>[39m {[0m

      at Object.getElementError (node_modules/@testing-library/dom/dist/config.js:37:19)
      at node_modules/@testing-library/dom/dist/query-helpers.js:76:38
      at node_modules/@testing-library/dom/dist/query-helpers.js:52:17
      at getByText (node_modules/@testing-library/dom/dist/query-helpers.js:95:19)
      at Object.<anonymous> 
(src/test/__tests_cps__/components/supportCenter.comprehensive.test.tsx:17:21)

  笳・SupportCenter Component 窶ｺ Rendering 窶ｺ should render card descriptions

    TestingLibraryElementError: Unable to find an element with the text: /Hﾆｰ盻嬾g d蘯ｫn t蘯｡o 
project m盻嬖/i. This could be because the text is broken up by multiple elements. In this case, 
you can provide a function for your text matcher to make your matcher more flexible.

    Ignored nodes: comments, script, style
    [36m<body>[39m
      [36m<div>[39m
        [36m<div[39m
          [33mclass[39m=[32m"fixed inset-0 z-50 flex items-center justify-center bg-black/60 
backdrop-blur-sm"[39m
        [36m>[39m
          [36m<div[39m
            [33mclass[39m=[32m"relative w-full max-w-6xl mx-4"[39m
          [36m>[39m
            [36m<button[39m
              [33maria-label[39m=[32m"Close support center"[39m
              [33mclass[39m=[32m"absolute -top-12 right-0 text-white hover:text-gray-300 
transition-colors"[39m
            [36m>[39m
              [36m<svg[39m
                [33mclass[39m=[32m"w-8 h-8"[39m
                [33mfill[39m=[32m"none"[39m
                [33mstroke[39m=[32m"currentColor"[39m
                [33mviewBox[39m=[32m"0 0 24 24"[39m
              [36m>[39m
                [36m<path[39m
                  [33md[39m=[32m"M6 18L18 6M6 6l12 12"[39m
                  [33mstroke-linecap[39m=[32m"round"[39m
                  [33mstroke-linejoin[39m=[32m"round"[39m
                  [33mstroke-width[39m=[32m"2"[39m
                [36m/>[39m
              [36m</svg>[39m
            [36m</button>[39m
            [36m<div[39m
              [33mclass[39m=[32m"relative rounded-3xl overflow-hidden shadow-2xl 
bg-white"[39m
            [36m>[39m
              [36m<div[39m
                [33mclass[39m=[32m"relative px-12 py-16"[39m
              [36m>[39m
                [36m<div[39m
                  [33mclass[39m=[32m"mb-12"[39m
                [36m>[39m
                  [36m<h1[39m
                    [33mclass[39m=[32m"text-5xl font-bold text-gray-900 mb-4"[39m
                  [36m>[39m
                    [0mSupport Center[0m
                  [36m</h1>[39m
                  [36m<p[39m
                    [33mclass[39m=[32m"text-gray-600 text-lg max-w-2xl"[39m
                  [36m>[39m
                    [0mA quick guide to using the project management system. Learn how to 
create projects, manage tasks, and collaborate with your team effectively.[0m
                  [36m</p>[39m
                [36m</div>[39m
                [36m<div[39m
                  [33mclass[39m=[32m"grid grid-cols-1 md:grid-cols-3 gap-6"[39m
                [36m>[39m
                  [36m<div[39m
                    [33mclass[39m=[32m"group relative bg-white border border-gray-200 
rounded-2xl overflow-hidden hover:shadow-xl transition-all duration-300 cursor-pointer 
hover:scale-105"[39m
                  [36m>[39m
                    [36m<div[39m
                      [33mclass[39m=[32m"w-full h-48 overflow-hidden"[39m
                    [36m>[39m
                      [36m<img[39m
                        [33malt[39m=[32m"How to Create Project"[39m
                        [33mclass[39m=[32m"w-full h-full object-cover group-hover:scale-110 
transition-transform duration-300"[39m
                        [33msrc[39m=[32m"/icons/projectcreate.jpg"[39m
                      [36m/>[39m
                    [36m</div>[39m
                    [36m<div[39m
                      [33mclass[39m=[32m"p-6"[39m
                    [36m>[39m
                      [36m<h3[39m
                        [33mclass[39m=[32m"text-xl font-semibold text-gray-900 mb-3 
group-hover:text-blue-600 transition-colors"[39m
                      [36m>[39m
                        [0mHow to Create Project[0m
                      [36m</h3>[39m
                      [36m<p[39m
                        [33mclass[39m=[32m"text-gray-600 text-sm leading-relaxed"[39m
                      [36m>[39m
                        [0mGuide to creating a new project, setting up boards, columns, and 
swimlanes. Manage members and project permissions.[0m
                      [36m</p>[39m
                    [36m</div>[39m
                    [36m<div[39m
                      [33mclass[39m=[32m"absolute inset-0 rounded-2xl border-2 
border-transparent group-hover:border-blue-500 transition-all duration-300"[39m
                    [36m/>[39m
                  [36m</div>[39m
                  [36m<div[39m
                    [33mclass[39m=[32m"group relative bg-white border border-gray-200 
rounded-2xl overflow-hidden hover:shadow-xl transition-all duration-300 cursor-pointer 
hover:scale-105"[39m
                  [36m>[39m
                    [36m<div[39m
                      [33mclass[39m=[32m"w-full h-48 overflow-hidden"[39m
                    [36m>[39m
                      [36m<img[39m
                        [33malt[39m=[32m"Task Management Guide"[39m
                        [33mclass[39m=[32m"w-full h-full object-cover group-hover:scale-110 
transition-transform duration-300"[39m
                        [33msrc[39m=[32m"/icons/TaskManagement.avif"[39m
                      [36m/>[39m
                    [36m</div>[39m
                    [36m<div[39m
                      [33mclass[39m=[32m"p-6"[39m
                    [36m>[39m
                      [36m<h3[39m
                        [33mclass[39m=[32m"text-xl font-semibold text-gray-900 mb-3 
group-hover:text-blue-600 transition-colors"[39m
                      [36m>[39m
                        [0mTask Management Guide[0m
                      [36m</h3>[39m
                      [36m<p[39m
                        [33mclass[39m=[32m"text-gray-600 text-sm leading-relaxed"[39m
                      [36m>[39m
                        [0mHow to create, edit, and move tasks. Use tags, priorities, and 
assign tasks to team members. Track task progress.[0m
                      [36m</p>[39m
                    [36m</div>[39m
                    [36m<div[39m
                      [33mclass[39m=[32m"absolute inset-0 rounded-2xl border-2 
border-transparent group-hover:border-blue-500 transition-all duration-300"[39m
                    [36m/>[39m
                  [36m</div>[39m
                  [36m<div[39m
                    [33mclass[39m=[32m"group relative bg-white border border-gray-200 
rounded-2xl overflow-hidden hover:shadow-xl transition-all duration-300 cursor-pointer 
hover:scale-105"[39m
                  [36m>[39m
                    [36m<div[39m
                      [33mclass[39m=[32m"w-full h-48 overflow-hidden"[39m
                    [36m>[39m
                      [36m<img[39m
                        [33malt[39m=[32m"Team Collaboration"[39m
                        [33mclass[39m=[32m"w-full h-full object-cover group-hover:scale-110 
transition-transform duration-300"[39m
                        [33msrc[39m=[32m"/icons/TeamCollaboration.jpeg"[39m
                      [36m/>[39m
                    [36m</div>[39m
                    [36m<div[39m
                      [33mclass[39m=[32m"p-6"[39m
                    [36m>[39m
                      [36m<h3[39m
                        [33mclass[39m=[32m"text-xl font-semibold text-gray-900 mb-3 
group-hover:text-blue-600 transition-colors"[39m
                      [36m>[39m
                        [0mTeam Collaboration[0m
                      [36m</h3>[39m
                      [36m<p[39m
                        [33mclass[39m=[32m"text-gray-600 text-sm leading-relaxed"[39m
                      [36m>[39m
                        [0mWork effectively with realtime updates, notifications, and 
comments. Share files and track team activity.[0m
                      [36m</p>[39m
                    [36m</div>[39m
                    [36m<div[39m
                      [33mclass[39m=[32m"absolute inset-0 rounded-2xl border-2 
border-transparent group-hover:border-blue-500 transition-all duration-300"[39m
                    [36m/>[39m
                  [36m</div>[39m
                [36m</div>[39m
              [36m</div>[39m
            [36m</div>[39m
          [36m</div>[39m
        [36m</div>[39m
      [36m</div>[39m
    [36m</body>[39m

    [0m [90m 38 |[39m
     [90m 39 |[39m       expect(
    [31m[1m>[22m[39m[90m 40 |[39m         screen[33m.[39mgetByText([35m/Hﾆｰ盻嬾g d蘯ｫn 
t蘯｡o project m盻嬖/i[39m)
     [90m    |[39m                [31m[1m^[22m[39m
     [90m 41 |[39m       )[33m.[39mtoBeInTheDocument()[33m;[39m
     [90m 42 |[39m       expect(
     [90m 43 |[39m         screen[33m.[39mgetByText([35m/Cﾃ｡ch t蘯｡o, ch盻穎h s盻ｭa vﾃ di 
chuy盻ハ task/i[39m)[0m

      at Object.getElementError (node_modules/@testing-library/dom/dist/config.js:37:19)
      at node_modules/@testing-library/dom/dist/query-helpers.js:76:38
      at node_modules/@testing-library/dom/dist/query-helpers.js:52:17
      at getByText (node_modules/@testing-library/dom/dist/query-helpers.js:95:19)
      at Object.<anonymous> 
(src/test/__tests_cps__/components/supportCenter.comprehensive.test.tsx:40:16)

  笳・SupportCenter Component 窶ｺ Accessibility 窶ｺ should render headings with proper hierarchy

    expect(element).toHaveTextContent()

    Expected element to have text content:
      Support center
    Received:
      Support Center

    [0m [90m 153 |[39m
     [90m 154 |[39m       [36mconst[39m mainHeading [33m=[39m 
screen[33m.[39mgetByRole([32m'heading'[39m[33m,[39m { level[33m:[39m [35m1[39m 
})[33m;[39m
    [31m[1m>[22m[39m[90m 155 |[39m       
expect(mainHeading)[33m.[39mtoHaveTextContent([32m'Support center'[39m)[33m;[39m
     [90m     |[39m                           [31m[1m^[22m[39m
     [90m 156 |[39m
     [90m 157 |[39m       [36mconst[39m cardHeadings [33m=[39m 
screen[33m.[39mgetAllByRole([32m'heading'[39m[33m,[39m { level[33m:[39m [35m3[39m 
})[33m;[39m
     [90m 158 |[39m       
expect(cardHeadings)[33m.[39mtoHaveLength([35m3[39m)[33m;[39m[0m

      at Object.<anonymous> 
(src/test/__tests_cps__/components/supportCenter.comprehensive.test.tsx:155:27)

  笳・SupportCenter Component 窶ｺ Content Completeness 窶ｺ should render complete project creation 
guide info

    TestingLibraryElementError: Unable to find an element with the text: /Hﾆｰ盻嬾g d蘯ｫn t蘯｡o 
project m盻嬖, thi蘯ｿt l蘯ｭp board/i. This could be because the text is broken up by multiple 
elements. In this case, you can provide a function for your text matcher to make your matcher 
more flexible.

    Ignored nodes: comments, script, style
    [36m<body>[39m
      [36m<div>[39m
        [36m<div[39m
          [33mclass[39m=[32m"fixed inset-0 z-50 flex items-center justify-center bg-black/60 
backdrop-blur-sm"[39m
        [36m>[39m
          [36m<div[39m
            [33mclass[39m=[32m"relative w-full max-w-6xl mx-4"[39m
          [36m>[39m
            [36m<button[39m
              [33maria-label[39m=[32m"Close support center"[39m
              [33mclass[39m=[32m"absolute -top-12 right-0 text-white hover:text-gray-300 
transition-colors"[39m
            [36m>[39m
              [36m<svg[39m
                [33mclass[39m=[32m"w-8 h-8"[39m
                [33mfill[39m=[32m"none"[39m
                [33mstroke[39m=[32m"currentColor"[39m
                [33mviewBox[39m=[32m"0 0 24 24"[39m
              [36m>[39m
                [36m<path[39m
                  [33md[39m=[32m"M6 18L18 6M6 6l12 12"[39m
                  [33mstroke-linecap[39m=[32m"round"[39m
                  [33mstroke-linejoin[39m=[32m"round"[39m
                  [33mstroke-width[39m=[32m"2"[39m
                [36m/>[39m
              [36m</svg>[39m
            [36m</button>[39m
            [36m<div[39m
              [33mclass[39m=[32m"relative rounded-3xl overflow-hidden shadow-2xl 
bg-white"[39m
            [36m>[39m
              [36m<div[39m
                [33mclass[39m=[32m"relative px-12 py-16"[39m
              [36m>[39m
                [36m<div[39m
                  [33mclass[39m=[32m"mb-12"[39m
                [36m>[39m
                  [36m<h1[39m
                    [33mclass[39m=[32m"text-5xl font-bold text-gray-900 mb-4"[39m
                  [36m>[39m
                    [0mSupport Center[0m
                  [36m</h1>[39m
                  [36m<p[39m
                    [33mclass[39m=[32m"text-gray-600 text-lg max-w-2xl"[39m
                  [36m>[39m
                    [0mA quick guide to using the project management system. Learn how to 
create projects, manage tasks, and collaborate with your team effectively.[0m
                  [36m</p>[39m
                [36m</div>[39m
                [36m<div[39m
                  [33mclass[39m=[32m"grid grid-cols-1 md:grid-cols-3 gap-6"[39m
                [36m>[39m
                  [36m<div[39m
                    [33mclass[39m=[32m"group relative bg-white border border-gray-200 
rounded-2xl overflow-hidden hover:shadow-xl transition-all duration-300 cursor-pointer 
hover:scale-105"[39m
                  [36m>[39m
                    [36m<div[39m
                      [33mclass[39m=[32m"w-full h-48 overflow-hidden"[39m
                    [36m>[39m
                      [36m<img[39m
                        [33malt[39m=[32m"How to Create Project"[39m
                        [33mclass[39m=[32m"w-full h-full object-cover group-hover:scale-110 
transition-transform duration-300"[39m
                        [33msrc[39m=[32m"/icons/projectcreate.jpg"[39m
                      [36m/>[39m
                    [36m</div>[39m
                    [36m<div[39m
                      [33mclass[39m=[32m"p-6"[39m
                    [36m>[39m
                      [36m<h3[39m
                        [33mclass[39m=[32m"text-xl font-semibold text-gray-900 mb-3 
group-hover:text-blue-600 transition-colors"[39m
                      [36m>[39m
                        [0mHow to Create Project[0m
                      [36m</h3>[39m
                      [36m<p[39m
                        [33mclass[39m=[32m"text-gray-600 text-sm leading-relaxed"[39m
                      [36m>[39m
                        [0mGuide to creating a new project, setting up boards, columns, and 
swimlanes. Manage members and project permissions.[0m
                      [36m</p>[39m
                    [36m</div>[39m
                    [36m<div[39m
                      [33mclass[39m=[32m"absolute inset-0 rounded-2xl border-2 
border-transparent group-hover:border-blue-500 transition-all duration-300"[39m
                    [36m/>[39m
                  [36m</div>[39m
                  [36m<div[39m
                    [33mclass[39m=[32m"group relative bg-white border border-gray-200 
rounded-2xl overflow-hidden hover:shadow-xl transition-all duration-300 cursor-pointer 
hover:scale-105"[39m
                  [36m>[39m
                    [36m<div[39m
                      [33mclass[39m=[32m"w-full h-48 overflow-hidden"[39m
                    [36m>[39m
                      [36m<img[39m
                        [33malt[39m=[32m"Task Management Guide"[39m
                        [33mclass[39m=[32m"w-full h-full object-cover group-hover:scale-110 
transition-transform duration-300"[39m
                        [33msrc[39m=[32m"/icons/TaskManagement.avif"[39m
                      [36m/>[39m
                    [36m</div>[39m
                    [36m<div[39m
                      [33mclass[39m=[32m"p-6"[39m
                    [36m>[39m
                      [36m<h3[39m
                        [33mclass[39m=[32m"text-xl font-semibold text-gray-900 mb-3 
group-hover:text-blue-600 transition-colors"[39m
                      [36m>[39m
                        [0mTask Management Guide[0m
                      [36m</h3>[39m
                      [36m<p[39m
                        [33mclass[39m=[32m"text-gray-600 text-sm leading-relaxed"[39m
                      [36m>[39m
                        [0mHow to create, edit, and move tasks. Use tags, priorities, and 
assign tasks to team members. Track task progress.[0m
                      [36m</p>[39m
                    [36m</div>[39m
                    [36m<div[39m
                      [33mclass[39m=[32m"absolute inset-0 rounded-2xl border-2 
border-transparent group-hover:border-blue-500 transition-all duration-300"[39m
                    [36m/>[39m
                  [36m</div>[39m
                  [36m<div[39m
                    [33mclass[39m=[32m"group relative bg-white border border-gray-200 
rounded-2xl overflow-hidden hover:shadow-xl transition-all duration-300 cursor-pointer 
hover:scale-105"[39m
                  [36m>[39m
                    [36m<div[39m
                      [33mclass[39m=[32m"w-full h-48 overflow-hidden"[39m
                    [36m>[39m
                      [36m<img[39m
                        [33malt[39m=[32m"Team Collaboration"[39m
                        [33mclass[39m=[32m"w-full h-full object-cover group-hover:scale-110 
transition-transform duration-300"[39m
                        [33msrc[39m=[32m"/icons/TeamCollaboration.jpeg"[39m
                      [36m/>[39m
                    [36m</div>[39m
                    [36m<div[39m
                      [33mclass[39m=[32m"p-6"[39m
                    [36m>[39m
                      [36m<h3[39m
                        [33mclass[39m=[32m"text-xl font-semibold text-gray-900 mb-3 
group-hover:text-blue-600 transition-colors"[39m
                      [36m>[39m
                        [0mTeam Collaboration[0m
                      [36m</h3>[39m
                      [36m<p[39m
                        [33mclass[39m=[32m"text-gray-600 text-sm leading-relaxed"[39m
                      [36m>[39m
                        [0mWork effectively with realtime updates, notifications, and 
comments. Share files and track team activity.[0m
                      [36m</p>[39m
                    [36m</div>[39m
                    [36m<div[39m
                      [33mclass[39m=[32m"absolute inset-0 rounded-2xl border-2 
border-transparent group-hover:border-blue-500 transition-all duration-300"[39m
                    [36m/>[39m
                  [36m</div>[39m
                [36m</div>[39m
              [36m</div>[39m
            [36m</div>[39m
          [36m</div>[39m
        [36m</div>[39m
      [36m</div>[39m
    [36m</body>[39m

    [0m [90m 166 |[39m       expect(screen[33m.[39mgetByText([32m'How to Create 
Project'[39m))[33m.[39mtoBeInTheDocument()[33m;[39m
     [90m 167 |[39m       expect(
    [31m[1m>[22m[39m[90m 168 |[39m         screen[33m.[39mgetByText([35m/Hﾆｰ盻嬾g d蘯ｫn 
t蘯｡o project m盻嬖, thi蘯ｿt l蘯ｭp board/i[39m)
     [90m     |[39m                [31m[1m^[22m[39m
     [90m 169 |[39m       )[33m.[39mtoBeInTheDocument()[33m;[39m
     [90m 170 |[39m     })[33m;[39m
     [90m 171 |[39m[0m

      at Object.getElementError (node_modules/@testing-library/dom/dist/config.js:37:19)
      at node_modules/@testing-library/dom/dist/query-helpers.js:76:38
      at node_modules/@testing-library/dom/dist/query-helpers.js:52:17
      at getByText (node_modules/@testing-library/dom/dist/query-helpers.js:95:19)
      at Object.<anonymous> 
(src/test/__tests_cps__/components/supportCenter.comprehensive.test.tsx:168:16)

FAIL src/test/__tests_cps__/components/teacher.EstimationPanel.behavior.states.test.tsx (7.239 
s)
  笳・Teacher/EstimationPanel behavior states 窶ｺ empty results state

    Unable to find an element with the text: /Ch盻肱 m盻冲 board/i. This could be because the text 
is broken up by multiple elements. In this case, you can provide a function for your text 
matcher to make your matcher more flexible.

    Ignored nodes: comments, script, style
    [36m<body>[39m
      [36m<div>[39m
        [36m<div[39m
          [33mclass[39m=[32m"p-6 text-[color:var(--text-primary)]"[39m
        [36m>[39m
          [36m<div[39m
            [33mclass[39m=[32m"mx-auto max-w-6xl space-y-6 border 
border-[color:var(--border-color)] bg-[color:var(--surface-card)] p-6 shadow-xl 
shadow-[color:var(--shadow-color)]"[39m
          [36m>[39m
            [36m<div[39m
              [33mclass[39m=[32m"flex flex-col gap-4 md:flex-row md:items-start 
md:justify-between"[39m
            [36m>[39m
              [36m<div[39m
                [33mclass[39m=[32m"space-y-1"[39m
              [36m>[39m
                [36m<h2[39m
                  [33mclass[39m=[32m"text-xl font-semibold md:text-2xl"[39m
                [36m>[39m
                  [0mEstimate vs Actual[0m
                [36m</h2>[39m
                [36m<p[39m
                  [33mclass[39m=[32m"text-sm text-gray-500"[39m
                [36m>[39m
                  [0mHelps instructors monitor learners' estimation accuracy to improve 
estimating skills.[0m
                [36m</p>[39m
              [36m</div>[39m
              [36m<div[39m
                [33mclass[39m=[32m"flex flex-col items-stretch gap-2 sm:flex-row 
sm:items-center"[39m
              [36m>[39m
                [36m<select[39m
                  [33mclass[39m=[32m"w-full rounded-none border 
border-[color:var(--border-color)] bg-transparent px-3 py-2 text-sm outline-none 
focus:border-blue-500 focus:ring-2 focus:ring-blue-500/40 sm:w-64"[39m
                [36m>[39m
                  [36m<option[39m
                    [33mvalue[39m=[32m""[39m
                  [36m>[39m
                    [0mSelect a board...[0m
                  [36m</option>[39m
                  [36m<option[39m
                    [33mvalue[39m=[32m"b1"[39m
                  [36m>[39m
                    [0mMy Board 1[0m
                  [36m</option>[39m
                  [36m<option[39m
                    [33mvalue[39m=[32m"b2"[39m
                  [36m>[39m
                    [0mMy Board 2[0m
                  [36m</option>[39m
                [36m</select>[39m
                [36m<button[39m
                  [33mclass[39m=[32m"inline-flex items-center justify-center rounded-md 
bg-blue-600 px-4 py-2 text-sm font-medium text-white shadow-sm transition hover:bg-blue-700 
disabled:cursor-not-allowed disabled:opacity-70"[39m
                [36m>[39m
                  [0mLoad data[0m
                [36m</button>[39m
              [36m</div>[39m
            [36m</div>[39m
            [36m<div[39m
              [33mclass[39m=[32m"grid gap-4 md:grid-cols-3"[39m
            [36m>[39m
              [36m<div[39m
                [33mclass[39m=[32m"border border-[color:var(--border-color)] 
bg-[color:var(--surface-card)]/60 p-4"[39m
              [36m>[39m
                [36m<div[39m
                  [33mclass[39m=[32m"text-xs font-medium uppercase tracking-wide 
text-gray-500"[39m
                [36m>[39m
                  [0mCompleted tasks[0m
                [36m</div>[39m
                [36m<div[39m
                  [33mclass[39m=[32m"mt-1 text-2xl font-semibold"[39m
                [36m>[39m
                  [0m0[0m
                [36m</div>[39m
              [36m</div>[39m
              [36m<div[39m
                [33mclass[39m=[32m"border border-[color:var(--border-color)] 
bg-[color:var(--surface-card)]/60 p-4"[39m
              [36m>[39m
                [36m<div[39m
                  [33mclass[39m=[32m"text-xs font-medium uppercase tracking-wide 
text-gray-500"[39m
                [36m>[39m
                  [0mAverage deviation[0m
                [36m</div>[39m
                [36m<div[39m
                  [33mclass[39m=[32m"mt-1 text-2xl font-semibold"[39m
                [36m>[39m
                  [0m0.00h[0m
                [36m</div>[39m
              [36m</div>[39m
              [36m<div[39m
                [33mclass[39m=[32m"border border-[color:var(--border-color)] 
bg-[color:var(--surface-card)]/60 p-4"[39m
              [36m>[39m
                [36m<div[39m
                  [33mclass[39m=[32m"text-xs font-medium uppercase tracking-wide 
text-gray-500"[39m
                [36m>[39m
                  [0mNotes[0m
                [36m</div>[39m
                [36m<div[39m
                  [33mclass[39m=[32m"mt-1 text-sm text-gray-600"[39m
                [36m>[39m
                  [0mSelect a board to view estimation accuracy analysis per learner.[0m
                [36m</div>[39m
              [36m</div>[39m
            [36m</div>[39m
            [36m<div[39m
              [33mclass[39m=[32m"overflow-hidden border border-[color:var(--border-color)] 
bg-[color:var(--surface-card)]/60"[39m
            [36m>[39m
              [36m<div[39m
                [33mclass[39m=[32m"grid grid-cols-6 gap-2 border-b 
border-[color:var(--border-color)] bg-gray-50/80 px-4 py-3 text-sm font-medium text-gray-700 
dark:bg-gray-800/60"[39m
              [36m>[39m
                [36m<div>[39m
                  [0mTask[0m
                [36m</div>[39m
                [36m<div>[39m
                  [0mAssignee[0m
                [36m</div>[39m
                [36m<div>[39m
                  [0mEstimate (h)[0m
                [36m</div>[39m
                [36m<div>[39m
                  [0mActual (h)[0m
                [36m</div>[39m
                [36m<div>[39m
                  [0mError (h)[0m
                [36m</div>[39m
                [36m<div>[39m
                  [0mClassification[0m
                [36m</div>[39m
              [36m</div>[39m
              [36m<div[39m
                [33mclass[39m=[32m"max-h-80 overflow-auto"[39m
              [36m/>[39m
            [36m</div>[39m
            [36m<div[39m
              [33mclass[39m=[32m"mt-6 space-y-4"[39m
            [36m>[39m
              [36m<h3[39m
                [33mclass[39m=[32m"text-base font-semibold"[39m
              [36m>[39m
                [0mChﾃｪnh l盻㌘h trung bﾃｬnh theo ngﾆｰ盻拱 lﾃm[0m
              [36m</h3>[39m
              [36m<div[39m
                [33mclass[39m=[32m"space-y-3"[39m
              [36m/>[39m
            [36m</div>[39m
          [36m</div>[39m
        [36m</div>[39m
      [36m</div>[39m
    [36m</body>[39m

    [0m [90m 21 |[39m     render([33m<[39m[33mEstimationPanel[39m 
[33m/[39m[33m>[39m)[33m;[39m
     [90m 22 |[39m     [90m// Vietnamese guidance text[39m
    [31m[1m>[22m[39m[90m 23 |[39m     expect([36mawait[39m 
screen[33m.[39mfindByText([35m/Ch盻肱 m盻冲 
board/i[39m))[33m.[39mtoBeInTheDocument()[33m;[39m
     [90m    |[39m                         [31m[1m^[22m[39m
     [90m 24 |[39m     expect(screen[33m.[39mgetByText([35m/Ch盻肱 m盻冲 
board/i[39m))[33m.[39mtoBeInTheDocument()[33m;[39m
     [90m 25 |[39m   })[33m;[39m
     [90m 26 |[39m[0m

      at waitForWrapper (node_modules/@testing-library/dom/dist/wait-for.js:163:27)
      at findByText (node_modules/@testing-library/dom/dist/query-helpers.js:86:33)
      at Object.<anonymous> 
(src/test/__tests_cps__/components/teacher.EstimationPanel.behavior.states.test.tsx:23:25)

  笳・Teacher/EstimationPanel behavior states 窶ｺ error state shows guidance

    Unable to find an element with the text: /Ch盻肱 m盻冲 board/i. This could be because the text 
is broken up by multiple elements. In this case, you can provide a function for your text 
matcher to make your matcher more flexible.

    Ignored nodes: comments, script, style
    [36m<body>[39m
      [36m<div>[39m
        [36m<div[39m
          [33mclass[39m=[32m"p-6 text-[color:var(--text-primary)]"[39m
        [36m>[39m
          [36m<div[39m
            [33mclass[39m=[32m"mx-auto max-w-6xl space-y-6 border 
border-[color:var(--border-color)] bg-[color:var(--surface-card)] p-6 shadow-xl 
shadow-[color:var(--shadow-color)]"[39m
          [36m>[39m
            [36m<div[39m
              [33mclass[39m=[32m"flex flex-col gap-4 md:flex-row md:items-start 
md:justify-between"[39m
            [36m>[39m
              [36m<div[39m
                [33mclass[39m=[32m"space-y-1"[39m
              [36m>[39m
                [36m<h2[39m
                  [33mclass[39m=[32m"text-xl font-semibold md:text-2xl"[39m
                [36m>[39m
                  [0mEstimate vs Actual[0m
                [36m</h2>[39m
                [36m<p[39m
                  [33mclass[39m=[32m"text-sm text-gray-500"[39m
                [36m>[39m
                  [0mHelps instructors monitor learners' estimation accuracy to improve 
estimating skills.[0m
                [36m</p>[39m
              [36m</div>[39m
              [36m<div[39m
                [33mclass[39m=[32m"flex flex-col items-stretch gap-2 sm:flex-row 
sm:items-center"[39m
              [36m>[39m
                [36m<select[39m
                  [33mclass[39m=[32m"w-full rounded-none border 
border-[color:var(--border-color)] bg-transparent px-3 py-2 text-sm outline-none 
focus:border-blue-500 focus:ring-2 focus:ring-blue-500/40 sm:w-64"[39m
                [36m>[39m
                  [36m<option[39m
                    [33mvalue[39m=[32m""[39m
                  [36m>[39m
                    [0mSelect a board...[0m
                  [36m</option>[39m
                  [36m<option[39m
                    [33mvalue[39m=[32m"b1"[39m
                  [36m>[39m
                    [0mMy Board 1[0m
                  [36m</option>[39m
                  [36m<option[39m
                    [33mvalue[39m=[32m"b2"[39m
                  [36m>[39m
                    [0mMy Board 2[0m
                  [36m</option>[39m
                [36m</select>[39m
                [36m<button[39m
                  [33mclass[39m=[32m"inline-flex items-center justify-center rounded-md 
bg-blue-600 px-4 py-2 text-sm font-medium text-white shadow-sm transition hover:bg-blue-700 
disabled:cursor-not-allowed disabled:opacity-70"[39m
                [36m>[39m
                  [0mLoad data[0m
                [36m</button>[39m
              [36m</div>[39m
            [36m</div>[39m
            [36m<div[39m
              [33mclass[39m=[32m"grid gap-4 md:grid-cols-3"[39m
            [36m>[39m
              [36m<div[39m
                [33mclass[39m=[32m"border border-[color:var(--border-color)] 
bg-[color:var(--surface-card)]/60 p-4"[39m
              [36m>[39m
                [36m<div[39m
                  [33mclass[39m=[32m"text-xs font-medium uppercase tracking-wide 
text-gray-500"[39m
                [36m>[39m
                  [0mCompleted tasks[0m
                [36m</div>[39m
                [36m<div[39m
                  [33mclass[39m=[32m"mt-1 text-2xl font-semibold"[39m
                [36m>[39m
                  [0m0[0m
                [36m</div>[39m
              [36m</div>[39m
              [36m<div[39m
                [33mclass[39m=[32m"border border-[color:var(--border-color)] 
bg-[color:var(--surface-card)]/60 p-4"[39m
              [36m>[39m
                [36m<div[39m
                  [33mclass[39m=[32m"text-xs font-medium uppercase tracking-wide 
text-gray-500"[39m
                [36m>[39m
                  [0mAverage deviation[0m
                [36m</div>[39m
                [36m<div[39m
                  [33mclass[39m=[32m"mt-1 text-2xl font-semibold"[39m
                [36m>[39m
                  [0m0.00h[0m
                [36m</div>[39m
              [36m</div>[39m
              [36m<div[39m
                [33mclass[39m=[32m"border border-[color:var(--border-color)] 
bg-[color:var(--surface-card)]/60 p-4"[39m
              [36m>[39m
                [36m<div[39m
                  [33mclass[39m=[32m"text-xs font-medium uppercase tracking-wide 
text-gray-500"[39m
                [36m>[39m
                  [0mNotes[0m
                [36m</div>[39m
                [36m<div[39m
                  [33mclass[39m=[32m"mt-1 text-sm text-gray-600"[39m
                [36m>[39m
                  [0mSelect a board to view estimation accuracy analysis per learner.[0m
                [36m</div>[39m
              [36m</div>[39m
            [36m</div>[39m
            [36m<div[39m
              [33mclass[39m=[32m"overflow-hidden border border-[color:var(--border-color)] 
bg-[color:var(--surface-card)]/60"[39m
            [36m>[39m
              [36m<div[39m
                [33mclass[39m=[32m"grid grid-cols-6 gap-2 border-b 
border-[color:var(--border-color)] bg-gray-50/80 px-4 py-3 text-sm font-medium text-gray-700 
dark:bg-gray-800/60"[39m
              [36m>[39m
                [36m<div>[39m
                  [0mTask[0m
                [36m</div>[39m
                [36m<div>[39m
                  [0mAssignee[0m
                [36m</div>[39m
                [36m<div>[39m
                  [0mEstimate (h)[0m
                [36m</div>[39m
                [36m<div>[39m
                  [0mActual (h)[0m
                [36m</div>[39m
                [36m<div>[39m
                  [0mError (h)[0m
                [36m</div>[39m
                [36m<div>[39m
                  [0mClassification[0m
                [36m</div>[39m
              [36m</div>[39m
              [36m<div[39m
                [33mclass[39m=[32m"max-h-80 overflow-auto"[39m
              [36m/>[39m
            [36m</div>[39m
            [36m<div[39m
              [33mclass[39m=[32m"mt-6 space-y-4"[39m
            [36m>[39m
              [36m<h3[39m
                [33mclass[39m=[32m"text-base font-semibold"[39m
              [36m>[39m
                [0mChﾃｪnh l盻㌘h trung bﾃｬnh theo ngﾆｰ盻拱 lﾃm[0m
              [36m</h3>[39m
              [36m<div[39m
                [33mclass[39m=[32m"space-y-3"[39m
              [36m/>[39m
            [36m</div>[39m
          [36m</div>[39m
        [36m</div>[39m
      [36m</div>[39m
    [36m</body>[39m

    [0m [90m 39 |[39m     
api[33m.[39mfetchEstimationPerformance[33m.[39mmockRejectedValueOnce([36mnew[39m 
[33mError[39m([32m'server error'[39m))[33m;[39m
     [90m 40 |[39m     render([33m<[39m[33mEstimationPanel[39m 
[33m/[39m[33m>[39m)[33m;[39m
    [31m[1m>[22m[39m[90m 41 |[39m     expect([36mawait[39m 
screen[33m.[39mfindByText([35m/Ch盻肱 m盻冲 
board/i[39m))[33m.[39mtoBeInTheDocument()[33m;[39m
     [90m    |[39m                         [31m[1m^[22m[39m
     [90m 42 |[39m   })[33m;[39m
     [90m 43 |[39m })[33m;[39m
     [90m 44 |[39m[0m

      at waitForWrapper (node_modules/@testing-library/dom/dist/wait-for.js:163:27)
      at findByText (node_modules/@testing-library/dom/dist/query-helpers.js:86:33)
      at Object.<anonymous> 
(src/test/__tests_cps__/components/teacher.EstimationPanel.behavior.states.test.tsx:41:25)

FAIL src/test/components/teacher.estimationPanel.interactions.test.tsx (7.884 s)
  笳・Teacher EstimationPanel interactions 窶ｺ loads data after selecting a board and clicking 
reload

    Unable to find role="button" and name `/t蘯｣i d盻ｯ li盻㎡/i`

    Ignored nodes: comments, script, style
    [36m<body>[39m
      [36m<div>[39m
        [36m<div[39m
          [33mclass[39m=[32m"p-6 text-[color:var(--text-primary)]"[39m
        [36m>[39m
          [36m<div[39m
            [33mclass[39m=[32m"mx-auto max-w-6xl space-y-6 border 
border-[color:var(--border-color)] bg-[color:var(--surface-card)] p-6 shadow-xl 
shadow-[color:var(--shadow-color)]"[39m
          [36m>[39m
            [36m<div[39m
              [33mclass[39m=[32m"flex flex-col gap-4 md:flex-row md:items-start 
md:justify-between"[39m
            [36m>[39m
              [36m<div[39m
                [33mclass[39m=[32m"space-y-1"[39m
              [36m>[39m
                [36m<h2[39m
                  [33mclass[39m=[32m"text-xl font-semibold md:text-2xl"[39m
                [36m>[39m
                  [0mEstimate vs Actual[0m
                [36m</h2>[39m
                [36m<p[39m
                  [33mclass[39m=[32m"text-sm text-gray-500"[39m
                [36m>[39m
                  [0mHelps instructors monitor learners' estimation accuracy to improve 
estimating skills.[0m
                [36m</p>[39m
              [36m</div>[39m
              [36m<div[39m
                [33mclass[39m=[32m"flex flex-col items-stretch gap-2 sm:flex-row 
sm:items-center"[39m
              [36m>[39m
                [36m<select[39m
                  [33mclass[39m=[32m"w-full rounded-none border 
border-[color:var(--border-color)] bg-transparent px-3 py-2 text-sm outline-none 
focus:border-blue-500 focus:ring-2 focus:ring-blue-500/40 sm:w-64"[39m
                [36m>[39m
                  [36m<option[39m
                    [33mvalue[39m=[32m""[39m
                  [36m>[39m
                    [0mSelect a board...[0m
                  [36m</option>[39m
                  [36m<option[39m
                    [33mvalue[39m=[32m"b1"[39m
                  [36m>[39m
                    [0mMy Board 1[0m
                  [36m</option>[39m
                  [36m<option[39m
                    [33mvalue[39m=[32m"b2"[39m
                  [36m>[39m
                    [0mMy Board 2[0m
                  [36m</option>[39m
                [36m</select>[39m
                [36m<button[39m
                  [33mclass[39m=[32m"inline-flex items-center justify-center rounded-md 
bg-blue-600 px-4 py-2 text-sm font-medium text-white shadow-sm transition hover:bg-blue-700 
disabled:cursor-not-allowed disabled:opacity-70"[39m
                [36m>[39m
                  [0mLoad data[0m
                [36m</button>[39m
              [36m</div>[39m
            [36m</div>[39m
            [36m<div[39m
              [33mclass[39m=[32m"grid gap-4 md:grid-cols-3"[39m
            [36m>[39m
              [36m<div[39m
                [33mclass[39m=[32m"border border-[color:var(--border-color)] 
bg-[color:var(--surface-card)]/60 p-4"[39m
              [36m>[39m
                [36m<div[39m
                  [33mclass[39m=[32m"text-xs font-medium uppercase tracking-wide 
text-gray-500"[39m
                [36m>[39m
                  [0mCompleted tasks[0m
                [36m</div>[39m
                [36m<div[39m
                  [33mclass[39m=[32m"mt-1 text-2xl font-semibold"[39m
                [36m>[39m
                  [0m0[0m
                [36m</div>[39m
              [36m</div>[39m
              [36m<div[39m
                [33mclass[39m=[32m"border border-[color:var(--border-color)] 
bg-[color:var(--surface-card)]/60 p-4"[39m
              [36m>[39m
                [36m<div[39m
                  [33mclass[39m=[32m"text-xs font-medium uppercase tracking-wide 
text-gray-500"[39m
                [36m>[39m
                  [0mAverage deviation[0m
                [36m</div>[39m
                [36m<div[39m
                  [33mclass[39m=[32m"mt-1 text-2xl font-semibold"[39m
                [36m>[39m
                  [0m0.00h[0m
                [36m</div>[39m
              [36m</div>[39m
              [36m<div[39m
                [33mclass[39m=[32m"border border-[color:var(--border-color)] 
bg-[color:var(--surface-card)]/60 p-4"[39m
              [36m>[39m
                [36m<div[39m
                  [33mclass[39m=[32m"text-xs font-medium uppercase tracking-wide 
text-gray-500"[39m
                [36m>[39m
                  [0mNotes[0m
                [36m</div>[39m
                [36m<div[39m
                  [33mclass[39m=[32m"mt-1 text-sm text-gray-600"[39m
                [36m>[39m
                  [0mSelect a board to view estimation accuracy analysis per learner.[0m
                [36m</div>[39m
              [36m</div>[39m
            [36m</div>[39m
            [36m<div[39m
              [33mclass[39m=[32m"overflow-hidden border border-[color:var(--border-color)] 
bg-[color:var(--surface-card)]/60"[39m
            [36m>[39m
              [36m<div[39m
                [33mclass[39m=[32m"grid grid-cols-6 gap-2 border-b 
border-[color:var(--border-color)] bg-gray-50/80 px-4 py-3 text-sm font-medium text-gray-700 
dark:bg-gray-800/60"[39m
              [36m>[39m
                [36m<div>[39m
                  [0mTask[0m
                [36m</div>[39m
                [36m<div>[39m
                  [0mAssignee[0m
                [36m</div>[39m
                [36m<div>[39m
                  [0mEstimate (h)[0m
                [36m</div>[39m
                [36m<div>[39m
                  [0mActual (h)[0m
                [36m</div>[39m
                [36m<div>[39m
                  [0mError (h)[0m
                [36m</div>[39m
                [36m<div>[39m
                  [0mClassification[0m
                [36m</div>[39m
              [36m</div>[39m
              [36m<div[39m
                [33mclass[39m=[32m"max-h-80 overflow-auto"[39m
              [36m/>[39m
            [36m</div>[39m
            [36m<div[39m
              [33mclass[39m=[32m"mt-6 space-y-4"[39m
            [36m>[39m
              [36m<h3[39m
                [33mclass[39m=[32m"text-base font-semibold"[39m
              [36m>[39m
                [0mChﾃｪnh l盻㌘h trung bﾃｬnh theo ngﾆｰ盻拱 lﾃm[0m
              [36m</h3>[39m
              [36m<div[39m
                [33mclass[39m=[32m"space-y-3"[39m
              [36m/>[39m
            [36m</div>[39m
          [36m</div>[39m
        [36m</div>[39m
      [36m</div>[39m
    [36m</body>[39m

    [0m [90m 15 |[39m     }
     [90m 16 |[39m
    [31m[1m>[22m[39m[90m 17 |[39m     [36mconst[39m reload [33m=[39m [36mawait[39m 
screen[33m.[39mfindByRole([32m"button"[39m[33m,[39m { name[33m:[39m [35m/t蘯｣i d盻ｯ 
li盻㎡/i[39m })[33m;[39m
     [90m    |[39m                                 [31m[1m^[22m[39m
     [90m 18 |[39m     [36mawait[39m userEvent[33m.[39mclick(reload)[33m;[39m
     [90m 19 |[39m     expect([36mawait[39m screen[33m.[39mfindByText([35m/Chﾃｪnh l盻㌘h 
trung bﾃｬnh theo ngﾆｰ盻拱 lﾃm|Average deviation/i[39m))[33m.[39mtoBeInTheDocument()[33m;[39m
     [90m 20 |[39m   })[33m;[39m[0m

      at waitForWrapper (node_modules/@testing-library/dom/dist/wait-for.js:163:27)
      at findByRole (node_modules/@testing-library/dom/dist/query-helpers.js:86:33)
      at Object.<anonymous> 
(src/test/components/teacher.estimationPanel.interactions.test.tsx:17:33)

  笳・Teacher EstimationPanel interactions 窶ｺ shows validation error when no board selected

    Unable to find role="button" and name `/t蘯｣i d盻ｯ li盻㎡/i`

    Ignored nodes: comments, script, style
    [36m<body>[39m
      [36m<div>[39m
        [36m<div[39m
          [33mclass[39m=[32m"p-6 text-[color:var(--text-primary)]"[39m
        [36m>[39m
          [36m<div[39m
            [33mclass[39m=[32m"mx-auto max-w-6xl space-y-6 border 
border-[color:var(--border-color)] bg-[color:var(--surface-card)] p-6 shadow-xl 
shadow-[color:var(--shadow-color)]"[39m
          [36m>[39m
            [36m<div[39m
              [33mclass[39m=[32m"flex flex-col gap-4 md:flex-row md:items-start 
md:justify-between"[39m
            [36m>[39m
              [36m<div[39m
                [33mclass[39m=[32m"space-y-1"[39m
              [36m>[39m
                [36m<h2[39m
                  [33mclass[39m=[32m"text-xl font-semibold md:text-2xl"[39m
                [36m>[39m
                  [0mEstimate vs Actual[0m
                [36m</h2>[39m
                [36m<p[39m
                  [33mclass[39m=[32m"text-sm text-gray-500"[39m
                [36m>[39m
                  [0mHelps instructors monitor learners' estimation accuracy to improve 
estimating skills.[0m
                [36m</p>[39m
              [36m</div>[39m
              [36m<div[39m
                [33mclass[39m=[32m"flex flex-col items-stretch gap-2 sm:flex-row 
sm:items-center"[39m
              [36m>[39m
                [36m<select[39m
                  [33mclass[39m=[32m"w-full rounded-none border 
border-[color:var(--border-color)] bg-transparent px-3 py-2 text-sm outline-none 
focus:border-blue-500 focus:ring-2 focus:ring-blue-500/40 sm:w-64"[39m
                [36m>[39m
                  [36m<option[39m
                    [33mvalue[39m=[32m""[39m
                  [36m>[39m
                    [0mSelect a board...[0m
                  [36m</option>[39m
                  [36m<option[39m
                    [33mvalue[39m=[32m"b1"[39m
                  [36m>[39m
                    [0mMy Board 1[0m
                  [36m</option>[39m
                  [36m<option[39m
                    [33mvalue[39m=[32m"b2"[39m
                  [36m>[39m
                    [0mMy Board 2[0m
                  [36m</option>[39m
                [36m</select>[39m
                [36m<button[39m
                  [33mclass[39m=[32m"inline-flex items-center justify-center rounded-md 
bg-blue-600 px-4 py-2 text-sm font-medium text-white shadow-sm transition hover:bg-blue-700 
disabled:cursor-not-allowed disabled:opacity-70"[39m
                [36m>[39m
                  [0mLoad data[0m
                [36m</button>[39m
              [36m</div>[39m
            [36m</div>[39m
            [36m<div[39m
              [33mclass[39m=[32m"grid gap-4 md:grid-cols-3"[39m
            [36m>[39m
              [36m<div[39m
                [33mclass[39m=[32m"border border-[color:var(--border-color)] 
bg-[color:var(--surface-card)]/60 p-4"[39m
              [36m>[39m
                [36m<div[39m
                  [33mclass[39m=[32m"text-xs font-medium uppercase tracking-wide 
text-gray-500"[39m
                [36m>[39m
                  [0mCompleted tasks[0m
                [36m</div>[39m
                [36m<div[39m
                  [33mclass[39m=[32m"mt-1 text-2xl font-semibold"[39m
                [36m>[39m
                  [0m0[0m
                [36m</div>[39m
              [36m</div>[39m
              [36m<div[39m
                [33mclass[39m=[32m"border border-[color:var(--border-color)] 
bg-[color:var(--surface-card)]/60 p-4"[39m
              [36m>[39m
                [36m<div[39m
                  [33mclass[39m=[32m"text-xs font-medium uppercase tracking-wide 
text-gray-500"[39m
                [36m>[39m
                  [0mAverage deviation[0m
                [36m</div>[39m
                [36m<div[39m
                  [33mclass[39m=[32m"mt-1 text-2xl font-semibold"[39m
                [36m>[39m
                  [0m0.00h[0m
                [36m</div>[39m
              [36m</div>[39m
              [36m<div[39m
                [33mclass[39m=[32m"border border-[color:var(--border-color)] 
bg-[color:var(--surface-card)]/60 p-4"[39m
              [36m>[39m
                [36m<div[39m
                  [33mclass[39m=[32m"text-xs font-medium uppercase tracking-wide 
text-gray-500"[39m
                [36m>[39m
                  [0mNotes[0m
                [36m</div>[39m
                [36m<div[39m
                  [33mclass[39m=[32m"mt-1 text-sm text-gray-600"[39m
                [36m>[39m
                  [0mSelect a board to view estimation accuracy analysis per learner.[0m
                [36m</div>[39m
              [36m</div>[39m
            [36m</div>[39m
            [36m<div[39m
              [33mclass[39m=[32m"overflow-hidden border border-[color:var(--border-color)] 
bg-[color:var(--surface-card)]/60"[39m
            [36m>[39m
              [36m<div[39m
                [33mclass[39m=[32m"grid grid-cols-6 gap-2 border-b 
border-[color:var(--border-color)] bg-gray-50/80 px-4 py-3 text-sm font-medium text-gray-700 
dark:bg-gray-800/60"[39m
              [36m>[39m
                [36m<div>[39m
                  [0mTask[0m
                [36m</div>[39m
                [36m<div>[39m
                  [0mAssignee[0m
                [36m</div>[39m
                [36m<div>[39m
                  [0mEstimate (h)[0m
                [36m</div>[39m
                [36m<div>[39m
                  [0mActual (h)[0m
                [36m</div>[39m
                [36m<div>[39m
                  [0mError (h)[0m
                [36m</div>[39m
                [36m<div>[39m
                  [0mClassification[0m
                [36m</div>[39m
              [36m</div>[39m
              [36m<div[39m
                [33mclass[39m=[32m"max-h-80 overflow-auto"[39m
              [36m/>[39m
            [36m</div>[39m
            [36m<div[39m
              [33mclass[39m=[32m"mt-6 space-y-4"[39m
            [36m>[39m
              [36m<h3[39m
                [33mclass[39m=[32m"text-base font-semibold"[39m
              [36m>[39m
                [0mChﾃｪnh l盻㌘h trung bﾃｬnh theo ngﾆｰ盻拱 lﾃm[0m
              [36m</h3>[39m
              [36m<div[39m
                [33mclass[39m=[32m"space-y-3"[39m
              [36m/>[39m
            [36m</div>[39m
          [36m</div>[39m
        [36m</div>[39m
      [36m</div>[39m
    [36m</body>[39m

    [0m [90m 27 |[39m     [90m// Intentionally do not select a board when only placeholder 
option exists[39m
     [90m 28 |[39m
    [31m[1m>[22m[39m[90m 29 |[39m     [36mconst[39m reload [33m=[39m [36mawait[39m 
screen[33m.[39mfindByRole([32m"button"[39m[33m,[39m { name[33m:[39m [35m/t蘯｣i d盻ｯ 
li盻㎡/i[39m })[33m;[39m
     [90m    |[39m                                 [31m[1m^[22m[39m
     [90m 30 |[39m     [36mawait[39m userEvent[33m.[39mclick(reload)[33m;[39m
     [90m 31 |[39m     [90m// Expect validation message due to empty board selection[39m
     [90m 32 |[39m     expect(screen[33m.[39mqueryByText([35m/Vui lﾃｲng nh蘯ｭp Board 
ID/i[39m))[33m.[39mtoBeInTheDocument()[33m;[39m[0m

      at waitForWrapper (node_modules/@testing-library/dom/dist/wait-for.js:163:27)
      at findByRole (node_modules/@testing-library/dom/dist/query-helpers.js:86:33)
      at Object.<anonymous> 
(src/test/components/teacher.estimationPanel.interactions.test.tsx:29:33)

FAIL src/test/components/teacher.throughputPanel.data.test.tsx (8.115 s)
  笳・Teacher ThroughputPanel data flows 窶ｺ loads throughput data and renders flow, bottleneck, 
WIP, and CFD tables

    Unable to find role="button" and name `/t蘯｣i d盻ｯ li盻㎡/i`

    Ignored nodes: comments, script, style
    [36m<body>[39m
      [36m<div>[39m
        [36m<div[39m
          [33mclass[39m=[32m"p-6 text-[color:var(--text-primary)]"[39m
        [36m>[39m
          [36m<div[39m
            [33mclass[39m=[32m"mx-auto max-w-6xl space-y-6"[39m
          [36m>[39m
            [36m<div[39m
              [33mclass[39m=[32m"flex flex-col gap-4 border-b 
border-[color:var(--border-color)] pb-4 md:flex-row md:items-center md:justify-between"[39m
            [36m>[39m
              [36m<div>[39m
                [36m<h2[39m
                  [33mclass[39m=[32m"text-2xl font-semibold tracking-tight"[39m
                [36m>[39m
                  [0mThroughput & Bottlenecks[0m
                [36m</h2>[39m
              [36m</div>[39m
              [36m<div[39m
                [33mclass[39m=[32m"flex flex-col items-stretch gap-2 sm:flex-row 
sm:items-end"[39m
              [36m>[39m
                [36m<div[39m
                  [33mclass[39m=[32m"flex flex-col sm:items-start"[39m
                [36m>[39m
                  [36m<span[39m
                    [33mclass[39m=[32m"mb-1 text-xs font-medium uppercase tracking-wide 
text-gray-500"[39m
                  [36m>[39m
                    [0mSelect board[0m
                  [36m</span>[39m
                  [36m<select[39m
                    [33mclass[39m=[32m"w-full rounded-none border 
border-[color:var(--border-color)] bg-[color:var(--surface-card)]/60 px-3 py-2 text-sm 
outline-none focus:border-blue-500 focus:ring-2 focus:ring-blue-500/40 sm:w-64"[39m
                  [36m>[39m
                    [36m<option[39m
                      [33mdisabled[39m=[32m""[39m
                      [33mvalue[39m=[32m""[39m
                    [36m>[39m
                      [0mSelect a board to view[0m
                    [36m</option>[39m
                    [36m<option[39m
                      [33mvalue[39m=[32m"board-1"[39m
                    [36m>[39m
                      [0mBoard One[0m
                    [36m</option>[39m
                  [36m</select>[39m
                [36m</div>[39m
                [36m<button[39m
                  [33mclass[39m=[32m"inline-flex items-center justify-center rounded-md 
bg-blue-600 px-4 py-2 text-sm font-medium text-white shadow-sm transition hover:bg-blue-700 
disabled:cursor-not-allowed disabled:opacity-70"[39m
                  [33mdisabled[39m=[32m""[39m
                [36m>[39m
                  [0mLoad data[0m
                [36m</button>[39m
              [36m</div>[39m
            [36m</div>[39m
            [36m<div[39m
              [33mclass[39m=[32m"grid gap-4 md:grid-cols-3"[39m
            [36m>[39m
              [36m<div[39m
                [33mclass[39m=[32m"border border-[color:var(--border-color)] 
bg-[color:var(--surface-card)]/60 p-4"[39m
              [36m>[39m
                [36m<div[39m
                  [33mclass[39m=[32m"text-xs font-medium uppercase tracking-wide 
text-gray-500"[39m
                [36m>[39m
                  [0mColumns in workflow[0m
                [36m</div>[39m
                [36m<div[39m
                  [33mclass[39m=[32m"mt-1 text-2xl font-semibold"[39m
                [36m>[39m
                  [0m0[0m
                [36m</div>[39m
              [36m</div>[39m
              [36m<div[39m
                [33mclass[39m=[32m"border border-[color:var(--border-color)] 
bg-[color:var(--surface-card)]/60 p-4"[39m
              [36m>[39m
                [36m<div[39m
                  [33mclass[39m=[32m"text-xs font-medium uppercase tracking-wide 
text-gray-500"[39m
                [36m>[39m
                  [0mCFD days[0m
                [36m</div>[39m
                [36m<div[39m
                  [33mclass[39m=[32m"mt-1 text-2xl font-semibold"[39m
                [36m>[39m
                  [0m0[0m
                [36m</div>[39m
              [36m</div>[39m
              [36m<div[39m
                [33mclass[39m=[32m"border border-[color:var(--border-color)] 
bg-[color:var(--surface-card)]/60 p-4"[39m
              [36m>[39m
                [36m<div[39m
                  [33mclass[39m=[32m"text-xs font-medium uppercase tracking-wide 
text-gray-500"[39m
                [36m>[39m
                  [0mPotential bottleneck columns[0m
                [36m</div>[39m
                [36m<div[39m
                  [33mclass[39m=[32m"mt-1 text-sm text-gray-600"[39m
                [36m>[39m
                  [0mNo data yet[0m
                [36m</div>[39m
              [36m</div>[39m
            [36m</div>[39m
            [36m<div[39m
              [33mclass[39m=[32m"space-y-3"[39m
            [36m>[39m
              [36m<h3[39m
                [33mclass[39m=[32m"text-base font-semibold"[39m
              [36m>[39m
                [0mWorkflow throughput by column[0m
              [36m</h3>[39m
              [36m<div[39m
                [33mclass[39m=[32m"overflow-x-auto border border-[color:var(--border-color)] 
bg-[color:var(--surface-card)]/60"[39m
              [36m>[39m
                [36m<table[39m
                  [33mclass[39m=[32m"min-w-full text-sm"[39m
                [36m>[39m
                  [36m<thead[39m
                    [33mclass[39m=[32m"border-b border-[color:var(--border-color)] 
bg-gray-50/80 text-left text-gray-700 dark:bg-gray-800/60"[39m
                  [36m>[39m
                    [36m<tr>[39m
                      [36m<th[39m
                        [33mclass[39m=[32m"px-4 py-2 font-medium"[39m
                      [36m>[39m
                        [0mColumn[0m
                      [36m</th>[39m
                      [36m<th[39m
                        [33mclass[39m=[32m"px-4 py-2 font-medium"[39m
                      [36m>[39m
                        [0mEntered[0m
                      [36m</th>[39m
                      [36m<th[39m
                        [33mclass[39m=[32m"px-4 py-2 font-medium"[39m
                      [36m>[39m
                        [0mExited[0m
                      [36m</th>[39m
                    [36m</tr>[39m
                  [36m</thead>[39m
                  [36m<tbody />[39m
                [36m</table>[39m
              [36m</div>[39m
            [36m</div>[39m
            [36m<div[39m
              [33mclass[39m=[32m"space-y-3"[39m
            [36m>[39m
              [36m<h3[39m
                [33mclass[39m=[32m"text-base font-semibold"[39m
              [36m>[39m
                [0mAverage time per column (hours)[0m
              [36m</h3>[39m
              [36m<div[39m
                [33mclass[39m=[32m"space-y-2"[39m
              [36m>[39m
                [36m<div[39m
                  [33mclass[39m=[32m"text-sm text-gray-500"[39m
                [36m>[39m
                  [0mNo column time data available.[0m
                [36m</div>[39m
              [36m</div>[39m
            [36m</div>[39m
            [36m<div[39m
              [33mclass[39m=[32m"space-y-3"[39m
            [36m>[39m
              [36m<h3[39m
                [33mclass[39m=[32m"text-base font-semibold"[39m
              [36m>[39m
                [0mWIP Alerts (Work In Progress)[0m
              [36m</h3>[39m
              [36m<div[39m
                [33mclass[39m=[32m"text-sm text-gray-500"[39m
              [36m>[39m
                [0mNo WIP violations recorded in the current data.[0m
              [36m</div>[39m
            [36m</div>[39m
            [36m<div[39m
              [33mclass[39m=[32m"space-y-3"[39m
            [36m>[39m
              [36m<h3[39m
                [33mclass[39m=[32m"text-base font-semibold"[39m
              [36m>[39m
                [0mCumulative Flow over time[0m
              [36m</h3>[39m
              [36m<div[39m
                [33mclass[39m=[32m"overflow-x-auto border border-[color:var(--border-color)] 
bg-[color:var(--surface-card)]/60"[39m
              [36m>[39m
                [36m<table[39m
                  [33mclass[39m=[32m"min-w-full table-fixed text-sm"[39m
                [36m>[39m
                  [36m<thead[39m
                    [33mclass[39m=[32m"border-b border-[color:var(--border-color)] 
bg-gray-50/80 text-center text-gray-700 dark:bg-gray-800/60"[39m
                  [36m>[39m
                    [36m<tr>[39m
                      [36m<th[39m
                        [33mclass[39m=[32m"px-4 py-2 font-medium whitespace-nowrap"[39m
                      [36m>[39m
                        [0mDate[0m
                      [36m</th>[39m
                    [36m</tr>[39m
                  [36m</thead>[39m
                  [36m<tbody>[39m
                    [36m<tr>[39m
                      [36m<td[39m
                        [33mclass[39m=[32m"px-4 py-3 text-center text-sm text-gray-500"[39m
                        [33mcolspan[39m=[32m"1"[39m
                      [36m>[39m
                        [0mNo CFD data available.[0m
                      [36m</td>[39m
                    [36m</tr>[39m
                  [36m</tbody>[39m
                [36m</table>[39m
              [36m</div>[39m
            [36m</div>[39m
          [36m</div>[39m
        [36m</div>[39m
      [36m</div>[39m
    [36m</body>[39m

    [0m [90m 50 |[39m     [36mconst[39m selector [33m=[39m [36mawait[39m 
screen[33m.[39mfindByRole([32m'combobox'[39m)[33m;[39m
     [90m 51 |[39m     [36mawait[39m 
screen[33m.[39mfindByRole([32m'option'[39m[33m,[39m { name[33m:[39m [35m/Board 
One/i[39m })[33m;[39m
    [31m[1m>[22m[39m[90m 52 |[39m     [36mconst[39m loadButton [33m=[39m 
[36mawait[39m screen[33m.[39mfindByRole([32m'button'[39m[33m,[39m { name[33m:[39m 
[35m/t蘯｣i d盻ｯ li盻㎡/i[39m })[33m;[39m
     [90m    |[39m                                     [31m[1m^[22m[39m
     [90m 53 |[39m     [36mawait[39m userEvent[33m.[39mselectOptions(selector[33m,[39m 
[32m'board-1'[39m)[33m;[39m
     [90m 54 |[39m     [36mawait[39m userEvent[33m.[39mclick(loadButton)[33m;[39m
     [90m 55 |[39m[0m

      at waitForWrapper (node_modules/@testing-library/dom/dist/wait-for.js:163:27)
      at findByRole (node_modules/@testing-library/dom/dist/query-helpers.js:86:33)
      at Object.<anonymous> (src/test/components/teacher.throughputPanel.data.test.tsx:52:37)

  笳・Teacher ThroughputPanel data flows 窶ｺ shows API error message when throughput fetch fails

    TestingLibraryElementError: Unable to find an accessible element with the role "button" and 
name `/t蘯｣i d盻ｯ li盻㎡/i`

    Here are the accessible roles:

      heading:

      Name "Throughput & Bottlenecks":
      [36m<h2[39m
        [33mclass[39m=[32m"text-2xl font-semibold tracking-tight"[39m
      [36m/>[39m

      Name "Workflow throughput by column":
      [36m<h3[39m
        [33mclass[39m=[32m"text-base font-semibold"[39m
      [36m/>[39m

      Name "Average time per column (hours)":
      [36m<h3[39m
        [33mclass[39m=[32m"text-base font-semibold"[39m
      [36m/>[39m

      Name "WIP Alerts (Work In Progress)":
      [36m<h3[39m
        [33mclass[39m=[32m"text-base font-semibold"[39m
      [36m/>[39m

      Name "Cumulative Flow over time":
      [36m<h3[39m
        [33mclass[39m=[32m"text-base font-semibold"[39m
      [36m/>[39m

      --------------------------------------------------
      combobox:

      Name "":
      [36m<select[39m
        [33mclass[39m=[32m"w-full rounded-none border border-[color:var(--border-color)] 
bg-[color:var(--surface-card)]/60 px-3 py-2 text-sm outline-none focus:border-blue-500 
focus:ring-2 focus:ring-blue-500/40 sm:w-64"[39m
      [36m/>[39m

      --------------------------------------------------
      option:

      Name "Select a board to view":
      [36m<option[39m
        [33mdisabled[39m=[32m""[39m
        [33mvalue[39m=[32m""[39m
      [36m/>[39m

      Name "Board Err":
      [36m<option[39m
        [33mvalue[39m=[32m"board-err"[39m
      [36m/>[39m

      --------------------------------------------------
      button:

      Name "Load data":
      [36m<button[39m
        [33mclass[39m=[32m"inline-flex items-center justify-center rounded-md bg-blue-600 
px-4 py-2 text-sm font-medium text-white shadow-sm transition hover:bg-blue-700 
disabled:cursor-not-allowed disabled:opacity-70"[39m
      [36m/>[39m

      --------------------------------------------------
      table:

      Name "":
      [36m<table[39m
        [33mclass[39m=[32m"min-w-full text-sm"[39m
      [36m/>[39m

      Name "":
      [36m<table[39m
        [33mclass[39m=[32m"min-w-full table-fixed text-sm"[39m
      [36m/>[39m

      --------------------------------------------------
      rowgroup:

      Name "":
      [36m<thead[39m
        [33mclass[39m=[32m"border-b border-[color:var(--border-color)] bg-gray-50/80 
text-left text-gray-700 dark:bg-gray-800/60"[39m
      [36m/>[39m

      Name "":
      [36m<tbody />[39m

      Name "":
      [36m<thead[39m
        [33mclass[39m=[32m"border-b border-[color:var(--border-color)] bg-gray-50/80 
text-center text-gray-700 dark:bg-gray-800/60"[39m
      [36m/>[39m

      Name "":
      [36m<tbody />[39m

      --------------------------------------------------
      row:

      Name "Column Entered Exited":
      [36m<tr />[39m

      Name "Date":
      [36m<tr />[39m

      Name "No CFD data available.":
      [36m<tr />[39m

      --------------------------------------------------
      columnheader:

      Name "Column":
      [36m<th[39m
        [33mclass[39m=[32m"px-4 py-2 font-medium"[39m
      [36m/>[39m

      Name "Entered":
      [36m<th[39m
        [33mclass[39m=[32m"px-4 py-2 font-medium"[39m
      [36m/>[39m

      Name "Exited":
      [36m<th[39m
        [33mclass[39m=[32m"px-4 py-2 font-medium"[39m
      [36m/>[39m

      Name "Date":
      [36m<th[39m
        [33mclass[39m=[32m"px-4 py-2 font-medium whitespace-nowrap"[39m
      [36m/>[39m

      --------------------------------------------------
      cell:

      Name "No CFD data available.":
      [36m<td[39m
        [33mclass[39m=[32m"px-4 py-3 text-center text-sm text-gray-500"[39m
        [33mcolspan[39m=[32m"1"[39m
      [36m/>[39m

      --------------------------------------------------

    Ignored nodes: comments, script, style
    [36m<body>[39m
      [36m<div>[39m
        [36m<div[39m
          [33mclass[39m=[32m"p-6 text-[color:var(--text-primary)]"[39m
        [36m>[39m
          [36m<div[39m
            [33mclass[39m=[32m"mx-auto max-w-6xl space-y-6"[39m
          [36m>[39m
            [36m<div[39m
              [33mclass[39m=[32m"flex flex-col gap-4 border-b 
border-[color:var(--border-color)] pb-4 md:flex-row md:items-center md:justify-between"[39m
            [36m>[39m
              [36m<div>[39m
                [36m<h2[39m
                  [33mclass[39m=[32m"text-2xl font-semibold tracking-tight"[39m
                [36m>[39m
                  [0mThroughput & Bottlenecks[0m
                [36m</h2>[39m
              [36m</div>[39m
              [36m<div[39m
                [33mclass[39m=[32m"flex flex-col items-stretch gap-2 sm:flex-row 
sm:items-end"[39m
              [36m>[39m
                [36m<div[39m
                  [33mclass[39m=[32m"flex flex-col sm:items-start"[39m
                [36m>[39m
                  [36m<span[39m
                    [33mclass[39m=[32m"mb-1 text-xs font-medium uppercase tracking-wide 
text-gray-500"[39m
                  [36m>[39m
                    [0mSelect board[0m
                  [36m</span>[39m
                  [36m<select[39m
                    [33mclass[39m=[32m"w-full rounded-none border 
border-[color:var(--border-color)] bg-[color:var(--surface-card)]/60 px-3 py-2 text-sm 
outline-none focus:border-blue-500 focus:ring-2 focus:ring-blue-500/40 sm:w-64"[39m
                  [36m>[39m
                    [36m<option[39m
                      [33mdisabled[39m=[32m""[39m
                      [33mvalue[39m=[32m""[39m
                    [36m>[39m
                      [0mSelect a board to view[0m
                    [36m</option>[39m
                    [36m<option[39m
                      [33mvalue[39m=[32m"board-err"[39m
                    [36m>[39m
                      [0mBoard Err[0m
                    [36m</option>[39m
                  [36m</select>[39m
                [36m</div>[39m
                [36m<button[39m
                  [33mclass[39m=[32m"inline-flex items-center justify-center rounded-md 
bg-blue-600 px-4 py-2 text-sm font-medium text-white shadow-sm transition hover:bg-blue-700 
disabled:cursor-not-allowed disabled:opacity-70"[39m
                [36m>[39m
                  [0mLoad data[0m
                [36m</button>[39m
              [36m</div>[39m
            [36m</div>[39m
            [36m<div[39m
              [33mclass[39m=[32m"grid gap-4 md:grid-cols-3"[39m
            [36m>[39m
              [36m<div[39m
                [33mclass[39m=[32m"border border-[color:var(--border-color)] 
bg-[color:var(--surface-card)]/60 p-4"[39m
              [36m>[39m
                [36m<div[39m
                  [33mclass[39m=[32m"text-xs font-medium uppercase tracking-wide 
text-gray-500"[39m
                [36m>[39m
                  [0mColumns in workflow[0m
                [36m</div>[39m
                [36m<div[39m
                  [33mclass[39m=[32m"mt-1 text-2xl font-semibold"[39m
                [36m>[39m
                  [0m0[0m
                [36m</div>[39m
              [36m</div>[39m
              [36m<div[39m
                [33mclass[39m=[32m"border border-[color:var(--border-color)] 
bg-[color:var(--surface-card)]/60 p-4"[39m
              [36m>[39m
                [36m<div[39m
                  [33mclass[39m=[32m"text-xs font-medium uppercase tracking-wide 
text-gray-500"[39m
                [36m>[39m
                  [0mCFD days[0m
                [36m</div>[39m
                [36m<div[39m
                  [33mclass[39m=[32m"mt-1 text-2xl font-semibold"[39m
                [36m>[39m
                  [0m0[0m
                [36m</div>[39m
              [36m</div>[39m
              [36m<div[39m
                [33mclass[39m=[32m"border border-[color:var(--border-color)] 
bg-[color:var(--surface-card)]/60 p-4"[39m
              [36m>[39m
                [36m<div[39m
                  [33mclass[39m=[32m"text-xs font-medium uppercase tracking-wide 
text-gray-500"[39m
                [36m>[39m
                  [0mPotential bottleneck columns[0m
                [36m</div>[39m
                [36m<div[39m
                  [33mclass[39m=[32m"mt-1 text-sm text-gray-600"[39m
                [36m>[39m
                  [0mNo data yet[0m
                [36m</div>[39m
              [36m</div>[39m
            [36m</div>[39m
            [36m<div[39m
              [33mclass[39m=[32m"space-y-3"[39m
            [36m>[39m
              [36m<h3[39m
                [33mclass[39m=[32m"text-base font-semibold"[39m
              [36m>[39m
                [0mWorkflow throughput by column[0m
              [36m</h3>[39m
              [36m<div[39m
                [33mclass[39m=[32m"overflow-x-auto border border-[color:var(--border-color)] 
bg-[color:var(--surface-card)]/60"[39m
              [36m>[39m
                [36m<table[39m
                  [33mclass[39m=[32m"min-w-full text-sm"[39m
                [36m>[39m
                  [36m<thead[39m
                    [33mclass[39m=[32m"border-b border-[color:var(--border-color)] 
bg-gray-50/80 text-left text-gray-700 dark:bg-gray-800/60"[39m
                  [36m>[39m
                    [36m<tr>[39m
                      [36m<th[39m
                        [33mclass[39m=[32m"px-4 py-2 font-medium"[39m
                      [36m>[39m
                        [0mColumn[0m
                      [36m</th>[39m
                      [36m<th[39m
                        [33mclass[39m=[32m"px-4 py-2 font-medium"[39m
                      [36m>[39m
                        [0mEntered[0m
                      [36m</th>[39m
                      [36m<th[39m
                        [33mclass[39m=[32m"px-4 py-2 font-medium"[39m
                      [36m>[39m
                        [0mExited[0m
                      [36m</th>[39m
                    [36m</tr>[39m
                  [36m</thead>[39m
                  [36m<tbody />[39m
                [36m</table>[39m
              [36m</div>[39m
            [36m</div>[39m
            [36m<div[39m
              [33mclass[39m=[32m"space-y-3"[39m
            [36m>[39m
              [36m<h3[39m
                [33mclass[39m=[32m"text-base font-semibold"[39m
              [36m>[39m
                [0mAverage time per column (hours)[0m
              [36m</h3>[39m
              [36m<div[39m
                [33mclass[39m=[32m"space-y-2"[39m
              [36m>[39m
                [36m<div[39m
                  [33mclass[39m=[32m"text-sm text-gray-500"[39m
                [36m>[39m
                  [0mNo column time data available.[0m
                [36m</div>[39m
              [36m</div>[39m
            [36m</div>[39m
            [36m<div[39m
              [33mclass[39m=[32m"space-y-3"[39m
            [36m>[39m
              [36m<h3[39m
                [33mclass[39m=[32m"text-base font-semibold"[39m
              [36m>[39m
                [0mWIP Alerts (Work In Progress)[0m
              [36m</h3>[39m
              [36m<div[39m
                [33mclass[39m=[32m"text-sm text-gray-500"[39m
              [36m>[39m
                [0mNo WIP violations recorded in the current data.[0m
              [36m</div>[39m
            [36m</div>[39m
            [36m<div[39m
              [33mclass[39m=[32m"space-y-3"[39m
            [36m>[39m
              [36m<h3[39m
                [33mclass[39m=[32m"text-base font-semibold"[39m
              [36m>[39m
                [0mCumulative Flow over time[0m
              [36m</h3>[39m
              [36m<div[39m
                [33mclass[39m=[32m"overflow-x-auto border border-[color:var(--border-color)] 
bg-[color:var(--surface-card)]/60"[39m
              [36m>[39m
                [36m<table[39m
                  [33mclass[39m=[32m"min-w-full table-fixed text-sm"[39m
                [36m>[39m
                  [36m<thead[39m
                    [33mclass[39m=[32m"border-b border-[color:var(--border-color)] 
bg-gray-50/80 text-center text-gray-700 dark:bg-gray-800/60"[39m
                  [36m>[39m
                    [36m<tr>[39m
                      [36m<th[39m
                        [33mclass[39m=[32m"px-4 py-2 font-medium whitespace-nowrap"[39m
                      [36m>[39m
                        [0mDate[0m
                      [36m</th>[39m
                    [36m</tr>[39m
                  [36m</thead>[39m
                  [36m<tbody>[39m
                    [36m<tr>[39m
                      [36m<td[39m
                        [33mclass[39m=[32m"px-4 py-3 text-center text-sm text-gray-500"[39m
                        [33mcolspan[39m=[32m"1"[39m
                      [36m>[39m
                        [0mNo CFD data available.[0m
                      [36m</td>[39m
                    [36m</tr>[39m
                  [36m</tbody>[39m
                [36m</table>[39m
              [36m</div>[39m
            [36m</div>[39m
          [36m</div>[39m
        [36m</div>[39m
      [36m</div>[39m
    [36m</body>[39m

    [0m [90m 77 |[39m     [36mawait[39m 
screen[33m.[39mfindByRole([32m'option'[39m[33m,[39m { name[33m:[39m [35m/Board 
Err/i[39m })[33m;[39m
     [90m 78 |[39m     [36mawait[39m userEvent[33m.[39mselectOptions(selector[33m,[39m 
[32m'board-err'[39m)[33m;[39m
    [31m[1m>[22m[39m[90m 79 |[39m     [36mawait[39m 
userEvent[33m.[39mclick(screen[33m.[39mgetByRole([32m'button'[39m[33m,[39m { 
name[33m:[39m [35m/t蘯｣i d盻ｯ li盻㎡/i[39m }))[33m;[39m
     [90m    |[39m                                  [31m[1m^[22m[39m
     [90m 80 |[39m
     [90m 81 |[39m     [36mawait[39m waitFor(() [33m=>[39m {
     [90m 82 |[39m       expect(screen[33m.[39mgetByText([35m/throughput 
failed/i[39m))[33m.[39mtoBeInTheDocument()[33m;[39m[0m

      at Object.getElementError (node_modules/@testing-library/dom/dist/config.js:37:19)
      at node_modules/@testing-library/dom/dist/query-helpers.js:76:38
      at node_modules/@testing-library/dom/dist/query-helpers.js:52:17
      at getByRole (node_modules/@testing-library/dom/dist/query-helpers.js:95:19)
      at Object.<anonymous> (src/test/components/teacher.throughputPanel.data.test.tsx:79:34)

FAIL src/test/components/teacher.throughputPanel.interactions.test.tsx (8.129 s)
  笳・Teacher ThroughputPanel interactions 窶ｺ loads throughput data after board selection

    Unable to find role="button" and name `/t蘯｣i d盻ｯ li盻㎡/i`

    Ignored nodes: comments, script, style
    [36m<body>[39m
      [36m<div>[39m
        [36m<div[39m
          [33mclass[39m=[32m"p-6 text-[color:var(--text-primary)]"[39m
        [36m>[39m
          [36m<div[39m
            [33mclass[39m=[32m"mx-auto max-w-6xl space-y-6"[39m
          [36m>[39m
            [36m<div[39m
              [33mclass[39m=[32m"flex flex-col gap-4 border-b 
border-[color:var(--border-color)] pb-4 md:flex-row md:items-center md:justify-between"[39m
            [36m>[39m
              [36m<div>[39m
                [36m<h2[39m
                  [33mclass[39m=[32m"text-2xl font-semibold tracking-tight"[39m
                [36m>[39m
                  [0mThroughput & Bottlenecks[0m
                [36m</h2>[39m
              [36m</div>[39m
              [36m<div[39m
                [33mclass[39m=[32m"flex flex-col items-stretch gap-2 sm:flex-row 
sm:items-end"[39m
              [36m>[39m
                [36m<div[39m
                  [33mclass[39m=[32m"flex flex-col sm:items-start"[39m
                [36m>[39m
                  [36m<span[39m
                    [33mclass[39m=[32m"mb-1 text-xs font-medium uppercase tracking-wide 
text-gray-500"[39m
                  [36m>[39m
                    [0mSelect board[0m
                  [36m</span>[39m
                  [36m<select[39m
                    [33mclass[39m=[32m"w-full rounded-none border 
border-[color:var(--border-color)] bg-[color:var(--surface-card)]/60 px-3 py-2 text-sm 
outline-none focus:border-blue-500 focus:ring-2 focus:ring-blue-500/40 sm:w-64"[39m
                  [36m>[39m
                    [36m<option[39m
                      [33mdisabled[39m=[32m""[39m
                      [33mvalue[39m=[32m""[39m
                    [36m>[39m
                      [0mSelect a board to view[0m
                    [36m</option>[39m
                    [36m<option[39m
                      [33mvalue[39m=[32m"b1"[39m
                    [36m>[39m
                      [0mMy Board 1[0m
                    [36m</option>[39m
                    [36m<option[39m
                      [33mvalue[39m=[32m"b2"[39m
                    [36m>[39m
                      [0mMy Board 2[0m
                    [36m</option>[39m
                  [36m</select>[39m
                [36m</div>[39m
                [36m<button[39m
                  [33mclass[39m=[32m"inline-flex items-center justify-center rounded-md 
bg-blue-600 px-4 py-2 text-sm font-medium text-white shadow-sm transition hover:bg-blue-700 
disabled:cursor-not-allowed disabled:opacity-70"[39m
                  [33mdisabled[39m=[32m""[39m
                [36m>[39m
                  [0mLoad data[0m
                [36m</button>[39m
              [36m</div>[39m
            [36m</div>[39m
            [36m<div[39m
              [33mclass[39m=[32m"grid gap-4 md:grid-cols-3"[39m
            [36m>[39m
              [36m<div[39m
                [33mclass[39m=[32m"border border-[color:var(--border-color)] 
bg-[color:var(--surface-card)]/60 p-4"[39m
              [36m>[39m
                [36m<div[39m
                  [33mclass[39m=[32m"text-xs font-medium uppercase tracking-wide 
text-gray-500"[39m
                [36m>[39m
                  [0mColumns in workflow[0m
                [36m</div>[39m
                [36m<div[39m
                  [33mclass[39m=[32m"mt-1 text-2xl font-semibold"[39m
                [36m>[39m
                  [0m0[0m
                [36m</div>[39m
              [36m</div>[39m
              [36m<div[39m
                [33mclass[39m=[32m"border border-[color:var(--border-color)] 
bg-[color:var(--surface-card)]/60 p-4"[39m
              [36m>[39m
                [36m<div[39m
                  [33mclass[39m=[32m"text-xs font-medium uppercase tracking-wide 
text-gray-500"[39m
                [36m>[39m
                  [0mCFD days[0m
                [36m</div>[39m
                [36m<div[39m
                  [33mclass[39m=[32m"mt-1 text-2xl font-semibold"[39m
                [36m>[39m
                  [0m0[0m
                [36m</div>[39m
              [36m</div>[39m
              [36m<div[39m
                [33mclass[39m=[32m"border border-[color:var(--border-color)] 
bg-[color:var(--surface-card)]/60 p-4"[39m
              [36m>[39m
                [36m<div[39m
                  [33mclass[39m=[32m"text-xs font-medium uppercase tracking-wide 
text-gray-500"[39m
                [36m>[39m
                  [0mPotential bottleneck columns[0m
                [36m</div>[39m
                [36m<div[39m
                  [33mclass[39m=[32m"mt-1 text-sm text-gray-600"[39m
                [36m>[39m
                  [0mNo data yet[0m
                [36m</div>[39m
              [36m</div>[39m
            [36m</div>[39m
            [36m<div[39m
              [33mclass[39m=[32m"space-y-3"[39m
            [36m>[39m
              [36m<h3[39m
                [33mclass[39m=[32m"text-base font-semibold"[39m
              [36m>[39m
                [0mWorkflow throughput by column[0m
              [36m</h3>[39m
              [36m<div[39m
                [33mclass[39m=[32m"overflow-x-auto border border-[color:var(--border-color)] 
bg-[color:var(--surface-card)]/60"[39m
              [36m>[39m
                [36m<table[39m
                  [33mclass[39m=[32m"min-w-full text-sm"[39m
                [36m>[39m
                  [36m<thead[39m
                    [33mclass[39m=[32m"border-b border-[color:var(--border-color)] 
bg-gray-50/80 text-left text-gray-700 dark:bg-gray-800/60"[39m
                  [36m>[39m
                    [36m<tr>[39m
                      [36m<th[39m
                        [33mclass[39m=[32m"px-4 py-2 font-medium"[39m
                      [36m>[39m
                        [0mColumn[0m
                      [36m</th>[39m
                      [36m<th[39m
                        [33mclass[39m=[32m"px-4 py-2 font-medium"[39m
                      [36m>[39m
                        [0mEntered[0m
                      [36m</th>[39m
                      [36m<th[39m
                        [33mclass[39m=[32m"px-4 py-2 font-medium"[39m
                      [36m>[39m
                        [0mExited[0m
                      [36m</th>[39m
                    [36m</tr>[39m
                  [36m</thead>[39m
                  [36m<tbody />[39m
                [36m</table>[39m
              [36m</div>[39m
            [36m</div>[39m
            [36m<div[39m
              [33mclass[39m=[32m"space-y-3"[39m
            [36m>[39m
              [36m<h3[39m
                [33mclass[39m=[32m"text-base font-semibold"[39m
              [36m>[39m
                [0mAverage time per column (hours)[0m
              [36m</h3>[39m
              [36m<div[39m
                [33mclass[39m=[32m"space-y-2"[39m
              [36m>[39m
                [36m<div[39m
                  [33mclass[39m=[32m"text-sm text-gray-500"[39m
                [36m>[39m
                  [0mNo column time data available.[0m
                [36m</div>[39m
              [36m</div>[39m
            [36m</div>[39m
            [36m<div[39m
              [33mclass[39m=[32m"space-y-3"[39m
            [36m>[39m
              [36m<h3[39m
                [33mclass[39m=[32m"text-base font-semibold"[39m
              [36m>[39m
                [0mWIP Alerts (Work In Progress)[0m
              [36m</h3>[39m
              [36m<div[39m
                [33mclass[39m=[32m"text-sm text-gray-500"[39m
              [36m>[39m
                [0mNo WIP violations recorded in the current data.[0m
              [36m</div>[39m
            [36m</div>[39m
            [36m<div[39m
              [33mclass[39m=[32m"space-y-3"[39m
            [36m>[39m
              [36m<h3[39m
                [33mclass[39m=[32m"text-base font-semibold"[39m
              [36m>[39m
                [0mCumulative Flow over time[0m
              [36m</h3>[39m
              [36m<div[39m
                [33mclass[39m=[32m"overflow-x-auto border border-[color:var(--border-color)] 
bg-[color:var(--surface-card)]/60"[39m
              [36m>[39m
                [36m<table[39m
                  [33mclass[39m=[32m"min-w-full table-fixed text-sm"[39m
                [36m>[39m
                  [36m<thead[39m
                    [33mclass[39m=[32m"border-b border-[color:var(--border-color)] 
bg-gray-50/80 text-center text-gray-700 dark:bg-gray-800/60"[39m
                  [36m>[39m
                    [36m<tr>[39m
                      [36m<th[39m
                        [33mclass[39m=[32m"px-4 py-2 font-medium whitespace-nowrap"[39m
                      [36m>[39m
                        [0mDate[0m
                      [36m</th>[39m
                    [36m</tr>[39m
                  [36m</thead>[39m
                  [36m<tbody>[39m
                    [36m<tr>[39m
                      [36m<td[39m
                        [33mclass[39m=[32m"px-4 py-3 text-center text-sm text-gray-500"[39m
                        [33mcolspan[39m=[32m"1"[39m
                      [36m>[39m
                        [0mNo CFD data available.[0m
                      [36m</td>[39m
                    [36m</tr>[39m
                  [36m</tbody>[39m
                [36m</table>[39m
              [36m</div>[39m
            [36m</div>[39m
          [36m</div>[39m
        [36m</div>[39m
      [36m</div>[39m
    [36m</body>[39m

    [0m [90m 16 |[39m     }
     [90m 17 |[39m
    [31m[1m>[22m[39m[90m 18 |[39m     [36mconst[39m reload [33m=[39m [36mawait[39m 
screen[33m.[39mfindByRole([32m"button"[39m[33m,[39m { name[33m:[39m [35m/t蘯｣i d盻ｯ 
li盻㎡/i[39m })[33m;[39m
     [90m    |[39m                                 [31m[1m^[22m[39m
     [90m 19 |[39m     [36mawait[39m userEvent[33m.[39mclick(reload)[33m;[39m
     [90m 20 |[39m     [90m// After loading, ensure no validation error is shown[39m
     [90m 21 |[39m     expect(screen[33m.[39mqueryByText([35m/Vui lﾃｲng ch盻肱 
Board/i[39m))[33m.[39mnot[33m.[39mtoBeInTheDocument()[33m;[39m[0m

      at waitForWrapper (node_modules/@testing-library/dom/dist/wait-for.js:163:27)
      at findByRole (node_modules/@testing-library/dom/dist/query-helpers.js:86:33)
      at Object.<anonymous> 
(src/test/components/teacher.throughputPanel.interactions.test.tsx:18:33)

  笳・Teacher ThroughputPanel interactions 窶ｺ handles API error by showing message

    Unable to find role="button" and name `/t蘯｣i d盻ｯ li盻㎡/i`

    Ignored nodes: comments, script, style
    [36m<body>[39m
      [36m<div>[39m
        [36m<div[39m
          [33mclass[39m=[32m"p-6 text-[color:var(--text-primary)]"[39m
        [36m>[39m
          [36m<div[39m
            [33mclass[39m=[32m"mx-auto max-w-6xl space-y-6"[39m
          [36m>[39m
            [36m<div[39m
              [33mclass[39m=[32m"flex flex-col gap-4 border-b 
border-[color:var(--border-color)] pb-4 md:flex-row md:items-center md:justify-between"[39m
            [36m>[39m
              [36m<div>[39m
                [36m<h2[39m
                  [33mclass[39m=[32m"text-2xl font-semibold tracking-tight"[39m
                [36m>[39m
                  [0mThroughput & Bottlenecks[0m
                [36m</h2>[39m
              [36m</div>[39m
              [36m<div[39m
                [33mclass[39m=[32m"flex flex-col items-stretch gap-2 sm:flex-row 
sm:items-end"[39m
              [36m>[39m
                [36m<div[39m
                  [33mclass[39m=[32m"flex flex-col sm:items-start"[39m
                [36m>[39m
                  [36m<span[39m
                    [33mclass[39m=[32m"mb-1 text-xs font-medium uppercase tracking-wide 
text-gray-500"[39m
                  [36m>[39m
                    [0mSelect board[0m
                  [36m</span>[39m
                  [36m<select[39m
                    [33mclass[39m=[32m"w-full rounded-none border 
border-[color:var(--border-color)] bg-[color:var(--surface-card)]/60 px-3 py-2 text-sm 
outline-none focus:border-blue-500 focus:ring-2 focus:ring-blue-500/40 sm:w-64"[39m
                  [36m>[39m
                    [36m<option[39m
                      [33mdisabled[39m=[32m""[39m
                      [33mvalue[39m=[32m""[39m
                    [36m>[39m
                      [0mSelect a board to view[0m
                    [36m</option>[39m
                    [36m<option[39m
                      [33mvalue[39m=[32m"b1"[39m
                    [36m>[39m
                      [0mMy Board 1[0m
                    [36m</option>[39m
                    [36m<option[39m
                      [33mvalue[39m=[32m"b2"[39m
                    [36m>[39m
                      [0mMy Board 2[0m
                    [36m</option>[39m
                  [36m</select>[39m
                [36m</div>[39m
                [36m<button[39m
                  [33mclass[39m=[32m"inline-flex items-center justify-center rounded-md 
bg-blue-600 px-4 py-2 text-sm font-medium text-white shadow-sm transition hover:bg-blue-700 
disabled:cursor-not-allowed disabled:opacity-70"[39m
                [36m>[39m
                  [0mLoad data[0m
                [36m</button>[39m
              [36m</div>[39m
            [36m</div>[39m
            [36m<div[39m
              [33mclass[39m=[32m"grid gap-4 md:grid-cols-3"[39m
            [36m>[39m
              [36m<div[39m
                [33mclass[39m=[32m"border border-[color:var(--border-color)] 
bg-[color:var(--surface-card)]/60 p-4"[39m
              [36m>[39m
                [36m<div[39m
                  [33mclass[39m=[32m"text-xs font-medium uppercase tracking-wide 
text-gray-500"[39m
                [36m>[39m
                  [0mColumns in workflow[0m
                [36m</div>[39m
                [36m<div[39m
                  [33mclass[39m=[32m"mt-1 text-2xl font-semibold"[39m
                [36m>[39m
                  [0m0[0m
                [36m</div>[39m
              [36m</div>[39m
              [36m<div[39m
                [33mclass[39m=[32m"border border-[color:var(--border-color)] 
bg-[color:var(--surface-card)]/60 p-4"[39m
              [36m>[39m
                [36m<div[39m
                  [33mclass[39m=[32m"text-xs font-medium uppercase tracking-wide 
text-gray-500"[39m
                [36m>[39m
                  [0mCFD days[0m
                [36m</div>[39m
                [36m<div[39m
                  [33mclass[39m=[32m"mt-1 text-2xl font-semibold"[39m
                [36m>[39m
                  [0m0[0m
                [36m</div>[39m
              [36m</div>[39m
              [36m<div[39m
                [33mclass[39m=[32m"border border-[color:var(--border-color)] 
bg-[color:var(--surface-card)]/60 p-4"[39m
              [36m>[39m
                [36m<div[39m
                  [33mclass[39m=[32m"text-xs font-medium uppercase tracking-wide 
text-gray-500"[39m
                [36m>[39m
                  [0mPotential bottleneck columns[0m
                [36m</div>[39m
                [36m<div[39m
                  [33mclass[39m=[32m"mt-1 text-sm text-gray-600"[39m
                [36m>[39m
                  [0mNo data yet[0m
                [36m</div>[39m
              [36m</div>[39m
            [36m</div>[39m
            [36m<div[39m
              [33mclass[39m=[32m"space-y-3"[39m
            [36m>[39m
              [36m<h3[39m
                [33mclass[39m=[32m"text-base font-semibold"[39m
              [36m>[39m
                [0mWorkflow throughput by column[0m
              [36m</h3>[39m
              [36m<div[39m
                [33mclass[39m=[32m"overflow-x-auto border border-[color:var(--border-color)] 
bg-[color:var(--surface-card)]/60"[39m
              [36m>[39m
                [36m<table[39m
                  [33mclass[39m=[32m"min-w-full text-sm"[39m
                [36m>[39m
                  [36m<thead[39m
                    [33mclass[39m=[32m"border-b border-[color:var(--border-color)] 
bg-gray-50/80 text-left text-gray-700 dark:bg-gray-800/60"[39m
                  [36m>[39m
                    [36m<tr>[39m
                      [36m<th[39m
                        [33mclass[39m=[32m"px-4 py-2 font-medium"[39m
                      [36m>[39m
                        [0mColumn[0m
                      [36m</th>[39m
                      [36m<th[39m
                        [33mclass[39m=[32m"px-4 py-2 font-medium"[39m
                      [36m>[39m
                        [0mEntered[0m
                      [36m</th>[39m
                      [36m<th[39m
                        [33mclass[39m=[32m"px-4 py-2 font-medium"[39m
                      [36m>[39m
                        [0mExited[0m
                      [36m</th>[39m
                    [36m</tr>[39m
                  [36m</thead>[39m
                  [36m<tbody />[39m
                [36m</table>[39m
              [36m</div>[39m
            [36m</div>[39m
            [36m<div[39m
              [33mclass[39m=[32m"space-y-3"[39m
            [36m>[39m
              [36m<h3[39m
                [33mclass[39m=[32m"text-base font-semibold"[39m
              [36m>[39m
                [0mAverage time per column (hours)[0m
              [36m</h3>[39m
              [36m<div[39m
                [33mclass[39m=[32m"space-y-2"[39m
              [36m>[39m
                [36m<div[39m
                  [33mclass[39m=[32m"text-sm text-gray-500"[39m
                [36m>[39m
                  [0mNo column time data available.[0m
                [36m</div>[39m
              [36m</div>[39m
            [36m</div>[39m
            [36m<div[39m
              [33mclass[39m=[32m"space-y-3"[39m
            [36m>[39m
              [36m<h3[39m
                [33mclass[39m=[32m"text-base font-semibold"[39m
              [36m>[39m
                [0mWIP Alerts (Work In Progress)[0m
              [36m</h3>[39m
              [36m<div[39m
                [33mclass[39m=[32m"text-sm text-gray-500"[39m
              [36m>[39m
                [0mNo WIP violations recorded in the current data.[0m
              [36m</div>[39m
            [36m</div>[39m
            [36m<div[39m
              [33mclass[39m=[32m"space-y-3"[39m
            [36m>[39m
              [36m<h3[39m
                [33mclass[39m=[32m"text-base font-semibold"[39m
              [36m>[39m
                [0mCumulative Flow over time[0m
              [36m</h3>[39m
              [36m<div[39m
                [33mclass[39m=[32m"overflow-x-auto border border-[color:var(--border-color)] 
bg-[color:var(--surface-card)]/60"[39m
              [36m>[39m
                [36m<table[39m
                  [33mclass[39m=[32m"min-w-full table-fixed text-sm"[39m
                [36m>[39m
                  [36m<thead[39m
                    [33mclass[39m=[32m"border-b border-[color:var(--border-color)] 
bg-gray-50/80 text-center text-gray-700 dark:bg-gray-800/60"[39m
                  [36m>[39m
                    [36m<tr>[39m
                      [36m<th[39m
                        [33mclass[39m=[32m"px-4 py-2 font-medium whitespace-nowrap"[39m
                      [36m>[39m
                        [0mDate[0m
                      [36m</th>[39m
                    [36m</tr>[39m
                  [36m</thead>[39m
                  [36m<tbody>[39m
                    [36m<tr>[39m
                      [36m<td[39m
                        [33mclass[39m=[32m"px-4 py-3 text-center text-sm text-gray-500"[39m
                        [33mcolspan[39m=[32m"1"[39m
                      [36m>[39m
                        [0mNo CFD data available.[0m
                      [36m</td>[39m
                    [36m</tr>[39m
                  [36m</tbody>[39m
                [36m</table>[39m
              [36m</div>[39m
            [36m</div>[39m
          [36m</div>[39m
        [36m</div>[39m
      [36m</div>[39m
    [36m</body>[39m

    [0m [90m 34 |[39m     }
     [90m 35 |[39m
    [31m[1m>[22m[39m[90m 36 |[39m     [36mconst[39m reload [33m=[39m [36mawait[39m 
screen[33m.[39mfindByRole([32m"button"[39m[33m,[39m { name[33m:[39m [35m/t蘯｣i d盻ｯ 
li盻㎡/i[39m })[33m;[39m
     [90m    |[39m                                 [31m[1m^[22m[39m
     [90m 37 |[39m     [36mawait[39m userEvent[33m.[39mclick(reload)[33m;[39m
     [90m 38 |[39m     [90m// If API returns empty bottlenecks, an informational text may 
appear.[39m
     [90m 39 |[39m     [90m// At minimum, ensure the page renders without crashing and shows 
a known section.[39m[0m

      at waitForWrapper (node_modules/@testing-library/dom/dist/wait-for.js:163:27)
      at findByRole (node_modules/@testing-library/dom/dist/query-helpers.js:86:33)
      at Object.<anonymous> 
(src/test/components/teacher.throughputPanel.interactions.test.tsx:36:33)

FAIL src/test/__tests_cps__/components/teacher.ThroughputPanel.behavior.states.test.tsx (8.402 
s)
  笳・Teacher/ThroughputPanel behavior states 窶ｺ empty results state

    Unable to find an element with the text: /Lﾆｰu lﾆｰ盻｣ng cﾃｴng vi盻㌘ \& Bottleneck/i. This 
could be because the text is broken up by multiple elements. In this case, you can provide a 
function for your text matcher to make your matcher more flexible.

    Ignored nodes: comments, script, style
    [36m<body>[39m
      [36m<div>[39m
        [36m<div[39m
          [33mclass[39m=[32m"p-6 text-[color:var(--text-primary)]"[39m
        [36m>[39m
          [36m<div[39m
            [33mclass[39m=[32m"mx-auto max-w-6xl space-y-6"[39m
          [36m>[39m
            [36m<div[39m
              [33mclass[39m=[32m"flex flex-col gap-4 border-b 
border-[color:var(--border-color)] pb-4 md:flex-row md:items-center md:justify-between"[39m
            [36m>[39m
              [36m<div>[39m
                [36m<h2[39m
                  [33mclass[39m=[32m"text-2xl font-semibold tracking-tight"[39m
                [36m>[39m
                  [0mThroughput & Bottlenecks[0m
                [36m</h2>[39m
              [36m</div>[39m
              [36m<div[39m
                [33mclass[39m=[32m"flex flex-col items-stretch gap-2 sm:flex-row 
sm:items-end"[39m
              [36m>[39m
                [36m<div[39m
                  [33mclass[39m=[32m"flex flex-col sm:items-start"[39m
                [36m>[39m
                  [36m<span[39m
                    [33mclass[39m=[32m"mb-1 text-xs font-medium uppercase tracking-wide 
text-gray-500"[39m
                  [36m>[39m
                    [0mSelect board[0m
                  [36m</span>[39m
                  [36m<select[39m
                    [33mclass[39m=[32m"w-full rounded-none border 
border-[color:var(--border-color)] bg-[color:var(--surface-card)]/60 px-3 py-2 text-sm 
outline-none focus:border-blue-500 focus:ring-2 focus:ring-blue-500/40 sm:w-64"[39m
                  [36m>[39m
                    [36m<option[39m
                      [33mdisabled[39m=[32m""[39m
                      [33mvalue[39m=[32m""[39m
                    [36m>[39m
                      [0mSelect a board to view[0m
                    [36m</option>[39m
                    [36m<option[39m
                      [33mvalue[39m=[32m"b1"[39m
                    [36m>[39m
                      [0mMy Board 1[0m
                    [36m</option>[39m
                    [36m<option[39m
                      [33mvalue[39m=[32m"b2"[39m
                    [36m>[39m
                      [0mMy Board 2[0m
                    [36m</option>[39m
                  [36m</select>[39m
                [36m</div>[39m
                [36m<button[39m
                  [33mclass[39m=[32m"inline-flex items-center justify-center rounded-md 
bg-blue-600 px-4 py-2 text-sm font-medium text-white shadow-sm transition hover:bg-blue-700 
disabled:cursor-not-allowed disabled:opacity-70"[39m
                  [33mdisabled[39m=[32m""[39m
                [36m>[39m
                  [0mLoad data[0m
                [36m</button>[39m
              [36m</div>[39m
            [36m</div>[39m
            [36m<div[39m
              [33mclass[39m=[32m"grid gap-4 md:grid-cols-3"[39m
            [36m>[39m
              [36m<div[39m
                [33mclass[39m=[32m"border border-[color:var(--border-color)] 
bg-[color:var(--surface-card)]/60 p-4"[39m
              [36m>[39m
                [36m<div[39m
                  [33mclass[39m=[32m"text-xs font-medium uppercase tracking-wide 
text-gray-500"[39m
                [36m>[39m
                  [0mColumns in workflow[0m
                [36m</div>[39m
                [36m<div[39m
                  [33mclass[39m=[32m"mt-1 text-2xl font-semibold"[39m
                [36m>[39m
                  [0m0[0m
                [36m</div>[39m
              [36m</div>[39m
              [36m<div[39m
                [33mclass[39m=[32m"border border-[color:var(--border-color)] 
bg-[color:var(--surface-card)]/60 p-4"[39m
              [36m>[39m
                [36m<div[39m
                  [33mclass[39m=[32m"text-xs font-medium uppercase tracking-wide 
text-gray-500"[39m
                [36m>[39m
                  [0mCFD days[0m
                [36m</div>[39m
                [36m<div[39m
                  [33mclass[39m=[32m"mt-1 text-2xl font-semibold"[39m
                [36m>[39m
                  [0m0[0m
                [36m</div>[39m
              [36m</div>[39m
              [36m<div[39m
                [33mclass[39m=[32m"border border-[color:var(--border-color)] 
bg-[color:var(--surface-card)]/60 p-4"[39m
              [36m>[39m
                [36m<div[39m
                  [33mclass[39m=[32m"text-xs font-medium uppercase tracking-wide 
text-gray-500"[39m
                [36m>[39m
                  [0mPotential bottleneck columns[0m
                [36m</div>[39m
                [36m<div[39m
                  [33mclass[39m=[32m"mt-1 text-sm text-gray-600"[39m
                [36m>[39m
                  [0mNo data yet[0m
                [36m</div>[39m
              [36m</div>[39m
            [36m</div>[39m
            [36m<div[39m
              [33mclass[39m=[32m"space-y-3"[39m
            [36m>[39m
              [36m<h3[39m
                [33mclass[39m=[32m"text-base font-semibold"[39m
              [36m>[39m
                [0mWorkflow throughput by column[0m
              [36m</h3>[39m
              [36m<div[39m
                [33mclass[39m=[32m"overflow-x-auto border border-[color:var(--border-color)] 
bg-[color:var(--surface-card)]/60"[39m
              [36m>[39m
                [36m<table[39m
                  [33mclass[39m=[32m"min-w-full text-sm"[39m
                [36m>[39m
                  [36m<thead[39m
                    [33mclass[39m=[32m"border-b border-[color:var(--border-color)] 
bg-gray-50/80 text-left text-gray-700 dark:bg-gray-800/60"[39m
                  [36m>[39m
                    [36m<tr>[39m
                      [36m<th[39m
                        [33mclass[39m=[32m"px-4 py-2 font-medium"[39m
                      [36m>[39m
                        [0mColumn[0m
                      [36m</th>[39m
                      [36m<th[39m
                        [33mclass[39m=[32m"px-4 py-2 font-medium"[39m
                      [36m>[39m
                        [0mEntered[0m
                      [36m</th>[39m
                      [36m<th[39m
                        [33mclass[39m=[32m"px-4 py-2 font-medium"[39m
                      [36m>[39m
                        [0mExited[0m
                      [36m</th>[39m
                    [36m</tr>[39m
                  [36m</thead>[39m
                  [36m<tbody />[39m
                [36m</table>[39m
              [36m</div>[39m
            [36m</div>[39m
            [36m<div[39m
              [33mclass[39m=[32m"space-y-3"[39m
            [36m>[39m
              [36m<h3[39m
                [33mclass[39m=[32m"text-base font-semibold"[39m
              [36m>[39m
                [0mAverage time per column (hours)[0m
              [36m</h3>[39m
              [36m<div[39m
                [33mclass[39m=[32m"space-y-2"[39m
              [36m>[39m
                [36m<div[39m
                  [33mclass[39m=[32m"text-sm text-gray-500"[39m
                [36m>[39m
                  [0mNo column time data available.[0m
                [36m</div>[39m
              [36m</div>[39m
            [36m</div>[39m
            [36m<div[39m
              [33mclass[39m=[32m"space-y-3"[39m
            [36m>[39m
              [36m<h3[39m
                [33mclass[39m=[32m"text-base font-semibold"[39m
              [36m>[39m
                [0mWIP Alerts (Work In Progress)[0m
              [36m</h3>[39m
              [36m<div[39m
                [33mclass[39m=[32m"text-sm text-gray-500"[39m
              [36m>[39m
                [0mNo WIP violations recorded in the current data.[0m
              [36m</div>[39m
            [36m</div>[39m
            [36m<div[39m
              [33mclass[39m=[32m"space-y-3"[39m
            [36m>[39m
              [36m<h3[39m
                [33mclass[39m=[32m"text-base font-semibold"[39m
              [36m>[39m
                [0mCumulative Flow over time[0m
              [36m</h3>[39m
              [36m<div[39m
                [33mclass[39m=[32m"overflow-x-auto border border-[color:var(--border-color)] 
bg-[color:var(--surface-card)]/60"[39m
              [36m>[39m
                [36m<table[39m
                  [33mclass[39m=[32m"min-w-full table-fixed text-sm"[39m
                [36m>[39m
                  [36m<thead[39m
                    [33mclass[39m=[32m"border-b border-[color:var(--border-color)] 
bg-gray-50/80 text-center text-gray-700 dark:bg-gray-800/60"[39m
                  [36m>[39m
                    [36m<tr>[39m
                      [36m<th[39m
                        [33mclass[39m=[32m"px-4 py-2 font-medium whitespace-nowrap"[39m
                      [36m>[39m
                        [0mDate[0m
                      [36m</th>[39m
                    [36m</tr>[39m
                  [36m</thead>[39m
                  [36m<tbody>[39m
                    [36m<tr>[39m
                      [36m<td[39m
                        [33mclass[39m=[32m"px-4 py-3 text-center text-sm text-gray-500"[39m
                        [33mcolspan[39m=[32m"1"[39m
                      [36m>[39m
                        [0mNo CFD data available.[0m
                      [36m</td>[39m
                    [36m</tr>[39m
                  [36m</tbody>[39m
                [36m</table>[39m
              [36m</div>[39m
            [36m</div>[39m
          [36m</div>[39m
        [36m</div>[39m
      [36m</div>[39m
    [36m</body>[39m

    [0m [90m 21 |[39m     render([33m<[39m[33mThroughputPanel[39m 
[33m/[39m[33m>[39m)[33m;[39m
     [90m 22 |[39m     [90m// Assert specific heading to avoid multiple matches[39m
    [31m[1m>[22m[39m[90m 23 |[39m     expect([36mawait[39m 
screen[33m.[39mfindByText([35m/Lﾆｰu lﾆｰ盻｣ng cﾃｴng vi盻㌘ \& 
Bottleneck/i[39m))[33m.[39mtoBeInTheDocument()[33m;[39m
     [90m    |[39m                         [31m[1m^[22m[39m
     [90m 24 |[39m     expect(screen[33m.[39mgetByText([35m/Ch盻肱 
board/i[39m))[33m.[39mtoBeInTheDocument()[33m;[39m
     [90m 25 |[39m   })[33m;[39m
     [90m 26 |[39m[0m

      at waitForWrapper (node_modules/@testing-library/dom/dist/wait-for.js:163:27)
      at findByText (node_modules/@testing-library/dom/dist/query-helpers.js:86:33)
      at Object.<anonymous> 
(src/test/__tests_cps__/components/teacher.ThroughputPanel.behavior.states.test.tsx:23:25)

  笳・Teacher/ThroughputPanel behavior states 窶ｺ loaded state

    Unable to find an element with the text: /Lﾆｰu lﾆｰ盻｣ng cﾃｴng vi盻㌘ \& Bottleneck/i. This 
could be because the text is broken up by multiple elements. In this case, you can provide a 
function for your text matcher to make your matcher more flexible.

    Ignored nodes: comments, script, style
    [36m<body>[39m
      [36m<div>[39m
        [36m<div[39m
          [33mclass[39m=[32m"p-6 text-[color:var(--text-primary)]"[39m
        [36m>[39m
          [36m<div[39m
            [33mclass[39m=[32m"mx-auto max-w-6xl space-y-6"[39m
          [36m>[39m
            [36m<div[39m
              [33mclass[39m=[32m"flex flex-col gap-4 border-b 
border-[color:var(--border-color)] pb-4 md:flex-row md:items-center md:justify-between"[39m
            [36m>[39m
              [36m<div>[39m
                [36m<h2[39m
                  [33mclass[39m=[32m"text-2xl font-semibold tracking-tight"[39m
                [36m>[39m
                  [0mThroughput & Bottlenecks[0m
                [36m</h2>[39m
              [36m</div>[39m
              [36m<div[39m
                [33mclass[39m=[32m"flex flex-col items-stretch gap-2 sm:flex-row 
sm:items-end"[39m
              [36m>[39m
                [36m<div[39m
                  [33mclass[39m=[32m"flex flex-col sm:items-start"[39m
                [36m>[39m
                  [36m<span[39m
                    [33mclass[39m=[32m"mb-1 text-xs font-medium uppercase tracking-wide 
text-gray-500"[39m
                  [36m>[39m
                    [0mSelect board[0m
                  [36m</span>[39m
                  [36m<select[39m
                    [33mclass[39m=[32m"w-full rounded-none border 
border-[color:var(--border-color)] bg-[color:var(--surface-card)]/60 px-3 py-2 text-sm 
outline-none focus:border-blue-500 focus:ring-2 focus:ring-blue-500/40 sm:w-64"[39m
                  [36m>[39m
                    [36m<option[39m
                      [33mdisabled[39m=[32m""[39m
                      [33mvalue[39m=[32m""[39m
                    [36m>[39m
                      [0mSelect a board to view[0m
                    [36m</option>[39m
                    [36m<option[39m
                      [33mvalue[39m=[32m"b1"[39m
                    [36m>[39m
                      [0mMy Board 1[0m
                    [36m</option>[39m
                    [36m<option[39m
                      [33mvalue[39m=[32m"b2"[39m
                    [36m>[39m
                      [0mMy Board 2[0m
                    [36m</option>[39m
                  [36m</select>[39m
                [36m</div>[39m
                [36m<button[39m
                  [33mclass[39m=[32m"inline-flex items-center justify-center rounded-md 
bg-blue-600 px-4 py-2 text-sm font-medium text-white shadow-sm transition hover:bg-blue-700 
disabled:cursor-not-allowed disabled:opacity-70"[39m
                  [33mdisabled[39m=[32m""[39m
                [36m>[39m
                  [0mLoad data[0m
                [36m</button>[39m
              [36m</div>[39m
            [36m</div>[39m
            [36m<div[39m
              [33mclass[39m=[32m"grid gap-4 md:grid-cols-3"[39m
            [36m>[39m
              [36m<div[39m
                [33mclass[39m=[32m"border border-[color:var(--border-color)] 
bg-[color:var(--surface-card)]/60 p-4"[39m
              [36m>[39m
                [36m<div[39m
                  [33mclass[39m=[32m"text-xs font-medium uppercase tracking-wide 
text-gray-500"[39m
                [36m>[39m
                  [0mColumns in workflow[0m
                [36m</div>[39m
                [36m<div[39m
                  [33mclass[39m=[32m"mt-1 text-2xl font-semibold"[39m
                [36m>[39m
                  [0m0[0m
                [36m</div>[39m
              [36m</div>[39m
              [36m<div[39m
                [33mclass[39m=[32m"border border-[color:var(--border-color)] 
bg-[color:var(--surface-card)]/60 p-4"[39m
              [36m>[39m
                [36m<div[39m
                  [33mclass[39m=[32m"text-xs font-medium uppercase tracking-wide 
text-gray-500"[39m
                [36m>[39m
                  [0mCFD days[0m
                [36m</div>[39m
                [36m<div[39m
                  [33mclass[39m=[32m"mt-1 text-2xl font-semibold"[39m
                [36m>[39m
                  [0m0[0m
                [36m</div>[39m
              [36m</div>[39m
              [36m<div[39m
                [33mclass[39m=[32m"border border-[color:var(--border-color)] 
bg-[color:var(--surface-card)]/60 p-4"[39m
              [36m>[39m
                [36m<div[39m
                  [33mclass[39m=[32m"text-xs font-medium uppercase tracking-wide 
text-gray-500"[39m
                [36m>[39m
                  [0mPotential bottleneck columns[0m
                [36m</div>[39m
                [36m<div[39m
                  [33mclass[39m=[32m"mt-1 text-sm text-gray-600"[39m
                [36m>[39m
                  [0mNo data yet[0m
                [36m</div>[39m
              [36m</div>[39m
            [36m</div>[39m
            [36m<div[39m
              [33mclass[39m=[32m"space-y-3"[39m
            [36m>[39m
              [36m<h3[39m
                [33mclass[39m=[32m"text-base font-semibold"[39m
              [36m>[39m
                [0mWorkflow throughput by column[0m
              [36m</h3>[39m
              [36m<div[39m
                [33mclass[39m=[32m"overflow-x-auto border border-[color:var(--border-color)] 
bg-[color:var(--surface-card)]/60"[39m
              [36m>[39m
                [36m<table[39m
                  [33mclass[39m=[32m"min-w-full text-sm"[39m
                [36m>[39m
                  [36m<thead[39m
                    [33mclass[39m=[32m"border-b border-[color:var(--border-color)] 
bg-gray-50/80 text-left text-gray-700 dark:bg-gray-800/60"[39m
                  [36m>[39m
                    [36m<tr>[39m
                      [36m<th[39m
                        [33mclass[39m=[32m"px-4 py-2 font-medium"[39m
                      [36m>[39m
                        [0mColumn[0m
                      [36m</th>[39m
                      [36m<th[39m
                        [33mclass[39m=[32m"px-4 py-2 font-medium"[39m
                      [36m>[39m
                        [0mEntered[0m
                      [36m</th>[39m
                      [36m<th[39m
                        [33mclass[39m=[32m"px-4 py-2 font-medium"[39m
                      [36m>[39m
                        [0mExited[0m
                      [36m</th>[39m
                    [36m</tr>[39m
                  [36m</thead>[39m
                  [36m<tbody />[39m
                [36m</table>[39m
              [36m</div>[39m
            [36m</div>[39m
            [36m<div[39m
              [33mclass[39m=[32m"space-y-3"[39m
            [36m>[39m
              [36m<h3[39m
                [33mclass[39m=[32m"text-base font-semibold"[39m
              [36m>[39m
                [0mAverage time per column (hours)[0m
              [36m</h3>[39m
              [36m<div[39m
                [33mclass[39m=[32m"space-y-2"[39m
              [36m>[39m
                [36m<div[39m
                  [33mclass[39m=[32m"text-sm text-gray-500"[39m
                [36m>[39m
                  [0mNo column time data available.[0m
                [36m</div>[39m
              [36m</div>[39m
            [36m</div>[39m
            [36m<div[39m
              [33mclass[39m=[32m"space-y-3"[39m
            [36m>[39m
              [36m<h3[39m
                [33mclass[39m=[32m"text-base font-semibold"[39m
              [36m>[39m
                [0mWIP Alerts (Work In Progress)[0m
              [36m</h3>[39m
              [36m<div[39m
                [33mclass[39m=[32m"text-sm text-gray-500"[39m
              [36m>[39m
                [0mNo WIP violations recorded in the current data.[0m
              [36m</div>[39m
            [36m</div>[39m
            [36m<div[39m
              [33mclass[39m=[32m"space-y-3"[39m
            [36m>[39m
              [36m<h3[39m
                [33mclass[39m=[32m"text-base font-semibold"[39m
              [36m>[39m
                [0mCumulative Flow over time[0m
              [36m</h3>[39m
              [36m<div[39m
                [33mclass[39m=[32m"overflow-x-auto border border-[color:var(--border-color)] 
bg-[color:var(--surface-card)]/60"[39m
              [36m>[39m
                [36m<table[39m
                  [33mclass[39m=[32m"min-w-full table-fixed text-sm"[39m
                [36m>[39m
                  [36m<thead[39m
                    [33mclass[39m=[32m"border-b border-[color:var(--border-color)] 
bg-gray-50/80 text-center text-gray-700 dark:bg-gray-800/60"[39m
                  [36m>[39m
                    [36m<tr>[39m
                      [36m<th[39m
                        [33mclass[39m=[32m"px-4 py-2 font-medium whitespace-nowrap"[39m
                      [36m>[39m
                        [0mDate[0m
                      [36m</th>[39m
                    [36m</tr>[39m
                  [36m</thead>[39m
                  [36m<tbody>[39m
                    [36m<tr>[39m
                      [36m<td[39m
                        [33mclass[39m=[32m"px-4 py-3 text-center text-sm text-gray-500"[39m
                        [33mcolspan[39m=[32m"1"[39m
                      [36m>[39m
                        [0mNo CFD data available.[0m
                      [36m</td>[39m
                    [36m</tr>[39m
                  [36m</tbody>[39m
                [36m</table>[39m
              [36m</div>[39m
            [36m</div>[39m
          [36m</div>[39m
        [36m</div>[39m
      [36m</div>[39m
    [36m</body>[39m

    [0m [90m 29 |[39m     
api[33m.[39mfetchTeacherThroughput[33m.[39mmockResolvedValueOnce({ data[33m:[39m { 
items[33m:[39m [{ label[33m:[39m [32m'Done'[39m[33m,[39m value[33m:[39m [35m12[39m 
}] } })[33m;[39m
     [90m 30 |[39m     render([33m<[39m[33mThroughputPanel[39m 
[33m/[39m[33m>[39m)[33m;[39m
    [31m[1m>[22m[39m[90m 31 |[39m     expect([36mawait[39m 
screen[33m.[39mfindByText([35m/Lﾆｰu lﾆｰ盻｣ng cﾃｴng vi盻㌘ \& 
Bottleneck/i[39m))[33m.[39mtoBeInTheDocument()[33m;[39m
     [90m    |[39m                         [31m[1m^[22m[39m
     [90m 32 |[39m     expect([36mawait[39m 
screen[33m.[39mfindByText([35m/Entered/i[39m))[33m.[39mtoBeInTheDocument()[33m;[39m
     [90m 33 |[39m   })[33m;[39m
     [90m 34 |[39m[0m

      at waitForWrapper (node_modules/@testing-library/dom/dist/wait-for.js:163:27)
      at findByText (node_modules/@testing-library/dom/dist/query-helpers.js:86:33)
      at Object.<anonymous> 
(src/test/__tests_cps__/components/teacher.ThroughputPanel.behavior.states.test.tsx:31:25)

  笳・Teacher/ThroughputPanel behavior states 窶ｺ error state shows guidance

    Unable to find an element with the text: /Ch盻肱 board/i. This could be because the text is 
broken up by multiple elements. In this case, you can provide a function for your text matcher 
to make your matcher more flexible.

    Ignored nodes: comments, script, style
    [36m<body>[39m
      [36m<div>[39m
        [36m<div[39m
          [33mclass[39m=[32m"p-6 text-[color:var(--text-primary)]"[39m
        [36m>[39m
          [36m<div[39m
            [33mclass[39m=[32m"mx-auto max-w-6xl space-y-6"[39m
          [36m>[39m
            [36m<div[39m
              [33mclass[39m=[32m"flex flex-col gap-4 border-b 
border-[color:var(--border-color)] pb-4 md:flex-row md:items-center md:justify-between"[39m
            [36m>[39m
              [36m<div>[39m
                [36m<h2[39m
                  [33mclass[39m=[32m"text-2xl font-semibold tracking-tight"[39m
                [36m>[39m
                  [0mThroughput & Bottlenecks[0m
                [36m</h2>[39m
              [36m</div>[39m
              [36m<div[39m
                [33mclass[39m=[32m"flex flex-col items-stretch gap-2 sm:flex-row 
sm:items-end"[39m
              [36m>[39m
                [36m<div[39m
                  [33mclass[39m=[32m"flex flex-col sm:items-start"[39m
                [36m>[39m
                  [36m<span[39m
                    [33mclass[39m=[32m"mb-1 text-xs font-medium uppercase tracking-wide 
text-gray-500"[39m
                  [36m>[39m
                    [0mSelect board[0m
                  [36m</span>[39m
                  [36m<select[39m
                    [33mclass[39m=[32m"w-full rounded-none border 
border-[color:var(--border-color)] bg-[color:var(--surface-card)]/60 px-3 py-2 text-sm 
outline-none focus:border-blue-500 focus:ring-2 focus:ring-blue-500/40 sm:w-64"[39m
                  [36m>[39m
                    [36m<option[39m
                      [33mdisabled[39m=[32m""[39m
                      [33mvalue[39m=[32m""[39m
                    [36m>[39m
                      [0mSelect a board to view[0m
                    [36m</option>[39m
                    [36m<option[39m
                      [33mvalue[39m=[32m"b1"[39m
                    [36m>[39m
                      [0mMy Board 1[0m
                    [36m</option>[39m
                    [36m<option[39m
                      [33mvalue[39m=[32m"b2"[39m
                    [36m>[39m
                      [0mMy Board 2[0m
                    [36m</option>[39m
                  [36m</select>[39m
                [36m</div>[39m
                [36m<button[39m
                  [33mclass[39m=[32m"inline-flex items-center justify-center rounded-md 
bg-blue-600 px-4 py-2 text-sm font-medium text-white shadow-sm transition hover:bg-blue-700 
disabled:cursor-not-allowed disabled:opacity-70"[39m
                  [33mdisabled[39m=[32m""[39m
                [36m>[39m
                  [0mLoad data[0m
                [36m</button>[39m
              [36m</div>[39m
            [36m</div>[39m
            [36m<div[39m
              [33mclass[39m=[32m"grid gap-4 md:grid-cols-3"[39m
            [36m>[39m
              [36m<div[39m
                [33mclass[39m=[32m"border border-[color:var(--border-color)] 
bg-[color:var(--surface-card)]/60 p-4"[39m
              [36m>[39m
                [36m<div[39m
                  [33mclass[39m=[32m"text-xs font-medium uppercase tracking-wide 
text-gray-500"[39m
                [36m>[39m
                  [0mColumns in workflow[0m
                [36m</div>[39m
                [36m<div[39m
                  [33mclass[39m=[32m"mt-1 text-2xl font-semibold"[39m
                [36m>[39m
                  [0m0[0m
                [36m</div>[39m
              [36m</div>[39m
              [36m<div[39m
                [33mclass[39m=[32m"border border-[color:var(--border-color)] 
bg-[color:var(--surface-card)]/60 p-4"[39m
              [36m>[39m
                [36m<div[39m
                  [33mclass[39m=[32m"text-xs font-medium uppercase tracking-wide 
text-gray-500"[39m
                [36m>[39m
                  [0mCFD days[0m
                [36m</div>[39m
                [36m<div[39m
                  [33mclass[39m=[32m"mt-1 text-2xl font-semibold"[39m
                [36m>[39m
                  [0m0[0m
                [36m</div>[39m
              [36m</div>[39m
              [36m<div[39m
                [33mclass[39m=[32m"border border-[color:var(--border-color)] 
bg-[color:var(--surface-card)]/60 p-4"[39m
              [36m>[39m
                [36m<div[39m
                  [33mclass[39m=[32m"text-xs font-medium uppercase tracking-wide 
text-gray-500"[39m
                [36m>[39m
                  [0mPotential bottleneck columns[0m
                [36m</div>[39m
                [36m<div[39m
                  [33mclass[39m=[32m"mt-1 text-sm text-gray-600"[39m
                [36m>[39m
                  [0mNo data yet[0m
                [36m</div>[39m
              [36m</div>[39m
            [36m</div>[39m
            [36m<div[39m
              [33mclass[39m=[32m"space-y-3"[39m
            [36m>[39m
              [36m<h3[39m
                [33mclass[39m=[32m"text-base font-semibold"[39m
              [36m>[39m
                [0mWorkflow throughput by column[0m
              [36m</h3>[39m
              [36m<div[39m
                [33mclass[39m=[32m"overflow-x-auto border border-[color:var(--border-color)] 
bg-[color:var(--surface-card)]/60"[39m
              [36m>[39m
                [36m<table[39m
                  [33mclass[39m=[32m"min-w-full text-sm"[39m
                [36m>[39m
                  [36m<thead[39m
                    [33mclass[39m=[32m"border-b border-[color:var(--border-color)] 
bg-gray-50/80 text-left text-gray-700 dark:bg-gray-800/60"[39m
                  [36m>[39m
                    [36m<tr>[39m
                      [36m<th[39m
                        [33mclass[39m=[32m"px-4 py-2 font-medium"[39m
                      [36m>[39m
                        [0mColumn[0m
                      [36m</th>[39m
                      [36m<th[39m
                        [33mclass[39m=[32m"px-4 py-2 font-medium"[39m
                      [36m>[39m
                        [0mEntered[0m
                      [36m</th>[39m
                      [36m<th[39m
                        [33mclass[39m=[32m"px-4 py-2 font-medium"[39m
                      [36m>[39m
                        [0mExited[0m
                      [36m</th>[39m
                    [36m</tr>[39m
                  [36m</thead>[39m
                  [36m<tbody />[39m
                [36m</table>[39m
              [36m</div>[39m
            [36m</div>[39m
            [36m<div[39m
              [33mclass[39m=[32m"space-y-3"[39m
            [36m>[39m
              [36m<h3[39m
                [33mclass[39m=[32m"text-base font-semibold"[39m
              [36m>[39m
                [0mAverage time per column (hours)[0m
              [36m</h3>[39m
              [36m<div[39m
                [33mclass[39m=[32m"space-y-2"[39m
              [36m>[39m
                [36m<div[39m
                  [33mclass[39m=[32m"text-sm text-gray-500"[39m
                [36m>[39m
                  [0mNo column time data available.[0m
                [36m</div>[39m
              [36m</div>[39m
            [36m</div>[39m
            [36m<div[39m
              [33mclass[39m=[32m"space-y-3"[39m
            [36m>[39m
              [36m<h3[39m
                [33mclass[39m=[32m"text-base font-semibold"[39m
              [36m>[39m
                [0mWIP Alerts (Work In Progress)[0m
              [36m</h3>[39m
              [36m<div[39m
                [33mclass[39m=[32m"text-sm text-gray-500"[39m
              [36m>[39m
                [0mNo WIP violations recorded in the current data.[0m
              [36m</div>[39m
            [36m</div>[39m
            [36m<div[39m
              [33mclass[39m=[32m"space-y-3"[39m
            [36m>[39m
              [36m<h3[39m
                [33mclass[39m=[32m"text-base font-semibold"[39m
              [36m>[39m
                [0mCumulative Flow over time[0m
              [36m</h3>[39m
              [36m<div[39m
                [33mclass[39m=[32m"overflow-x-auto border border-[color:var(--border-color)] 
bg-[color:var(--surface-card)]/60"[39m
              [36m>[39m
                [36m<table[39m
                  [33mclass[39m=[32m"min-w-full table-fixed text-sm"[39m
                [36m>[39m
                  [36m<thead[39m
                    [33mclass[39m=[32m"border-b border-[color:var(--border-color)] 
bg-gray-50/80 text-center text-gray-700 dark:bg-gray-800/60"[39m
                  [36m>[39m
                    [36m<tr>[39m
                      [36m<th[39m
                        [33mclass[39m=[32m"px-4 py-2 font-medium whitespace-nowrap"[39m
                      [36m>[39m
                        [0mDate[0m
                      [36m</th>[39m
                    [36m</tr>[39m
                  [36m</thead>[39m
                  [36m<tbody>[39m
                    [36m<tr>[39m
                      [36m<td[39m
                        [33mclass[39m=[32m"px-4 py-3 text-center text-sm text-gray-500"[39m
                        [33mcolspan[39m=[32m"1"[39m
                      [36m>[39m
                        [0mNo CFD data available.[0m
                      [36m</td>[39m
                    [36m</tr>[39m
                  [36m</tbody>[39m
                [36m</table>[39m
              [36m</div>[39m
            [36m</div>[39m
          [36m</div>[39m
        [36m</div>[39m
      [36m</div>[39m
    [36m</body>[39m

    [0m [90m 37 |[39m     
api[33m.[39mfetchTeacherThroughput[33m.[39mmockRejectedValueOnce([36mnew[39m 
[33mError[39m([32m'server error'[39m))[33m;[39m
     [90m 38 |[39m     render([33m<[39m[33mThroughputPanel[39m 
[33m/[39m[33m>[39m)[33m;[39m
    [31m[1m>[22m[39m[90m 39 |[39m     expect([36mawait[39m 
screen[33m.[39mfindByText([35m/Ch盻肱 board/i[39m))[33m.[39mtoBeInTheDocument()[33m;[39m
     [90m    |[39m                         [31m[1m^[22m[39m
     [90m 40 |[39m   })[33m;[39m
     [90m 41 |[39m })[33m;[39m
     [90m 42 |[39m[0m

      at waitForWrapper (node_modules/@testing-library/dom/dist/wait-for.js:163:27)
      at findByText (node_modules/@testing-library/dom/dist/query-helpers.js:86:33)
      at Object.<anonymous> 
(src/test/__tests_cps__/components/teacher.ThroughputPanel.behavior.states.test.tsx:39:25)

FAIL src/test/__tests_cps__/pages/QualityControl.WorkForecast.test.tsx (8.487 s)
  笳・WorkForecast 窶ｺ sends selected filters when loading forecast manually

    TestingLibraryElementError: Unable to find an accessible element with the role "button" and 
name `/T蘯｣i Forecast/i`

    Here are the accessible roles:

      heading:

      Name "Work Forecast":
      [36m<h1[39m
        [33mclass[39m=[32m"text-3xl font-bold text-gray-900 dark:text-white mb-2"[39m
      [36m/>[39m

      Name "Next Sprint":
      [36m<h2[39m
        [33mclass[39m=[32m"text-xl font-bold text-gray-900 dark:text-white mb-4 flex 
items-center gap-2"[39m
      [36m/>[39m

      Name "Historical Velocity":
      [36m<h2[39m
        [33mclass[39m=[32m"text-xl font-bold text-gray-900 dark:text-white mb-4 flex 
items-center gap-2"[39m
      [36m/>[39m

      Name "Risk Factors":
      [36m<h2[39m
        [33mclass[39m=[32m"text-xl font-bold text-gray-900 dark:text-white mb-4 flex 
items-center gap-2"[39m
      [36m/>[39m

      Name "Recommendation":
      [36m<h2[39m
        [33mclass[39m=[32m"text-xl font-bold text-gray-900 dark:text-white mb-4 flex 
items-center gap-2"[39m
      [36m/>[39m

      --------------------------------------------------
      paragraph:

      Name "":
      [36m<p[39m
        [33mclass[39m=[32m"text-gray-600 dark:text-gray-400"[39m
      [36m/>[39m

      Name "":
      [36m<p[39m
        [33mclass[39m=[32m"text-sm text-gray-600 dark:text-gray-400"[39m
      [36m/>[39m

      Name "":
      [36m<p[39m
        [33mclass[39m=[32m"text-lg font-semibold text-gray-900 dark:text-white"[39m
      [36m/>[39m

      Name "":
      [36m<p[39m
        [33mclass[39m=[32m"text-sm text-gray-600 dark:text-gray-400"[39m
      [36m/>[39m

      Name "":
      [36m<p[39m
        [33mclass[39m=[32m"text-lg font-semibold text-gray-900 dark:text-white"[39m
      [36m/>[39m

      Name "":
      [36m<p[39m
        [33mclass[39m=[32m"text-sm text-gray-600 dark:text-gray-400"[39m
      [36m/>[39m

      Name "":
      [36m<p[39m
        [33mclass[39m=[32m"text-lg font-semibold text-gray-900 dark:text-white"[39m
      [36m/>[39m

      Name "":
      [36m<p[39m
        [33mclass[39m=[32m"text-sm text-gray-600 dark:text-gray-400"[39m
      [36m/>[39m

      Name "":
      [36m<p[39m
        [33mclass[39m=[32m"text-3xl font-bold text-indigo-600 dark:text-indigo-400"[39m
      [36m/>[39m

      Name "":
      [36m<p[39m
        [33mclass[39m=[32m"text-xs text-gray-500 dark:text-gray-400 mt-1"[39m
      [36m/>[39m

      Name "":
      [36m<p[39m
        [33mclass[39m=[32m"text-sm text-gray-600 dark:text-gray-400"[39m
      [36m/>[39m

      Name "":
      [36m<p[39m
        [33mclass[39m=[32m"text-sm text-gray-700 dark:text-gray-300 mt-2"[39m
      [36m/>[39m

      Name "":
      [36m<p[39m
        [33mclass[39m=[32m"text-sm text-gray-600 dark:text-gray-400"[39m
      [36m/>[39m

      Name "":
      [36m<p[39m
        [33mclass[39m=[32m"text-lg font-semibold text-purple-600 dark:text-purple-400"[39m
      [36m/>[39m

      Name "":
      [36m<p[39m
        [33mclass[39m=[32m"text-xs text-gray-500 dark:text-gray-400 mt-1"[39m
      [36m/>[39m

      Name "":
      [36m<p[39m
        [33mclass[39m=[32m"text-sm font-semibold text-gray-700 dark:text-gray-300 flex 
items-center gap-2"[39m
      [36m/>[39m

      Name "":
      [36m<p[39m
        [33mclass[39m=[32m"text-2xl font-bold text-yellow-600 dark:text-yellow-400"[39m
      [36m/>[39m

      Name "":
      [36m<p[39m
        [33mclass[39m=[32m"text-xs text-gray-500 dark:text-gray-400 mt-1"[39m
      [36m/>[39m

      Name "":
      [36m<p[39m
        [33mclass[39m=[32m"text-sm font-semibold text-gray-700 dark:text-gray-300 flex 
items-center gap-2"[39m
      [36m/>[39m

      Name "":
      [36m<p[39m
        [33mclass[39m=[32m"text-2xl font-bold text-orange-600 dark:text-orange-400"[39m
      [36m/>[39m

      Name "":
      [36m<p[39m
        [33mclass[39m=[32m"text-xs text-gray-500 dark:text-gray-400 mt-1"[39m
      [36m/>[39m

      Name "":
      [36m<p[39m
        [33mclass[39m=[32m"text-sm font-semibold text-gray-700 dark:text-gray-300 flex 
items-center gap-2"[39m
      [36m/>[39m

      Name "":
      [36m<p[39m
        [33mclass[39m=[32m"text-2xl font-bold text-red-600 dark:text-red-400"[39m
      [36m/>[39m

      Name "":
      [36m<p[39m
        [33mclass[39m=[32m"text-xs text-gray-500 dark:text-gray-400 mt-1"[39m
      [36m/>[39m

      Name "":
      [36m<p[39m
        [33mclass[39m=[32m"text-sm text-gray-600 dark:text-gray-400"[39m
      [36m/>[39m

      Name "":
      [36m<p[39m
        [33mclass[39m=[32m"text-sm text-gray-600 dark:text-gray-400 mb-2"[39m
      [36m/>[39m

      Name "":
      [36m<p[39m
        [33mclass[39m=[32m"text-4xl font-bold text-green-600 dark:text-green-400"[39m
      [36m/>[39m

      Name "":
      [36m<p[39m
        [33mclass[39m=[32m"text-xs text-gray-500 dark:text-gray-400 mt-2"[39m
      [36m/>[39m

      Name "":
      [36m<p[39m
        [33mclass[39m=[32m"text-sm font-semibold text-gray-700 dark:text-gray-300 mb-3"[39m
      [36m/>[39m

      --------------------------------------------------
      combobox:

      Name "":
      [36m<select[39m
        [33mclass[39m=[32m"w-full px-4 py-2 border-2 border-gray-300 dark:border-slate-600 
bg-white dark:bg-slate-700 text-gray-900 dark:text-white focus:ring-2 focus:ring-indigo-500 
focus:border-indigo-500 transition-all rounded-lg"[39m
      [36m/>[39m

      --------------------------------------------------
      option:

      Name "-- Select Board --":
      [36m<option[39m
        [33mvalue[39m=[32m""[39m
      [36m/>[39m

      Name "Board One":
      [36m<option[39m
        [33mvalue[39m=[32m"b1"[39m
      [36m/>[39m

      --------------------------------------------------
      spinbutton:

      Name "":
      [36m<input[39m
        [33mclass[39m=[32m"w-full px-4 py-2 border-2 border-gray-300 dark:border-slate-600 
bg-white dark:bg-slate-700 text-gray-900 dark:text-white focus:ring-2 focus:ring-indigo-500 
focus:border-indigo-500 transition-all rounded-lg"[39m
        [33mmax[39m=[32m"30"[39m
        [33mmin[39m=[32m"1"[39m
        [33mtype[39m=[32m"number"[39m
        [33mvalue[39m=[32m"10"[39m
      [36m/>[39m

      --------------------------------------------------
      button:

      Name "Load Forecast":
      [36m<button[39m
        [33mclass[39m=[32m"w-full px-4 py-2 bg-indigo-600 text-white hover:bg-indigo-700 
disabled:opacity-50 disabled:cursor-not-allowed flex items-center justify-center gap-2 
rounded-lg transition-all"[39m
      [36m/>[39m

      --------------------------------------------------
      list:

      Name "":
      [36m<ul[39m
        [33mclass[39m=[32m"space-y-2"[39m
      [36m/>[39m

      --------------------------------------------------
      listitem:

      Name "":
      [36m<li[39m
        [33mclass[39m=[32m"flex items-start gap-2 text-sm text-gray-600 
dark:text-gray-400"[39m
      [36m/>[39m

      Name "":
      [36m<li[39m
        [33mclass[39m=[32m"flex items-start gap-2 text-sm text-gray-600 
dark:text-gray-400"[39m
      [36m/>[39m

      --------------------------------------------------

    Ignored nodes: comments, script, style
    [36m<body>[39m
      [36m<div>[39m
        [36m<div[39m
          [33mclass[39m=[32m"p-6 bg-gray-50 dark:bg-slate-900 min-h-screen"[39m
        [36m>[39m
          [36m<div[39m
            [33mclass[39m=[32m"mb-6"[39m
          [36m>[39m
            [36m<h1[39m
              [33mclass[39m=[32m"text-3xl font-bold text-gray-900 dark:text-white mb-2"[39m
            [36m>[39m
              [0mWork Forecast[0m
            [36m</h1>[39m
            [36m<p[39m
              [33mclass[39m=[32m"text-gray-600 dark:text-gray-400"[39m
            [36m>[39m
              [0mForecast of how many tasks can be completed in the next sprint based on 
historical velocity[0m
            [36m</p>[39m
          [36m</div>[39m
          [36m<div[39m
            [33mclass[39m=[32m"bg-white dark:bg-slate-800 shadow-lg p-6 mb-6 rounded-lg 
border border-gray-200 dark:border-slate-700"[39m
          [36m>[39m
            [36m<div[39m
              [33mclass[39m=[32m"grid grid-cols-1 md:grid-cols-2 lg:grid-cols-5 gap-4"[39m
            [36m>[39m
              [36m<div>[39m
                [36m<label[39m
                  [33mclass[39m=[32m"block text-sm font-semibold text-gray-700 
dark:text-gray-300 mb-2"[39m
                [36m>[39m
                  [36m<svg[39m
                    [33maria-hidden[39m=[32m"true"[39m
                    [33mclass[39m=[32m"lucide lucide-chart-column w-4 h-4 inline mr-1"[39m
                    [33mfill[39m=[32m"none"[39m
                    [33mheight[39m=[32m"24"[39m
                    [33mstroke[39m=[32m"currentColor"[39m
                    [33mstroke-linecap[39m=[32m"round"[39m
                    [33mstroke-linejoin[39m=[32m"round"[39m
                    [33mstroke-width[39m=[32m"2"[39m
                    [33mviewBox[39m=[32m"0 0 24 24"[39m
                    [33mwidth[39m=[32m"24"[39m
                    [33mxmlns[39m=[32m"http://www.w3.org/2000/svg"[39m
                  [36m>[39m
                    [36m<path[39m
                      [33md[39m=[32m"M3 3v16a2 2 0 0 0 2 2h16"[39m
                    [36m/>[39m
                    [36m<path[39m
                      [33md[39m=[32m"M18 17V9"[39m
                    [36m/>[39m
                    [36m<path[39m
                      [33md[39m=[32m"M13 17V5"[39m
                    [36m/>[39m
                    [36m<path[39m
                      [33md[39m=[32m"M8 17v-3"[39m
                    [36m/>[39m
                  [36m</svg>[39m
                  [0mSelect Board[0m
                [36m</label>[39m
                [36m<select[39m
                  [33mclass[39m=[32m"w-full px-4 py-2 border-2 border-gray-300 
dark:border-slate-600 bg-white dark:bg-slate-700 text-gray-900 dark:text-white focus:ring-2 
focus:ring-indigo-500 focus:border-indigo-500 transition-all rounded-lg"[39m
                [36m>[39m
                  [36m<option[39m
                    [33mvalue[39m=[32m""[39m
                  [36m>[39m
                    [0m-- Select Board --[0m
                  [36m</option>[39m
                  [36m<option[39m
                    [33mvalue[39m=[32m"b1"[39m
                  [36m>[39m
                    [0mBoard One[0m
                  [36m</option>[39m
                [36m</select>[39m
              [36m</div>[39m
              [36m<div>[39m
                [36m<label[39m
                  [33mclass[39m=[32m"block text-sm font-semibold text-gray-700 
dark:text-gray-300 mb-2"[39m
                [36m>[39m
                  [36m<svg[39m
                    [33maria-hidden[39m=[32m"true"[39m
                    [33mclass[39m=[32m"lucide lucide-calendar w-4 h-4 inline mr-1"[39m
                    [33mfill[39m=[32m"none"[39m
                    [33mheight[39m=[32m"24"[39m
                    [33mstroke[39m=[32m"currentColor"[39m
                    [33mstroke-linecap[39m=[32m"round"[39m
                    [33mstroke-linejoin[39m=[32m"round"[39m
                    [33mstroke-width[39m=[32m"2"[39m
                    [33mviewBox[39m=[32m"0 0 24 24"[39m
                    [33mwidth[39m=[32m"24"[39m
                    [33mxmlns[39m=[32m"http://www.w3.org/2000/svg"[39m
                  [36m>[39m
                    [36m<path[39m
                      [33md[39m=[32m"M8 2v4"[39m
                    [36m/>[39m
                    [36m<path[39m
                      [33md[39m=[32m"M16 2v4"[39m
                    [36m/>[39m
                    [36m<rect[39m
                      [33mheight[39m=[32m"18"[39m
                      [33mrx[39m=[32m"2"[39m
                      [33mwidth[39m=[32m"18"[39m
                      [33mx[39m=[32m"3"[39m
                      [33my[39m=[32m"4"[39m
                    [36m/>[39m
                    [36m<path[39m
                      [33md[39m=[32m"M3 10h18"[39m
                    [36m/>[39m
                  [36m</svg>[39m
                  [0mSprint Start Date[0m
                [36m</label>[39m
                [36m<input[39m
                  [33mclass[39m=[32m"w-full px-4 py-2 border-2 border-gray-300 
dark:border-slate-600 bg-white dark:bg-slate-700 text-gray-900 dark:text-white focus:ring-2 
focus:ring-indigo-500 focus:border-indigo-500 transition-all rounded-lg"[39m
                  [33mtype[39m=[32m"date"[39m
                  [33mvalue[39m=[32m"2025-06-01"[39m
                [36m/>[39m
              [36m</div>[39m
              [36m<div>[39m
                [36m<label[39m
                  [33mclass[39m=[32m"block text-sm font-semibold text-gray-700 
dark:text-gray-300 mb-2"[39m
                [36m>[39m
                  [36m<svg[39m
                    [33maria-hidden[39m=[32m"true"[39m
                    [33mclass[39m=[32m"lucide lucide-calendar w-4 h-4 inline mr-1"[39m
                    [33mfill[39m=[32m"none"[39m
                    [33mheight[39m=[32m"24"[39m
                    [33mstroke[39m=[32m"currentColor"[39m
                    [33mstroke-linecap[39m=[32m"round"[39m
                    [33mstroke-linejoin[39m=[32m"round"[39m
                    [33mstroke-width[39m=[32m"2"[39m
                    [33mviewBox[39m=[32m"0 0 24 24"[39m
                    [33mwidth[39m=[32m"24"[39m
                    [33mxmlns[39m=[32m"http://www.w3.org/2000/svg"[39m
                  [36m>[39m
                    [36m<path[39m
                      [33md[39m=[32m"M8 2v4"[39m
                    [36m/>[39m
                    [36m<path[39m
                      [33md[39m=[32m"M16 2v4"[39m
                    [36m/>[39m
                    [36m<rect[39m
                      [33mheight[39m=[32m"18"[39m
                      [33mrx[39m=[32m"2"[39m
                      [33mwidth[39m=[32m"18"[39m
                      [33mx[39m=[32m"3"[39m
                      [33my[39m=[32m"4"[39m
                    [36m/>[39m
                    [36m<path[39m
                      [33md[39m=[32m"M3 10h18"[39m
                    [36m/>[39m
                  [36m</svg>[39m
                  [0mSprint End Date[0m
                [36m</label>[39m
                [36m<input[39m
                  [33mclass[39m=[32m"w-full px-4 py-2 border-2 border-gray-300 
dark:border-slate-600 bg-white dark:bg-slate-700 text-gray-900 dark:text-white fo...

    [0m [90m 92 |[39m     fireEvent[33m.[39mchange(screen[33m.[39mgetByDisplayValue([32m
'2025-05-15'[39m)[33m,[39m { target[33m:[39m { value[33m:[39m [32m'2025-06-15'[39m } 
})[33m;[39m
     [90m 93 |[39m     
fireEvent[33m.[39mchange(screen[33m.[39mgetByDisplayValue([32m'14'[39m)[33m,[39m { 
target[33m:[39m { value[33m:[39m [32m'10'[39m } })[33m;[39m
    [31m[1m>[22m[39m[90m 94 |[39m     
fireEvent[33m.[39mclick(screen[33m.[39mgetByRole([32m'button'[39m[33m,[39m { 
name[33m:[39m [35m/T蘯｣i Forecast/i[39m }))[33m;[39m
     [90m    |[39m                            [31m[1m^[22m[39m
     [90m 95 |[39m
     [90m 96 |[39m     [36mawait[39m waitFor(() [33m=>[39m 
expect(mockGetSprintForecast)[33m.[39mtoHaveBeenCalledWith([32m'b1'[39m[33m,[39m 
[32m'2025-06-01'[39m[33m,[39m [32m'2025-06-15'[39m[33m,[39m [35m10[39m))[33m;[39m
     [90m 97 |[39m   })[33m;[39m[0m

      at Object.getElementError (node_modules/@testing-library/dom/dist/config.js:37:19)
      at node_modules/@testing-library/dom/dist/query-helpers.js:76:38
      at node_modules/@testing-library/dom/dist/query-helpers.js:52:17
      at getByRole (node_modules/@testing-library/dom/dist/query-helpers.js:95:19)
      at Object.<anonymous> 
(src/test/__tests_cps__/pages/QualityControl.WorkForecast.test.tsx:94:28)

  笳・WorkForecast 窶ｺ shows empty state and toast on forecast failure

    expect(jest.fn()).toHaveBeenCalled()

    Expected number of calls: >= 1
    Received number of calls:    0

    Ignored nodes: comments, script, style
    [36m<html>[39m
      [36m<head />[39m
      [36m<body>[39m
        [36m<div>[39m
          [36m<div[39m
            [33mclass[39m=[32m"p-6 bg-gray-50 dark:bg-slate-900 min-h-screen"[39m
          [36m>[39m
            [36m<div[39m
              [33mclass[39m=[32m"mb-6"[39m
            [36m>[39m
              [36m<h1[39m
                [33mclass[39m=[32m"text-3xl font-bold text-gray-900 dark:text-white 
mb-2"[39m
              [36m>[39m
                [0mWork Forecast[0m
              [36m</h1>[39m
              [36m<p[39m
                [33mclass[39m=[32m"text-gray-600 dark:text-gray-400"[39m
              [36m>[39m
                [0mForecast of how many tasks can be completed in the next sprint based on 
historical velocity[0m
              [36m</p>[39m
            [36m</div>[39m
            [36m<div[39m
              [33mclass[39m=[32m"bg-white dark:bg-slate-800 shadow-lg p-6 mb-6 rounded-lg 
border border-gray-200 dark:border-slate-700"[39m
            [36m>[39m
              [36m<div[39m
                [33mclass[39m=[32m"grid grid-cols-1 md:grid-cols-2 lg:grid-cols-5 gap-4"[39m
              [36m>[39m
                [36m<div>[39m
                  [36m<label[39m
                    [33mclass[39m=[32m"block text-sm font-semibold text-gray-700 
dark:text-gray-300 mb-2"[39m
                  [36m>[39m
                    [36m<svg[39m
                      [33maria-hidden[39m=[32m"true"[39m
                      [33mclass[39m=[32m"lucide lucide-chart-column w-4 h-4 inline mr-1"[39m
                      [33mfill[39m=[32m"none"[39m
                      [33mheight[39m=[32m"24"[39m
                      [33mstroke[39m=[32m"currentColor"[39m
                      [33mstroke-linecap[39m=[32m"round"[39m
                      [33mstroke-linejoin[39m=[32m"round"[39m
                      [33mstroke-width[39m=[32m"2"[39m
                      [33mviewBox[39m=[32m"0 0 24 24"[39m
                      [33mwidth[39m=[32m"24"[39m
                      [33mxmlns[39m=[32m"http://www.w3.org/2000/svg"[39m
                    [36m>[39m
                      [36m<path[39m
                        [33md[39m=[32m"M3 3v16a2 2 0 0 0 2 2h16"[39m
                      [36m/>[39m
                      [36m<path[39m
                        [33md[39m=[32m"M18 17V9"[39m
                      [36m/>[39m
                      [36m<path[39m
                        [33md[39m=[32m"M13 17V5"[39m
                      [36m/>[39m
                      [36m<path[39m
                        [33md[39m=[32m"M8 17v-3"[39m
                      [36m/>[39m
                    [36m</svg>[39m
                    [0mSelect Board[0m
                  [36m</label>[39m
                  [36m<select[39m
                    [33mclass[39m=[32m"w-full px-4 py-2 border-2 border-gray-300 
dark:border-slate-600 bg-white dark:bg-slate-700 text-gray-900 dark:text-white focus:ring-2 
focus:ring-indigo-500 focus:border-indigo-500 transition-all rounded-lg"[39m
                  [36m>[39m
                    [36m<option[39m
                      [33mvalue[39m=[32m""[39m
                    [36m>[39m
                      [0m-- Select Board --[0m
                    [36m</option>[39m
                    [36m<option[39m
                      [33mvalue[39m=[32m"b1"[39m
                    [36m>[39m
                      [0mBoard One[0m
                    [36m</option>[39m
                  [36m</select>[39m
                [36m</div>[39m
                [36m<div>[39m
                  [36m<label[39m
                    [33mclass[39m=[32m"block text-sm font-semibold text-gray-700 
dark:text-gray-300 mb-2"[39m
                  [36m>[39m
                    [36m<svg[39m
                      [33maria-hidden[39m=[32m"true"[39m
                      [33mclass[39m=[32m"lucide lucide-calendar w-4 h-4 inline mr-1"[39m
                      [33mfill[39m=[32m"none"[39m
                      [33mheight[39m=[32m"24"[39m
                      [33mstroke[39m=[32m"currentColor"[39m
                      [33mstroke-linecap[39m=[32m"round"[39m
                      [33mstroke-linejoin[39m=[32m"round"[39m
                      [33mstroke-width[39m=[32m"2"[39m
                      [33mviewBox[39m=[32m"0 0 24 24"[39m
                      [33mwidth[39m=[32m"24"[39m
                      [33mxmlns[39m=[32m"http://www.w3.org/2000/svg"[39m
                    [36m>[39m
                      [36m<path[39m
                        [33md[39m=[32m"M8 2v4"[39m
                      [36m/>[39m
                      [36m<path[39m
                        [33md[39m=[32m"M16 2v4"[39m
                      [36m/>[39m
                      [36m<rect[39m
                        [33mheight[39m=[32m"18"[39m
                        [33mrx[39m=[32m"2"[39m
                        [33mwidth[39m=[32m"18"[39m
                        [33mx[39m=[32m"3"[39m
                        [33my[39m=[32m"4"[39m
                      [36m/>[39m
                      [36m<path[39m
                        [33md[39m=[32m"M3 10h18"[39m
                      [36m/>[39m
                    [36m</svg>[39m
                    [0mSprint Start Date[0m
                  [36m</label>[39m
                  [36m<input[39m
                    [33mclass[39m=[32m"w-full px-4 py-2 border-2 border-gray-300 
dark:border-slate-600 bg-white dark:bg-slate-700 text-gray-900 dark:text-white focus:ring-2 
focus:ring-indigo-500 focus:border-indigo-500 transition-all rounded-lg"[39m
                    [33mtype[39m=[32m"date"[39m
                    [33mvalue[39m=[32m""[39m
                  [36m/>[39m
                [36m</div>[39m
                [36m<div>[39m
                  [36m<label[39m
                    [33mclass[39m=[32m"block text-sm font-semibold text-gray-700 
dark:text-gray-300 mb-2"[39m
                  [36m>[39m
                    [36m<svg[39m
                      [33maria-hidden[39m=[32m"true"[39m
                      [33mclass[39m=[32m"lucide lucide-calendar w-4 h-4 inline mr-1"[39m
                      [33mfill[39m=[32m"none"[39m
                      [33mheight[39m=[32m"24"[39m
                      [33mstroke[39m=[32m"currentColor"[39m
                      [33mstroke-linecap[39m=[32m"round"[39m
                      [33mstroke-linejoin[39m=[32m"round"[39m
                      [33mstroke-width[39m=[32m"2"[39m
                      [33mviewBox[39m=[32m"0 0 24 24"[39m
                      [33mwidth[39m=[32m"24"[39m
                      [33mxmlns[39m=[32m"http://www.w3.org/2000/svg"[39m
                    [36m>[39m
                      [36m<path[39m
                        [33md[39m=[32m"M8 2v4"[39m
                      [36m/>[39m
                      [36m<path[39m
                        [33md[39m=[32m"M16 2v4"[39m
                      [36m/>[39m
                      [36m<rect[39m
                        [33mheight[39m=[32m"18"[39m
                        [33mrx[39m=[32m"2"[39m
                        [33mwidth[39m=[32m"18"[39m
                        [33mx[39m=[32m"3"[39m
                        [33my[39m=[32m"4"[39m
                      [36m/>[39m
                      [36m<path[39m
                        [33md[39m=[32m"M3 10h18"[39m
                      [36m/>[39m
                    [36m</svg>[39m
                    [0mSprint End Date[0m
                  [36m</label>[39m
                  [36m<input[39m
                    [33mclass[39m=[32m"w-full px-4 py-2 border-2 border-gray-300 
dark:border-slate-600 bg-white dark:bg-slate-700 text-gray-900 dark:text-white focus:ring-2 
focus:ring-indigo-500 focus:border-indigo-500 transition-all rounded-lg"[39m
                    [33mtype[39m=[32m"date"[39m
                    [33mvalue[39m=[32m""[39m
                  [36m/>[39m
                [36m</div>[39m
                [36m<div>[39m
                  [36m<label[39m
                    [33mclass[39m=[32m"block text-sm font-semibold text-gray-700 
dark:text-gray-300 mb-2"[39m
                  [36m>[39m
                    [36m<svg[39m
                      [33maria-hidden[39m=[32m"true"[39m
                      [33mclass[39m=[32m"lucide lucide-clock w-4 h-4 inline mr-1"[39m
                      [33mfill[39m=[32m"none"[39m
                      [33mheight[39m=[32m"24"[39m
                      [33mstroke[39m=[32m"currentColor"[39m
                      [33mstroke-linecap[39m=[32m"round"[39m
                      [33mstroke-linejoin[39m=[32m"round"[39m
                      [33mstroke-width[39m=[32m"2"[39m
                      [33mviewBox[39m=[32m"0 0 24 24"[39m
                      [33mwidth[39m=[32m"24"[39m
                      [33mxmlns[39m=[32m"http://www.w3.org/2000/svg"[39m
                    [36m>[39m
                      [36m<path[39m
                        [33md[39m=[32m"M12 6v6l4 2"[39m
                      [36m/>[39m
                      [36m<circle[39m
                        [33mcx[39m=[32m"12"[39m
                        [33mcy[39m=[32m"12"[39m
                        [33mr[39m=[32m"10"[39m
                      [36m/>[39m
                    [36m</svg>[39m
                    [0mSprint Duration (days)[0m
                  [36m</label>[39m
                  [36m<input[39m
                    [33mclass[39m=[32m"w-full px-4 py-2 border-2 border-gray-300 
dark:border-slate-600 bg-white dark:bg-slate-700 text-gray-900 dark:text-white focus:ring-2 
focus:ring-indigo-500 focus:border-indigo-500 transition-all rounded-lg"[39m
                    [33mmax[39m=[32m"30"[39m
                    [33mmin[39m=[32m"1"[39m
                    [33mtype[39m=[32m"number"[39m
                    [33mvalue[39m=[32m"14"[39m
                  [36m/>[39m
                [36m</div>[39m
                [36m<div[39m
                  [33mclass[39m=[32m"flex items-end"[39m
                [36m>[39m
                  [36m<button[39m
                    [33mclass[39m=[32m"w-full px-4 py-2 bg-indigo-600 text-white 
hover:bg-indigo-700 disabled:opacity-50 disabled:cursor-not-allowed flex items-center 
justify-center gap-2 rounded-lg transition-all"[39m
                  [36m>[39m
                    [36m<svg[39m
                      [33maria-hidden[39m=[32m"true"[39m
                      [33mclass[39m=[32m"lucide lucide-trending-up h-4 w-4"[39m
                      [33mfill[39m=[32m"none"[39m
                      [33mheight[39m=[32m"24"[39m
                      [33mstroke[39m=[32m"currentColor"[39m
                      [33mstroke-linecap[39m=[32m"round"[39m
                      [33mstroke-linejoin[39m=[32m"round"[39m
                      [33mstroke-width[39m=[32m"2"[39m
                      [33mviewBox[39m=[32m"0 0 24 24"[39m
                      [33mwidth[39m=[32m"24"[39m
                      [33mxmlns[39m=[32m"http://www.w3.org/2000/svg"[39m
                    [36m>[39m
                      [36m<path[39m
                        [33md[39m=[32m"M16 7h6v6"[39m
                      [36m/>[39m
                      [36m<path[39m
                        [33md[39m=[32m"m22 7-8.5 8.5-5-5L2 17"[39m
                      [36m/>[39m
                    [36m</svg>[39m
                    [0mLoad Forecast[0m
                  [36m</button>[39m
                [36m</div>[39m
              [36m</div>[39m
            [36m</div>[39m
            [36m<div[39m
              [33mclass[39m=[32m"bg-white dark:bg-slate-800 shadow-lg p-12 rounded-lg 
text-center"[39m
            [36m>[39m
              [36m<svg[39m
                [33maria-hidden[39m=[32m"true"[39m
                [33mclass[39m=[32m"lucide lucide-chart-column w-16 h-16 mx-auto 
text-gray-400 mb-4"[39m
                [33mfill[39m=[32m"none"[39m
                [33mheight[39m=[32m"24"[39m
                [33mstroke[39m=[32m"currentColor"[39m
                [33mstroke-linecap[39m=[32m"round"[39m
                [33mstroke-linejoin[39m=[32m"round"[39m
                [33mstroke-width[39m=[32m"2"[39m
                [33mviewBox[39m=[32m"0 0 24 24"[39m
                [33mwidth[39m=[32m"24"[39m
                [33mxmlns[39m=[32m"http://www.w3.org/2000/svg"[39m
              [36m>[39m
                [36m<path[39m
                  [33md[39m=[32m"M3 3v16a2 2 0 0 0 2 2h16"[39m
                [36m/>[39m
                [36m<path[39m
                  [33md[39m=[32m"M18 17V9"[39m
                [36m/>[39m
                [36m<path[39m
                  [33md[39m=[32m"M13 17V5"[39m
                [36m/>[39m
                [36m<path[39m
                  [33md[39m=[32m"M8 17v-3"[39m
                [36m/>[39m
              [36m</svg>[39m
              [36m<p[39m
                [33mclass[39m=[32m"text-gray-600 dark:text-gray-400"[39m
              [36m>[39m
                [0mPlease select a board and click "Load Forecast" to view the forecast[0m
              [36m</p>[39m
            [36m</div>[39m
          [36m</div>[39m
        [36m</div>[39m
      [36m</body>[39m
    [36m</html>[39m

    [0m [90m 102 |[39m     renderPage()[33m;[39m
     [90m 103 |[39m
    [31m[1m>[22m[39m[90m 104 |[39m     [36mawait[39m waitFor(() [33m=>[39m 
expect(toast[33m.[39merror)[33m.[39mtoHaveBeenCalled())[33m;[39m
     [90m     |[39m                                             [31m[1m^[22m[39m
     [90m 105 |[39m     expect(screen[33m.[39mgetByText([35m/Vui lﾃｲng ch盻肱 board vﾃ 
nh蘯･n "T蘯｣i Forecast"/i[39m))[33m.[39mtoBeInTheDocument()[33m;[39m
     [90m 106 |[39m   })[33m;[39m
     [90m 107 |[39m })[33m;[39m[0m

      at src/test/__tests_cps__/pages/QualityControl.WorkForecast.test.tsx:104:45
      at runWithExpensiveErrorDiagnosticsDisabled 
(node_modules/@testing-library/dom/dist/config.js:47:12)
      at checkCallback (node_modules/@testing-library/dom/dist/wait-for.js:124:77)
      at checkRealTimersCallback (node_modules/@testing-library/dom/dist/wait-for.js:118:16)
      at Timeout.task [as _onTimeout] (node_modules/jsdom/lib/jsdom/browser/Window.js:516:19)

FAIL src/test/__tests_cps__/pages/admin.AdminHome.test.tsx (7.91 s)
  笳・AdminHome 窶ｺ loads data and shows computed stats

    Unable to find an element with the text: /Admin Dashboard/i. This could be because the text 
is broken up by multiple elements. In this case, you can provide a function for your text 
matcher to make your matcher more flexible.

    Ignored nodes: comments, script, style
    [36m<body>[39m
      [36m<div>[39m
        [36m<div[39m
          [33mclass[39m=[32m"min-h-[calc(100vh-60px)] bg-gray-50 px-6 py-8"[39m
        [36m>[39m
          [36m<div[39m
            [33mclass[39m=[32m"max-w-7xl mx-auto space-y-6"[39m
          [36m>[39m
            [36m<div[39m
              [33mclass[39m=[32m"grid grid-cols-1 md:grid-cols-2 lg:grid-cols-4 gap-4"[39m
            [36m>[39m
              [36m<div[39m
                [33mclass[39m=[32m"bg-white border border-gray-200 p-5 shadow-sm 
hover:shadow-md transition-shadow relative overflow-hidden"[39m
              [36m>[39m
                [36m<div[39m
                  [33mclass[39m=[32m"absolute bottom-0 left-0 right-0 h-1 bg-blue-500"[39m
                [36m/>[39m
                [36m<div[39m
                  [33mclass[39m=[32m"flex items-center justify-between mb-3"[39m
                [36m>[39m
                  [36m<span[39m
                    [33mclass[39m=[32m"text-sm text-gray-600"[39m
                  [36m>[39m
                    [0mNew Accounts[0m
                  [36m</span>[39m
                  [36m<div[39m
                    [33mclass[39m=[32m"w-10 h-10 rounded-full bg-blue-100 flex items-center 
justify-center"[39m
                  [36m>[39m
                    [36m<span[39m
                      [33mclass[39m=[32m"text-xs font-semibold text-blue-600"[39m
                    [36m>[39m
                      [0m0[0m
                    [36m</span>[39m
                  [36m</div>[39m
                [36m</div>[39m
                [36m<div[39m
                  [33mclass[39m=[32m"flex items-baseline gap-2"[39m
                [36m>[39m
                  [36m<span[39m
                    [33mclass[39m=[32m"text-2xl font-bold text-gray-900"[39m
                  [36m>[39m
                    [0m25[0m
                    [0m%[0m
                  [36m</span>[39m
                  [36m<svg[39m
                    [33maria-hidden[39m=[32m"true"[39m
                    [33mclass[39m=[32m"lucide lucide-trending-up w-4 h-4 text-green-500"[39m
                    [33mfill[39m=[32m"none"[39m
                    [33mheight[39m=[32m"24"[39m
                    [33mstroke[39m=[32m"currentColor"[39m
                    [33mstroke-linecap[39m=[32m"round"[39m
                    [33mstroke-linejoin[39m=[32m"round"[39m
                    [33mstroke-width[39m=[32m"2"[39m
                    [33mviewBox[39m=[32m"0 0 24 24"[39m
                    [33mwidth[39m=[32m"24"[39m
                    [33mxmlns[39m=[32m"http://www.w3.org/2000/svg"[39m
                  [36m>[39m
                    [36m<path[39m
                      [33md[39m=[32m"M16 7h6v6"[39m
                    [36m/>[39m
                    [36m<path[39m
                      [33md[39m=[32m"m22 7-8.5 8.5-5-5L2 17"[39m
                    [36m/>[39m
                  [36m</svg>[39m
                [36m</div>[39m
              [36m</div>[39m
              [36m<div[39m
                [33mclass[39m=[32m"bg-white border border-gray-200 p-5 shadow-sm 
hover:shadow-md transition-shadow relative overflow-hidden"[39m
              [36m>[39m
                [36m<div[39m
                  [33mclass[39m=[32m"absolute bottom-0 left-0 right-0 h-1 bg-red-500"[39m
                [36m/>[39m
                [36m<div[39m
                  [33mclass[39m=[32m"flex items-center justify-between mb-3"[39m
                [36m>[39m
                  [36m<span[39m
                    [33mclass[39m=[32m"text-sm text-gray-600"[39m
                  [36m>[39m
                    [0mPending Approvals[0m
                  [36m</span>[39m
                  [36m<div[39m
                    [33mclass[39m=[32m"w-10 h-10 rounded-full bg-red-100 flex items-center 
justify-center"[39m
                  [36m>[39m
                    [36m<span[39m
                      [33mclass[39m=[32m"text-xs font-semibold text-red-600"[39m
                    [36m>[39m
                      [0m1[0m
                    [36m</span>[39m
                  [36m</div>[39m
                [36m</div>[39m
                [36m<div[39m
                  [33mclass[39m=[32m"flex items-baseline gap-2"[39m
                [36m>[39m
                  [36m<span[39m
                    [33mclass[39m=[32m"text-2xl font-bold text-gray-900"[39m
                  [36m>[39m
                    [0m25[0m
                    [0m%[0m
                  [36m</span>[39m
                  [36m<svg[39m
                    [33maria-hidden[39m=[32m"true"[39m
                    [33mclass[39m=[32m"lucide lucide-trending-down w-4 h-4 text-red-500"[39m
                    [33mfill[39m=[32m"none"[39m
                    [33mheight[39m=[32m"24"[39m
                    [33mstroke[39m=[32m"currentColor"[39m
                    [33mstroke-linecap[39m=[32m"round"[39m
                    [33mstroke-linejoin[39m=[32m"round"[39m
                    [33mstroke-width[39m=[32m"2"[39m
                    [33mviewBox[39m=[32m"0 0 24 24"[39m
                    [33mwidth[39m=[32m"24"[39m
                    [33mxmlns[39m=[32m"http://www.w3.org/2000/svg"[39m
                  [36m>[39m
                    [36m<path[39m
                      [33md[39m=[32m"M16 17h6v-6"[39m
                    [36m/>[39m
                    [36m<path[39m
                      [33md[39m=[32m"m22 17-8.5-8.5-5 5L2 7"[39m
                    [36m/>[39m
                  [36m</svg>[39m
                [36m</div>[39m
              [36m</div>[39m
              [36m<div[39m
                [33mclass[39m=[32m"bg-white border border-gray-200 p-5 shadow-sm 
hover:shadow-md transition-shadow relative overflow-hidden"[39m
              [36m>[39m
                [36m<div[39m
                  [33mclass[39m=[32m"absolute bottom-0 left-0 right-0 h-1 bg-yellow-400"[39m
                [36m/>[39m
                [36m<div[39m
                  [33mclass[39m=[32m"flex items-center justify-between mb-3"[39m
                [36m>[39m
                  [36m<span[39m
                    [33mclass[39m=[32m"text-sm text-gray-600"[39m
                  [36m>[39m
                    [0mActive Projects[0m
                  [36m</span>[39m
                  [36m<div[39m
                    [33mclass[39m=[32m"w-10 h-10 rounded-full bg-orange-100 flex 
items-center justify-center"[39m
                  [36m>[39m
                    [36m<span[39m
                      [33mclass[39m=[32m"text-xs font-semibold text-orange-600"[39m
                    [36m>[39m
                      [0m1[0m
                    [36m</span>[39m
                  [36m</div>[39m
                [36m</div>[39m
                [36m<div[39m
                  [33mclass[39m=[32m"flex items-baseline gap-2"[39m
                [36m>[39m
                  [36m<span[39m
                    [33mclass[39m=[32m"text-2xl font-bold text-gray-900"[39m
                  [36m>[39m
                    [0m2[0m
                  [36m</span>[39m
                [36m</div>[39m
              [36m</div>[39m
              [36m<div[39m
                [33mclass[39m=[32m"bg-white border border-gray-200 p-5 shadow-sm 
hover:shadow-md transition-shadow relative overflow-hidden"[39m
              [36m>[39m
                [36m<div[39m
                  [...

    [0m [90m 50 |[39m   renderPage()[33m;[39m
     [90m 51 |[39m   [90m// Wait for loading to disappear by checking for heading[39m
    [31m[1m>[22m[39m[90m 52 |[39m   [36mawait[39m waitFor(() [33m=>[39m 
expect(screen[33m.[39mgetByText([35m/Admin 
Dashboard/i[39m))[33m.[39mtoBeInTheDocument())[33m;[39m
     [90m    |[39m                [31m[1m^[22m[39m
     [90m 53 |[39m   [90m// Also wait until recent activities are populated to ensure stats 
updated[39m
     [90m 54 |[39m   [36mawait[39m waitFor(() [33m=>[39m 
expect(screen[33m.[39mgetByText([32m'Task 1 - Board 
1'[39m))[33m.[39mtoBeInTheDocument())[33m;[39m
     [90m 55 |[39m[0m

      at waitForWrapper (node_modules/@testing-library/dom/dist/wait-for.js:163:27)
      at Object.<anonymous> (src/test/__tests_cps__/pages/admin.AdminHome.test.tsx:52:16)

  笳・AdminHome 窶ｺ navigates when clicking stat cards

    Unable to find an element with the text: /Admin Dashboard/i. This could be because the text 
is broken up by multiple elements. In this case, you can provide a function for your text 
matcher to make your matcher more flexible.

    Ignored nodes: comments, script, style
    [36m<body>[39m
      [36m<div>[39m
        [36m<div[39m
          [33mclass[39m=[32m"min-h-[calc(100vh-60px)] bg-gray-50 px-6 py-8"[39m
        [36m>[39m
          [36m<div[39m
            [33mclass[39m=[32m"max-w-7xl mx-auto space-y-6"[39m
          [36m>[39m
            [36m<div[39m
              [33mclass[39m=[32m"grid grid-cols-1 md:grid-cols-2 lg:grid-cols-4 gap-4"[39m
            [36m>[39m
              [36m<div[39m
                [33mclass[39m=[32m"bg-white border border-gray-200 p-5 shadow-sm 
hover:shadow-md transition-shadow relative overflow-hidden"[39m
              [36m>[39m
                [36m<div[39m
                  [33mclass[39m=[32m"absolute bottom-0 left-0 right-0 h-1 bg-blue-500"[39m
                [36m/>[39m
                [36m<div[39m
                  [33mclass[39m=[32m"flex items-center justify-between mb-3"[39m
                [36m>[39m
                  [36m<span[39m
                    [33mclass[39m=[32m"text-sm text-gray-600"[39m
                  [36m>[39m
                    [0mNew Accounts[0m
                  [36m</span>[39m
                  [36m<div[39m
                    [33mclass[39m=[32m"w-10 h-10 rounded-full bg-blue-100 flex items-center 
justify-center"[39m
                  [36m>[39m
                    [36m<span[39m
                      [33mclass[39m=[32m"text-xs font-semibold text-blue-600"[39m
                    [36m>[39m
                      [0m0[0m
                    [36m</span>[39m
                  [36m</div>[39m
                [36m</div>[39m
                [36m<div[39m
                  [33mclass[39m=[32m"flex items-baseline gap-2"[39m
                [36m>[39m
                  [36m<span[39m
                    [33mclass[39m=[32m"text-2xl font-bold text-gray-900"[39m
                  [36m>[39m
                    [0m0[0m
                    [0m%[0m
                  [36m</span>[39m
                  [36m<svg[39m
                    [33maria-hidden[39m=[32m"true"[39m
                    [33mclass[39m=[32m"lucide lucide-trending-up w-4 h-4 text-green-500"[39m
                    [33mfill[39m=[32m"none"[39m
                    [33mheight[39m=[32m"24"[39m
                    [33mstroke[39m=[32m"currentColor"[39m
                    [33mstroke-linecap[39m=[32m"round"[39m
                    [33mstroke-linejoin[39m=[32m"round"[39m
                    [33mstroke-width[39m=[32m"2"[39m
                    [33mviewBox[39m=[32m"0 0 24 24"[39m
                    [33mwidth[39m=[32m"24"[39m
                    [33mxmlns[39m=[32m"http://www.w3.org/2000/svg"[39m
                  [36m>[39m
                    [36m<path[39m
                      [33md[39m=[32m"M16 7h6v6"[39m
                    [36m/>[39m
                    [36m<path[39m
                      [33md[39m=[32m"m22 7-8.5 8.5-5-5L2 17"[39m
                    [36m/>[39m
                  [36m</svg>[39m
                [36m</div>[39m
              [36m</div>[39m
              [36m<div[39m
                [33mclass[39m=[32m"bg-white border border-gray-200 p-5 shadow-sm 
hover:shadow-md transition-shadow relative overflow-hidden"[39m
              [36m>[39m
                [36m<div[39m
                  [33mclass[39m=[32m"absolute bottom-0 left-0 right-0 h-1 bg-red-500"[39m
                [36m/>[39m
                [36m<div[39m
                  [33mclass[39m=[32m"flex items-center justify-between mb-3"[39m
                [36m>[39m
                  [36m<span[39m
                    [33mclass[39m=[32m"text-sm text-gray-600"[39m
                  [36m>[39m
                    [0mPending Approvals[0m
                  [36m</span>[39m
                  [36m<div[39m
                    [33mclass[39m=[32m"w-10 h-10 rounded-full bg-red-100 flex items-center 
justify-center"[39m
                  [36m>[39m
                    [36m<span[39m
                      [33mclass[39m=[32m"text-xs font-semibold text-red-600"[39m
                    [36m>[39m
                      [0m0[0m
                    [36m</span>[39m
                  [36m</div>[39m
                [36m</div>[39m
                [36m<div[39m
                  [33mclass[39m=[32m"flex items-baseline gap-2"[39m
                [36m>[39m
                  [36m<span[39m
                    [33mclass[39m=[32m"text-2xl font-bold text-gray-900"[39m
                  [36m>[39m
                    [0m0[0m
                    [0m%[0m
                  [36m</span>[39m
                  [36m<svg[39m
                    [33maria-hidden[39m=[32m"true"[39m
                    [33mclass[39m=[32m"lucide lucide-trending-up w-4 h-4 text-green-500"[39m
                    [33mfill[39m=[32m"none"[39m
                    [33mheight[39m=[32m"24"[39m
                    [33mstroke[39m=[32m"currentColor"[39m
                    [33mstroke-linecap[39m=[32m"round"[39m
                    [33mstroke-linejoin[39m=[32m"round"[39m
                    [33mstroke-width[39m=[32m"2"[39m
                    [33mviewBox[39m=[32m"0 0 24 24"[39m
                    [33mwidth[39m=[32m"24"[39m
                    [33mxmlns[39m=[32m"http://www.w3.org/2000/svg"[39m
                  [36m>[39m
                    [36m<path[39m
                      [33md[39m=[32m"M16 7h6v6"[39m
                    [36m/>[39m
                    [36m<path[39m
                      [33md[39m=[32m"m22 7-8.5 8.5-5-5L2 17"[39m
                    [36m/>[39m
                  [36m</svg>[39m
                [36m</div>[39m
              [36m</div>[39m
              [36m<div[39m
                [33mclass[39m=[32m"bg-white border border-gray-200 p-5 shadow-sm 
hover:shadow-md transition-shadow relative overflow-hidden"[39m
              [36m>[39m
                [36m<div[39m
                  [33mclass[39m=[32m"absolute bottom-0 left-0 right-0 h-1 bg-yellow-400"[39m
                [36m/>[39m
                [36m<div[39m
                  [33mclass[39m=[32m"flex items-center justify-between mb-3"[39m
                [36m>[39m
                  [36m<span[39m
                    [33mclass[39m=[32m"text-sm text-gray-600"[39m
                  [36m>[39m
                    [0mActive Projects[0m
                  [36m</span>[39m
                  [36m<div[39m
                    [33mclass[39m=[32m"w-10 h-10 rounded-full bg-orange-100 flex 
items-center justify-center"[39m
                  [36m>[39m
                    [36m<span[39m
                      [33mclass[39m=[32m"text-xs font-semibold text-orange-600"[39m
                    [36m>[39m
                      [0m0[0m
                    [36m</span>[39m
                  [36m</div>[39m
                [36m</div>[39m
                [36m<div[39m
                  [33mclass[39m=[32m"flex items-baseline gap-2"[39m
                [36m>[39m
                  [36m<span[39m
                    [33mclass[39m=[32m"text-2xl font-bold text-gray-900"[39m
                  [36m>[39m
                    [0m0[0m
                  [36m</span>[39m
                [36m</div>[39m
              [36m</div>[39m
              [36m<div[39m
                [33mclass[39m=[32m"bg-white border border-gray-200 p-5 shadow-sm 
hover:shadow-md transition-shadow relative overflow-hidden"[39m
              [36m>[39m
                [36m<div[39m
                  [33mc...

    [0m [90m 71 |[39m   it([32m'navigates when clicking stat cards'[39m[33m,[39m 
[36masync[39m () [33m=>[39m {
     [90m 72 |[39m     renderPage()[33m;[39m
    [31m[1m>[22m[39m[90m 73 |[39m     [36mawait[39m waitFor(() [33m=>[39m 
expect(screen[33m.[39mgetByText([35m/Admin 
Dashboard/i[39m))[33m.[39mtoBeInTheDocument())[33m;[39m
     [90m    |[39m                  [31m[1m^[22m[39m
     [90m 74 |[39m
     [90m 75 |[39m     [90m// Click Total Users card (button)[39m
     [90m 76 |[39m     [36mconst[39m totalUsersCard [33m=[39m 
screen[33m.[39mgetAllByRole([32m'button'[39m)[[35m0[39m][33m;[39m[0m

      at waitForWrapper (node_modules/@testing-library/dom/dist/wait-for.js:163:27)
      at Object.<anonymous> (src/test/__tests_cps__/pages/admin.AdminHome.test.tsx:73:18)

FAIL src/test/components/commentSection.test.tsx (8.583 s)
  笳・CommentSection behavior 窶ｺ allows typing and posting a comment (shows submitting state)

    Unable to find role="button" and name `/g盻ｭi/i`

    Ignored nodes: comments, script, style
    [36m<body>[39m
      [36m<div>[39m
        [36m<div[39m
          [33mstyle[39m=[32m"margin-top: 20px; border-top: 1px solid #e8eaed; padding-top: 
16px;"[39m
        [36m>[39m
          [36m<div[39m
            [33mstyle[39m=[32m"display: flex; align-items: center; gap: 8px; margin-bottom: 
16px;"[39m
          [36m>[39m
            [36m<span[39m
              [33mstyle[39m=[32m"font-size: 16px;"[39m
            [36m>[39m
              [0m町[0m
            [36m</span>[39m
            [36m<h4[39m
              [33mstyle[39m=[32m"margin: 0px; font-size: 14px; font-weight: 600; color: 
rgb(44, 62, 80);"[39m
            [36m>[39m
              [0mComments ([0m
              [0m0[0m
              [0m)[0m
            [36m</h4>[39m
          [36m</div>[39m
          [36m<div[39m
            [33mstyle[39m=[32m"margin-bottom: 16px;"[39m
          [36m>[39m
            [36m<input[39m
              [33mclass[39m=[32m"hidden"[39m
              [33mtype[39m=[32m"file"[39m
            [36m/>[39m
            [36m<div[39m
              [33mstyle[39m=[32m"position: relative;"[39m
            [36m>[39m
              [36m<textarea[39m
                [33mplaceholder[39m=[32m"Add a comment..."[39m
                [33mrows[39m=[32m"3"[39m
                [33mstyle[39m=[32m"width: 100%; padding: 10px 40px 10px 10px; border: 1px 
solid #dadce0; border-radius: 6px; font-size: 13px; resize: vertical; font-family: inherit; 
border-color: #4285f4; box-shadow: 0 0 0 1px #4285f4;"[39m
              [36m>[39m
                [0mNice work![0m
              [36m</textarea>[39m
              [36m<button[39m
                [33mclass[39m=[32m"absolute bottom-2 right-2 flex items-center 
justify-center w-6 h-6 p-0 bg-transparent border-0 rounded cursor-pointer text-gray-400 
transition-all duration-200 hover:bg-gray-100 hover:text-blue-500 disabled:cursor-not-allowed 
disabled:opacity-50 focus:outline-none"[39m
                [33mstyle[39m=[32m"z-index: 10;"[39m
                [33mtitle[39m=[32m"Attach file"[39m
                [33mtype[39m=[32m"button"[39m
              [36m>[39m
                [36m<svg[39m
                  [33mclass[39m=[32m"w-4 h-4"[39m
                  [33mfill[39m=[32m"none"[39m
                  [33mstroke[39m=[32m"currentColor"[39m
                  [33mstroke-linecap[39m=[32m"round"[39m
                  [33mstroke-linejoin[39m=[32m"round"[39m
                  [33mstroke-width[39m=[32m"2"[39m
                  [33mviewBox[39m=[32m"0 0 24 24"[39m
                [36m>[39m
                  [36m<path[39m
                    [33md[39m=[32m"M21 15v4a2 2 0 0 1-2 2H5a2 2 0 0 1-2-2v-4"[39m
                  [36m/>[39m
                  [36m<polyline[39m
                    [33mpoints[39m=[32m"17 8 12 3 7 8"[39m
                  [36m/>[39m
                  [36m<line[39m
                    [33mx1[39m=[32m"12"[39m
                    [33mx2[39m=[32m"12"[39m
                    [33my1[39m=[32m"3"[39m
                    [33my2[39m=[32m"15"[39m
                  [36m/>[39m
                [36m</svg>[39m
              [36m</button>[39m
            [36m</div>[39m
            [36m<div[39m
              [33mstyle[39m=[32m"display: flex; justify-content: flex-end; align-items: 
center; margin-top: 8px;"[39m
            [36m>[39m
              [36m<button[39m
                [33mstyle[39m=[32m"padding: 8px 16px; color: white; border-radius: 4px; 
font-size: 13px; font-weight: 500; cursor: pointer; transition: background 0.2s; background: 
rgb(26, 115, 232);"[39m
              [36m>[39m
                [0mSend[0m
              [36m</button>[39m
            [36m</div>[39m
          [36m</div>[39m
          [36m<div[39m
            [33mstyle[39m=[32m"display: flex; flex-direction: column; gap: 12px;"[39m
          [36m>[39m
            [36m<div[39m
              [33mstyle[39m=[32m"text-align: center; padding: 20px; color: rgb(149, 165, 
166); font-size: 13px;"[39m
            [36m>[39m
              [0mNo comments yet. Be the first to comment![0m
            [36m</div>[39m
          [36m</div>[39m
        [36m</div>[39m
      [36m</div>[39m
    [36m</body>[39m

    [0m [90m 34 |[39m     [36mconst[39m textbox [33m=[39m [36mawait[39m 
screen[33m.[39mfindByRole([32m'textbox'[39m)[33m;[39m
     [90m 35 |[39m     [36mawait[39m user[33m.[39mtype(textbox[33m,[39m [32m'Nice 
work!'[39m)[33m;[39m
    [31m[1m>[22m[39m[90m 36 |[39m     [36mconst[39m postBtn [33m=[39m [36mawait[39m 
screen[33m.[39mfindByRole([32m'button'[39m[33m,[39m { name[33m:[39m [35m/g盻ｭi/i[39m 
})[33m;[39m
     [90m    |[39m                                  [31m[1m^[22m[39m
     [90m 37 |[39m     [36mawait[39m user[33m.[39mclick(postBtn)[33m;[39m
     [90m 38 |[39m
     [90m 39 |[39m     [90m// Current component behavior: shows submitting state and retains 
value[39m[0m

      at waitForWrapper (node_modules/@testing-library/dom/dist/wait-for.js:163:27)
      at findByRole (node_modules/@testing-library/dom/dist/query-helpers.js:86:33)
      at Object.<anonymous> (src/test/components/commentSection.test.tsx:36:34)

  笳・CommentSection behavior 窶ｺ shows error feedback when posting fails

    Unable to find role="button" and name `/g盻ｭi/i`

    Ignored nodes: comments, script, style
    [36m<body>[39m
      [36m<div>[39m
        [36m<div[39m
          [33mstyle[39m=[32m"margin-top: 20px; border-top: 1px solid #e8eaed; padding-top: 
16px;"[39m
        [36m>[39m
          [36m<div[39m
            [33mstyle[39m=[32m"display: flex; align-items: center; gap: 8px; margin-bottom: 
16px;"[39m
          [36m>[39m
            [36m<span[39m
              [33mstyle[39m=[32m"font-size: 16px;"[39m
            [36m>[39m
              [0m町[0m
            [36m</span>[39m
            [36m<h4[39m
              [33mstyle[39m=[32m"margin: 0px; font-size: 14px; font-weight: 600; color: 
rgb(44, 62, 80);"[39m
            [36m>[39m
              [0mComments ([0m
              [0m0[0m
              [0m)[0m
            [36m</h4>[39m
          [36m</div>[39m
          [36m<div[39m
            [33mstyle[39m=[32m"margin-bottom: 16px;"[39m
          [36m>[39m
            [36m<input[39m
              [33mclass[39m=[32m"hidden"[39m
              [33mtype[39m=[32m"file"[39m
            [36m/>[39m
            [36m<div[39m
              [33mstyle[39m=[32m"position: relative;"[39m
            [36m>[39m
              [36m<textarea[39m
                [33mplaceholder[39m=[32m"Add a comment..."[39m
                [33mrows[39m=[32m"3"[39m
                [33mstyle[39m=[32m"width: 100%; padding: 10px 40px 10px 10px; border: 1px 
solid #dadce0; border-radius: 6px; font-size: 13px; resize: vertical; font-family: inherit; 
border-color: #4285f4; box-shadow: 0 0 0 1px #4285f4;"[39m
              [36m>[39m
                [0mThis will fail[0m
              [36m</textarea>[39m
              [36m<button[39m
                [33mclass[39m=[32m"absolute bottom-2 right-2 flex items-center 
justify-center w-6 h-6 p-0 bg-transparent border-0 rounded cursor-pointer text-gray-400 
transition-all duration-200 hover:bg-gray-100 hover:text-blue-500 disabled:cursor-not-allowed 
disabled:opacity-50 focus:outline-none"[39m
                [33mstyle[39m=[32m"z-index: 10;"[39m
                [33mtitle[39m=[32m"Attach file"[39m
                [33mtype[39m=[32m"button"[39m
              [36m>[39m
                [36m<svg[39m
                  [33mclass[39m=[32m"w-4 h-4"[39m
                  [33mfill[39m=[32m"none"[39m
                  [33mstroke[39m=[32m"currentColor"[39m
                  [33mstroke-linecap[39m=[32m"round"[39m
                  [33mstroke-linejoin[39m=[32m"round"[39m
                  [33mstroke-width[39m=[32m"2"[39m
                  [33mviewBox[39m=[32m"0 0 24 24"[39m
                [36m>[39m
                  [36m<path[39m
                    [33md[39m=[32m"M21 15v4a2 2 0 0 1-2 2H5a2 2 0 0 1-2-2v-4"[39m
                  [36m/>[39m
                  [36m<polyline[39m
                    [33mpoints[39m=[32m"17 8 12 3 7 8"[39m
                  [36m/>[39m
                  [36m<line[39m
                    [33mx1[39m=[32m"12"[39m
                    [33mx2[39m=[32m"12"[39m
                    [33my1[39m=[32m"3"[39m
                    [33my2[39m=[32m"15"[39m
                  [36m/>[39m
                [36m</svg>[39m
              [36m</button>[39m
            [36m</div>[39m
            [36m<div[39m
              [33mstyle[39m=[32m"display: flex; justify-content: flex-end; align-items: 
center; margin-top: 8px;"[39m
            [36m>[39m
              [36m<button[39m
                [33mstyle[39m=[32m"padding: 8px 16px; color: white; border-radius: 4px; 
font-size: 13px; font-weight: 500; cursor: pointer; transition: background 0.2s; background: 
rgb(26, 115, 232);"[39m
              [36m>[39m
                [0mSend[0m
              [36m</button>[39m
            [36m</div>[39m
          [36m</div>[39m
          [36m<div[39m
            [33mstyle[39m=[32m"display: flex; flex-direction: column; gap: 12px;"[39m
          [36m>[39m
            [36m<div[39m
              [33mstyle[39m=[32m"text-align: center; padding: 20px; color: rgb(149, 165, 
166); font-size: 13px;"[39m
            [36m>[39m
              [0mNo comments yet. Be the first to comment![0m
            [36m</div>[39m
          [36m</div>[39m
        [36m</div>[39m
      [36m</div>[39m
    [36m</body>[39m

    [0m [90m 54 |[39m     [36mconst[39m textbox [33m=[39m [36mawait[39m 
screen[33m.[39mfindByRole([32m'textbox'[39m)[33m;[39m
     [90m 55 |[39m     [36mawait[39m user[33m.[39mtype(textbox[33m,[39m [32m'This will 
fail'[39m)[33m;[39m
    [31m[1m>[22m[39m[90m 56 |[39m     [36mconst[39m postBtn [33m=[39m [36mawait[39m 
screen[33m.[39mfindByRole([32m'button'[39m[33m,[39m { name[33m:[39m [35m/g盻ｭi/i[39m 
})[33m;[39m
     [90m    |[39m                                  [31m[1m^[22m[39m
     [90m 57 |[39m     [36mawait[39m user[33m.[39mclick(postBtn)[33m;[39m
     [90m 58 |[39m
     [90m 59 |[39m     [90m// Assert button returns to idle label after error (no 
loading)[39m[0m

      at waitForWrapper (node_modules/@testing-library/dom/dist/wait-for.js:163:27)
      at findByRole (node_modules/@testing-library/dom/dist/query-helpers.js:86:33)
      at Object.<anonymous> (src/test/components/commentSection.test.tsx:56:34)

FAIL src/test/pages/analytics.boardHealthScore.test.tsx (8.819 s)
  笳・BoardHealthScore page 窶ｺ disables reload when nothing is selected

    Unable to find role="button" and name `/t蘯｣i l蘯｡i/i`

    Ignored nodes: comments, script, style
    [36m<body>[39m
      [36m<div>[39m
        [36m<div[39m
          [33mclass[39m=[32m"p-6 bg-gray-50 min-h-screen"[39m
        [36m>[39m
          [36m<div[39m
            [33mclass[39m=[32m"mb-6"[39m
          [36m>[39m
            [36m<h1[39m
              [33mclass[39m=[32m"text-3xl font-bold text-black mb-2"[39m
            [36m>[39m
              [0mBoard Health Score[0m
            [36m</h1>[39m
            [36m<p[39m
              [33mclass[39m=[32m"text-gray-600"[39m
            [36m>[39m
              [0mBoard health score (0-100) aggregated from 5 key metrics[0m
            [36m</p>[39m
          [36m</div>[39m
          [36m<div[39m
            [33mclass[39m=[32m"bg-white p-4 mb-6 shadow-sm border border-gray-200"[39m
          [36m>[39m
            [36m<div[39m
              [33mclass[39m=[32m"flex flex-wrap gap-4 items-end"[39m
            [36m>[39m
              [36m<div[39m
                [33mclass[39m=[32m"flex-1 min-w-[300px]"[39m
              [36m>[39m
                [36m<label[39m
                  [33mclass[39m=[32m"block text-sm font-medium text-gray-700 mb-1"[39m
                [36m>[39m
                  [36m<svg[39m
                    [33maria-hidden[39m=[32m"true"[39m
                    [33mclass[39m=[32m"lucide lucide-chart-column inline h-4 w-4 mr-1"[39m
                    [33mfill[39m=[32m"none"[39m
                    [33mheight[39m=[32m"24"[39m
                    [33mstroke[39m=[32m"currentColor"[39m
                    [33mstroke-linecap[39m=[32m"round"[39m
                    [33mstroke-linejoin[39m=[32m"round"[39m
                    [33mstroke-width[39m=[32m"2"[39m
                    [33mviewBox[39m=[32m"0 0 24 24"[39m
                    [33mwidth[39m=[32m"24"[39m
                    [33mxmlns[39m=[32m"http://www.w3.org/2000/svg"[39m
                  [36m>[39m
                    [36m<path[39m
                      [33md[39m=[32m"M3 3v16a2 2 0 0 0 2 2h16"[39m
                    [36m/>[39m
                    [36m<path[39m
                      [33md[39m=[32m"M18 17V9"[39m
                    [36m/>[39m
                    [36m<path[39m
                      [33md[39m=[32m"M13 17V5"[39m
                    [36m/>[39m
                    [36m<path[39m
                      [33md[39m=[32m"M8 17v-3"[39m
                    [36m/>[39m
                  [36m</svg>[39m
                  [0mSelect Board[0m
                [36m</label>[39m
                [36m<select[39m
                  [33mclass[39m=[32m"w-full px-3 py-2 border border-gray-300 
focus:outline-none focus:ring-2 focus:ring-blue-500"[39m
                [36m>[39m
                  [36m<option[39m
                    [33mvalue[39m=[32m""[39m
                  [36m>[39m
                    [0m-- Select Board --[0m
                  [36m</option>[39m
                [36m</select>[39m
              [36m</div>[39m
              [36m<button[39m
                [33mclass[39m=[32m"px-4 py-2 bg-blue-600 text-white hover:bg-blue-700 
disabled:opacity-50 disabled:cursor-not-allowed flex items-center gap-2"[39m
                [33mdisabled[39m=[32m""[39m
              [36m>[39m
                [36m<svg[39m
                  [33maria-hidden[39m=[32m"true"[39m
                  [33mclass[39m=[32m"lucide lucide-activity h-4 w-4"[39m
                  [33mfill[39m=[32m"none"[39m
                  [33mheight[39m=[32m"24"[39m
                  [33mstroke[39m=[32m"currentColor"[39m
                  [33mstroke-linecap[39m=[32m"round"[39m
                  [33mstroke-linejoin[39m=[32m"round"[39m
                  [33mstroke-width[39m=[32m"2"[39m
                  [33mviewBox[39m=[32m"0 0 24 24"[39m
                  [33mwidth[39m=[32m"24"[39m
                  [33mxmlns[39m=[32m"http://www.w3.org/2000/svg"[39m
                [36m>[39m
                  [36m<path[39m
                    [33md[39m=[32m"M22 12h-2.48a2 2 0 0 0-1.93 1.46l-2.35 8.36a.25.25 0 0 
1-.48 0L9.24 2.18a.25.25 0 0 0-.48 0l-2.35 8.36A2 2 0 0 1 4.49 12H2"[39m
                  [36m/>[39m
                [36m</svg>[39m
                [0mRefresh[0m
              [36m</button>[39m
            [36m</div>[39m
          [36m</div>[39m
          [36m<div[39m
            [33mclass[39m=[32m"bg-white p-10 text-center border border-gray-200"[39m
          [36m>[39m
            [36m<svg[39m
              [33maria-hidden[39m=[32m"true"[39m
              [33mclass[39m=[32m"lucide lucide-heart h-12 w-12 text-gray-400 mx-auto 
mb-4"[39m
              [33mfill[39m=[32m"none"[39m
              [33mheight[39m=[32m"24"[39m
              [33mstroke[39m=[32m"currentColor"[39m
              [33mstroke-linecap[39m=[32m"round"[39m
              [33mstroke-linejoin[39m=[32m"round"[39m
              [33mstroke-width[39m=[32m"2"[39m
              [33mviewBox[39m=[32m"0 0 24 24"[39m
              [33mwidth[39m=[32m"24"[39m
              [33mxmlns[39m=[32m"http://www.w3.org/2000/svg"[39m
            [36m>[39m
              [36m<path[39m
                [33md[39m=[32m"M2 9.5a5.5 5.5 0 0 1 9.591-3.676.56.56 0 0 0 .818 0A5.49 5.49 
0 0 1 22 9.5c0 2.29-1.5 4-3 5.5l-5.492 5.313a2 2 0 0 1-3 .019L5 15c-1.5-1.5-3-3.2-3-5.5"[39m
              [36m/>[39m
            [36m</svg>[39m
            [36m<p[39m
              [33mclass[39m=[32m"text-gray-600"[39m
            [36m>[39m
              [0mSelect a board to view the health score[0m
            [36m</p>[39m
          [36m</div>[39m
        [36m</div>[39m
      [36m</div>[39m
    [36m</body>[39m

    [0m [90m 66 |[39m     setupRender()[33m;[39m
     [90m 67 |[39m
    [31m[1m>[22m[39m[90m 68 |[39m     [36mconst[39m reloadBtn [33m=[39m 
[36mawait[39m screen[33m.[39mfindByRole([32m"button"[39m[33m,[39m { name[33m:[39m 
[35m/t蘯｣i l蘯｡i/i[39m })[33m;[39m
     [90m    |[39m                                    [31m[1m^[22m[39m
     [90m 69 |[39m     expect(reloadBtn)[33m.[39mtoBeDisabled()[33m;[39m
     [90m 70 |[39m     
expect(getBoardHealthScore)[33m.[39mnot[33m.[39mtoHaveBeenCalled()[33m;[39m
     [90m 71 |[39m   })[33m;[39m[0m

      at waitForWrapper (node_modules/@testing-library/dom/dist/wait-for.js:163:27)
      at findByRole (node_modules/@testing-library/dom/dist/query-helpers.js:86:33)
      at Object.<anonymous> (src/test/pages/analytics.boardHealthScore.test.tsx:68:36)

  笳・BoardHealthScore page 窶ｺ shows empty state when boards fail to load

    expect(jest.fn()).toHaveBeenCalledWith(...expected)

    Expected: "Failed to load board list"

    Number of calls: 0

    Ignored nodes: comments, script, style
    [36m<html>[39m
      [36m<head />[39m
      [36m<body>[39m
        [36m<div>[39m
          [36m<div[39m
            [33mclass[39m=[32m"p-6 bg-gray-50 min-h-screen"[39m
          [36m>[39m
            [36m<div[39m
              [33mclass[39m=[32m"mb-6"[39m
            [36m>[39m
              [36m<h1[39m
                [33mclass[39m=[32m"text-3xl font-bold text-black mb-2"[39m
              [36m>[39m
                [0mBoard Health Score[0m
              [36m</h1>[39m
              [36m<p[39m
                [33mclass[39m=[32m"text-gray-600"[39m
              [36m>[39m
                [0mBoard health score (0-100) aggregated from 5 key metrics[0m
              [36m</p>[39m
            [36m</div>[39m
            [36m<div[39m
              [33mclass[39m=[32m"bg-white p-4 mb-6 shadow-sm border border-gray-200"[39m
            [36m>[39m
              [36m<div[39m
                [33mclass[39m=[32m"flex flex-wrap gap-4 items-end"[39m
              [36m>[39m
                [36m<div[39m
                  [33mclass[39m=[32m"flex-1 min-w-[300px]"[39m
                [36m>[39m
                  [36m<label[39m
                    [33mclass[39m=[32m"block text-sm font-medium text-gray-700 mb-1"[39m
                  [36m>[39m
                    [36m<svg[39m
                      [33maria-hidden[39m=[32m"true"[39m
                      [33mclass[39m=[32m"lucide lucide-chart-column inline h-4 w-4 mr-1"[39m
                      [33mfill[39m=[32m"none"[39m
                      [33mheight[39m=[32m"24"[39m
                      [33mstroke[39m=[32m"currentColor"[39m
                      [33mstroke-linecap[39m=[32m"round"[39m
                      [33mstroke-linejoin[39m=[32m"round"[39m
                      [33mstroke-width[39m=[32m"2"[39m
                      [33mviewBox[39m=[32m"0 0 24 24"[39m
                      [33mwidth[39m=[32m"24"[39m
                      [33mxmlns[39m=[32m"http://www.w3.org/2000/svg"[39m
                    [36m>[39m
                      [36m<path[39m
                        [33md[39m=[32m"M3 3v16a2 2 0 0 0 2 2h16"[39m
                      [36m/>[39m
                      [36m<path[39m
                        [33md[39m=[32m"M18 17V9"[39m
                      [36m/>[39m
                      [36m<path[39m
                        [33md[39m=[32m"M13 17V5"[39m
                      [36m/>[39m
                      [36m<path[39m
                        [33md[39m=[32m"M8 17v-3"[39m
                      [36m/>[39m
                    [36m</svg>[39m
                    [0mSelect Board[0m
                  [36m</label>[39m
                  [36m<select[39m
                    [33mclass[39m=[32m"w-full px-3 py-2 border border-gray-300 
focus:outline-none focus:ring-2 focus:ring-blue-500"[39m
                  [36m>[39m
                    [36m<option[39m
                      [33mvalue[39m=[32m""[39m
                    [36m>[39m
                      [0m-- Select Board --[0m
                    [36m</option>[39m
                  [36m</select>[39m
                [36m</div>[39m
                [36m<button[39m
                  [33mclass[39m=[32m"px-4 py-2 bg-blue-600 text-white hover:bg-blue-700 
disabled:opacity-50 disabled:cursor-not-allowed flex items-center gap-2"[39m
                  [33mdisabled[39m=[32m""[39m
                [36m>[39m
                  [36m<svg[39m
                    [33maria-hidden[39m=[32m"true"[39m
                    [33mclass[39m=[32m"lucide lucide-activity h-4 w-4"[39m
                    [33mfill[39m=[32m"none"[39m
                    [33mheight[39m=[32m"24"[39m
                    [33mstroke[39m=[32m"currentColor"[39m
                    [33mstroke-linecap[39m=[32m"round"[39m
                    [33mstroke-linejoin[39m=[32m"round"[39m
                    [33mstroke-width[39m=[32m"2"[39m
                    [33mviewBox[39m=[32m"0 0 24 24"[39m
                    [33mwidth[39m=[32m"24"[39m
                    [33mxmlns[39m=[32m"http://www.w3.org/2000/svg"[39m
                  [36m>[39m
                    [36m<path[39m
                      [33md[39m=[32m"M22 12h-2.48a2 2 0 0 0-1.93 1.46l-2.35 8.36a.25.25 0 0 
1-.48 0L9.24 2.18a.25.25 0 0 0-.48 0l-2.35 8.36A2 2 0 0 1 4.49 12H2"[39m
                    [36m/>[39m
                  [36m</svg>[39m
                  [0mRefresh[0m
                [36m</button>[39m
              [36m</div>[39m
            [36m</div>[39m
            [36m<div[39m
              [33mclass[39m=[32m"bg-white p-10 text-center border border-gray-200"[39m
            [36m>[39m
              [36m<svg[39m
                [33maria-hidden[39m=[32m"true"[39m
                [33mclass[39m=[32m"lucide lucide-heart h-12 w-12 text-gray-400 mx-auto 
mb-4"[39m
                [33mfill[39m=[32m"none"[39m
                [33mheight[39m=[32m"24"[39m
                [33mstroke[39m=[32m"currentColor"[39m
                [33mstroke-linecap[39m=[32m"round"[39m
                [33mstroke-linejoin[39m=[32m"round"[39m
                [33mstroke-width[39m=[32m"2"[39m
                [33mviewBox[39m=[32m"0 0 24 24"[39m
                [33mwidth[39m=[32m"24"[39m
                [33mxmlns[39m=[32m"http://www.w3.org/2000/svg"[39m
              [36m>[39m
                [36m<path[39m
                  [33md[39m=[32m"M2 9.5a5.5 5.5 0 0 1 9.591-3.676.56.56 0 0 0 .818 0A5.49 
5.49 0 0 1 22 9.5c0 2.29-1.5 4-3 5.5l-5.492 5.313a2 2 0 0 1-3 .019L5 
15c-1.5-1.5-3-3.2-3-5.5"[39m
                [36m/>[39m
              [36m</svg>[39m
              [36m<p[39m
                [33mclass[39m=[32m"text-gray-600"[39m
              [36m>[39m
                [0mSelect a board to view the health score[0m
              [36m</p>[39m
            [36m</div>[39m
          [36m</div>[39m
        [36m</div>[39m
      [36m</body>[39m
    [36m</html>[39m

    [0m [90m 76 |[39m
     [90m 77 |[39m     [36mawait[39m waitFor(() [33m=>[39m {
    [31m[1m>[22m[39m[90m 78 |[39m       
expect(toast[33m.[39merror)[33m.[39mtoHaveBeenCalledWith([32m"Failed to load board 
list"[39m)[33m;[39m
     [90m    |[39m                           [31m[1m^[22m[39m
     [90m 79 |[39m     })[33m;[39m
     [90m 80 |[39m
     [90m 81 |[39m     expect([0m

      at src/test/pages/analytics.boardHealthScore.test.tsx:78:27
      at runWithExpensiveErrorDiagnosticsDisabled 
(node_modules/@testing-library/dom/dist/config.js:47:12)
      at checkCallback (node_modules/@testing-library/dom/dist/wait-for.js:124:77)
      at checkRealTimersCallback (node_modules/@testing-library/dom/dist/wait-for.js:118:16)
      at Timeout.task [as _onTimeout] (node_modules/jsdom/lib/jsdom/browser/Window.js:516:19)

  笳・BoardHealthScore page 窶ｺ surfaces API error when health score request fails

    expect(jest.fn()).toHaveBeenCalledWith(...expected)

    Expected: "bad request"

    Number of calls: 0

    Ignored nodes: comments, script, style
    [36m<html>[39m
      [36m<head />[39m
      [36m<body>[39m
        [36m<div>[39m
          [36m<div[39m
            [33mclass[39m=[32m"p-6 bg-gray-50 min-h-screen"[39m
          [36m>[39m
            [36m<div[39m
              [33mclass[39m=[32m"mb-6"[39m
            [36m>[39m
              [36m<h1[39m
                [33mclass[39m=[32m"text-3xl font-bold text-black mb-2"[39m
              [36m>[39m
                [0mBoard Health Score[0m
              [36m</h1>[39m
              [36m<p[39m
                [33mclass[39m=[32m"text-gray-600"[39m
              [36m>[39m
                [0mBoard health score (0-100) aggregated from 5 key metrics[0m
              [36m</p>[39m
            [36m</div>[39m
            [36m<div[39m
              [33mclass[39m=[32m"bg-white p-4 mb-6 shadow-sm border border-gray-200"[39m
            [36m>[39m
              [36m<div[39m
                [33mclass[39m=[32m"flex flex-wrap gap-4 items-end"[39m
              [36m>[39m
                [36m<div[39m
                  [33mclass[39m=[32m"flex-1 min-w-[300px]"[39m
                [36m>[39m
                  [36m<label[39m
                    [33mclass[39m=[32m"block text-sm font-medium text-gray-700 mb-1"[39m
                  [36m>[39m
                    [36m<svg[39m
                      [33maria-hidden[39m=[32m"true"[39m
                      [33mclass[39m=[32m"lucide lucide-chart-column inline h-4 w-4 mr-1"[39m
                      [33mfill[39m=[32m"none"[39m
                      [33mheight[39m=[32m"24"[39m
                      [33mstroke[39m=[32m"currentColor"[39m
                      [33mstroke-linecap[39m=[32m"round"[39m
                      [33mstroke-linejoin[39m=[32m"round"[39m
                      [33mstroke-width[39m=[32m"2"[39m
                      [33mviewBox[39m=[32m"0 0 24 24"[39m
                      [33mwidth[39m=[32m"24"[39m
                      [33mxmlns[39m=[32m"http://www.w3.org/2000/svg"[39m
                    [36m>[39m
                      [36m<path[39m
                        [33md[39m=[32m"M3 3v16a2 2 0 0 0 2 2h16"[39m
                      [36m/>[39m
                      [36m<path[39m
                        [33md[39m=[32m"M18 17V9"[39m
                      [36m/>[39m
                      [36m<path[39m
                        [33md[39m=[32m"M13 17V5"[39m
                      [36m/>[39m
                      [36m<path[39m
                        [33md[39m=[32m"M8 17v-3"[39m
                      [36m/>[39m
                    [36m</svg>[39m
                    [0mSelect Board[0m
                  [36m</label>[39m
                  [36m<select[39m
                    [33mclass[39m=[32m"w-full px-3 py-2 border border-gray-300 
focus:outline-none focus:ring-2 focus:ring-blue-500"[39m
                  [36m>[39m
                    [36m<option[39m
                      [33mvalue[39m=[32m""[39m
                    [36m>[39m
                      [0m-- Select Board --[0m
                    [36m</option>[39m
                    [36m<option[39m
                      [33mvalue[39m=[32m"b1"[39m
                    [36m>[39m
                      [0mBoard 1[0m
                    [36m</option>[39m
                    [36m<option[39m
                      [33mvalue[39m=[32m"b2"[39m
                    [36m>[39m
                      [0mBoard 2[0m
                    [36m</option>[39m
                  [36m</select>[39m
                [36m</div>[39m
                [36m<button[39m
                  [33mclass[39m=[32m"px-4 py-2 bg-blue-600 text-white hover:bg-blue-700 
disabled:opacity-50 disabled:cursor-not-allowed flex items-center gap-2"[39m
                [36m>[39m
                  [36m<svg[39m
                    [33maria-hidden[39m=[32m"true"[39m
                    [33mclass[39m=[32m"lucide lucide-activity h-4 w-4"[39m
                    [33mfill[39m=[32m"none"[39m
                    [33mheight[39m=[32m"24"[39m
                    [33mstroke[39m=[32m"currentColor"[39m
                    [33mstroke-linecap[39m=[32m"round"[39m
                    [33mstroke-linejoin[39m=[32m"round"[39m
                    [33mstroke-width[39m=[32m"2"[39m
                    [33mviewBox[39m=[32m"0 0 24 24"[39m
                    [33mwidth[39m=[32m"24"[39m
                    [33mxmlns[39m=[32m"http://www.w3.org/2000/svg"[39m
                  [36m>[39m
                    [36m<path[39m
                      [33md[39m=[32m"M22 12h-2.48a2 2 0 0 0-1.93 1.46l-2.35 8.36a.25.25 0 0 
1-.48 0L9.24 2.18a.25.25 0 0 0-.48 0l-2.35 8.36A2 2 0 0 1 4.49 12H2"[39m
                    [36m/>[39m
                  [36m</svg>[39m
                  [0mRefresh[0m
                [36m</button>[39m
              [36m</div>[39m
            [36m</div>[39m
            [36m<div[39m
              [33mclass[39m=[32m"bg-white p-10 text-center border border-gray-200"[39m
            [36m>[39m
              [36m<svg[39m
                [33maria-hidden[39m=[32m"true"[39m
                [33mclass[39m=[32m"lucide lucide-heart h-12 w-12 text-gray-400 mx-auto 
mb-4"[39m
                [33mfill[39m=[32m"none"[39m
                [33mheight[39m=[32m"24"[39m
                [33mstroke[39m=[32m"currentColor"[39m
                [33mstroke-linecap[39m=[32m"round"[39m
                [33mstroke-linejoin[39m=[32m"round"[39m
                [33mstroke-width[39m=[32m"2"[39m
                [33mviewBox[39m=[32m"0 0 24 24"[39m
                [33mwidth[39m=[32m"24"[39m
                [33mxmlns[39m=[32m"http://www.w3.org/2000/svg"[39m
              [36m>[39m
                [36m<path[39m
                  [33md[39m=[32m"M2 9.5a5.5 5.5 0 0 1 9.591-3.676.56.56 0 0 0 .818 0A5.49 
5.49 0 0 1 22 9.5c0 2.29-1.5 4-3 5.5l-5.492 5.313a2 2 0 0 1-3 .019L5 
15c-1.5-1.5-3-3.2-3-5.5"[39m
                [36m/>[39m
              [36m</svg>[39m
              [36m<p[39m
                [33mclass[39m=[32m"text-gray-600"[39m
              [36m>[39m
                [0mSelect a board to view the health score[0m
              [36m</p>[39m
            [36m</div>[39m
          [36m</div>[39m
        [36m</div>[39m
      [36m</body>[39m
    [36m</html>[39m

    [0m [90m 92 |[39m
     [90m 93 |[39m     [36mawait[39m waitFor(() [33m=>[39m {
    [31m[1m>[22m[39m[90m 94 |[39m       
expect(toast[33m.[39merror)[33m.[39mtoHaveBeenCalledWith([32m"bad request"[39m)[33m;[39m
     [90m    |[39m                           [31m[1m^[22m[39m
     [90m 95 |[39m     })[33m;[39m
     [90m 96 |[39m   })[33m;[39m
     [90m 97 |[39m[0m

      at src/test/pages/analytics.boardHealthScore.test.tsx:94:27
      at runWithExpensiveErrorDiagnosticsDisabled 
(node_modules/@testing-library/dom/dist/config.js:47:12)
      at checkCallback (node_modules/@testing-library/dom/dist/wait-for.js:124:77)
      at checkRealTimersCallback (node_modules/@testing-library/dom/dist/wait-for.js:118:16)
      at Timeout.task [as _onTimeout] (node_modules/jsdom/lib/jsdom/browser/Window.js:516:19)

FAIL src/test/__tests_cps__/pages/QualityControl.ExportReports.test.tsx (9.13 s)
  笳・ExportReports 窶ｺ validates leaderboard date ordering before exporting

    TestingLibraryElementError: Unable to find an accessible element with the role "button" and 
name `/Xu蘯･t Bﾃ｡o Cﾃ｡o/i`

    Here are the accessible roles:

      heading:

      Name "Export Reports":
      [36m<h1[39m
        [33mclass[39m=[32m"text-3xl font-bold text-gray-900 dark:text-white mb-2"[39m
      [36m/>[39m

      Name "Report Type":
      [36m<h2[39m
        [33mclass[39m=[32m"text-xl font-bold text-gray-900 dark:text-white mb-4 flex 
items-center gap-2"[39m
      [36m/>[39m

      Name "Format":
      [36m<h2[39m
        [33mclass[39m=[32m"text-xl font-bold text-gray-900 dark:text-white mb-4 flex 
items-center gap-2"[39m
      [36m/>[39m

      Name "Parameters":
      [36m<h2[39m
        [33mclass[39m=[32m"text-xl font-bold text-gray-900 dark:text-white mb-4 flex 
items-center gap-2"[39m
      [36m/>[39m

      Name "Exported Files":
      [36m<h2[39m
        [33mclass[39m=[32m"text-xl font-bold text-gray-900 dark:text-white mb-4 flex 
items-center gap-2"[39m
      [36m/>[39m

      --------------------------------------------------
      paragraph:

      Name "":
      [36m<p[39m
        [33mclass[39m=[32m"text-gray-600 dark:text-gray-400"[39m
      [36m/>[39m

      Name "":
      [36m<p[39m
        [33mclass[39m=[32m"text-sm"[39m
      [36m/>[39m

      --------------------------------------------------
      button:

      Name "Dashboard":
      [36m<button[39m
        [33mclass[39m=[32m"p-4 rounded-lg border-2 transition-all border-gray-200 
dark:border-slate-700 hover:border-gray-300 dark:hover:border-slate-600 text-gray-700 
dark:text-gray-300"[39m
      [36m/>[39m

      Name "Velocity":
      [36m<button[39m
        [33mclass[39m=[32m"p-4 rounded-lg border-2 transition-all border-gray-200 
dark:border-slate-700 hover:border-gray-300 dark:hover:border-slate-600 text-gray-700 
dark:text-gray-300"[39m
      [36m/>[39m

      Name "Leaderboard":
      [36m<button[39m
        [33mclass[39m=[32m"p-4 rounded-lg border-2 transition-all border-indigo-500 
bg-indigo-50 dark:bg-indigo-900/20 text-indigo-600 dark:text-indigo-400"[39m
      [36m/>[39m

      Name "Center Comparison":
      [36m<button[39m
        [33mclass[39m=[32m"p-4 rounded-lg border-2 transition-all border-gray-200 
dark:border-slate-700 hover:border-gray-300 dark:hover:border-slate-600 text-gray-700 
dark:text-gray-300"[39m
      [36m/>[39m

      Name "Excel (.xlsx)":
      [36m<button[39m
        [33mclass[39m=[32m"p-4 rounded-lg border-2 transition-all flex items-center gap-3 
border-green-500 bg-green-50 dark:bg-green-900/20 text-green-600 dark:text-green-400"[39m
      [36m/>[39m

      Name "PDF (.pdf)":
      [36m<button[39m
        [33mclass[39m=[32m"p-4 rounded-lg border-2 transition-all flex items-center gap-3 
border-gray-200 dark:border-slate-700 hover:border-gray-300 dark:hover:border-slate-600 
text-gray-700 dark:text-gray-300"[39m
      [36m/>[39m

      Name "Export Report":
      [36m<button[39m
        [33mclass[39m=[32m"w-full px-6 py-3 bg-indigo-600 text-white hover:bg-indigo-700 
disabled:opacity-50 disabled:cursor-not-allowed flex items-center justify-center gap-2 
rounded-lg transition-all font-semibold text-lg"[39m
      [36m/>[39m

      --------------------------------------------------
      combobox:

      Name "":
      [36m<select[39m
        [33mclass[39m=[32m"w-full px-4 py-2 border-2 border-gray-300 dark:border-slate-600 
bg-white dark:bg-slate-700 text-gray-900 dark:text-white focus:ring-2 focus:ring-indigo-500 
focus:border-indigo-500 transition-all rounded-lg"[39m
      [36m/>[39m

      --------------------------------------------------
      option:

      Name "-- All Centers --":
      [36m<option[39m
        [33mvalue[39m=[32m""[39m
      [36m/>[39m

      Name "Center One":
      [36m<option[39m
        [33mvalue[39m=[32m"c1"[39m
      [36m/>[39m

      --------------------------------------------------
      spinbutton:

      Name "":
      [36m<input[39m
        [33mclass[39m=[32m"w-full px-4 py-2 border-2 border-gray-300 dark:border-slate-600 
bg-white dark:bg-slate-700 text-gray-900 dark:text-white focus:ring-2 focus:ring-indigo-500 
focus:border-indigo-500 transition-all rounded-lg"[39m
        [33mmax[39m=[32m"1000"[39m
        [33mmin[39m=[32m"1"[39m
        [33mtype[39m=[32m"number"[39m
        [33mvalue[39m=[32m"100"[39m
      [36m/>[39m

      --------------------------------------------------

    Ignored nodes: comments, script, style
    [36m<body>[39m
      [36m<div>[39m
        [36m<div[39m
          [33mclass[39m=[32m"p-6 bg-gray-50 dark:bg-slate-900 min-h-screen"[39m
        [36m>[39m
          [36m<div[39m
            [33mclass[39m=[32m"mb-6"[39m
          [36m>[39m
            [36m<h1[39m
              [33mclass[39m=[32m"text-3xl font-bold text-gray-900 dark:text-white mb-2"[39m
            [36m>[39m
              [0mExport Reports[0m
            [36m</h1>[39m
            [36m<p[39m
              [33mclass[39m=[32m"text-gray-600 dark:text-gray-400"[39m
            [36m>[39m
              [0mExport statistical reports to Excel or PDF[0m
            [36m</p>[39m
          [36m</div>[39m
          [36m<div[39m
            [33mclass[39m=[32m"grid grid-cols-1 lg:grid-cols-3 gap-6"[39m
          [36m>[39m
            [36m<div[39m
              [33mclass[39m=[32m"lg:col-span-2 space-y-6"[39m
            [36m>[39m
              [36m<div[39m
                [33mclass[39m=[32m"bg-white dark:bg-slate-800 shadow-lg p-6 rounded-lg 
border border-gray-200 dark:border-slate-700"[39m
              [36m>[39m
                [36m<h2[39m
                  [33mclass[39m=[32m"text-xl font-bold text-gray-900 dark:text-white mb-4 
flex items-center gap-2"[39m
                [36m>[39m
                  [36m<svg[39m
                    [33maria-hidden[39m=[32m"true"[39m
                    [33mclass[39m=[32m"lucide lucide-file-text w-5 h-5"[39m
                    [33mfill[39m=[32m"none"[39m
                    [33mheight[39m=[32m"24"[39m
                    [33mstroke[39m=[32m"currentColor"[39m
                    [33mstroke-linecap[39m=[32m"round"[39m
                    [33mstroke-linejoin[39m=[32m"round"[39m
                    [33mstroke-width[39m=[32m"2"[39m
                    [33mviewBox[39m=[32m"0 0 24 24"[39m
                    [33mwidth[39m=[32m"24"[39m
                    [33mxmlns[39m=[32m"http://www.w3.org/2000/svg"[39m
                  [36m>[39m
                    [36m<path[39m
                      [33md[39m=[32m"M15 2H6a2 2 0 0 0-2 2v16a2 2 0 0 0 2 2h12a2 2 0 0 0 
2-2V7Z"[39m
                    [36m/>[39m
                    [36m<path[39m
                      [33md[39m=[32m"M14 2v4a2 2 0 0 0 2 2h4"[39m
                    [36m/>[39m
                    [36m<path[39m
                      [33md[39m=[32m"M10 9H8"[39m
                    [36m/>[39m
                    [36m<path[39m
                      [33md[39m=[32m"M16 13H8"[39m
                    [36m/>[39m
                    [36m<path[39m
                      [33md[39m=[32m"M16 17H8"[39m
                    [36m/>[39m
                  [36m</svg>[39m
                  [0mReport Type[0m
                [36m</h2>[39m
                [36m<div[39m
                  [33mclass[39m=[32m"grid grid-cols-2 gap-4"[39m
                [36m>[39m
                  [36m<button[39m
                    [33mclass[39m=[32m"p-4 rounded-lg border-2 transition-all 
border-gray-200 dark:border-slate-700 hover:border-gray-300 dark:hover:border-slate-600 
text-gray-700 dark:text-gray-300"[39m
                  [36m>[39m
                    [36m<div[39m
                      [33mclass[39m=[32m"flex items-center gap-2 mb-2"[39m
                    [36m>[39m
                      [36m<svg[39m
                        [33maria-hidden[39m=[32m"true"[39m
                        [33mclass[39m=[32m"lucide lucide-chart-column w-5 h-5"[39m
                        [33mfill[39m=[32m"none"[39m
                        [33mheight[39m=[32m"24"[39m
                        [33mstroke[39m=[32m"currentColor"[39m
                        [33mstroke-linecap[39m=[32m"round"[39m
                        [33mstroke-linejoin[39m=[32m"round"[39m
                        [33mstroke-width[39m=[32m"2"[39m
                        [33mviewBox[39m=[32m"0 0 24 24"[39m
                        [33mwidth[39m=[32m"24"[39m
                        [33mxmlns[39m=[32m"http://www.w3.org/2000/svg"[39m
                      [36m>[39m
                        [36m<path[39m
                          [33md[39m=[32m"M3 3v16a2 2 0 0 0 2 2h16"[39m
                        [36m/>[39m
                        [36m<path[39m
                          [33md[39m=[32m"M18 17V9"[39m
                        [36m/>[39m
                        [36m<path[39m
                          [33md[39m=[32m"M13 17V5"[39m
                        [36m/>[39m
                        [36m<path[39m
                          [33md[39m=[32m"M8 17v-3"[39m
                        [36m/>[39m
                      [36m</svg>[39m
                      [36m<span[39m
                        [33mclass[39m=[32m"font-semibold"[39m
                      [36m>[39m
                        [0mDashboard[0m
                      [36m</span>[39m
                    [36m</div>[39m
                  [36m</button>[39m
                  [36m<button[39m
                    [33mclass[39m=[32m"p-4 rounded-lg border-2 transition-all 
border-gray-200 dark:border-slate-700 hover:border-gray-300 dark:hover:border-slate-600 
text-gray-700 dark:text-gray-300"[39m
                  [36m>[39m
                    [36m<div[39m
                      [33mclass[39m=[32m"flex items-center gap-2 mb-2"[39m
                    [36m>[39m
                      [36m<svg[39m
                        [33maria-hidden[39m=[32m"true"[39m
                        [33mclass[39m=[32m"lucide lucide-trending-up w-5 h-5"[39m
                        [33mfill[39m=[32m"none"[39m
                        [33mheight[39m=[32m"24"[39m
                        [33mstroke[39m=[32m"currentColor"[39m
                        [33mstroke-linecap[39m=[32m"round"[39m
                        [33mstroke-linejoin[39m=[32m"round"[39m
                        [33mstroke-width[39m=[32m"2"[39m
                        [33mviewBox[39m=[32m"0 0 24 24"[39m
                        [33mwidth[39m=[32m"24"[39m
                        [33mxmlns[39m=[32m"http://www.w3.org/2000/svg"[39m
                      [36m>[39m
                        [36m<path[39m
                          [33md[39m=[32m"M16 7h6v6"[39m
                        [36m/>[39m
                        [36m<path[39m
                          [33md[39m=[32m"m22 7-8.5 8.5-5-5L2 17"[39m
                        [36m/>[39m
                      [36m</svg>[39m
                      [36m<span[39m
                        [33mclass[39m=[32m"font-semibold"[39m
                      [36m>[39m
                        [0mVelocity[0m
                      [36m</span>[39m
                    [36m</div>[39m
                  [36m</button>[39m
                  [36m<button[39m
                    [33mclass[39m=[32m"p-4 rounded-lg border-2 transition-all 
border-indigo-500 bg-indigo-50 dark:bg-indigo-900/20 text-indigo-600 dark:text-indigo-400"[39m
                  [36m>[39m
                    [36m<div[39m
                      [33mclass[39m=[32m"flex items-center gap-2 mb-2"[39m
                    [36m>[39m
                      [36m<svg[39m
                        [33maria-hidden[39m=[32m"true"[39m
                        [33mclass[39m=[32m"lucide lucide-trophy w-5 h-5"[39m
                        [33mfill[39m=[32m"none"[39m
                        [33mheight[...

    [0m [90m 102 |[39m     fireEvent[33m.[39mchange(startInput[33m,[39m { 
target[33m:[39m { value[33m:[39m [32m'2024-05-10'[39m } })[33m;[39m
     [90m 103 |[39m     fireEvent[33m.[39mchange(endInput[33m,[39m { target[33m:[39m { 
value[33m:[39m [32m'2024-05-01'[39m } })[33m;[39m
    [31m[1m>[22m[39m[90m 104 |[39m     
fireEvent[33m.[39mclick(screen[33m.[39mgetByRole([32m'button'[39m[33m,[39m { 
name[33m:[39m [35m/Xu蘯･t Bﾃ｡o Cﾃ｡o/i[39m }))[33m;[39m
     [90m     |[39m                            [31m[1m^[22m[39m
     [90m 105 |[39m
     [90m 106 |[39m     
expect(mockExportReport)[33m.[39mnot[33m.[39mtoHaveBeenCalled()[33m;[39m
     [90m 107 |[39m     expect((toast [36mas[39m 
any)[33m.[39merror)[33m.[39mtoHaveBeenCalledWith([32m'Ngﾃy b蘯ｯt ﾄ黛ｺｧu ph蘯｣i nh盻・hﾆ｡n 
ngﾃy k蘯ｿt thﾃｺc'[39m)[33m;[39m[0m

      at Object.getElementError (node_modules/@testing-library/dom/dist/config.js:37:19)
      at node_modules/@testing-library/dom/dist/query-helpers.js:76:38
      at node_modules/@testing-library/dom/dist/query-helpers.js:52:17
      at getByRole (node_modules/@testing-library/dom/dist/query-helpers.js:95:19)
      at Object.<anonymous> 
(src/test/__tests_cps__/pages/QualityControl.ExportReports.test.tsx:104:28)

  笳・ExportReports 窶ｺ exports dashboard report and refreshes file list

    TestingLibraryElementError: Unable to find an accessible element with the role "button" and 
name `/Xu蘯･t Bﾃ｡o Cﾃ｡o/i`

    Here are the accessible roles:

      heading:

      Name "Export Reports":
      [36m<h1[39m
        [33mclass[39m=[32m"text-3xl font-bold text-gray-900 dark:text-white mb-2"[39m
      [36m/>[39m

      Name "Report Type":
      [36m<h2[39m
        [33mclass[39m=[32m"text-xl font-bold text-gray-900 dark:text-white mb-4 flex 
items-center gap-2"[39m
      [36m/>[39m

      Name "Format":
      [36m<h2[39m
        [33mclass[39m=[32m"text-xl font-bold text-gray-900 dark:text-white mb-4 flex 
items-center gap-2"[39m
      [36m/>[39m

      Name "Parameters":
      [36m<h2[39m
        [33mclass[39m=[32m"text-xl font-bold text-gray-900 dark:text-white mb-4 flex 
items-center gap-2"[39m
      [36m/>[39m

      Name "Exported Files":
      [36m<h2[39m
        [33mclass[39m=[32m"text-xl font-bold text-gray-900 dark:text-white mb-4 flex 
items-center gap-2"[39m
      [36m/>[39m

      --------------------------------------------------
      paragraph:

      Name "":
      [36m<p[39m
        [33mclass[39m=[32m"text-gray-600 dark:text-gray-400"[39m
      [36m/>[39m

      Name "":
      [36m<p[39m
        [33mclass[39m=[32m"text-sm"[39m
      [36m/>[39m

      --------------------------------------------------
      button:

      Name "Dashboard":
      [36m<button[39m
        [33mclass[39m=[32m"p-4 rounded-lg border-2 transition-all border-indigo-500 
bg-indigo-50 dark:bg-indigo-900/20 text-indigo-600 dark:text-indigo-400"[39m
      [36m/>[39m

      Name "Velocity":
      [36m<button[39m
        [33mclass[39m=[32m"p-4 rounded-lg border-2 transition-all border-gray-200 
dark:border-slate-700 hover:border-gray-300 dark:hover:border-slate-600 text-gray-700 
dark:text-gray-300"[39m
      [36m/>[39m

      Name "Leaderboard":
      [36m<button[39m
        [33mclass[39m=[32m"p-4 rounded-lg border-2 transition-all border-gray-200 
dark:border-slate-700 hover:border-gray-300 dark:hover:border-slate-600 text-gray-700 
dark:text-gray-300"[39m
      [36m/>[39m

      Name "Center Comparison":
      [36m<button[39m
        [33mclass[39m=[32m"p-4 rounded-lg border-2 transition-all border-gray-200 
dark:border-slate-700 hover:border-gray-300 dark:hover:border-slate-600 text-gray-700 
dark:text-gray-300"[39m
      [36m/>[39m

      Name "Excel (.xlsx)":
      [36m<button[39m
        [33mclass[39m=[32m"p-4 rounded-lg border-2 transition-all flex items-center gap-3 
border-green-500 bg-green-50 dark:bg-green-900/20 text-green-600 dark:text-green-400"[39m
      [36m/>[39m

      Name "PDF (.pdf)":
      [36m<button[39m
        [33mclass[39m=[32m"p-4 rounded-lg border-2 transition-all flex items-center gap-3 
border-gray-200 dark:border-slate-700 hover:border-gray-300 dark:hover:border-slate-600 
text-gray-700 dark:text-gray-300"[39m
      [36m/>[39m

      Name "Export Report":
      [36m<button[39m
        [33mclass[39m=[32m"w-full px-6 py-3 bg-indigo-600 text-white hover:bg-indigo-700 
disabled:opacity-50 disabled:cursor-not-allowed flex items-center justify-center gap-2 
rounded-lg transition-all font-semibold text-lg"[39m
      [36m/>[39m

      --------------------------------------------------
      combobox:

      Name "":
      [36m<select[39m
        [33mclass[39m=[32m"w-full px-4 py-2 border-2 border-gray-300 dark:border-slate-600 
bg-white dark:bg-slate-700 text-gray-900 dark:text-white focus:ring-2 focus:ring-indigo-500 
focus:border-indigo-500 transition-all rounded-lg"[39m
      [36m/>[39m

      Name "":
      [36m<select[39m
        [33mclass[39m=[32m"w-full px-4 py-2 border-2 border-gray-300 dark:border-slate-600 
bg-white dark:bg-slate-700 text-gray-900 dark:text-white focus:ring-2 focus:ring-indigo-500 
focus:border-indigo-500 transition-all rounded-lg"[39m
      [36m/>[39m

      --------------------------------------------------
      option:

      Name "-- Select Board --":
      [36m<option[39m
        [33mvalue[39m=[32m""[39m
      [36m/>[39m

      Name "Board One":
      [36m<option[39m
        [33mvalue[39m=[32m"b1"[39m
      [36m/>[39m

      Name "Day":
      [36m<option[39m
        [33mvalue[39m=[32m"day"[39m
      [36m/>[39m

      Name "Week":
      [36m<option[39m
        [33mvalue[39m=[32m"week"[39m
      [36m/>[39m

      Name "Month":
      [36m<option[39m
        [33mvalue[39m=[32m"month"[39m
      [36m/>[39m

      --------------------------------------------------

    Ignored nodes: comments, script, style
    [36m<body>[39m
      [36m<div>[39m
        [36m<div[39m
          [33mclass[39m=[32m"p-6 bg-gray-50 dark:bg-slate-900 min-h-screen"[39m
        [36m>[39m
          [36m<div[39m
            [33mclass[39m=[32m"mb-6"[39m
          [36m>[39m
            [36m<h1[39m
              [33mclass[39m=[32m"text-3xl font-bold text-gray-900 dark:text-white mb-2"[39m
            [36m>[39m
              [0mExport Reports[0m
            [36m</h1>[39m
            [36m<p[39m
              [33mclass[39m=[32m"text-gray-600 dark:text-gray-400"[39m
            [36m>[39m
              [0mExport statistical reports to Excel or PDF[0m
            [36m</p>[39m
          [36m</div>[39m
          [36m<div[39m
            [33mclass[39m=[32m"grid grid-cols-1 lg:grid-cols-3 gap-6"[39m
          [36m>[39m
            [36m<div[39m
              [33mclass[39m=[32m"lg:col-span-2 space-y-6"[39m
            [36m>[39m
              [36m<div[39m
                [33mclass[39m=[32m"bg-white dark:bg-slate-800 shadow-lg p-6 rounded-lg 
border border-gray-200 dark:border-slate-700"[39m
              [36m>[39m
                [36m<h2[39m
                  [33mclass[39m=[32m"text-xl font-bold text-gray-900 dark:text-white mb-4 
flex items-center gap-2"[39m
                [36m>[39m
                  [36m<svg[39m
                    [33maria-hidden[39m=[32m"true"[39m
                    [33mclass[39m=[32m"lucide lucide-file-text w-5 h-5"[39m
                    [33mfill[39m=[32m"none"[39m
                    [33mheight[39m=[32m"24"[39m
                    [33mstroke[39m=[32m"currentColor"[39m
                    [33mstroke-linecap[39m=[32m"round"[39m
                    [33mstroke-linejoin[39m=[32m"round"[39m
                    [33mstroke-width[39m=[32m"2"[39m
                    [33mviewBox[39m=[32m"0 0 24 24"[39m
                    [33mwidth[39m=[32m"24"[39m
                    [33mxmlns[39m=[32m"http://www.w3.org/2000/svg"[39m
                  [36m>[39m
                    [36m<path[39m
                      [33md[39m=[32m"M15 2H6a2 2 0 0 0-2 2v16a2 2 0 0 0 2 2h12a2 2 0 0 0 
2-2V7Z"[39m
                    [36m/>[39m
                    [36m<path[39m
                      [33md[39m=[32m"M14 2v4a2 2 0 0 0 2 2h4"[39m
                    [36m/>[39m
                    [36m<path[39m
                      [33md[39m=[32m"M10 9H8"[39m
                    [36m/>[39m
                    [36m<path[39m
                      [33md[39m=[32m"M16 13H8"[39m
                    [36m/>[39m
                    [36m<path[39m
                      [33md[39m=[32m"M16 17H8"[39m
                    [36m/>[39m
                  [36m</svg>[39m
                  [0mReport Type[0m
                [36m</h2>[39m
                [36m<div[39m
                  [33mclass[39m=[32m"grid grid-cols-2 gap-4"[39m
                [36m>[39m
                  [36m<button[39m
                    [33mclass[39m=[32m"p-4 rounded-lg border-2 transition-all 
border-indigo-500 bg-indigo-50 dark:bg-indigo-900/20 text-indigo-600 dark:text-indigo-400"[39m
                  [36m>[39m
                    [36m<div[39m
                      [33mclass[39m=[32m"flex items-center gap-2 mb-2"[39m
                    [36m>[39m
                      [36m<svg[39m
                        [33maria-hidden[39m=[32m"true"[39m
                        [33mclass[39m=[32m"lucide lucide-chart-column w-5 h-5"[39m
                        [33mfill[39m=[32m"none"[39m
                        [33mheight[39m=[32m"24"[39m
                        [33mstroke[39m=[32m"currentColor"[39m
                        [33mstroke-linecap[39m=[32m"round"[39m
                        [33mstroke-linejoin[39m=[32m"round"[39m
                        [33mstroke-width[39m=[32m"2"[39m
                        [33mviewBox[39m=[32m"0 0 24 24"[39m
                        [33mwidth[39m=[32m"24"[39m
                        [33mxmlns[39m=[32m"http://www.w3.org/2000/svg"[39m
                      [36m>[39m
                        [36m<path[39m
                          [33md[39m=[32m"M3 3v16a2 2 0 0 0 2 2h16"[39m
                        [36m/>[39m
                        [36m<path[39m
                          [33md[39m=[32m"M18 17V9"[39m
                        [36m/>[39m
                        [36m<path[39m
                          [33md[39m=[32m"M13 17V5"[39m
                        [36m/>[39m
                        [36m<path[39m
                          [33md[39m=[32m"M8 17v-3"[39m
                        [36m/>[39m
                      [36m</svg>[39m
                      [36m<span[39m
                        [33mclass[39m=[32m"font-semibold"[39m
                      [36m>[39m
                        [0mDashboard[0m
                      [36m</span>[39m
                    [36m</div>[39m
                  [36m</button>[39m
                  [36m<button[39m
                    [33mclass[39m=[32m"p-4 rounded-lg border-2 transition-all 
border-gray-200 dark:border-slate-700 hover:border-gray-300 dark:hover:border-slate-600 
text-gray-700 dark:text-gray-300"[39m
                  [36m>[39m
                    [36m<div[39m
                      [33mclass[39m=[32m"flex items-center gap-2 mb-2"[39m
                    [36m>[39m
                      [36m<svg[39m
                        [33maria-hidden[39m=[32m"true"[39m
                        [33mclass[39m=[32m"lucide lucide-trending-up w-5 h-5"[39m
                        [33mfill[39m=[32m"none"[39m
                        [33mheight[39m=[32m"24"[39m
                        [33mstroke[39m=[32m"currentColor"[39m
                        [33mstroke-linecap[39m=[32m"round"[39m
                        [33mstroke-linejoin[39m=[32m"round"[39m
                        [33mstroke-width[39m=[32m"2"[39m
                        [33mviewBox[39m=[32m"0 0 24 24"[39m
                        [33mwidth[39m=[32m"24"[39m
                        [33mxmlns[39m=[32m"http://www.w3.org/2000/svg"[39m
                      [36m>[39m
                        [36m<path[39m
                          [33md[39m=[32m"M16 7h6v6"[39m
                        [36m/>[39m
                        [36m<path[39m
                          [33md[39m=[32m"m22 7-8.5 8.5-5-5L2 17"[39m
                        [36m/>[39m
                      [36m</svg>[39m
                      [36m<span[39m
                        [33mclass[39m=[32m"font-semibold"[39m
                      [36m>[39m
                        [0mVelocity[0m
                      [36m</span>[39m
                    [36m</div>[39m
                  [36m</button>[39m
                  [36m<button[39m
                    [33mclass[39m=[32m"p-4 rounded-lg border-2 transition-all 
border-gray-200 dark:border-slate-700 hover:border-gray-300 dark:hover:border-slate-600 
text-gray-700 dark:text-gray-300"[39m
                  [36m>[39m
                    [36m<div[39m
                      [33mclass[39m=[32m"flex items-center gap-2 mb-2"[39m
                    [36m>[39m
                      [36m<svg[39m
                        [33maria-hidden[39m=[32m"true"[39m
                        [33mclass[39m=[32m"lucide lucide-trophy w-5 h-5"[39m
                        [33mfill[39m=[32m"none"[39m
                        [33mheight[...

    [0m [90m 123 |[39m     [36mawait[39m waitFor(() [33m=>[39m 
expect(screen[33m.[39mgetByText([32m'Export 
Reports'[39m))[33m.[39mtoBeInTheDocument())[33m;[39m
     [90m 124 |[39m
    [31m[1m>[22m[39m[90m 125 |[39m     
fireEvent[33m.[39mclick(screen[33m.[39mgetByRole([32m'button'[39m[33m,[39m { 
name[33m:[39m [35m/Xu蘯･t Bﾃ｡o Cﾃ｡o/i[39m }))[33m;[39m
     [90m     |[39m                            [31m[1m^[22m[39m
     [90m 126 |[39m
     [90m 127 |[39m     [36mawait[39m waitFor(() [33m=>[39m 
expect(mockExportReport)[33m.[39mtoHaveBeenCalled())[33m;[39m
     [90m 128 |[39m     
expect(mockExportReport)[33m.[39mtoHaveBeenCalledWith(expect[33m.[39mobjectContaining({[0m

      at Object.getElementError (node_modules/@testing-library/dom/dist/config.js:37:19)
      at node_modules/@testing-library/dom/dist/query-helpers.js:76:38
      at node_modules/@testing-library/dom/dist/query-helpers.js:52:17
      at getByRole (node_modules/@testing-library/dom/dist/query-helpers.js:95:19)
      at Object.<anonymous> 
(src/test/__tests_cps__/pages/QualityControl.ExportReports.test.tsx:125:28)

FAIL src/test/__tests_cps__/pages/admin.UserPermissions.test.tsx
  笳・pages/Admin/UserPermissions 窶ｺ loads permissions grouped by category and saves changes

    TestingLibraryElementError: Unable to find an accessible element with the role "button" and 
name `/Lﾆｰu phﾃ｢n quy盻］/i`

    Here are the accessible roles:

      heading:

      Name "柏 User Permissions":
      [36m<h1[39m
        [33mstyle[39m=[32m"margin: 0px 0px 8px 0px; font-size: 32px; font-weight: 700;"[39m
      [36m/>[39m

      --------------------------------------------------
      paragraph:

      Name "":
      [36m<p[39m
        [33mstyle[39m=[32m"margin: 0px; font-size: 16px; opacity: 0.9;"[39m
      [36m/>[39m

      --------------------------------------------------
      strong:

      Name "":
      [36m<strong />[39m

      --------------------------------------------------
      button:

      Name "竊・Back":
      [36m<button[39m
        [33mstyle[39m=[32m"background: rgba(255, 255, 255, 0.2); color: white; border: 2px 
solid rgba(255,255,255,0.3); border-radius: 12px; padding: 12px 24px; font-size: 14px; 
font-weight: 600; cursor: pointer;"[39m
      [36m/>[39m

      Name "笶・Cancel":
      [36m<button[39m
        [33mstyle[39m=[32m"padding: 14px 28px; border: 2px solid #ddd; border-radius: 12px; 
background: rgb(248, 249, 250); color: rgb(102, 102, 102); cursor: pointer; font-size: 15px; 
font-weight: 600;"[39m
      [36m/>[39m

      Name "笨・Save permissions":
      [36m<button[39m
        [33mstyle[39m=[32m"padding: 14px 32px; border-radius: 12px; color: rgb(255, 255, 
255); cursor: pointer; font-size: 15px; font-weight: 700;"[39m
      [36m/>[39m

      --------------------------------------------------
      checkbox:

      Name "USER_VIEW":
      [36m<input[39m
        [33mchecked[39m=[32m""[39m
        [33mstyle[39m=[32m"width: 18px; height: 18px;"[39m
        [33mtype[39m=[32m"checkbox"[39m
      [36m/>[39m

      Name "GROUP_EDIT":
      [36m<input[39m
        [33mstyle[39m=[32m"width: 18px; height: 18px;"[39m
        [33mtype[39m=[32m"checkbox"[39m
      [36m/>[39m

      --------------------------------------------------

    Ignored nodes: comments, script, style
    [36m<body>[39m
      [36m<div>[39m
        [36m<div[39m
          [33mstyle[39m=[32m"background: rgb(248, 249, 250); min-height: calc(100vh - 60px); 
padding: 24px;"[39m
        [36m>[39m
          [36m<div[39m
            [33mstyle[39m=[32m"border-radius: 16px; padding: 32px; margin-bottom: 24px; 
color: white;"[39m
          [36m>[39m
            [36m<div[39m
              [33mstyle[39m=[32m"display: flex; justify-content: space-between; align-items: 
center;"[39m
            [36m>[39m
              [36m<div>[39m
                [36m<h1[39m
                  [33mstyle[39m=[32m"margin: 0px 0px 8px 0px; font-size: 32px; font-weight: 
700;"[39m
                [36m>[39m
                  [0m柏 User Permissions[0m
                [36m</h1>[39m
                [36m<p[39m
                  [33mstyle[39m=[32m"margin: 0px; font-size: 16px; opacity: 0.9;"[39m
                [36m>[39m
                  [0mManage permissions for [0m
                  [36m<strong>[39m
                    [0mDemo User[0m
                  [36m</strong>[39m
                  [0m ([0m
                  [0muserId[0m
                  [0m)[0m
                [36m</p>[39m
              [36m</div>[39m
              [36m<button[39m
                [33mstyle[39m=[32m"background: rgba(255, 255, 255, 0.2); color: white; 
border: 2px solid rgba(255,255,255,0.3); border-radius: 12px; padding: 12px 24px; font-size: 
14px; font-weight: 600; cursor: pointer;"[39m
              [36m>[39m
                [0m竊・Back[0m
              [36m</button>[39m
            [36m</div>[39m
          [36m</div>[39m
          [36m<div[39m
            [33mstyle[39m=[32m"background: white; border-radius: 16px; box-shadow: 0 4px 
24px rgba(0,0,0,0.06); overflow: hidden;"[39m
          [36m>[39m
            [36m<div[39m
              [33mstyle[39m=[32m"padding: 32px;"[39m
            [36m>[39m
              [36m<div[39m
                [33mstyle[39m=[32m"background: rgb(255, 255, 255); border: 2px solid 
#e3f2fd; border-radius: 12px; margin-bottom: 16px;"[39m
              [36m>[39m
                [36m<div[39m
                  [33mstyle[39m=[32m"background: rgb(144, 202, 249); color: rgb(255, 255, 
255); padding: 16px 24px; border-radius: 10px 10px 0 0; font-weight: 600; font-size: 16px; 
cursor: pointer;"[39m
                [36m>[39m
                  [0mUSER[0m
                  [0m [0m
                  [0m笆ｼ[0m
                [36m</div>[39m
                [36m<div[39m
                  [33mstyle[39m=[32m"padding: 24px;"[39m
                [36m>[39m
                  [36m<div[39m
                    [33mstyle[39m=[32m"display: grid; grid-template-columns: 
repeat(auto-fit, minmax(280px, 1fr)); gap: 16px;"[39m
                  [36m>[39m
                    [36m<label[39m
                      [33mstyle[39m=[32m"display: flex; align-items: center; gap: 12px; 
padding: 12px 16px; background: rgb(243, 249, 255); border-radius: 8px; border: 2px solid 
#90caf9; cursor: pointer;"[39m
                    [36m>[39m
                      [36m<input[39m
                        [33mchecked[39m=[32m""[39m
                        [33mstyle[39m=[32m"width: 18px; height: 18px;"[39m
                        [33mtype[39m=[32m"checkbox"[39m
                      [36m/>[39m
                      [36m<span[39m
                        [33mstyle[39m=[32m"font-size: 14px; font-weight: 600; color: rgb(66, 
165, 245);"[39m
                      [36m>[39m
                        [0mUSER_VIEW[0m
                      [36m</span>[39m
                    [36m</label>[39m
                  [36m</div>[39m
                [36m</div>[39m
              [36m</div>[39m
              [36m<div[39m
                [33mstyle[39m=[32m"background: rgb(255, 255, 255); border: 2px solid 
#e3f2fd; border-radius: 12px; margin-bottom: 16px;"[39m
              [36m>[39m
                [36m<div[39m
                  [33mstyle[39m=[32m"background: rgb(144, 202, 249); color: rgb(255, 255, 
255); padding: 16px 24px; border-radius: 10px 10px 0 0; font-weight: 600; font-size: 16px; 
cursor: pointer;"[39m
                [36m>[39m
                  [0mGROUP[0m
                  [0m [0m
                  [0m笆ｼ[0m
                [36m</div>[39m
                [36m<div[39m
                  [33mstyle[39m=[32m"padding: 24px;"[39m
                [36m>[39m
                  [36m<div[39m
                    [33mstyle[39m=[32m"display: grid; grid-template-columns: 
repeat(auto-fit, minmax(280px, 1fr)); gap: 16px;"[39m
                  [36m>[39m
                    [36m<label[39m
                      [33mstyle[39m=[32m"display: flex; align-items: center; gap: 12px; 
padding: 12px 16px; border-radius: 8px; cursor: pointer; background: rgb(243, 249, 255); 
border: 2px solid #90caf9;"[39m
                    [36m>[39m
                      [36m<input[39m
                        [33mstyle[39m=[32m"width: 18px; height: 18px;"[39m
                        [33mtype[39m=[32m"checkbox"[39m
                      [36m/>[39m
                      [36m<span[39m
                        [33mstyle[39m=[32m"font-size: 14px; font-weight: 600; color: rgb(66, 
165, 245);"[39m
                      [36m>[39m
                        [0mGROUP_EDIT[0m
                      [36m</span>[39m
                    [36m</label>[39m
                  [36m</div>[39m
                [36m</div>[39m
              [36m</div>[39m
              [36m<div[39m
                [33mstyle[39m=[32m"border-top: 1px solid #f0f0f0; padding-top: 24px; 
margin-top: 32px; display: flex; justify-content: flex-end; gap: 16px;"[39m
              [36m>[39m
                [36m<button[39m
                  [33mstyle[39m=[32m"padding: 14px 28px; border: 2px solid #ddd; 
border-radius: 12px; background: rgb(248, 249, 250); color: rgb(102, 102, 102); cursor: 
pointer; font-size: 15px; font-weight: 600;"[39m
                [36m>[39m
                  [0m笶・Cancel[0m
                [36m</button>[39m
                [36m<button[39m
                  [33mstyle[39m=[32m"padding: 14px 32px; border-radius: 12px; color: 
rgb(255, 255, 255); cursor: pointer; font-size: 15px; font-weight: 700;"[39m
                [36m>[39m
                  [0m笨・Save permissions[0m
                [36m</button>[39m
              [36m</div>[39m
            [36m</div>[39m
          [36m</div>[39m
        [36m</div>[39m
      [36m</div>[39m
    [36m</body>[39m

    [0m [90m 60 |[39m   [36mconst[39m api [33m=[39m 
require([32m'../../../api/role&permission'[39m)[33m;[39m
     [90m 61 |[39m   
api[33m.[39mupdateRolePermissions[33m.[39mmockResolvedValueOnce({})[33m;[39m
    [31m[1m>[22m[39m[90m 62 |[39m   [36mawait[39m 
userEvent[33m.[39mclick(screen[33m.[39mgetByRole([32m'button'[39m[33m,[39m { 
name[33m:[39m [35m/Lﾆｰu phﾃ｢n quy盻］/i[39m }))[33m;[39m
     [90m    |[39m                                [31m[1m^[22m[39m
     [90m 63 |[39m   [36mawait[39m waitFor(() [33m=>[39m 
expect(api[33m.[39mupdateRolePermissions)[33m.[39mtoHaveBeenCalled())[33m;[39m
     [90m 64 |[39m   })[33m;[39m
     [90m 65 |[39m })[33m;[39m[0m

      at Object.getElementError (node_modules/@testing-library/dom/dist/config.js:37:19)
      at node_modules/@testing-library/dom/dist/query-helpers.js:76:38
      at node_modules/@testing-library/dom/dist/query-helpers.js:52:17
      at getByRole (node_modules/@testing-library/dom/dist/query-helpers.js:95:19)
      at Object.<anonymous> (src/test/__tests_cps__/pages/admin.UserPermissions.test.tsx:62:32)

FAIL src/test/__tests_cps__/pages/admin.UserPointsManagement.test.tsx (9.083 s)
  笳・pages/Admin/UserPointsManagement 窶ｺ shows access denied for non-admin and does not fetch 
data

    Unable to find an element with the text: /Khﾃｴng cﾃｳ quy盻］ truy c蘯ｭp/i. This could be 
because the text is broken up by multiple elements. In this case, you can provide a function 
for your text matcher to make your matcher more flexible.

    Ignored nodes: comments, script, style
    [36m<body>[39m
      [36m<div>[39m
        [36m<div[39m
          [33mclass[39m=[32m"w-full px-6 py-6 bg-gray-50 min-h-screen"[39m
        [36m>[39m
          [36m<div[39m
            [33mclass[39m=[32m"max-w-3xl mx-auto"[39m
          [36m>[39m
            [36m<div[39m
              [33mclass[39m=[32m"border border-amber-300 bg-amber-50 p-5"[39m
            [36m>[39m
              [36m<div[39m
                [33mclass[39m=[32m"flex items-start gap-3"[39m
              [36m>[39m
                [36m<svg[39m
                  [33maria-hidden[39m=[32m"true"[39m
                  [33mclass[39m=[32m"lucide lucide-triangle-alert w-6 h-6 text-amber-600 
mt-0.5"[39m
                  [33mfill[39m=[32m"none"[39m
                  [33mheight[39m=[32m"24"[39m
                  [33mstroke[39m=[32m"currentColor"[39m
                  [33mstroke-linecap[39m=[32m"round"[39m
                  [33mstroke-linejoin[39m=[32m"round"[39m
                  [33mstroke-width[39m=[32m"2"[39m
                  [33mviewBox[39m=[32m"0 0 24 24"[39m
                  [33mwidth[39m=[32m"24"[39m
                  [33mxmlns[39m=[32m"http://www.w3.org/2000/svg"[39m
                [36m>[39m
                  [36m<path[39m
                    [33md[39m=[32m"m21.73 18-8-14a2 2 0 0 0-3.48 0l-8 14A2 2 0 0 0 4 21h16a2 
2 0 0 0 1.73-3"[39m
                  [36m/>[39m
                  [36m<path[39m
                    [33md[39m=[32m"M12 9v4"[39m
                  [36m/>[39m
                  [36m<path[39m
                    [33md[39m=[32m"M12 17h.01"[39m
                  [36m/>[39m
                [36m</svg>[39m
                [36m<div[39m
                  [33mclass[39m=[32m"flex-1"[39m
                [36m>[39m
                  [36m<h4[39m
                    [33mclass[39m=[32m"text-lg font-semibold text-amber-900"[39m
                  [36m>[39m
                    [0mAccess Denied[0m
                  [36m</h4>[39m
                  [36m<p[39m
                    [33mclass[39m=[32m"mt-1 text-sm text-amber-800"[39m
                  [36m>[39m
                    [0mYou do not have access to this page. Only [0m
                    [36m<strong>[39m
                      [0mAdmins[0m
                    [36m</strong>[39m
                    [0m or [0m
                    [36m<strong>[39m
                      [0mSystem Managers[0m
                    [36m</strong>[39m
                    [0m can manage user points.[0m
                  [36m</p>[39m
                  [36m<div[39m
                    [33mclass[39m=[32m"mt-3 h-px bg-amber-200"[39m
                  [36m/>[39m
                  [36m<p[39m
                    [33mclass[39m=[32m"mt-3 text-sm text-amber-800"[39m
                  [36m>[39m
                    [0mPlease contact an administrator if you need access.[0m
                  [36m</p>[39m
                [36m</div>[39m
              [36m</div>[39m
            [36m</div>[39m
          [36m</div>[39m
        [36m</div>[39m
      [36m</div>[39m
    [36m</body>[39m

    [0m [90m 87 |[39m
     [90m 88 |[39m     [90m// Access denied UI[39m
    [31m[1m>[22m[39m[90m 89 |[39m     expect([36mawait[39m 
screen[33m.[39mfindByText([35m/Khﾃｴng cﾃｳ quy盻］ truy 
c蘯ｭp/i[39m))[33m.[39mtoBeInTheDocument()[33m;[39m
     [90m    |[39m                         [31m[1m^[22m[39m
     [90m 90 |[39m     [90m// Ensure no fetchAll called[39m
     [90m 91 |[39m     
expect(upApi[33m.[39mgetAllUserPoints)[33m.[39mnot[33m.[39mtoHaveBeenCalled()[33m;[39m
     [90m 92 |[39m   })[33m;[39m[0m

      at waitForWrapper (node_modules/@testing-library/dom/dist/wait-for.js:163:27)
      at findByText (node_modules/@testing-library/dom/dist/query-helpers.js:86:33)
      at Object.<anonymous> 
(src/test/__tests_cps__/pages/admin.UserPointsManagement.test.tsx:89:25)

FAIL src/test/__tests_cps__/pages/Learning.LearningPath.test.tsx
  笳・LearningPath page 窶ｺ renders learning path, completes stage, and accepts recommendation

    Found multiple elements with the text: /Learning Path/i

    Here are the matching elements:

    Ignored nodes: comments, script, style
    [36m<h1[39m
      [33mclass[39m=[32m"text-3xl font-bold text-gray-900 dark:text-white mb-2 flex 
items-center gap-2"[39m
    [36m>[39m
      [36m<svg[39m
        [33maria-hidden[39m=[32m"true"[39m
        [33mclass[39m=[32m"lucide lucide-book-open w-8 h-8 text-indigo-600"[39m
        [33mfill[39m=[32m"none"[39m
        [33mheight[39m=[32m"24"[39m
        [33mstroke[39m=[32m"currentColor"[39m
        [33mstroke-linecap[39m=[32m"round"[39m
        [33mstroke-linejoin[39m=[32m"round"[39m
        [33mstroke-width[39m=[32m"2"[39m
        [33mviewBox[39m=[32m"0 0 24 24"[39m
        [33mwidth[39m=[32m"24"[39m
        [33mxmlns[39m=[32m"http://www.w3.org/2000/svg"[39m
      [36m>[39m
        [36m<path[39m
          [33md[39m=[32m"M12 7v14"[39m
        [36m/>[39m
        [36m<path[39m
          [33md[39m=[32m"M3 18a1 1 0 0 1-1-1V4a1 1 0 0 1 1-1h5a4 4 0 0 1 4 4 4 4 0 0 1 
4-4h5a1 1 0 0 1 1 1v13a1 1 0 0 1-1 1h-6a3 3 0 0 0-3 3 3 3 0 0 0-3-3z"[39m
        [36m/>[39m
      [36m</svg>[39m
      [0mLearning Path[0m
    [36m</h1>[39m

    Ignored nodes: comments, script, style
    [36m<p[39m
      [33mclass[39m=[32m"text-gray-600 dark:text-gray-400"[39m
    [36m>[39m
      [0mPersonalized learning path based on your current progress and skills.[0m
    [36m</p>[39m

    (If this is intentional, then use the `*AllBy*` variant of the query (like 
`queryAllByText`, `getAllByText`, or `findAllByText`)).

    Ignored nodes: comments, script, style
    [36m<body>[39m
      [36m<div>[39m
        [36m<div[39m
          [33mclass[39m=[32m"p-6 bg-gray-50 dark:bg-slate-900 min-h-screen"[39m
        [36m>[39m
          [36m<div[39m
            [33mclass[39m=[32m"mb-6"[39m
          [36m>[39m
            [36m<div[39m
              [33mclass[39m=[32m"flex items-center justify-between"[39m
            [36m>[39m
              [36m<div>[39m
                [36m<h1[39m
                  [33mclass[39m=[32m"text-3xl font-bold text-gray-900 dark:text-white mb-2 
flex items-center gap-2"[39m
                [36m>[39m
                  [36m<svg[39m
                    [33maria-hidden[39m=[32m"true"[39m
                    [33mclass[39m=[32m"lucide lucide-book-open w-8 h-8 text-indigo-600"[39m
                    [33mfill[39m=[32m"none"[39m
                    [33mheight[39m=[32m"24"[39m
                    [33mstroke[39m=[32m"currentColor"[39m
                    [33mstroke-linecap[39m=[32m"round"[39m
                    [33mstroke-linejoin[39m=[32m"round"[39m
                    [33mstroke-width[39m=[32m"2"[39m
                    [33mviewBox[39m=[32m"0 0 24 24"[39m
                    [33mwidth[39m=[32m"24"[39m
                    [33mxmlns[39m=[32m"http://www.w3.org/2000/svg"[39m
                  [36m>[39m
                    [36m<path[39m
                      [33md[39m=[32m"M12 7v14"[39m
                    [36m/>[39m
                    [36m<path[39m
                      [33md[39m=[32m"M3 18a1 1 0 0 1-1-1V4a1 1 0 0 1 1-1h5a4 4 0 0 1 4 4 4 4 
0 0 1 4-4h5a1 1 0 0 1 1 1v13a1 1 0 0 1-1 1h-6a3 3 0 0 0-3 3 3 3 0 0 0-3-3z"[39m
                    [36m/>[39m
                  [36m</svg>[39m
                  [0mLearning Path[0m
                [36m</h1>[39m
                [36m<p[39m
                  [33mclass[39m=[32m"text-gray-600 dark:text-gray-400"[39m
                [36m>[39m
                  [0mPersonalized learning path based on your current progress and skills.[0m
                [36m</p>[39m
              [36m</div>[39m
              [36m<div[39m
                [33mclass[39m=[32m"flex items-center gap-3"[39m
              [36m>[39m
                [36m<select[39m
                  [33mclass[39m=[32m"px-4 py-2 border-2 border-gray-300 
dark:border-slate-600 bg-white dark:bg-slate-700 text-gray-900 dark:text-white rounded-lg 
focus:ring-2 focus:ring-indigo-500 focus:border-indigo-500"[39m
                [36m>[39m
                  [36m<option[39m
                    [33mvalue[39m=[32m"c1"[39m
                  [36m>[39m
                    [0mCenter 1[0m
                  [36m</option>[39m
                [36m</select>[39m
                [36m<button[39m
                  [33mclass[39m=[32m"flex items-center gap-2 px-4 py-2 bg-gradient-to-r 
from-purple-500 to-indigo-500 hover:from-purple-600 hover:to-indigo-600 text-white 
font-semibold rounded-lg shadow-md hover:shadow-lg transition-all duration-200 
disabled:opacity-50 disabled:cursor-not-allowed"[39m
                [36m>[39m
                  [36m<svg[39m
                    [33maria-hidden[39m=[32m"true"[39m
                    [33mclass[39m=[32m"lucide lucide-refresh-cw w-4 h-4"[39m
                    [33mfill[39m=[32m"none"[39m
                    [33mheight[39m=[32m"24"[39m
                    [33mstroke[39m=[32m"currentColor"[39m
                    [33mstroke-linecap[39m=[32m"round"[39m
                    [33mstroke-linejoin[39m=[32m"round"[39m
                    [33mstroke-width[39m=[32m"2"[39m
                    [33mviewBox[39m=[32m"0 0 24 24"[39m
                    [33mwidth[39m=[32m"24"[39m
                    [33mxmlns[39m=[32m"http://www.w3.org/2000/svg"[39m
                  [36m>[39m
                    [36m<path[39m
                      [33md[39m=[32m"M3 12a9 9 0 0 1 9-9 9.75 9.75 0 0 1 6.74 2.74L21 8"[39m
                    [36m/>[39m
                    [36m<path[39m
                      [33md[39m=[32m"M21 3v5h-5"[39m
                    [36m/>[39m
                    [36m<path[39m
                      [33md[39m=[32m"M21 12a9 9 0 0 1-9 9 9.75 9.75 0 0 1-6.74-2.74L3 
16"[39m
                    [36m/>[39m
                    [36m<path[39m
                      [33md[39m=[32m"M8 16H3v5"[39m
                    [36m/>[39m
                  [36m</svg>[39m
                  [36m<span>[39m
                    [0mCreate New[0m
                  [36m</span>[39m
                [36m</button>[39m
              [36m</div>[39m
            [36m</div>[39m
          [36m</div>[39m
          [36m<div[39m
            [33mclass[39m=[32m"bg-white dark:bg-slate-800 shadow-lg p-6 rounded-lg border 
border-gray-200 dark:border-slate-700 mb-6"[39m
          [36m>[39m
            [36m<div[39m
              [33mclass[39m=[32m"flex items-center justify-between mb-4"[39m
            [36m>[39m
              [36m<h2[39m
                [33mclass[39m=[32m"text-xl font-bold text-gray-900 dark:text-white flex 
items-center gap-2"[39m
              [36m>[39m
                [36m<svg[39m
                  [33maria-hidden[39m=[32m"true"[39m
                  [33mclass[39m=[32m"lucide lucide-target w-5 h-5 text-indigo-500"[39m
                  [33mfill[39m=[32m"none"[39m
                  [33mheight[39m=[32m"24"[39m
                  [33mstroke[39m=[32m"currentColor"[39m
                  [33mstroke-linecap[39m=[32m"round"[39m
                  [33mstroke-linejoin[39m=[32m"round"[39m
                  [33mstroke-width[39m=[32m"2"[39m
                  [33mviewBox[39m=[32m"0 0 24 24"[39m
                  [33mwidth[39m=[32m"24"[39m
                  [33mxmlns[39m=[32m"http://www.w3.org/2000/svg"[39m
                [36m>[39m
                  [36m<circle[39m
                    [33mcx[39m=[32m"12"[39m
                    [33mcy[39m=[32m"12"[39m
                    [33mr[39m=[32m"10"[39m
                  [36m/>[39m
                  [36m<circle[39m
                    [33mcx[39m=[32m"12"[39m
                    [33mcy[39m=[32m"12"[39m
                    [33mr[39m=[32m"6"[39m
                  [36m/>[39m
                  [36m<circle[39m
                    [33mcx[39m=[32m"12"[39m
                    [33mcy[39m=[32m"12"[39m
                    [33mr[39m=[32m"2"[39m
                  [36m/>[39m
                [36m</svg>[39m
                [0mMy Path[0m
              [36m</h2>[39m
              [36m<span[39m
                [33mclass[39m=[32m"px-3 py-1 rounded-full text-sm font-semibold 
bg-indigo-100 text-indigo-700 dark:bg-indigo-900 dark:text-indigo-200"[39m
              [36m>[39m
                [0m40[0m
                [0m% completed[0m
              [36m</span>[39m
            [36m</div>[39m
            [36m<div[39m
              [33mclass[39m=[32m"w-full bg-gray-200 dark:bg-slate-700 rounded-full h-3 
mb-4"[39m
            [36m>[39m
              [36m<div[39m
                [33mclass[39m=[32m"bg-gradient-to-r from-indigo-500 to-purple-500 h-3 
rounded-full transition-all duration-500"[39m
                [33mstyle[39m=[32m"width: 40%;"[39m
              [36m/>[39m
            [36m</div>[39m
            [36m<div[39m
              [33mclass[39m=[32m"grid grid-cols-3 gap-4 text-sm"[39m
            [36m>[39m
              [36m<div>[39m
              ...

    [0m [90m 106 |[39m     [36mawait[39m renderPage()[33m;[39m
     [90m 107 |[39m
    [31m[1m>[22m[39m[90m 108 |[39m     expect([36mawait[39m 
screen[33m.[39mfindByText([35m/Learning 
Path/i[39m))[33m.[39mtoBeInTheDocument()[33m;[39m
     [90m     |[39m                         [31m[1m^[22m[39m
     [90m 109 |[39m     
expect(mockGetLearningPath)[33m.[39mtoHaveBeenCalledWith([32m"c1"[39m)[33m;[39m
     [90m 110 |[39m     
expect(mockGetSkillRecommendations)[33m.[39mtoHaveBeenCalledWith([32m"c1"[39m[33m,[39m 
[35m10[39m)[33m;[39m
     [90m 111 |[39m     expect(mockGetLearningPathProgress)[33m.[39mtoHaveBeenCalledWith([3
2m"c1"[39m)[33m;[39m[0m

      at waitForWrapper (node_modules/@testing-library/dom/dist/wait-for.js:163:27)
      at findByText (node_modules/@testing-library/dom/dist/query-helpers.js:86:33)
      at Object.<anonymous> (src/test/__tests_cps__/pages/Learning.LearningPath.test.tsx:108:25)

  笳・LearningPath page 窶ｺ shows empty state when no path and triggers generation

    expect(jest.fn()).toHaveBeenCalled()

    Expected number of calls: >= 1
    Received number of calls:    0

    [0m [90m 134 |[39m
     [90m 135 |[39m     expect([36mawait[39m screen[33m.[39mfindByText([35m/No learning 
path yet/i[39m))[33m.[39mtoBeInTheDocument()[33m;[39m
    [31m[1m>[22m[39m[90m 136 |[39m     
expect(mockToast[33m.[39merror)[33m.[39mtoHaveBeenCalled()[33m;[39m
     [90m     |[39m                             [31m[1m^[22m[39m
     [90m 137 |[39m
     [90m 138 |[39m     [36mawait[39m 
userEvent[33m.[39mclick(screen[33m.[39mgetByRole([32m"button"[39m[33m,[39m { 
name[33m:[39m [35m/T蘯｡o Learning Path/i[39m }))[33m;[39m
     [90m 139 |[39m     [36mawait[39m waitFor(() [33m=>[39m {[0m

      at Object.<anonymous> (src/test/__tests_cps__/pages/Learning.LearningPath.test.tsx:136:29)

FAIL src/test/pages/center.management.test.tsx (9.004 s)
  笳・CenterManagement 窶ｺ surfaces fetch error via modal

    expect(jest.fn()).toHaveBeenCalledWith(...expected)

    - Expected
    + Received

      Object {
    -   "message": "Khﾃｴng th盻・t蘯｣i danh sﾃ｡ch centers",
    -   "title": "L盻擁",
    +   "message": "Unable to load centers list",
    +   "title": "Error",
        "variant": "error",
      },

    Number of calls: 1

    Ignored nodes: comments, script, style
    [36m<html>[39m
      [36m<head />[39m
      [36m<body>[39m
        [36m<div>[39m
          [36m<div[39m
            [33mclass[39m=[32m"min-h-screen bg-slate-50"[39m
          [36m>[39m
            [36m<div[39m
              [33mclass[39m=[32m"relative"[39m
            [36m>[39m
              [36m<div[39m
                [33mclass[39m=[32m"bg-gradient-to-r from-blue-400 via-blue-500 to-blue-600 
border-b border-blue-200"[39m
              [36m>[39m
                [36m<div[39m
                  [33mclass[39m=[32m"max-w-[1400px] mx-auto px-4 md:px-8 py-6"[39m
                [36m>[39m
                  [36m<div[39m
                    [33mclass[39m=[32m"flex items-center justify-between gap-6"[39m
                  [36m>[39m
                    [36m<div[39m
                      [33mclass[39m=[32m"flex items-center gap-3"[39m
                    [36m>[39m
                      [36m<div[39m
                        [33mclass[39m=[32m"w-12 h-12 rounded-lg bg-gradient-to-br 
from-blue-500 to-blue-600 flex items-center justify-center text-white"[39m
                      [36m>[39m
                        [36m<svg[39m
                          [33mfill[39m=[32m"none"[39m
                          [33mheight[39m=[32m"40"[39m
                          [33mviewBox[39m=[32m"0 0 40 40"[39m
                          [33mwidth[39m=[32m"40"[39m
                          [33mxmlns[39m=[32m"http://www.w3.org/2000/svg"[39m
                        [36m>[39m
                          [36m<rect[39m
                            [33mfill[39m=[32m"#ffffff"[39m
                            [33mheight[39m=[32m"16"[39m
                            [33mstroke[39m=[32m"none"[39m
                            [33mwidth[39m=[32m"7"[39m
                            [33mx[39m=[32m"3"[39m
                            [33my[39m=[32m"12"[39m
                          [36m/>[39m
                          [36m<rect[39m
                            [33mfill[39m=[32m"#1e293b"[39m
                            [33mheight[39m=[32m"1.5"[39m
                            [33mwidth[39m=[32m"1.5"[39m
                            [33mx[39m=[32m"4"[39m
                            [33my[39m=[32m"14"[39m
                          [36m/>[39m
                          [36m<rect[39m
                            [33mfill[39m=[32m"#1e293b"[39m
                            [33mheight[39m=[32m"1.5"[39m
                            [33mwidth[39m=[32m"1.5"[39m
                            [33mx[39m=[32m"6.5"[39m
                            [33my[39m=[32m"14"[39m
                          [36m/>[39m
                          [36m<rect[39m
                            [33mfill[39m=[32m"#1e293b"[39m
                            [33mheight[39m=[32m"1.5"[39m
                            [33mwidth[39m=[32m"1.5"[39m
                            [33mx[39m=[32m"9.5"[39m
                            [33my[39m=[32m"14"[39m
                          [36m/>[39m
                          [36m<rect[39m
                            [33mfill[39m=[32m"#1e293b"[39m
                            [33mheight[39m=[32m"1.5"[39m
                            [33mwidth[39m=[32m"1.5"[39m
                            [33mx[39m=[32m"4"[39m
                            [33my[39m=[32m"17"[39m
                          [36m/>[39m
                          [36m<rect[39m
                            [33mfill[39m=[32m"#1e293b"[39m
                            [33mheight[39m=[32m"1.5"[39m
                            [33mwidth[39m=[32m"1.5"[39m
                            [33mx[39m=[32m"6.5"[39m
                            [33my[39m=[32m"17"[39m
                          [36m/>[39m
                          [36m<rect[39m
                            [33mfill[39m=[32m"#1e293b"[39m
                            [33mheight[39m=[32m"1.5"[39m
                            [33mwidth[39m=[32m"1.5"[39m
                            [33mx[39m=[32m"9.5"[39m
                            [33my[39m=[32m"17"[39m
                          [36m/>[39m
                          [36m<rect[39m
                            [33mfill[39m=[32m"#1e293b"[39m
                            [33mheight[39m=[32m"1.5"[39m
                            [33mwidth[39m=[32m"1.5"[39m
                            [33mx[39m=[32m"4"[39m
                            [33my[39m=[32m"20"[39m
                          [36m/>[39m
                          [36m<rect[39m
                            [33mfill[39m=[32m"#1e293b"[39m
                            [33mheight[39m=[32m"1.5"[39m
                            [33mwidth[39m=[32m"1.5"[39m
                            [33mx[39m=[32m"6.5"[39m
                            [33my[39m=[32m"20"[39m
                          [36m/>[39m
                          [36m<rect[39m
                            [33mfill[39m=[32m"#1e293b"[39m
                            [33mheight[39m=[32m"1.5"[39m
                            [33mwidth[39m=[32m"1.5"[39m
                            [33mx[39m=[32m"9.5"[39m
                            [33my[39m=[32m"20"[39m
                          [36m/>[39m
                          [36m<rect[39m
                            [33mfill[39m=[32m"#ffffff"[39m
                            [33mheight[39m=[32m"18"[39m
                            [33mstroke[39m=[32m"none"[39m
                            [33mwidth[39m=[32m"7"[39m
                            [33mx[39m=[32m"13"[39m
                            [33my[39m=[32m"10"[39m
                          [36m/>[39m
                          [36m<rect[39m
                            [33mfill[39m=[32m"#1e293b"[39m
                            [33mheight[39m=[32m"1.5"[39m
                            [33mwidth[39m=[32m"1.5"[39m
                            [33mx[39m=[32m"14"[39m
                            [33my[39m=[32m"12"[39m
                          [36m/>[39m
                          [36m<rect[39m
                            [33mfill[39m=[32m"#1e293b"[39m
                            [33mheight[39m=[32m"1.5"[39m
                            [33mwidth[39m=[32m"1.5"[39m
                            [33mx[39m=[32m"16.5"[39m
                            [33my[39m=[32m"12"[39m
                          [36m/>[39m
                          [36m<rect[39m
                            [33mfill[39m=[32m"#1e293b"[39m
                            [33mheight[39m=[32m"1.5"[39m
                            [33mwidth[39m=[32m"1.5"[39m
                            [33mx[39m=[32m"19.5"[39m
                            [33my[39m=[32m"12"[39m
                          [36m/>[39m
                          [36m<rect[39m
                            [33mfill[39m=[32m"#1e293b"[39m
                            [33mheight[39m=[32m"1.5"[39m
                            [33mwidth[39m=[32m"1.5"[39m
                            [33mx[39m=[32m"14"[39m
                            [33my[39m=[32m"15"[39m
                          [36m/>[39m
                          [36m<rect[39m
                            [33mfill[39m=[32m"#1e293b"[39m
                            [33mheight[39m=[32m"1.5"[39m
                            [33mwidth[39m=[32m"1.5"[39m
                            [33mx[39m=[32m"16....

    [0m [90m 106 |[39m
     [90m 107 |[39m     [36mawait[39m waitFor(() [33m=>[39m {
    [31m[1m>[22m[39m[90m 108 |[39m       expect(show)[33m.[39mtoHaveBeenCalledWith({
     [90m     |[39m                    [31m[1m^[22m[39m
     [90m 109 |[39m         title[33m:[39m [32m"L盻擁"[39m[33m,[39m
     [90m 110 |[39m         message[33m:[39m [32m"Khﾃｴng th盻・t蘯｣i danh sﾃ｡ch 
centers"[39m[33m,[39m
     [90m 111 |[39m         variant[33m:[39m [32m"error"[39m[33m,[39m[0m

      at src/test/pages/center.management.test.tsx:108:20
      at runWithExpensiveErrorDiagnosticsDisabled 
(node_modules/@testing-library/dom/dist/config.js:47:12)
      at checkCallback (node_modules/@testing-library/dom/dist/wait-for.js:124:77)
      at checkRealTimersCallback (node_modules/@testing-library/dom/dist/wait-for.js:118:16)
      at Timeout.task [as _onTimeout] (node_modules/jsdom/lib/jsdom/browser/Window.js:516:19)

  笳・CenterManagement 窶ｺ validates required name before submit

    expect(jest.fn()).toHaveBeenCalledWith(...expected)

    - Expected
    + Received

      Object {
    -   "message": "Tﾃｪn center khﾃｴng ﾄ柁ｰ盻｣c ﾄ黛ｻ・tr盻創g",
    -   "title": "L盻擁",
    +   "message": "Center name cannot be empty",
    +   "title": "Error",
        "variant": "error",
      },

    Number of calls: 1

    Ignored nodes: comments, script, style
    [36m<html>[39m
      [36m<head />[39m
      [36m<body>[39m
        [36m<div>[39m
          [36m<div[39m
            [33mclass[39m=[32m"min-h-screen bg-slate-50"[39m
          [36m>[39m
            [36m<div[39m
              [33mclass[39m=[32m"relative"[39m
            [36m>[39m
              [36m<div[39m
                [33mclass[39m=[32m"bg-gradient-to-r from-blue-400 via-blue-500 to-blue-600 
border-b border-blue-200"[39m
              [36m>[39m
                [36m<div[39m
                  [33mclass[39m=[32m"max-w-[1400px] mx-auto px-4 md:px-8 py-6"[39m
                [36m>[39m
                  [36m<div[39m
                    [33mclass[39m=[32m"flex items-center justify-between gap-6"[39m
                  [36m>[39m
                    [36m<div[39m
                      [33mclass[39m=[32m"flex items-center gap-3"[39m
                    [36m>[39m
                      [36m<div[39m
                        [33mclass[39m=[32m"w-12 h-12 rounded-lg bg-gradient-to-br 
from-blue-500 to-blue-600 flex items-center justify-center text-white"[39m
                      [36m>[39m
                        [36m<svg[39m
                          [33mfill[39m=[32m"none"[39m
                          [33mheight[39m=[32m"40"[39m
                          [33mviewBox[39m=[32m"0 0 40 40"[39m
                          [33mwidth[39m=[32m"40"[39m
                          [33mxmlns[39m=[32m"http://www.w3.org/2000/svg"[39m
                        [36m>[39m
                          [36m<rect[39m
                            [33mfill[39m=[32m"#ffffff"[39m
                            [33mheight[39m=[32m"16"[39m
                            [33mstroke[39m=[32m"none"[39m
                            [33mwidth[39m=[32m"7"[39m
                            [33mx[39m=[32m"3"[39m
                            [33my[39m=[32m"12"[39m
                          [36m/>[39m
                          [36m<rect[39m
                            [33mfill[39m=[32m"#1e293b"[39m
                            [33mheight[39m=[32m"1.5"[39m
                            [33mwidth[39m=[32m"1.5"[39m
                            [33mx[39m=[32m"4"[39m
                            [33my[39m=[32m"14"[39m
                          [36m/>[39m
                          [36m<rect[39m
                            [33mfill[39m=[32m"#1e293b"[39m
                            [33mheight[39m=[32m"1.5"[39m
                            [33mwidth[39m=[32m"1.5"[39m
                            [33mx[39m=[32m"6.5"[39m
                            [33my[39m=[32m"14"[39m
                          [36m/>[39m
                          [36m<rect[39m
                            [33mfill[39m=[32m"#1e293b"[39m
                            [33mheight[39m=[32m"1.5"[39m
                            [33mwidth[39m=[32m"1.5"[39m
                            [33mx[39m=[32m"9.5"[39m
                            [33my[39m=[32m"14"[39m
                          [36m/>[39m
                          [36m<rect[39m
                            [33mfill[39m=[32m"#1e293b"[39m
                            [33mheight[39m=[32m"1.5"[39m
                            [33mwidth[39m=[32m"1.5"[39m
                            [33mx[39m=[32m"4"[39m
                            [33my[39m=[32m"17"[39m
                          [36m/>[39m
                          [36m<rect[39m
                            [33mfill[39m=[32m"#1e293b"[39m
                            [33mheight[39m=[32m"1.5"[39m
                            [33mwidth[39m=[32m"1.5"[39m
                            [33mx[39m=[32m"6.5"[39m
                            [33my[39m=[32m"17"[39m
                          [36m/>[39m
                          [36m<rect[39m
                            [33mfill[39m=[32m"#1e293b"[39m
                            [33mheight[39m=[32m"1.5"[39m
                            [33mwidth[39m=[32m"1.5"[39m
                            [33mx[39m=[32m"9.5"[39m
                            [33my[39m=[32m"17"[39m
                          [36m/>[39m
                          [36m<rect[39m
                            [33mfill[39m=[32m"#1e293b"[39m
                            [33mheight[39m=[32m"1.5"[39m
                            [33mwidth[39m=[32m"1.5"[39m
                            [33mx[39m=[32m"4"[39m
                            [33my[39m=[32m"20"[39m
                          [36m/>[39m
                          [36m<rect[39m
                            [33mfill[39m=[32m"#1e293b"[39m
                            [33mheight[39m=[32m"1.5"[39m
                            [33mwidth[39m=[32m"1.5"[39m
                            [33mx[39m=[32m"6.5"[39m
                            [33my[39m=[32m"20"[39m
                          [36m/>[39m
                          [36m<rect[39m
                            [33mfill[39m=[32m"#1e293b"[39m
                            [33mheight[39m=[32m"1.5"[39m
                            [33mwidth[39m=[32m"1.5"[39m
                            [33mx[39m=[32m"9.5"[39m
                            [33my[39m=[32m"20"[39m
                          [36m/>[39m
                          [36m<rect[39m
                            [33mfill[39m=[32m"#ffffff"[39m
                            [33mheight[39m=[32m"18"[39m
                            [33mstroke[39m=[32m"none"[39m
                            [33mwidth[39m=[32m"7"[39m
                            [33mx[39m=[32m"13"[39m
                            [33my[39m=[32m"10"[39m
                          [36m/>[39m
                          [36m<rect[39m
                            [33mfill[39m=[32m"#1e293b"[39m
                            [33mheight[39m=[32m"1.5"[39m
                            [33mwidth[39m=[32m"1.5"[39m
                            [33mx[39m=[32m"14"[39m
                            [33my[39m=[32m"12"[39m
                          [36m/>[39m
                          [36m<rect[39m
                            [33mfill[39m=[32m"#1e293b"[39m
                            [33mheight[39m=[32m"1.5"[39m
                            [33mwidth[39m=[32m"1.5"[39m
                            [33mx[39m=[32m"16.5"[39m
                            [33my[39m=[32m"12"[39m
                          [36m/>[39m
                          [36m<rect[39m
                            [33mfill[39m=[32m"#1e293b"[39m
                            [33mheight[39m=[32m"1.5"[39m
                            [33mwidth[39m=[32m"1.5"[39m
                            [33mx[39m=[32m"19.5"[39m
                            [33my[39m=[32m"12"[39m
                          [36m/>[39m
                          [36m<rect[39m
                            [33mfill[39m=[32m"#1e293b"[39m
                            [33mheight[39m=[32m"1.5"[39m
                            [33mwidth[39m=[32m"1.5"[39m
                            [33mx[39m=[32m"14"[39m
                            [33my[39m=[32m"15"[39m
                          [36m/>[39m
                          [36m<rect[39m
                            [33mfill[39m=[32m"#1e293b"[39m
                            [33mheight[39m=[32m"1.5"[39m
                            [33mwidth[39m=[32m"1.5"[39m
                            [33mx[39m=[32m"16....

    [0m [90m 165 |[39m
     [90m 166 |[39m     [36mawait[39m waitFor(() [33m=>[39m
    [31m[1m>[22m[39m[90m 167 |[39m       expect(show)[33m.[39mtoHaveBeenCalledWith({
     [90m     |[39m                    [31m[1m^[22m[39m
     [90m 168 |[39m         title[33m:[39m [32m"L盻擁"[39m[33m,[39m
     [90m 169 |[39m         message[33m:[39m [32m"Tﾃｪn center khﾃｴng ﾄ柁ｰ盻｣c 
ﾄ黛ｻ・tr盻創g"[39m[33m,[39m
     [90m 170 |[39m         variant[33m:[39m [32m"error"[39m[33m,[39m[0m

      at src/test/pages/center.management.test.tsx:167:20
      at runWithExpensiveErrorDiagnosticsDisabled 
(node_modules/@testing-library/dom/dist/config.js:47:12)
      at checkCallback (node_modules/@testing-library/dom/dist/wait-for.js:124:77)
      at checkRealTimersCallback (node_modules/@testing-library/dom/dist/wait-for.js:118:16)
      at Timeout.task [as _onTimeout] (node_modules/jsdom/lib/jsdom/browser/Window.js:516:19)

FAIL src/test/__tests_cps__/pages/Analytics.Throughput.states.behavior.test.tsx
  笳・Analytics/Throughput behavior states 窶ｺ renders with empty results gracefully

    Found multiple elements with the text: /Throughput/i

    Here are the matching elements:

    Ignored nodes: comments, script, style
    [36m<h1[39m
      [33mclass[39m=[32m"text-3xl font-bold text-gray-900 dark:text-white mb-2"[39m
    [36m>[39m
      [0mThroughput Analysis[0m
    [36m</h1>[39m

    Ignored nodes: comments, script, style
    [36m<p[39m
      [33mclass[39m=[32m"text-gray-600 dark:text-gray-400"[39m
    [36m>[39m
      [0mAnalyze work throughput across each workflow column[0m
    [36m</p>[39m

    (If this is intentional, then use the `*AllBy*` variant of the query (like 
`queryAllByText`, `getAllByText`, or `findAllByText`)).

    Ignored nodes: comments, script, style
    [36m<body>[39m
      [36m<div>[39m
        [36m<div[39m
          [33mclass[39m=[32m"p-6 bg-gray-50 dark:bg-slate-900 min-h-screen"[39m
        [36m>[39m
          [36m<div[39m
            [33mclass[39m=[32m"max-w-7xl mx-auto"[39m
          [36m>[39m
            [36m<div[39m
              [33mclass[39m=[32m"mb-6"[39m
            [36m>[39m
              [36m<h1[39m
                [33mclass[39m=[32m"text-3xl font-bold text-gray-900 dark:text-white 
mb-2"[39m
              [36m>[39m
                [0mThroughput Analysis[0m
              [36m</h1>[39m
              [36m<p[39m
                [33mclass[39m=[32m"text-gray-600 dark:text-gray-400"[39m
              [36m>[39m
                [0mAnalyze work throughput across each workflow column[0m
              [36m</p>[39m
            [36m</div>[39m
            [36m<div[39m
              [33mclass[39m=[32m"bg-white dark:bg-slate-800 rounded-lg shadow p-4 mb-6"[39m
            [36m>[39m
              [36m<div[39m
                [33mclass[39m=[32m"grid grid-cols-1 md:grid-cols-4 gap-4"[39m
              [36m>[39m
                [36m<div>[39m
                  [36m<label[39m
                    [33mclass[39m=[32m"block text-sm font-medium text-gray-700 
dark:text-gray-300 mb-2"[39m
                  [36m>[39m
                    [0mSelect Board[0m
                  [36m</label>[39m
                  [36m<select[39m
                    [33mclass[39m=[32m"w-full px-4 py-2 border border-gray-300 
dark:border-slate-600 rounded-lg bg-white dark:bg-slate-700 text-gray-900 dark:text-white 
focus:ring-2 focus:ring-indigo-500 focus:border-transparent"[39m
                  [36m>[39m
                    [36m<option[39m
                      [33mvalue[39m=[32m"b1"[39m
                    [36m>[39m
                      [0mMy Board 1[0m
                    [36m</option>[39m
                    [36m<option[39m
                      [33mvalue[39m=[32m"b2"[39m
                    [36m>[39m
                      [0mMy Board 2[0m
                    [36m</option>[39m
                  [36m</select>[39m
                [36m</div>[39m
                [36m<div>[39m
                  [36m<label[39m
                    [33mclass[39m=[32m"block text-sm font-medium text-gray-700 
dark:text-gray-300 mb-2"[39m
                  [36m>[39m
                    [0mStart Date[0m
                  [36m</label>[39m
                  [36m<input[39m
                    [33mclass[39m=[32m"w-full px-4 py-2 border border-gray-300 
dark:border-slate-600 rounded-lg bg-white dark:bg-slate-700 text-gray-900 dark:text-white 
focus:ring-2 focus:ring-indigo-500 focus:border-transparent"[39m
                    [33mtype[39m=[32m"date"[39m
                    [33mvalue[39m=[32m"2025-11-10"[39m
                  [36m/>[39m
                [36m</div>[39m
                [36m<div>[39m
                  [36m<label[39m
                    [33mclass[39m=[32m"block text-sm font-medium text-gray-700 
dark:text-gray-300 mb-2"[39m
                  [36m>[39m
                    [0mEnd Date[0m
                  [36m</label>[39m
                  [36m<input[39m
                    [33mclass[39m=[32m"w-full px-4 py-2 border border-gray-300 
dark:border-slate-600 rounded-lg bg-white dark:bg-slate-700 text-gray-900 dark:text-white 
focus:ring-2 focus:ring-indigo-500 focus:border-transparent"[39m
                    [33mtype[39m=[32m"date"[39m
                    [33mvalue[39m=[32m"2025-12-10"[39m
                  [36m/>[39m
                [36m</div>[39m
                [36m<div>[39m
                  [36m<label[39m
                    [33mclass[39m=[32m"block text-sm font-medium text-gray-700 
dark:text-gray-300 mb-2"[39m
                  [36m>[39m
                    [0mWIP Limit[0m
                  [36m</label>[39m
                  [36m<input[39m
                    [33mclass[39m=[32m"w-full px-4 py-2 border border-gray-300 
dark:border-slate-600 rounded-lg bg-white dark:bg-slate-700 text-gray-900 dark:text-white 
focus:ring-2 focus:ring-indigo-500 focus:border-transparent"[39m
                    [33mmin[39m=[32m"1"[39m
                    [33mtype[39m=[32m"number"[39m
                    [33mvalue[39m=[32m"5"[39m
                  [36m/>[39m
                [36m</div>[39m
              [36m</div>[39m
            [36m</div>[39m
            [36m<div[39m
              [33mclass[39m=[32m"bg-white dark:bg-slate-800 rounded-lg shadow p-8 
text-center"[39m
            [36m>[39m
              [36m<p[39m
                [33mclass[39m=[32m"text-gray-600 dark:text-gray-400"[39m
              [36m>[39m
                [0mNo data available. Please select a board with task history.[0m
              [36m</p>[39m
            [36m</div>[39m
          [36m</div>[39m
        [36m</div>[39m
      [36m</div>[39m
    [36m</body>[39m

    [0m [90m 29 |[39m     render([33m<[39m[33mThroughputPage[39m 
[33m/[39m[33m>[39m)[33m;[39m
     [90m 30 |[39m     [90m// Heading or label presence confirms render; avoid charts 
internals[39m
    [31m[1m>[22m[39m[90m 31 |[39m     expect([36mawait[39m 
screen[33m.[39mfindByText([35m/Throughput/i[39m))[33m.[39mtoBeInTheDocument()[33m;[39m
     [90m    |[39m                         [31m[1m^[22m[39m
     [90m 32 |[39m     expect(screen[33m.[39mgetByText([35m/no 
data/i[39m))[33m.[39mtoBeTruthy()[33m;[39m
     [90m 33 |[39m   })[33m;[39m
     [90m 34 |[39m[0m

      at waitForWrapper (node_modules/@testing-library/dom/dist/wait-for.js:163:27)
      at findByText (node_modules/@testing-library/dom/dist/query-helpers.js:86:33)
      at Object.<anonymous> 
(src/test/__tests_cps__/pages/Analytics.Throughput.states.behavior.test.tsx:31:25)

  笳・Analytics/Throughput behavior states 窶ｺ renders with loaded data

    Found multiple elements with the text: /Throughput/i

    Here are the matching elements:

    Ignored nodes: comments, script, style
    [36m<h1[39m
      [33mclass[39m=[32m"text-3xl font-bold text-gray-900 dark:text-white mb-2"[39m
    [36m>[39m
      [0mThroughput Analysis[0m
    [36m</h1>[39m

    Ignored nodes: comments, script, style
    [36m<p[39m
      [33mclass[39m=[32m"text-gray-600 dark:text-gray-400"[39m
    [36m>[39m
      [0mAnalyze work throughput across each workflow column[0m
    [36m</p>[39m

    (If this is intentional, then use the `*AllBy*` variant of the query (like 
`queryAllByText`, `getAllByText`, or `findAllByText`)).

    Ignored nodes: comments, script, style
    [36m<body>[39m
      [36m<div>[39m
        [36m<div[39m
          [33mclass[39m=[32m"p-6 bg-gray-50 dark:bg-slate-900 min-h-screen"[39m
        [36m>[39m
          [36m<div[39m
            [33mclass[39m=[32m"max-w-7xl mx-auto"[39m
          [36m>[39m
            [36m<div[39m
              [33mclass[39m=[32m"mb-6"[39m
            [36m>[39m
              [36m<h1[39m
                [33mclass[39m=[32m"text-3xl font-bold text-gray-900 dark:text-white 
mb-2"[39m
              [36m>[39m
                [0mThroughput Analysis[0m
              [36m</h1>[39m
              [36m<p[39m
                [33mclass[39m=[32m"text-gray-600 dark:text-gray-400"[39m
              [36m>[39m
                [0mAnalyze work throughput across each workflow column[0m
              [36m</p>[39m
            [36m</div>[39m
            [36m<div[39m
              [33mclass[39m=[32m"bg-white dark:bg-slate-800 rounded-lg shadow p-4 mb-6"[39m
            [36m>[39m
              [36m<div[39m
                [33mclass[39m=[32m"grid grid-cols-1 md:grid-cols-4 gap-4"[39m
              [36m>[39m
                [36m<div>[39m
                  [36m<label[39m
                    [33mclass[39m=[32m"block text-sm font-medium text-gray-700 
dark:text-gray-300 mb-2"[39m
                  [36m>[39m
                    [0mSelect Board[0m
                  [36m</label>[39m
                  [36m<select[39m
                    [33mclass[39m=[32m"w-full px-4 py-2 border border-gray-300 
dark:border-slate-600 rounded-lg bg-white dark:bg-slate-700 text-gray-900 dark:text-white 
focus:ring-2 focus:ring-indigo-500 focus:border-transparent"[39m
                  [36m>[39m
                    [36m<option[39m
                      [33mvalue[39m=[32m"b1"[39m
                    [36m>[39m
                      [0mMy Board 1[0m
                    [36m</option>[39m
                    [36m<option[39m
                      [33mvalue[39m=[32m"b2"[39m
                    [36m>[39m
                      [0mMy Board 2[0m
                    [36m</option>[39m
                  [36m</select>[39m
                [36m</div>[39m
                [36m<div>[39m
                  [36m<label[39m
                    [33mclass[39m=[32m"block text-sm font-medium text-gray-700 
dark:text-gray-300 mb-2"[39m
                  [36m>[39m
                    [0mStart Date[0m
                  [36m</label>[39m
                  [36m<input[39m
                    [33mclass[39m=[32m"w-full px-4 py-2 border border-gray-300 
dark:border-slate-600 rounded-lg bg-white dark:bg-slate-700 text-gray-900 dark:text-white 
focus:ring-2 focus:ring-indigo-500 focus:border-transparent"[39m
                    [33mtype[39m=[32m"date"[39m
                    [33mvalue[39m=[32m"2025-11-10"[39m
                  [36m/>[39m
                [36m</div>[39m
                [36m<div>[39m
                  [36m<label[39m
                    [33mclass[39m=[32m"block text-sm font-medium text-gray-700 
dark:text-gray-300 mb-2"[39m
                  [36m>[39m
                    [0mEnd Date[0m
                  [36m</label>[39m
                  [36m<input[39m
                    [33mclass[39m=[32m"w-full px-4 py-2 border border-gray-300 
dark:border-slate-600 rounded-lg bg-white dark:bg-slate-700 text-gray-900 dark:text-white 
focus:ring-2 focus:ring-indigo-500 focus:border-transparent"[39m
                    [33mtype[39m=[32m"date"[39m
                    [33mvalue[39m=[32m"2025-12-10"[39m
                  [36m/>[39m
                [36m</div>[39m
                [36m<div>[39m
                  [36m<label[39m
                    [33mclass[39m=[32m"block text-sm font-medium text-gray-700 
dark:text-gray-300 mb-2"[39m
                  [36m>[39m
                    [0mWIP Limit[0m
                  [36m</label>[39m
                  [36m<input[39m
                    [33mclass[39m=[32m"w-full px-4 py-2 border border-gray-300 
dark:border-slate-600 rounded-lg bg-white dark:bg-slate-700 text-gray-900 dark:text-white 
focus:ring-2 focus:ring-indigo-500 focus:border-transparent"[39m
                    [33mmin[39m=[32m"1"[39m
                    [33mtype[39m=[32m"number"[39m
                    [33mvalue[39m=[32m"5"[39m
                  [36m/>[39m
                [36m</div>[39m
              [36m</div>[39m
            [36m</div>[39m
            [36m<div[39m
              [33mclass[39m=[32m"bg-white dark:bg-slate-800 rounded-lg shadow p-8 
text-center"[39m
            [36m>[39m
              [36m<p[39m
                [33mclass[39m=[32m"text-gray-600 dark:text-gray-400"[39m
              [36m>[39m
                [0mNo data available. Please select a board with task history.[0m
              [36m</p>[39m
            [36m</div>[39m
          [36m</div>[39m
        [36m</div>[39m
      [36m</div>[39m
    [36m</body>[39m

    [0m [90m 37 |[39m     api[33m.[39mfetchThroughput[33m.[39mmockResolvedValueOnce({ 
data[33m:[39m { throughput[33m:[39m [ { date[33m:[39m [32m'2025-12-01'[39m[33m,[39m 
count[33m:[39m [35m5[39m } ] } })[33m;[39m
     [90m 38 |[39m     render([33m<[39m[33mThroughputPage[39m 
[33m/[39m[33m>[39m)[33m;[39m
    [31m[1m>[22m[39m[90m 39 |[39m     expect([36mawait[39m 
screen[33m.[39mfindByText([35m/Throughput/i[39m))[33m.[39mtoBeInTheDocument()[33m;[39m
     [90m    |[39m                         [31m[1m^[22m[39m
     [90m 40 |[39m     [90m// Assert presence of filter controls; avoid chart internals[39m
     [90m 41 |[39m     expect(screen[33m.[39mgetByText([35m/Select 
Board/i[39m))[33m.[39mtoBeInTheDocument()[33m;[39m
     [90m 42 |[39m   })[33m;[39m[0m

      at waitForWrapper (node_modules/@testing-library/dom/dist/wait-for.js:163:27)
      at findByText (node_modules/@testing-library/dom/dist/query-helpers.js:86:33)
      at Object.<anonymous> 
(src/test/__tests_cps__/pages/Analytics.Throughput.states.behavior.test.tsx:39:25)

FAIL src/test/__tests_cps__/pages/Analytics.Completion.states.behavior.test.tsx
  笳・Analytics/Completion behavior states 窶ｺ empty results state

    Found multiple elements with the text: /Completion Speed Analysis|No data available/i

    Here are the matching elements:

    Ignored nodes: comments, script, style
    [36m<h1[39m
      [33mclass[39m=[32m"text-3xl font-bold text-gray-900 dark:text-white mb-2"[39m
    [36m>[39m
      [0mCompletion Speed Analysis[0m
    [36m</h1>[39m

    Ignored nodes: comments, script, style
    [36m<p[39m
      [33mclass[39m=[32m"text-gray-600 dark:text-gray-400 text-lg"[39m
    [36m>[39m
      [0mNo data available. Please select a board with completed tasks.[0m
    [36m</p>[39m

    (If this is intentional, then use the `*AllBy*` variant of the query (like 
`queryAllByText`, `getAllByText`, or `findAllByText`)).

    Ignored nodes: comments, script, style
    [36m<body>[39m
      [36m<div>[39m
        [36m<div[39m
          [33mclass[39m=[32m"min-h-screen bg-gradient-to-br from-gray-50 via-white 
to-gray-50 dark:from-slate-900 dark:via-slate-800 dark:to-slate-900 p-6"[39m
        [36m>[39m
          [36m<div[39m
            [33mclass[39m=[32m"max-w-7xl mx-auto space-y-6"[39m
          [36m>[39m
            [36m<div[39m
              [33mclass[39m=[32m"bg-white dark:bg-slate-800  shadow-lg p-6 border 
border-gray-200 dark:border-slate-700"[39m
            [36m>[39m
              [36m<div[39m
                [33mclass[39m=[32m"flex items-center justify-between"[39m
              [36m>[39m
                [36m<div>[39m
                  [36m<h1[39m
                    [33mclass[39m=[32m"text-3xl font-bold text-gray-900 dark:text-white 
mb-2"[39m
                  [36m>[39m
                    [0mCompletion Speed Analysis[0m
                  [36m</h1>[39m
                  [36m<p[39m
                    [33mclass[39m=[32m"text-gray-600 dark:text-gray-400"[39m
                  [36m>[39m
                    [0mTrack weekly completion speed to assess productivity and forecast[0m
                  [36m</p>[39m
                [36m</div>[39m
                [36m<div[39m
                  [33mclass[39m=[32m"p-4 bg-gradient-to-br from-indigo-100 to-purple-100 
dark:from-indigo-900/30 dark:to-purple-900/30 "[39m
                [36m>[39m
                  [36m<svg[39m
                    [33maria-hidden[39m=[32m"true"[39m
                    [33mclass[39m=[32m"lucide lucide-activity w-8 h-8 text-indigo-600 
dark:text-indigo-400"[39m
                    [33mfill[39m=[32m"none"[39m
                    [33mheight[39m=[32m"24"[39m
                    [33mstroke[39m=[32m"currentColor"[39m
                    [33mstroke-linecap[39m=[32m"round"[39m
                    [33mstroke-linejoin[39m=[32m"round"[39m
                    [33mstroke-width[39m=[32m"2"[39m
                    [33mviewBox[39m=[32m"0 0 24 24"[39m
                    [33mwidth[39m=[32m"24"[39m
                    [33mxmlns[39m=[32m"http://www.w3.org/2000/svg"[39m
                  [36m>[39m
                    [36m<path[39m
                      [33md[39m=[32m"M22 12h-2.48a2 2 0 0 0-1.93 1.46l-2.35 8.36a.25.25 0 0 
1-.48 0L9.24 2.18a.25.25 0 0 0-.48 0l-2.35 8.36A2 2 0 0 1 4.49 12H2"[39m
                    [36m/>[39m
                  [36m</svg>[39m
                [36m</div>[39m
              [36m</div>[39m
            [36m</div>[39m
            [36m<div[39m
              [33mclass[39m=[32m"bg-white dark:bg-slate-800  shadow-lg p-6 border 
border-gray-200 dark:border-slate-700"[39m
            [36m>[39m
              [36m<div[39m
                [33mclass[39m=[32m"grid grid-cols-1 md:grid-cols-3 gap-4"[39m
              [36m>[39m
                [36m<div>[39m
                  [36m<label[39m
                    [33mclass[39m=[32m"block text-sm font-semibold text-gray-700 
dark:text-gray-300 mb-2"[39m
                  [36m>[39m
                    [36m<svg[39m
                      [33maria-hidden[39m=[32m"true"[39m
                      [33mclass[39m=[32m"lucide lucide-calendar w-4 h-4 inline mr-1"[39m
                      [33mfill[39m=[32m"none"[39m
                      [33mheight[39m=[32m"24"[39m
                      [33mstroke[39m=[32m"currentColor"[39m
                      [33mstroke-linecap[39m=[32m"round"[39m
                      [33mstroke-linejoin[39m=[32m"round"[39m
                      [33mstroke-width[39m=[32m"2"[39m
                      [33mviewBox[39m=[32m"0 0 24 24"[39m
                      [33mwidth[39m=[32m"24"[39m
                      [33mxmlns[39m=[32m"http://www.w3.org/2000/svg"[39m
                    [36m>[39m
                      [36m<path[39m
                        [33md[39m=[32m"M8 2v4"[39m
                      [36m/>[39m
                      [36m<path[39m
                        [33md[39m=[32m"M16 2v4"[39m
                      [36m/>[39m
                      [36m<rect[39m
                        [33mheight[39m=[32m"18"[39m
                        [33mrx[39m=[32m"2"[39m
                        [33mwidth[39m=[32m"18"[39m
                        [33mx[39m=[32m"3"[39m
                        [33my[39m=[32m"4"[39m
                      [36m/>[39m
                      [36m<path[39m
                        [33md[39m=[32m"M3 10h18"[39m
                      [36m/>[39m
                    [36m</svg>[39m
                    [0mSelect Board[0m
                  [36m</label>[39m
                  [36m<select[39m
                    [33mclass[39m=[32m"w-full px-4 py-3 border-2 border-gray-300 
dark:border-slate-600  bg-white dark:bg-slate-700 text-gray-900 dark:text-white focus:ring-2 
focus:ring-indigo-500 focus:border-indigo-500 transition-all"[39m
                  [36m>[39m
                    [36m<option[39m
                      [33mvalue[39m=[32m"b1"[39m
                    [36m>[39m
                      [0mMy Board 1[0m
                    [36m</option>[39m
                    [36m<option[39m
                      [33mvalue[39m=[32m"b2"[39m
                    [36m>[39m
                      [0mMy Board 2[0m
                    [36m</option>[39m
                  [36m</select>[39m
                [36m</div>[39m
                [36m<div>[39m
                  [36m<label[39m
                    [33mclass[39m=[32m"block text-sm font-semibold text-gray-700 
dark:text-gray-300 mb-2"[39m
                  [36m>[39m
                    [0mStart Date[0m
                  [36m</label>[39m
                  [36m<input[39m
                    [33mclass[39m=[32m"w-full px-4 py-3 border-2 border-gray-300 
dark:border-slate-600  bg-white dark:bg-slate-700 text-gray-900 dark:text-white focus:ring-2 
focus:ring-indigo-500 focus:border-indigo-500 transition-all"[39m
                    [33mtype[39m=[32m"date"[39m
                    [33mvalue[39m=[32m"2025-10-11"[39m
                  [36m/>[39m
                [36m</div>[39m
                [36m<div>[39m
                  [36m<label[39m
                    [33mclass[39m=[32m"block text-sm font-semibold text-gray-700 
dark:text-gray-300 mb-2"[39m
                  [36m>[39m
                    [0mEnd Date[0m
                  [36m</label>[39m
                  [36m<input[39m
                    [33mclass[39m=[32m"w-full px-4 py-3 border-2 border-gray-300 
dark:border-slate-600  bg-white dark:bg-slate-700 text-gray-900 dark:text-white focus:ring-2 
focus:ring-indigo-500 focus:border-indigo-500 transition-all"[39m
                    [33mtype[39m=[32m"date"[39m
                    [33mvalue[39m=[32m"2025-12-10"[39m
                  [36m/>[39m
                [36m</div>[39m
              [36m</div>[39m
            [36m</div>[39m
            [36m<div[39m
              [33mclass[39m=[32m"bg-white dark:bg-slate-800  shadow-lg p-12 text-center 
border border-gray-200 dark:border-slate-700"[39m
            [36m>[39m
              [36m<svg[39m
                [33maria-hidden[39m=[32m"true"[39m
                [33mclass[39m=[32m"lucide lucide-target w-16 h-16 text-gray-400 mx-auto 
mb-4"[39m
                [33mfill[39m=[32m"none"[39m
                [33mheight[39m=[32m"24"[39m
                [33mstroke[39m=[32m"currentColor"[39m
                [33mstroke-linecap[39m=[32m"round"[39m
                [33mstroke-linejoin[39m=[32m"round"[39m
                [33mstroke-width[39m=[32m"2"[39m
                [33mviewBox[39m=[32m"0 0 24 24"[39m
                [33mwidth[39m=[32m"24"[39m
                [33mxmlns[39m=[32m"http://www.w3.org/2000/svg"[39m
              [36m>[39m
                [36m<circle[39m
                  [33mcx[39m=[32m"12"[39m
                  [33mcy[39m=[32m"12"[39m
                  [33mr[39m=[32m"10"[39m
                [36m/>[39m
                [36m<circle[39m
                  [33mcx[39m=[32m"12"[39m
                  [33mcy[39m=[32m"12"[39m
                  [33mr[39m=[32m"6"[39m
                [36m/>[39m
                [36m<circle[39m
                  [33mcx[39m=[32m"12"[39m
                  [33mcy[39m=[32m"12"[39m
                  [33mr[39m=[32m"2"[39m
                [36m/>[39m
              [36m</svg>[39m
              [36m<p[39m
                [33mclass[39m=[32m"text-gray-600 dark:text-gray-400 text-lg"[39m
              [36m>[39m
                [0mNo data available. Please select a board with completed tasks.[0m
              [36m</p>[39m
            [36m</div>[39m
          [36m</div>[39m
        [36m</div>[39m
      [36m</div>[39m
    [36m</body>[39m

    [0m [90m 22 |[39m     api[33m.[39mfetchCompletion[33m.[39mmockResolvedValueOnce({ 
data[33m:[39m { completion[33m:[39m [] } })[33m;[39m
     [90m 23 |[39m     render([33m<[39m[33mCompletionPage[39m 
[33m/[39m[33m>[39m)[33m;[39m
    [31m[1m>[22m[39m[90m 24 |[39m     expect([36mawait[39m 
screen[33m.[39mfindByText([35m/Completion Speed Analysis|No data 
available/i[39m))[33m.[39mtoBeInTheDocument()[33m;[39m
     [90m    |[39m                         [31m[1m^[22m[39m
     [90m 25 |[39m   })[33m;[39m
     [90m 26 |[39m
     [90m 27 |[39m   test([32m'loaded data state'[39m[33m,[39m [36masync[39m () 
[33m=>[39m {[0m

      at waitForWrapper (node_modules/@testing-library/dom/dist/wait-for.js:163:27)
      at findByText (node_modules/@testing-library/dom/dist/query-helpers.js:86:33)
      at Object.<anonymous> 
(src/test/__tests_cps__/pages/Analytics.Completion.states.behavior.test.tsx:24:25)

FAIL src/test/__tests_cps__/components/fileList.behavior.test.tsx (8.65 s)
  笳・FileList behavior 窶ｺ shows loading spinner before files load

    TestingLibraryElementError: Unable to find an element with the text: /ﾄ疎ng t蘯｣i/i. This 
could be because the text is broken up by multiple elements. In this case, you can provide a 
function for your text matcher to make your matcher more flexible.

    Ignored nodes: comments, script, style
    [36m<body>[39m
      [36m<div>[39m
        [36m<div[39m
          [33mclass[39m=[32m"text-center py-4 text-gray-500 "[39m
        [36m>[39m
          [36m<div[39m
            [33mclass[39m=[32m"inline-block animate-spin rounded-full h-6 w-6 border-b-2 
border-blue-500"[39m
          [36m/>[39m
          [36m<p[39m
            [33mclass[39m=[32m"mt-2 text-sm"[39m
          [36m>[39m
            [0mLoading...[0m
          [36m</p>[39m
        [36m</div>[39m
      [36m</div>[39m
    [36m</body>[39m

    [0m [90m 102 |[39m   it([32m'shows loading spinner before files load'[39m[33m,[39m 
[36masync[39m () [33m=>[39m {
     [90m 103 |[39m     renderList()[33m;[39m
    [31m[1m>[22m[39m[90m 104 |[39m     expect(screen[33m.[39mgetByText([35m/ﾄ疎ng 
t蘯｣i/i[39m))[33m.[39mtoBeInTheDocument()[33m;[39m
     [90m     |[39m                   [31m[1m^[22m[39m
     [90m 105 |[39m     [36mawait[39m waitFor(() [33m=>[39m expect(screen[33m.[39mgetByT
ext([32m'Specs.docx'[39m))[33m.[39mtoBeInTheDocument())[33m;[39m
     [90m 106 |[39m   })[33m;[39m
     [90m 107 |[39m[0m

      at Object.getElementError (node_modules/@testing-library/dom/dist/config.js:37:19)
      at node_modules/@testing-library/dom/dist/query-helpers.js:76:38
      at node_modules/@testing-library/dom/dist/query-helpers.js:52:17
      at getByText (node_modules/@testing-library/dom/dist/query-helpers.js:95:19)
      at Object.<anonymous> 
(src/test/__tests_cps__/components/fileList.behavior.test.tsx:104:19)

  笳・FileList behavior 窶ｺ lists file items with download & (uploader) delete buttons

    TestingLibraryElementError: Unable to find an accessible element with the role "button" and 
name `/xﾃｳa file/i`

    Here are the accessible roles:

      paragraph:

      Name "Specs.docx":
      [36m<p[39m
        [33mclass[39m=[32m"font-medium text-sm text-gray-900 truncate"[39m
        [33mtitle[39m=[32m"Specs.docx"[39m
      [36m/>[39m

      Name "":
      [36m<p[39m
        [33mclass[39m=[32m"text-xs text-gray-500 mt-1"[39m
      [36m/>[39m

      Name "Report.pdf":
      [36m<p[39m
        [33mclass[39m=[32m"font-medium text-sm text-gray-900 truncate"[39m
        [33mtitle[39m=[32m"Report.pdf"[39m
      [36m/>[39m

      Name "":
      [36m<p[39m
        [33mclass[39m=[32m"text-xs text-gray-500 mt-1"[39m
      [36m/>[39m

      --------------------------------------------------
      button:

      Name "Download":
      [36m<button[39m
        [33mclass[39m=[32m"p-2 text-blue-500 hover:bg-blue-50 rounded transition-colors 
disabled:opacity-50 disabled:cursor-not-allowed"[39m
        [33mtitle[39m=[32m"Download"[39m
      [36m/>[39m

      Name "Delete file":
      [36m<button[39m
        [33mclass[39m=[32m"p-2 text-red-500 hover:bg-red-50 rounded transition-colors"[39m
        [33mtitle[39m=[32m"Delete file"[39m
      [36m/>[39m

      Name "Download":
      [36m<button[39m
        [33mclass[39m=[32m"p-2 text-blue-500 hover:bg-blue-50 rounded transition-colors 
disabled:opacity-50 disabled:cursor-not-allowed"[39m
        [33mtitle[39m=[32m"Download"[39m
      [36m/>[39m

      --------------------------------------------------

    Ignored nodes: comments, script, style
    [36m<body>[39m
      [36m<div>[39m
        [36m<div[39m
          [33mclass[39m=[32m"space-y-2 "[39m
        [36m>[39m
          [36m<div[39m
            [33mclass[39m=[32m"flex items-center justify-between p-3 border border-gray-200 
rounded-lg hover:bg-gray-50 transition-colors"[39m
          [36m>[39m
            [36m<div[39m
              [33mclass[39m=[32m"flex items-center gap-3 flex-1 min-w-0"[39m
            [36m>[39m
              [36m<div[39m
                [33mclass[39m=[32m"flex-shrink-0"[39m
              [36m>[39m
                [36m<svg[39m
                  [33maria-hidden[39m=[32m"true"[39m
                  [33mclass[39m=[32m"lucide lucide-file-text w-5 h-5 text-blue-600"[39m
                  [33mfill[39m=[32m"none"[39m
                  [33mheight[39m=[32m"24"[39m
                  [33mstroke[39m=[32m"currentColor"[39m
                  [33mstroke-linecap[39m=[32m"round"[39m
                  [33mstroke-linejoin[39m=[32m"round"[39m
                  [33mstroke-width[39m=[32m"2"[39m
                  [33mviewBox[39m=[32m"0 0 24 24"[39m
                  [33mwidth[39m=[32m"24"[39m
                  [33mxmlns[39m=[32m"http://www.w3.org/2000/svg"[39m
                [36m>[39m
                  [36m<path[39m
                    [33md[39m=[32m"M15 2H6a2 2 0 0 0-2 2v16a2 2 0 0 0 2 2h12a2 2 0 0 0 
2-2V7Z"[39m
                  [36m/>[39m
                  [36m<path[39m
                    [33md[39m=[32m"M14 2v4a2 2 0 0 0 2 2h4"[39m
                  [36m/>[39m
                  [36m<path[39m
                    [33md[39m=[32m"M10 9H8"[39m
                  [36m/>[39m
                  [36m<path[39m
                    [33md[39m=[32m"M16 13H8"[39m
                  [36m/>[39m
                  [36m<path[39m
                    [33md[39m=[32m"M16 17H8"[39m
                  [36m/>[39m
                [36m</svg>[39m
              [36m</div>[39m
              [36m<div[39m
                [33mclass[39m=[32m"flex-1 min-w-0"[39m
              [36m>[39m
                [36m<p[39m
                  [33mclass[39m=[32m"font-medium text-sm text-gray-900 truncate"[39m
                  [33mtitle[39m=[32m"Specs.docx"[39m
                [36m>[39m
                  [0mSpecs.docx[0m
                [36m</p>[39m
                [36m<p[39m
                  [33mclass[39m=[32m"text-xs text-gray-500 mt-1"[39m
                [36m>[39m
                  [0m2.00 KB[0m
                  [0m 窶｢ 0 downloads[0m
                  [0m 窶｢ 12/11/2025[0m
                [36m</p>[39m
              [36m</div>[39m
            [36m</div>[39m
            [36m<div[39m
              [33mclass[39m=[32m"flex items-center gap-2 flex-shrink-0"[39m
            [36m>[39m
              [36m<button[39m
                [33mclass[39m=[32m"p-2 text-blue-500 hover:bg-blue-50 rounded 
transition-colors disabled:opacity-50 disabled:cursor-not-allowed"[39m
                [33mtitle[39m=[32m"Download"[39m
              [36m>[39m
                [36m<svg[39m
                  [33maria-hidden[39m=[32m"true"[39m
                  [33mclass[39m=[32m"lucide lucide-download w-5 h-5"[39m
                  [33mfill[39m=[32m"none"[39m
                  [33mheight[39m=[32m"24"[39m
                  [33mstroke[39m=[32m"currentColor"[39m
                  [33mstroke-linecap[39m=[32m"round"[39m
                  [33mstroke-linejoin[39m=[32m"round"[39m
                  [33mstroke-width[39m=[32m"2"[39m
                  [33mviewBox[39m=[32m"0 0 24 24"[39m
                  [33mwidth[39m=[32m"24"[39m
                  [33mxmlns[39m=[32m"http://www.w3.org/2000/svg"[39m
                [36m>[39m
                  [36m<path[39m
                    [33md[39m=[32m"M12 15V3"[39m
                  [36m/>[39m
                  [36m<path[39m
                    [33md[39m=[32m"M21 15v4a2 2 0 0 1-2 2H5a2 2 0 0 1-2-2v-4"[39m
                  [36m/>[39m
                  [36m<path[39m
                    [33md[39m=[32m"m7 10 5 5 5-5"[39m
                  [36m/>[39m
                [36m</svg>[39m
              [36m</button>[39m
              [36m<button[39m
                [33mclass[39m=[32m"p-2 text-red-500 hover:bg-red-50 rounded 
transition-colors"[39m
                [33mtitle[39m=[32m"Delete file"[39m
              [36m>[39m
                [36m<svg[39m
                  [33maria-hidden[39m=[32m"true"[39m
                  [33mclass[39m=[32m"lucide lucide-trash2 lucide-trash-2 w-5 h-5"[39m
                  [33mfill[39m=[32m"none"[39m
                  [33mheight[39m=[32m"24"[39m
                  [33mstroke[39m=[32m"currentColor"[39m
                  [33mstroke-linecap[39m=[32m"round"[39m
                  [33mstroke-linejoin[39m=[32m"round"[39m
                  [33mstroke-width[39m=[32m"2"[39m
                  [33mviewBox[39m=[32m"0 0 24 24"[39m
                  [33mwidth[39m=[32m"24"[39m
                  [33mxmlns[39m=[32m"http://www.w3.org/2000/svg"[39m
                [36m>[39m
                  [36m<path[39m
                    [33md[39m=[32m"M10 11v6"[39m
                  [36m/>[39m
                  [36m<path[39m
                    [33md[39m=[32m"M14 11v6"[39m
                  [36m/>[39m
                  [36m<path[39m
                    [33md[39m=[32m"M19 6v14a2 2 0 0 1-2 2H7a2 2 0 0 1-2-2V6"[39m
                  [36m/>[39m
                  [36m<path[39m
                    [33md[39m=[32m"M3 6h18"[39m
                  [36m/>[39m
                  [36m<path[39m
                    [33md[39m=[32m"M8 6V4a2 2 0 0 1 2-2h4a2 2 0 0 1 2 2v2"[39m
                  [36m/>[39m
                [36m</svg>[39m
              [36m</button>[39m
            [36m</div>[39m
          [36m</div>[39m
          [36m<div[39m
            [33mclass[39m=[32m"flex items-center justify-between p-3 border border-gray-200 
rounded-lg hover:bg-gray-50 transition-colors"[39m
          [36m>[39m
            [36m<div[39m
              [33mclass[39m=[32m"flex items-center gap-3 flex-1 min-w-0"[39m
            [36m>[39m
              [36m<div[39m
                [33mclass[39m=[32m"flex-shrink-0"[39m
              [36m>[39m
                [36m<svg[39m
                  [33maria-hidden[39m=[32m"true"[39m
                  [33mclass[39m=[32m"lucide lucide-file-text w-5 h-5 text-red-500"[39m
                  [33mfill[39m=[32m"none"[39m
                  [33mheight[39m=[32m"24"[39m
                  [33mstroke[39m=[32m"currentColor"[39m
                  [33mstroke-linecap[39m=[32m"round"[39m
                  [33mstroke-linejoin[39m=[32m"round"[39m
                  [33mstroke-width[39m=[32m"2"[39m
                  [33mviewBox[39m=[32m"0 0 24 24"[39m
                  [33mwidth[39m=[32m"24"[39m
                  [33mxmlns[39m=[32m"http://www.w3.org/2000/svg"[39m
                [36m>[39m
                  [36m<path[39m
                    [33md[39m=[32m"M15 2H6a2 2 0 0 0-2 2v16a2 2 0 0 0 2 2h12a2 2 0 0 0 
2-2V7Z"[39m
                  [36m/>[39m
                  [36m<path[39m
                    [33md[39m=[32m"M14 2v4a2 2 0 0 0 2 2h4"[39m
                  [36m/>[39m
                  [36m<path[39m
                    [33md[39m=[32m"M10 9H8"[39m
                  [36m/>[39m
                  [36m<path[39m
                    [33md[39m=[32m"M16 13H8"[39m
                  [36m/>[39m
                  [36m<path[39m
                    [33md[39m=[32m"M16 17H8"[39m
                  [36m/>[39m
                [36m</svg>[39m
              [36m</div>[39m
              [36m<div[39m
                [33mclass[39m=[32m"flex-1 min-w-0"[39m
              [36m>[39m
                [36m<p[39m
                  [33mclass[39m=[32m"font-medium text-sm text-gray-900 truncate"[39m
                  [33mtitle[39m=[32m"Report.pdf"[39m
                [36m>[39m
                  [0mReport.pdf[0m
                [36m</p>[39m
                [36m<p[39m
                  [33mclass[39m=[32m"text-xs text-gray-500 mt-1"[39m
                [36m>[39m
                  [0m4.00 KB[0m
                  [0m 窶｢ 2 downloads[0m
                  [0m 窶｢ 12/11/2025[0m
                [36m</p>[39m
              [36m</div>[39m
            [36m</div>[39m
            [36m<div[39m
              [33mclass[39m=[32m"flex items-center gap-2 flex-shrink-0"[39m
            [36m>[39m
              [36m<button[39m
                [33mclass[39m=[32m"p-2 text-blue-500 hover:bg-blue-50 rounded 
transition-colors disabled:opacity-50 disabled:cursor-not-allowed"[39m
                [33mtitle[39m=[32m"Download"[39m
              [36m>[39m
                [36m<svg[39m
                  [33maria-hidden[39m=[32m"true"[39m
                  [33mclass[39m=[32m"lucide lucide-download w-5 h-5"[39m
                  [33mfill[39m=[32m"none"[39m
                  [33mheight[39m=[32m"24"[39m
                  [33mstroke[39m=[32m"currentColor"[39m
                  [33mstroke-linecap[39m=[32m"round"[39m
                  [33mstroke-linejoin[39m=[32m"round"[39m
                  [33mstroke-width[39m=[32m"2"[39m
                  [33mviewBox[39m=[32m"0 0 24 24"[39m
                  [33mwidth[39m=[32m"24"[39m
                  [33mxmlns[39m=[32m"http://www.w3.org/2000/svg"[39m
                [36m>[39m
                  [36m<path[39m
                    [33md[39m=[32m"M12 15V3"[39m
                  [36m/>[39m
                  [36m<path[39m
                    [33md[39m=[32m"M21 15v4a2 2 0 0 1-2 2H5a2 2 0 0 1-2-2v-4"[39m
                  [36m/>[39m
                  [36m<path[39m
                    [33md[39m=[32m"m7 10 5 5 5-5"[39m
                  [36m/>[39m
                [36m</svg>[39m
              [36m</button>[39m
            [36m</div>[39m
          [36m</div>[39m
        [36m</div>[39m
      [36m</div>[39m
    [36m</body>[39m

    [0m [90m 117 |[39m     expect(screen[33m.[39mgetByText([32m'Report.pdf'[39m))[33m.[
39mtoBeInTheDocument()[33m;[39m
     [90m 118 |[39m     [90m// uploader: file f1 uploaded_by u1 => delete button visible[39m
    [31m[1m>[22m[39m[90m 119 |[39m     [36mconst[39m deleteButtons [33m=[39m 
screen[33m.[39mgetAllByRole([32m'button'[39m[33m,[39m { name[33m:[39m [35m/xﾃｳa 
file/i[39m })[33m;[39m
     [90m     |[39m                                  [31m[1m^[22m[39m
     [90m 120 |[39m     
expect(deleteButtons[33m.[39mlength)[33m.[39mtoBeGreaterThan([35m0[39m)[33m;[39m
     [90m 121 |[39m     [90m// non-uploader file f2 should have no delete button if user not 
admin[39m
     [90m 122 |[39m     [90m// Confirm only one delete for uploader[39m[0m

      at Object.getElementError (node_modules/@testing-library/dom/dist/config.js:37:19)
      at node_modules/@testing-library/dom/dist/query-helpers.js:76:38
      at getAllByRole (node_modules/@testing-library/dom/dist/query-helpers.js:109:15)
      at Object.<anonymous> 
(src/test/__tests_cps__/components/fileList.behavior.test.tsx:119:34)

  笳・FileList behavior 窶ｺ hides delete button for non-uploader non-admin file

    TestingLibraryElementError: Unable to find an accessible element with the role "button" and 
name `/xﾃｳa file/i`

    Here are the accessible roles:

      paragraph:

      Name "Specs.docx":
      [36m<p[39m
        [33mclass[39m=[32m"font-medium text-sm text-gray-900 truncate"[39m
        [33mtitle[39m=[32m"Specs.docx"[39m
      [36m/>[39m

      Name "":
      [36m<p[39m
        [33mclass[39m=[32m"text-xs text-gray-500 mt-1"[39m
      [36m/>[39m

      Name "Report.pdf":
      [36m<p[39m
        [33mclass[39m=[32m"font-medium text-sm text-gray-900 truncate"[39m
        [33mtitle[39m=[32m"Report.pdf"[39m
      [36m/>[39m

      Name "":
      [36m<p[39m
        [33mclass[39m=[32m"text-xs text-gray-500 mt-1"[39m
      [36m/>[39m

      --------------------------------------------------
      button:

      Name "Download":
      [36m<button[39m
        [33mclass[39m=[32m"p-2 text-blue-500 hover:bg-blue-50 rounded transition-colors 
disabled:opacity-50 disabled:cursor-not-allowed"[39m
        [33mtitle[39m=[32m"Download"[39m
      [36m/>[39m

      Name "Delete file":
      [36m<button[39m
        [33mclass[39m=[32m"p-2 text-red-500 hover:bg-red-50 rounded transition-colors"[39m
        [33mtitle[39m=[32m"Delete file"[39m
      [36m/>[39m

      Name "Download":
      [36m<button[39m
        [33mclass[39m=[32m"p-2 text-blue-500 hover:bg-blue-50 rounded transition-colors 
disabled:opacity-50 disabled:cursor-not-allowed"[39m
        [33mtitle[39m=[32m"Download"[39m
      [36m/>[39m

      --------------------------------------------------

    Ignored nodes: comments, script, style
    [36m<body>[39m
      [36m<div>[39m
        [36m<div[39m
          [33mclass[39m=[32m"space-y-2 "[39m
        [36m>[39m
          [36m<div[39m
            [33mclass[39m=[32m"flex items-center justify-between p-3 border border-gray-200 
rounded-lg hover:bg-gray-50 transition-colors"[39m
          [36m>[39m
            [36m<div[39m
              [33mclass[39m=[32m"flex items-center gap-3 flex-1 min-w-0"[39m
            [36m>[39m
              [36m<div[39m
                [33mclass[39m=[32m"flex-shrink-0"[39m
              [36m>[39m
                [36m<svg[39m
                  [33maria-hidden[39m=[32m"true"[39m
                  [33mclass[39m=[32m"lucide lucide-file-text w-5 h-5 text-blue-600"[39m
                  [33mfill[39m=[32m"none"[39m
                  [33mheight[39m=[32m"24"[39m
                  [33mstroke[39m=[32m"currentColor"[39m
                  [33mstroke-linecap[39m=[32m"round"[39m
                  [33mstroke-linejoin[39m=[32m"round"[39m
                  [33mstroke-width[39m=[32m"2"[39m
                  [33mviewBox[39m=[32m"0 0 24 24"[39m
                  [33mwidth[39m=[32m"24"[39m
                  [33mxmlns[39m=[32m"http://www.w3.org/2000/svg"[39m
                [36m>[39m
                  [36m<path[39m
                    [33md[39m=[32m"M15 2H6a2 2 0 0 0-2 2v16a2 2 0 0 0 2 2h12a2 2 0 0 0 
2-2V7Z"[39m
                  [36m/>[39m
                  [36m<path[39m
                    [33md[39m=[32m"M14 2v4a2 2 0 0 0 2 2h4"[39m
                  [36m/>[39m
                  [36m<path[39m
                    [33md[39m=[32m"M10 9H8"[39m
                  [36m/>[39m
                  [36m<path[39m
                    [33md[39m=[32m"M16 13H8"[39m
                  [36m/>[39m
                  [36m<path[39m
                    [33md[39m=[32m"M16 17H8"[39m
                  [36m/>[39m
                [36m</svg>[39m
              [36m</div>[39m
              [36m<div[39m
                [33mclass[39m=[32m"flex-1 min-w-0"[39m
              [36m>[39m
                [36m<p[39m
                  [33mclass[39m=[32m"font-medium text-sm text-gray-900 truncate"[39m
                  [33mtitle[39m=[32m"Specs.docx"[39m
                [36m>[39m
                  [0mSpecs.docx[0m
                [36m</p>[39m
                [36m<p[39m
                  [33mclass[39m=[32m"text-xs text-gray-500 mt-1"[39m
                [36m>[39m
                  [0m2.00 KB[0m
                  [0m 窶｢ 0 downloads[0m
                  [0m 窶｢ 12/11/2025[0m
                [36m</p>[39m
              [36m</div>[39m
            [36m</div>[39m
            [36m<div[39m
              [33mclass[39m=[32m"flex items-center gap-2 flex-shrink-0"[39m
            [36m>[39m
              [36m<button[39m
                [33mclass[39m=[32m"p-2 text-blue-500 hover:bg-blue-50 rounded 
transition-colors disabled:opacity-50 disabled:cursor-not-allowed"[39m
                [33mtitle[39m=[32m"Download"[39m
              [36m>[39m
                [36m<svg[39m
                  [33maria-hidden[39m=[32m"true"[39m
                  [33mclass[39m=[32m"lucide lucide-download w-5 h-5"[39m
                  [33mfill[39m=[32m"none"[39m
                  [33mheight[39m=[32m"24"[39m
                  [33mstroke[39m=[32m"currentColor"[39m
                  [33mstroke-linecap[39m=[32m"round"[39m
                  [33mstroke-linejoin[39m=[32m"round"[39m
                  [33mstroke-width[39m=[32m"2"[39m
                  [33mviewBox[39m=[32m"0 0 24 24"[39m
                  [33mwidth[39m=[32m"24"[39m
                  [33mxmlns[39m=[32m"http://www.w3.org/2000/svg"[39m
                [36m>[39m
                  [36m<path[39m
                    [33md[39m=[32m"M12 15V3"[39m
                  [36m/>[39m
                  [36m<path[39m
                    [33md[39m=[32m"M21 15v4a2 2 0 0 1-2 2H5a2 2 0 0 1-2-2v-4"[39m
                  [36m/>[39m
                  [36m<path[39m
                    [33md[39m=[32m"m7 10 5 5 5-5"[39m
                  [36m/>[39m
                [36m</svg>[39m
              [36m</button>[39m
              [36m<button[39m
                [33mclass[39m=[32m"p-2 text-red-500 hover:bg-red-50 rounded 
transition-colors"[39m
                [33mtitle[39m=[32m"Delete file"[39m
              [36m>[39m
                [36m<svg[39m
                  [33maria-hidden[39m=[32m"true"[39m
                  [33mclass[39m=[32m"lucide lucide-trash2 lucide-trash-2 w-5 h-5"[39m
                  [33mfill[39m=[32m"none"[39m
                  [33mheight[39m=[32m"24"[39m
                  [33mstroke[39m=[32m"currentColor"[39m
                  [33mstroke-linecap[39m=[32m"round"[39m
                  [33mstroke-linejoin[39m=[32m"round"[39m
                  [33mstroke-width[39m=[32m"2"[39m
                  [33mviewBox[39m=[32m"0 0 24 24"[39m
                  [33mwidth[39m=[32m"24"[39m
                  [33mxmlns[39m=[32m"http://www.w3.org/2000/svg"[39m
                [36m>[39m
                  [36m<path[39m
                    [33md[39m=[32m"M10 11v6"[39m
                  [36m/>[39m
                  [36m<path[39m
                    [33md[39m=[32m"M14 11v6"[39m
                  [36m/>[39m
                  [36m<path[39m
                    [33md[39m=[32m"M19 6v14a2 2 0 0 1-2 2H7a2 2 0 0 1-2-2V6"[39m
                  [36m/>[39m
                  [36m<path[39m
                    [33md[39m=[32m"M3 6h18"[39m
                  [36m/>[39m
                  [36m<path[39m
                    [33md[39m=[32m"M8 6V4a2 2 0 0 1 2-2h4a2 2 0 0 1 2 2v2"[39m
                  [36m/>[39m
                [36m</svg>[39m
              [36m</button>[39m
            [36m</div>[39m
          [36m</div>[39m
          [36m<div[39m
            [33mclass[39m=[32m"flex items-center justify-between p-3 border border-gray-200 
rounded-lg hover:bg-gray-50 transition-colors"[39m
          [36m>[39m
            [36m<div[39m
              [33mclass[39m=[32m"flex items-center gap-3 flex-1 min-w-0"[39m
            [36m>[39m
              [36m<div[39m
                [33mclass[39m=[32m"flex-shrink-0"[39m
              [36m>[39m
                [36m<svg[39m
                  [33maria-hidden[39m=[32m"true"[39m
                  [33mclass[39m=[32m"lucide lucide-file-text w-5 h-5 text-red-500"[39m
                  [33mfill[39m=[32m"none"[39m
                  [33mheight[39m=[32m"24"[39m
                  [33mstroke[39m=[32m"currentColor"[39m
                  [33mstroke-linecap[39m=[32m"round"[39m
                  [33mstroke-linejoin[39m=[32m"round"[39m
                  [33mstroke-width[39m=[32m"2"[39m
                  [33mviewBox[39m=[32m"0 0 24 24"[39m
                  [33mwidth[39m=[32m"24"[39m
                  [33mxmlns[39m=[32m"http://www.w3.org/2000/svg"[39m
                [36m>[39m
                  [36m<path[39m
                    [33md[39m=[32m"M15 2H6a2 2 0 0 0-2 2v16a2 2 0 0 0 2 2h12a2 2 0 0 0 
2-2V7Z"[39m
                  [36m/>[39m
                  [36m<path[39m
                    [33md[39m=[32m"M14 2v4a2 2 0 0 0 2 2h4"[39m
                  [36m/>[39m
                  [36m<path[39m
                    [33md[39m=[32m"M10 9H8"[39m
                  [36m/>[39m
                  [36m<path[39m
                    [33md[39m=[32m"M16 13H8"[39m
                  [36m/>[39m
                  [36m<path[39m
                    [33md[39m=[32m"M16 17H8"[39m
                  [36m/>[39m
                [36m</svg>[39m
              [36m</div>[39m
              [36m<div[39m
                [33mclass[39m=[32m"flex-1 min-w-0"[39m
              [36m>[39m
                [36m<p[39m
                  [33mclass[39m=[32m"font-medium text-sm text-gray-900 truncate"[39m
                  [33mtitle[39m=[32m"Report.pdf"[39m
                [36m>[39m
                  [0mReport.pdf[0m
                [36m</p>[39m
                [36m<p[39m
                  [33mclass[39m=[32m"text-xs text-gray-500 mt-1"[39m
                [36m>[39m
                  [0m4.00 KB[0m
                  [0m 窶｢ 2 downloads[0m
                  [0m 窶｢ 12/11/2025[0m
                [36m</p>[39m
              [36m</div>[39m
            [36m</div>[39m
            [36m<div[39m
              [33mclass[39m=[32m"flex items-center gap-2 flex-shrink-0"[39m
            [36m>[39m
              [36m<button[39m
                [33mclass[39m=[32m"p-2 text-blue-500 hover:bg-blue-50 rounded 
transition-colors disabled:opacity-50 disabled:cursor-not-allowed"[39m
                [33mtitle[39m=[32m"Download"[39m
              [36m>[39m
                [36m<svg[39m
                  [33maria-hidden[39m=[32m"true"[39m
                  [33mclass[39m=[32m"lucide lucide-download w-5 h-5"[39m
                  [33mfill[39m=[32m"none"[39m
                  [33mheight[39m=[32m"24"[39m
                  [33mstroke[39m=[32m"currentColor"[39m
                  [33mstroke-linecap[39m=[32m"round"[39m
                  [33mstroke-linejoin[39m=[32m"round"[39m
                  [33mstroke-width[39m=[32m"2"[39m
                  [33mviewBox[39m=[32m"0 0 24 24"[39m
                  [33mwidth[39m=[32m"24"[39m
                  [33mxmlns[39m=[32m"http://www.w3.org/2000/svg"[39m
                [36m>[39m
                  [36m<path[39m
                    [33md[39m=[32m"M12 15V3"[39m
                  [36m/>[39m
                  [36m<path[39m
                    [33md[39m=[32m"M21 15v4a2 2 0 0 1-2 2H5a2 2 0 0 1-2-2v-4"[39m
                  [36m/>[39m
                  [36m<path[39m
                    [33md[39m=[32m"m7 10 5 5 5-5"[39m
                  [36m/>[39m
                [36m</svg>[39m
              [36m</button>[39m
            [36m</div>[39m
          [36m</div>[39m
        [36m</div>[39m
      [36m</div>[39m
    [36m</body>[39m

    [0m [90m 129 |[39m     [36mawait[39m 
screen[33m.[39mfindByText([32m'Report.pdf'[39m)[33m;[39m
     [90m 130 |[39m     [90m// Ensure there is no second delete button besides 
uploader's[39m
    [31m[1m>[22m[39m[90m 131 |[39m     [36mconst[39m allDeleteButtons [33m=[39m 
screen[33m.[39mgetAllByRole([32m'button'[39m[33m,[39m { name[33m:[39m [35m/xﾃｳa 
file/i[39m })[33m;[39m
     [90m     |[39m                                     [31m[1m^[22m[39m
     [90m 132 |[39m     
expect(allDeleteButtons[33m.[39mlength)[33m.[39mtoBe([35m1[39m)[33m;[39m [90m// only 
uploader file[39m
     [90m 133 |[39m   })[33m;[39m
     [90m 134 |[39m[0m

      at Object.getElementError (node_modules/@testing-library/dom/dist/config.js:37:19)
      at node_modules/@testing-library/dom/dist/query-helpers.js:76:38
      at getAllByRole (node_modules/@testing-library/dom/dist/query-helpers.js:109:15)
      at Object.<anonymous> 
(src/test/__tests_cps__/components/fileList.behavior.test.tsx:131:37)

  笳・FileList behavior 窶ｺ allows admin to delete any file

    TestingLibraryElementError: Unable to find an accessible element with the role "button" and 
name `/xﾃｳa file/i`

    Here are the accessible roles:

      paragraph:

      Name "Specs.docx":
      [36m<p[39m
        [33mclass[39m=[32m"font-medium text-sm text-gray-900 truncate"[39m
        [33mtitle[39m=[32m"Specs.docx"[39m
      [36m/>[39m

      Name "":
      [36m<p[39m
        [33mclass[39m=[32m"text-xs text-gray-500 mt-1"[39m
      [36m/>[39m

      Name "Report.pdf":
      [36m<p[39m
        [33mclass[39m=[32m"font-medium text-sm text-gray-900 truncate"[39m
        [33mtitle[39m=[32m"Report.pdf"[39m
      [36m/>[39m

      Name "":
      [36m<p[39m
        [33mclass[39m=[32m"text-xs text-gray-500 mt-1"[39m
      [36m/>[39m

      --------------------------------------------------
      button:

      Name "Download":
      [36m<button[39m
        [33mclass[39m=[32m"p-2 text-blue-500 hover:bg-blue-50 rounded transition-colors 
disabled:opacity-50 disabled:cursor-not-allowed"[39m
        [33mtitle[39m=[32m"Download"[39m
      [36m/>[39m

      Name "Delete file":
      [36m<button[39m
        [33mclass[39m=[32m"p-2 text-red-500 hover:bg-red-50 rounded transition-colors"[39m
        [33mtitle[39m=[32m"Delete file"[39m
      [36m/>[39m

      Name "Download":
      [36m<button[39m
        [33mclass[39m=[32m"p-2 text-blue-500 hover:bg-blue-50 rounded transition-colors 
disabled:opacity-50 disabled:cursor-not-allowed"[39m
        [33mtitle[39m=[32m"Download"[39m
      [36m/>[39m

      Name "Delete file":
      [36m<button[39m
        [33mclass[39m=[32m"p-2 text-red-500 hover:bg-red-50 rounded transition-colors"[39m
        [33mtitle[39m=[32m"Delete file"[39m
      [36m/>[39m

      --------------------------------------------------

    Ignored nodes: comments, script, style
    [36m<body>[39m
      [36m<div>[39m
        [36m<div[39m
          [33mclass[39m=[32m"space-y-2 "[39m
        [36m>[39m
          [36m<div[39m
            [33mclass[39m=[32m"flex items-center justify-between p-3 border border-gray-200 
rounded-lg hover:bg-gray-50 transition-colors"[39m
          [36m>[39m
            [36m<div[39m
              [33mclass[39m=[32m"flex items-center gap-3 flex-1 min-w-0"[39m
            [36m>[39m
              [36m<div[39m
                [33mclass[39m=[32m"flex-shrink-0"[39m
              [36m>[39m
                [36m<svg[39m
                  [33maria-hidden[39m=[32m"true"[39m
                  [33mclass[39m=[32m"lucide lucide-file-text w-5 h-5 text-blue-600"[39m
                  [33mfill[39m=[32m"none"[39m
                  [33mheight[39m=[32m"24"[39m
                  [33mstroke[39m=[32m"currentColor"[39m
                  [33mstroke-linecap[39m=[32m"round"[39m
                  [33mstroke-linejoin[39m=[32m"round"[39m
                  [33mstroke-width[39m=[32m"2"[39m
                  [33mviewBox[39m=[32m"0 0 24 24"[39m
                  [33mwidth[39m=[32m"24"[39m
                  [33mxmlns[39m=[32m"http://www.w3.org/2000/svg"[39m
                [36m>[39m
                  [36m<path[39m
                    [33md[39m=[32m"M15 2H6a2 2 0 0 0-2 2v16a2 2 0 0 0 2 2h12a2 2 0 0 0 
2-2V7Z"[39m
                  [36m/>[39m
                  [36m<path[39m
                    [33md[39m=[32m"M14 2v4a2 2 0 0 0 2 2h4"[39m
                  [36m/>[39m
                  [36m<path[39m
                    [33md[39m=[32m"M10 9H8"[39m
                  [36m/>[39m
                  [36m<path[39m
                    [33md[39m=[32m"M16 13H8"[39m
                  [36m/>[39m
                  [36m<path[39m
                    [33md[39m=[32m"M16 17H8"[39m
                  [36m/>[39m
                [36m</svg>[39m
              [36m</div>[39m
              [36m<div[39m
                [33mclass[39m=[32m"flex-1 min-w-0"[39m
              [36m>[39m
                [36m<p[39m
                  [33mclass[39m=[32m"font-medium text-sm text-gray-900 truncate"[39m
                  [33mtitle[39m=[32m"Specs.docx"[39m
                [36m>[39m
                  [0mSpecs.docx[0m
                [36m</p>[39m
                [36m<p[39m
                  [33mclass[39m=[32m"text-xs text-gray-500 mt-1"[39m
                [36m>[39m
                  [0m2.00 KB[0m
                  [0m 窶｢ 0 downloads[0m
                  [0m 窶｢ 12/11/2025[0m
                [36m</p>[39m
              [36m</div>[39m
            [36m</div>[39m
            [36m<div[39m
              [33mclass[39m=[32m"flex items-center gap-2 flex-shrink-0"[39m
            [36m>[39m
              [36m<button[39m
                [33mclass[39m=[32m"p-2 text-blue-500 hover:bg-blue-50 rounded 
transition-colors disabled:opacity-50 disabled:cursor-not-allowed"[39m
                [33mtitle[39m=[32m"Download"[39m
              [36m>[39m
                [36m<svg[39m
                  [33maria-hidden[39m=[32m"true"[39m
                  [33mclass[39m=[32m"lucide lucide-download w-5 h-5"[39m
                  [33mfill[39m=[32m"none"[39m
                  [33mheight[39m=[32m"24"[39m
                  [33mstroke[39m=[32m"currentColor"[39m
                  [33mstroke-linecap[39m=[32m"round"[39m
                  [33mstroke-linejoin[39m=[32m"round"[39m
                  [33mstroke-width[39m=[32m"2"[39m
                  [33mviewBox[39m=[32m"0 0 24 24"[39m
                  [33mwidth[39m=[32m"24"[39m
                  [33mxmlns[39m=[32m"http://www.w3.org/2000/svg"[39m
                [36m>[39m
                  [36m<path[39m
                    [33md[39m=[32m"M12 15V3"[39m
                  [36m/>[39m
                  [36m<path[39m
                    [33md[39m=[32m"M21 15v4a2 2 0 0 1-2 2H5a2 2 0 0 1-2-2v-4"[39m
                  [36m/>[39m
                  [36m<path[39m
                    [33md[39m=[32m"m7 10 5 5 5-5"[39m
                  [36m/>[39m
                [36m</svg>[39m
              [36m</button>[39m
              [36m<button[39m
                [33mclass[39m=[32m"p-2 text-red-500 hover:bg-red-50 rounded 
transition-colors"[39m
                [33mtitle[39m=[32m"Delete file"[39m
              [36m>[39m
                [36m<svg[39m
                  [33maria-hidden[39m=[32m"true"[39m
                  [33mclass[39m=[32m"lucide lucide-trash2 lucide-trash-2 w-5 h-5"[39m
                  [33mfill[39m=[32m"none"[39m
                  [33mheight[39m=[32m"24"[39m
                  [33mstroke[39m=[32m"currentColor"[39m
                  [33mstroke-linecap[39m=[32m"round"[39m
                  [33mstroke-linejoin[39m=[32m"round"[39m
                  [33mstroke-width[39m=[32m"2"[39m
                  [33mviewBox[39m=[32m"0 0 24 24"[39m
                  [33mwidth[39m=[32m"24"[39m
                  [33mxmlns[39m=[32m"http://www.w3.org/2000/svg"[39m
                [36m>[39m
                  [36m<path[39m
                    [33md[39m=[32m"M10 11v6"[39m
                  [36m/>[39m
                  [36m<path[39m
                    [33md[39m=[32m"M14 11v6"[39m
                  [36m/>[39m
                  [36m<path[39m
                    [33md[39m=[32m"M19 6v14a2 2 0 0 1-2 2H7a2 2 0 0 1-2-2V6"[39m
                  [36m/>[39m
                  [36m<path[39m
                    [33md[39m=[32m"M3 6h18"[39m
                  [36m/>[39m
                  [36m<path[39m
                    [33md[39m=[32m"M8 6V4a2 2 0 0 1 2-2h4a2 2 0 0 1 2 2v2"[39m
                  [36m/>[39m
                [36m</svg>[39m
              [36m</button>[39m
            [36m</div>[39m
          [36m</div>[39m
          [36m<div[39m
            [33mclass[39m=[32m"flex items-center justify-between p-3 border border-gray-200 
rounded-lg hover:bg-gray-50 transition-colors"[39m
          [36m>[39m
            [36m<div[39m
              [33mclass[39m=[32m"flex items-center gap-3 flex-1 min-w-0"[39m
            [36m>[39m
              [36m<div[39m
                [33mclass[39m=[32m"flex-shrink-0"[39m
              [36m>[39m
                [36m<svg[39m
                  [33maria-hidden[39m=[32m"true"[39m
                  [33mclass[39m=[32m"lucide lucide-file-text w-5 h-5 text-red-500"[39m
                  [33mfill[39m=[32m"none"[39m
                  [33mheight[39m=[32m"24"[39m
                  [33mstroke[39m=[32m"currentColor"[39m
                  [33mstroke-linecap[39m=[32m"round"[39m
                  [33mstroke-linejoin[39m=[32m"round"[39m
                  [33mstroke-width[39m=[32m"2"[39m
                  [33mviewBox[39m=[32m"0 0 24 24"[39m
                  [33mwidth[39m=[32m"24"[39m
                  [33mxmlns[39m=[32m"http://www.w3.org/2000/svg"[39m
                [36m>[39m
                  [36m<path[39m
                    [33md[39m=[32m"M15 2H6a2 2 0 0 0-2 2v16a2 2 0 0 0 2 2h12a2 2 0 0 0 
2-2V7Z"[39m
                  [36m/>[39m
                  [36m<path[39m
                    [33md[39m=[32m"M14 2v4a2 2 0 0 0 2 2h4"[39m
                  [36m/>[39m
                  [36m<path[39m
                    [33md[39m=[32m"M10 9H8"[39m
                  [36m/>[39m
                  [36m<path[39m
                    [33md[39m=[32m"M16 13H8"[39m
                  [36m/>[39m
                  [36m<path[39m
                    [33md[39m=[32m"M16 17H8"[39m
                  [36m/>[39m
                [36m</svg>[39m
              [36m</div>[39m
              [36m<div[39m
                [33mclass[39m=[32m"flex-1 min-w-0"[39m
              [36m>[39m
                [36m<p[39m
                  [33mclass[39m=[32m"font-medium text-sm text-gray-900 truncate"[39m
                  [33mtitle[39m=[32m"Report.pdf"[39m
                [36m>[39m
                  [0mReport.pdf[0m
                [36m</p>[39m
                [36m<p[39m
                  [33mclass[39m=[32m"text-xs text-gray-500 mt-1"[39m
                [36m>[39m
                  [0m4.00 KB[0m
                  [0m 窶｢ 2 downloads[0m
                  [0m 窶｢ 12/11/2025[0m
                [36m</p>[39m
              [36m</div>[39m
            [36m</div>[39m
            [36m<div[39m
              [33mclass[39m=[32m"flex items-center gap-2 flex-shrink-0"[39m
            [36m>[39m
              [36m<button[39m
                [33mclass[39m=[32m"p-2 text-blue-500 hover:bg-blue-50 rounded 
transition-colors disabled:opacity-50 disabled:cursor-not-allowed"[39m
                [33mtitle[39m=[32m"Download"[39m
              [36m>[39m
                [36m<svg[39m
                  [33maria-hidden[39m=[32m"true"[39m
                  [33mclass[39m=[32m"lucide lucide-download w-5 h-5"[39m
                  [33mfill[39m=[32m"none"[39m
                  [33mheight[39m=[32m"24"[39m
                  [33mstroke[39m=[32m"currentColor"[39m
                  [33mstroke-linecap[39m=[32m"round"[39m
                  [33mstroke-linejoin[39m=[32m"round"[39m
                  [33mstroke-width[39m=[32m"2"[39m
                  [33mviewBox[39m=[32m"0 0 24 24"[39m
                  [33mwidth[39m=[32m"24"[39m
                  [33mxmlns[39m=[32m"http://www.w3.org/2000/svg"[39m
                [36m>[39m
                  [36m<path[39m
                    [33md[39m=[32m"M12 15V3"[39m
                  [36m/>[39m
                  [36m<path[39m
                    [33md[39m=[32m"M21 15v4a2 2 0 0 1-2 2H5a2 2 0 0 1-2-2v-4"[39m
                  [36m/>[39m
                  [36m<path[39m
                    [33md[39m=[32m"m7 10 5 5 5-5"[39m
                  [36m/>[39m
                [36m</svg>[39m
              [36m</button>[39m
              [36m<button[39m
                [33mclass[39m=[32m"p-2 text-red-500 hover:bg-red-50 rounded 
transition-colors"[39m
                [33mtitle[39m=[32m"Delete file"[39m
              [36m>[39m
                [36m<svg[39m
                  [33maria-hidden[39m=[32m"true"[39m
                  [33mclass[39m=[32m"lucide lucide-trash2 lucide-trash-2 w-5 h-5"[39m
                  [33mfill[39m=[32m"none"[39m
                  [33mheight[39m=[32m"24"[39m
                  [33mstroke[39m=[32m"currentColor"[39m
                  [33mstroke-linecap[39m=[32m"round"[39m
                  [33mstroke-linejoin[39m=[32m"round"[39m
                  [33mstroke-width[39m=[32m"2"[39m
                  [33mviewBox[39m=[32m"0 0 24 24"[39m
                  [33mwidth[39m=[32m"24"[39m
                  [33mxmlns[39m=[32m"http://www.w3.org/2000/svg"[39m
                [36m>[39m
                  [36m<path[39m
                    [33md[39m=[32m"M10 11v6"[39m
                  [36m/>[39m
                  [36m<path[39m
                    [33md[39m=[32m"M14 11v6"[39m
                  [36m/>[39m
                  [36m<path[39m
                    [33md[39m=[32m"M19 6v14a2 2 0 0 1-2 2H7a2 2 0 0 1-2-2V6"[39m
                  [36m/>[39m
                  [36m<path[39m
                    [33md[39m=[32m"M3 6h18"[39m
                  [36m/>[39m
                  [36m<path[39m
                    [33md[39m=[32m"M8 6V4a2 2 0 0 1 2-2h4a2 2 0 0 1 2 2v2"[39m
                  [36m/>[39m
                [36m</svg>[39m
              [36m</button>[39m
            [36m</div>[39m
          [36m</div>[39m
        [36m</div>[39m
      [36m</div>[39m
    [36m</body>[39m

    [0m [90m 138 |[39m     [36mawait[39m 
screen[33m.[39mfindByText([32m'Report.pdf'[39m)[33m;[39m
     [90m 139 |[39m     [90m// Now both files should have delete buttons[39m
    [31m[1m>[22m[39m[90m 140 |[39m     [36mconst[39m deleteButtons [33m=[39m 
screen[33m.[39mgetAllByRole([32m'button'[39m[33m,[39m { name[33m:[39m [35m/xﾃｳa 
file/i[39m })[33m;[39m
     [90m     |[39m                                  [31m[1m^[22m[39m
     [90m 141 |[39m     
expect(deleteButtons[33m.[39mlength)[33m.[39mtoBe([35m2[39m)[33m;[39m
     [90m 142 |[39m   })[33m;[39m
     [90m 143 |[39m[0m

      at Object.getElementError (node_modules/@testing-library/dom/dist/config.js:37:19)
      at node_modules/@testing-library/dom/dist/query-helpers.js:76:38
      at getAllByRole (node_modules/@testing-library/dom/dist/query-helpers.js:109:15)
      at Object.<anonymous> 
(src/test/__tests_cps__/components/fileList.behavior.test.tsx:140:34)

  笳・FileList behavior 窶ｺ triggers download action (button clickable without crashing)

    TestingLibraryElementError: Unable to find an accessible element with the role "button" and 
name `/t蘯｣i xu盻創g/i`

    Here are the accessible roles:

      paragraph:

      Name "Specs.docx":
      [36m<p[39m
        [33mclass[39m=[32m"font-medium text-sm text-gray-900 truncate"[39m
        [33mtitle[39m=[32m"Specs.docx"[39m
      [36m/>[39m

      Name "":
      [36m<p[39m
        [33mclass[39m=[32m"text-xs text-gray-500 mt-1"[39m
      [36m/>[39m

      Name "Report.pdf":
      [36m<p[39m
        [33mclass[39m=[32m"font-medium text-sm text-gray-900 truncate"[39m
        [33mtitle[39m=[32m"Report.pdf"[39m
      [36m/>[39m

      Name "":
      [36m<p[39m
        [33mclass[39m=[32m"text-xs text-gray-500 mt-1"[39m
      [36m/>[39m

      --------------------------------------------------
      button:

      Name "Download":
      [36m<button[39m
        [33mclass[39m=[32m"p-2 text-blue-500 hover:bg-blue-50 rounded transition-colors 
disabled:opacity-50 disabled:cursor-not-allowed"[39m
        [33mtitle[39m=[32m"Download"[39m
      [36m/>[39m

      Name "Delete file":
      [36m<button[39m
        [33mclass[39m=[32m"p-2 text-red-500 hover:bg-red-50 rounded transition-colors"[39m
        [33mtitle[39m=[32m"Delete file"[39m
      [36m/>[39m

      Name "Download":
      [36m<button[39m
        [33mclass[39m=[32m"p-2 text-blue-500 hover:bg-blue-50 rounded transition-colors 
disabled:opacity-50 disabled:cursor-not-allowed"[39m
        [33mtitle[39m=[32m"Download"[39m
      [36m/>[39m

      --------------------------------------------------

    Ignored nodes: comments, script, style
    [36m<body>[39m
      [36m<div>[39m
        [36m<div[39m
          [33mclass[39m=[32m"space-y-2 "[39m
        [36m>[39m
          [36m<div[39m
            [33mclass[39m=[32m"flex items-center justify-between p-3 border border-gray-200 
rounded-lg hover:bg-gray-50 transition-colors"[39m
          [36m>[39m
            [36m<div[39m
              [33mclass[39m=[32m"flex items-center gap-3 flex-1 min-w-0"[39m
            [36m>[39m
              [36m<div[39m
                [33mclass[39m=[32m"flex-shrink-0"[39m
              [36m>[39m
                [36m<svg[39m
                  [33maria-hidden[39m=[32m"true"[39m
                  [33mclass[39m=[32m"lucide lucide-file-text w-5 h-5 text-blue-600"[39m
                  [33mfill[39m=[32m"none"[39m
                  [33mheight[39m=[32m"24"[39m
                  [33mstroke[39m=[32m"currentColor"[39m
                  [33mstroke-linecap[39m=[32m"round"[39m
                  [33mstroke-linejoin[39m=[32m"round"[39m
                  [33mstroke-width[39m=[32m"2"[39m
                  [33mviewBox[39m=[32m"0 0 24 24"[39m
                  [33mwidth[39m=[32m"24"[39m
                  [33mxmlns[39m=[32m"http://www.w3.org/2000/svg"[39m
                [36m>[39m
                  [36m<path[39m
                    [33md[39m=[32m"M15 2H6a2 2 0 0 0-2 2v16a2 2 0 0 0 2 2h12a2 2 0 0 0 
2-2V7Z"[39m
                  [36m/>[39m
                  [36m<path[39m
                    [33md[39m=[32m"M14 2v4a2 2 0 0 0 2 2h4"[39m
                  [36m/>[39m
                  [36m<path[39m
                    [33md[39m=[32m"M10 9H8"[39m
                  [36m/>[39m
                  [36m<path[39m
                    [33md[39m=[32m"M16 13H8"[39m
                  [36m/>[39m
                  [36m<path[39m
                    [33md[39m=[32m"M16 17H8"[39m
                  [36m/>[39m
                [36m</svg>[39m
              [36m</div>[39m
              [36m<div[39m
                [33mclass[39m=[32m"flex-1 min-w-0"[39m
              [36m>[39m
                [36m<p[39m
                  [33mclass[39m=[32m"font-medium text-sm text-gray-900 truncate"[39m
                  [33mtitle[39m=[32m"Specs.docx"[39m
                [36m>[39m
                  [0mSpecs.docx[0m
                [36m</p>[39m
                [36m<p[39m
                  [33mclass[39m=[32m"text-xs text-gray-500 mt-1"[39m
                [36m>[39m
                  [0m2.00 KB[0m
                  [0m 窶｢ 0 downloads[0m
                  [0m 窶｢ 12/11/2025[0m
                [36m</p>[39m
              [36m</div>[39m
            [36m</div>[39m
            [36m<div[39m
              [33mclass[39m=[32m"flex items-center gap-2 flex-shrink-0"[39m
            [36m>[39m
              [36m<button[39m
                [33mclass[39m=[32m"p-2 text-blue-500 hover:bg-blue-50 rounded 
transition-colors disabled:opacity-50 disabled:cursor-not-allowed"[39m
                [33mtitle[39m=[32m"Download"[39m
              [36m>[39m
                [36m<svg[39m
                  [33maria-hidden[39m=[32m"true"[39m
                  [33mclass[39m=[32m"lucide lucide-download w-5 h-5"[39m
                  [33mfill[39m=[32m"none"[39m
                  [33mheight[39m=[32m"24"[39m
                  [33mstroke[39m=[32m"currentColor"[39m
                  [33mstroke-linecap[39m=[32m"round"[39m
                  [33mstroke-linejoin[39m=[32m"round"[39m
                  [33mstroke-width[39m=[32m"2"[39m
                  [33mviewBox[39m=[32m"0 0 24 24"[39m
                  [33mwidth[39m=[32m"24"[39m
                  [33mxmlns[39m=[32m"http://www.w3.org/2000/svg"[39m
                [36m>[39m
                  [36m<path[39m
                    [33md[39m=[32m"M12 15V3"[39m
                  [36m/>[39m
                  [36m<path[39m
                    [33md[39m=[32m"M21 15v4a2 2 0 0 1-2 2H5a2 2 0 0 1-2-2v-4"[39m
                  [36m/>[39m
                  [36m<path[39m
                    [33md[39m=[32m"m7 10 5 5 5-5"[39m
                  [36m/>[39m
                [36m</svg>[39m
              [36m</button>[39m
              [36m<button[39m
                [33mclass[39m=[32m"p-2 text-red-500 hover:bg-red-50 rounded 
transition-colors"[39m
                [33mtitle[39m=[32m"Delete file"[39m
              [36m>[39m
                [36m<svg[39m
                  [33maria-hidden[39m=[32m"true"[39m
                  [33mclass[39m=[32m"lucide lucide-trash2 lucide-trash-2 w-5 h-5"[39m
                  [33mfill[39m=[32m"none"[39m
                  [33mheight[39m=[32m"24"[39m
                  [33mstroke[39m=[32m"currentColor"[39m
                  [33mstroke-linecap[39m=[32m"round"[39m
                  [33mstroke-linejoin[39m=[32m"round"[39m
                  [33mstroke-width[39m=[32m"2"[39m
                  [33mviewBox[39m=[32m"0 0 24 24"[39m
                  [33mwidth[39m=[32m"24"[39m
                  [33mxmlns[39m=[32m"http://www.w3.org/2000/svg"[39m
                [36m>[39m
                  [36m<path[39m
                    [33md[39m=[32m"M10 11v6"[39m
                  [36m/>[39m
                  [36m<path[39m
                    [33md[39m=[32m"M14 11v6"[39m
                  [36m/>[39m
                  [36m<path[39m
                    [33md[39m=[32m"M19 6v14a2 2 0 0 1-2 2H7a2 2 0 0 1-2-2V6"[39m
                  [36m/>[39m
                  [36m<path[39m
                    [33md[39m=[32m"M3 6h18"[39m
                  [36m/>[39m
                  [36m<path[39m
                    [33md[39m=[32m"M8 6V4a2 2 0 0 1 2-2h4a2 2 0 0 1 2 2v2"[39m
                  [36m/>[39m
                [36m</svg>[39m
              [36m</button>[39m
            [36m</div>[39m
          [36m</div>[39m
          [36m<div[39m
            [33mclass[39m=[32m"flex items-center justify-between p-3 border border-gray-200 
rounded-lg hover:bg-gray-50 transition-colors"[39m
          [36m>[39m
            [36m<div[39m
              [33mclass[39m=[32m"flex items-center gap-3 flex-1 min-w-0"[39m
            [36m>[39m
              [36m<div[39m
                [33mclass[39m=[32m"flex-shrink-0"[39m
              [36m>[39m
                [36m<svg[39m
                  [33maria-hidden[39m=[32m"true"[39m
                  [33mclass[39m=[32m"lucide lucide-file-text w-5 h-5 text-red-500"[39m
                  [33mfill[39m=[32m"none"[39m
                  [33mheight[39m=[32m"24"[39m
                  [33mstroke[39m=[32m"currentColor"[39m
                  [33mstroke-linecap[39m=[32m"round"[39m
                  [33mstroke-linejoin[39m=[32m"round"[39m
                  [33mstroke-width[39m=[32m"2"[39m
                  [33mviewBox[39m=[32m"0 0 24 24"[39m
                  [33mwidth[39m=[32m"24"[39m
                  [33mxmlns[39m=[32m"http://www.w3.org/2000/svg"[39m
                [36m>[39m
                  [36m<path[39m
                    [33md[39m=[32m"M15 2H6a2 2 0 0 0-2 2v16a2 2 0 0 0 2 2h12a2 2 0 0 0 
2-2V7Z"[39m
                  [36m/>[39m
                  [36m<path[39m
                    [33md[39m=[32m"M14 2v4a2 2 0 0 0 2 2h4"[39m
                  [36m/>[39m
                  [36m<path[39m
                    [33md[39m=[32m"M10 9H8"[39m
                  [36m/>[39m
                  [36m<path[39m
                    [33md[39m=[32m"M16 13H8"[39m
                  [36m/>[39m
                  [36m<path[39m
                    [33md[39m=[32m"M16 17H8"[39m
                  [36m/>[39m
                [36m</svg>[39m
              [36m</div>[39m
              [36m<div[39m
                [33mclass[39m=[32m"flex-1 min-w-0"[39m
              [36m>[39m
                [36m<p[39m
                  [33mclass[39m=[32m"font-medium text-sm text-gray-900 truncate"[39m
                  [33mtitle[39m=[32m"Report.pdf"[39m
                [36m>[39m
                  [0mReport.pdf[0m
                [36m</p>[39m
                [36m<p[39m
                  [33mclass[39m=[32m"text-xs text-gray-500 mt-1"[39m
                [36m>[39m
                  [0m4.00 KB[0m
                  [0m 窶｢ 2 downloads[0m
                  [0m 窶｢ 12/11/2025[0m
                [36m</p>[39m
              [36m</div>[39m
            [36m</div>[39m
            [36m<div[39m
              [33mclass[39m=[32m"flex items-center gap-2 flex-shrink-0"[39m
            [36m>[39m
              [36m<button[39m
                [33mclass[39m=[32m"p-2 text-blue-500 hover:bg-blue-50 rounded 
transition-colors disabled:opacity-50 disabled:cursor-not-allowed"[39m
                [33mtitle[39m=[32m"Download"[39m
              [36m>[39m
                [36m<svg[39m
                  [33maria-hidden[39m=[32m"true"[39m
                  [33mclass[39m=[32m"lucide lucide-download w-5 h-5"[39m
                  [33mfill[39m=[32m"none"[39m
                  [33mheight[39m=[32m"24"[39m
                  [33mstroke[39m=[32m"currentColor"[39m
                  [33mstroke-linecap[39m=[32m"round"[39m
                  [33mstroke-linejoin[39m=[32m"round"[39m
                  [33mstroke-width[39m=[32m"2"[39m
                  [33mviewBox[39m=[32m"0 0 24 24"[39m
                  [33mwidth[39m=[32m"24"[39m
                  [33mxmlns[39m=[32m"http://www.w3.org/2000/svg"[39m
                [36m>[39m
                  [36m<path[39m
                    [33md[39m=[32m"M12 15V3"[39m
                  [36m/>[39m
                  [36m<path[39m
                    [33md[39m=[32m"M21 15v4a2 2 0 0 1-2 2H5a2 2 0 0 1-2-2v-4"[39m
                  [36m/>[39m
                  [36m<path[39m
                    [33md[39m=[32m"m7 10 5 5 5-5"[39m
                  [36m/>[39m
                [36m</svg>[39m
              [36m</button>[39m
            [36m</div>[39m
          [36m</div>[39m
        [36m</div>[39m
      [36m</div>[39m
    [36m</body>[39m

    [0m [90m 145 |[39m     renderList()[33m;[39m
     [90m 146 |[39m     [36mawait[39m 
screen[33m.[39mfindByText([32m'Specs.docx'[39m)[33m;[39m
    [31m[1m>[22m[39m[90m 147 |[39m     [36mconst[39m downloadButtons [33m=[39m 
screen[33m.[39mgetAllByRole([32m'button'[39m[33m,[39m { name[33m:[39m [35m/t蘯｣i 
xu盻創g/i[39m })[33m;[39m
     [90m     |[39m                                    [31m[1m^[22m[39m
     [90m 148 |[39m     userEvent[33m.[39mclick(downloadButtons[[35m0[39m])[33m;[39m
     [90m 149 |[39m     [90m// Simply ensure component remains rendered and no crash (file 
still listed)[39m
     [90m 150 |[39m     [36mawait[39m waitFor(() [33m=>[39m expect(screen[33m.[39mgetByT
ext([32m'Specs.docx'[39m))[33m.[39mtoBeInTheDocument())[33m;[39m[0m

      at Object.getElementError (node_modules/@testing-library/dom/dist/config.js:37:19)
      at node_modules/@testing-library/dom/dist/query-helpers.js:76:38
      at getAllByRole (node_modules/@testing-library/dom/dist/query-helpers.js:109:15)
      at Object.<anonymous> 
(src/test/__tests_cps__/components/fileList.behavior.test.tsx:147:36)

  笳・FileList behavior 窶ｺ cancels deletion when confirm returns false

    TestingLibraryElementError: Unable to find an accessible element with the role "button" and 
name `/xﾃｳa file/i`

    Here are the accessible roles:

      paragraph:

      Name "Specs.docx":
      [36m<p[39m
        [33mclass[39m=[32m"font-medium text-sm text-gray-900 truncate"[39m
        [33mtitle[39m=[32m"Specs.docx"[39m
      [36m/>[39m

      Name "":
      [36m<p[39m
        [33mclass[39m=[32m"text-xs text-gray-500 mt-1"[39m
      [36m/>[39m

      Name "Report.pdf":
      [36m<p[39m
        [33mclass[39m=[32m"font-medium text-sm text-gray-900 truncate"[39m
        [33mtitle[39m=[32m"Report.pdf"[39m
      [36m/>[39m

      Name "":
      [36m<p[39m
        [33mclass[39m=[32m"text-xs text-gray-500 mt-1"[39m
      [36m/>[39m

      --------------------------------------------------
      button:

      Name "Download":
      [36m<button[39m
        [33mclass[39m=[32m"p-2 text-blue-500 hover:bg-blue-50 rounded transition-colors 
disabled:opacity-50 disabled:cursor-not-allowed"[39m
        [33mtitle[39m=[32m"Download"[39m
      [36m/>[39m

      Name "Delete file":
      [36m<button[39m
        [33mclass[39m=[32m"p-2 text-red-500 hover:bg-red-50 rounded transition-colors"[39m
        [33mtitle[39m=[32m"Delete file"[39m
      [36m/>[39m

      Name "Download":
      [36m<button[39m
        [33mclass[39m=[32m"p-2 text-blue-500 hover:bg-blue-50 rounded transition-colors 
disabled:opacity-50 disabled:cursor-not-allowed"[39m
        [33mtitle[39m=[32m"Download"[39m
      [36m/>[39m

      --------------------------------------------------

    Ignored nodes: comments, script, style
    [36m<body>[39m
      [36m<div>[39m
        [36m<div[39m
          [33mclass[39m=[32m"space-y-2 "[39m
        [36m>[39m
          [36m<div[39m
            [33mclass[39m=[32m"flex items-center justify-between p-3 border border-gray-200 
rounded-lg hover:bg-gray-50 transition-colors"[39m
          [36m>[39m
            [36m<div[39m
              [33mclass[39m=[32m"flex items-center gap-3 flex-1 min-w-0"[39m
            [36m>[39m
              [36m<div[39m
                [33mclass[39m=[32m"flex-shrink-0"[39m
              [36m>[39m
                [36m<svg[39m
                  [33maria-hidden[39m=[32m"true"[39m
                  [33mclass[39m=[32m"lucide lucide-file-text w-5 h-5 text-blue-600"[39m
                  [33mfill[39m=[32m"none"[39m
                  [33mheight[39m=[32m"24"[39m
                  [33mstroke[39m=[32m"currentColor"[39m
                  [33mstroke-linecap[39m=[32m"round"[39m
                  [33mstroke-linejoin[39m=[32m"round"[39m
                  [33mstroke-width[39m=[32m"2"[39m
                  [33mviewBox[39m=[32m"0 0 24 24"[39m
                  [33mwidth[39m=[32m"24"[39m
                  [33mxmlns[39m=[32m"http://www.w3.org/2000/svg"[39m
                [36m>[39m
                  [36m<path[39m
                    [33md[39m=[32m"M15 2H6a2 2 0 0 0-2 2v16a2 2 0 0 0 2 2h12a2 2 0 0 0 
2-2V7Z"[39m
                  [36m/>[39m
                  [36m<path[39m
                    [33md[39m=[32m"M14 2v4a2 2 0 0 0 2 2h4"[39m
                  [36m/>[39m
                  [36m<path[39m
                    [33md[39m=[32m"M10 9H8"[39m
                  [36m/>[39m
                  [36m<path[39m
                    [33md[39m=[32m"M16 13H8"[39m
                  [36m/>[39m
                  [36m<path[39m
                    [33md[39m=[32m"M16 17H8"[39m
                  [36m/>[39m
                [36m</svg>[39m
              [36m</div>[39m
              [36m<div[39m
                [33mclass[39m=[32m"flex-1 min-w-0"[39m
              [36m>[39m
                [36m<p[39m
                  [33mclass[39m=[32m"font-medium text-sm text-gray-900 truncate"[39m
                  [33mtitle[39m=[32m"Specs.docx"[39m
                [36m>[39m
                  [0mSpecs.docx[0m
                [36m</p>[39m
                [36m<p[39m
                  [33mclass[39m=[32m"text-xs text-gray-500 mt-1"[39m
                [36m>[39m
                  [0m2.00 KB[0m
                  [0m 窶｢ 0 downloads[0m
                  [0m 窶｢ 12/11/2025[0m
                [36m</p>[39m
              [36m</div>[39m
            [36m</div>[39m
            [36m<div[39m
              [33mclass[39m=[32m"flex items-center gap-2 flex-shrink-0"[39m
            [36m>[39m
              [36m<button[39m
                [33mclass[39m=[32m"p-2 text-blue-500 hover:bg-blue-50 rounded 
transition-colors disabled:opacity-50 disabled:cursor-not-allowed"[39m
                [33mtitle[39m=[32m"Download"[39m
              [36m>[39m
                [36m<svg[39m
                  [33maria-hidden[39m=[32m"true"[39m
                  [33mclass[39m=[32m"lucide lucide-download w-5 h-5"[39m
                  [33mfill[39m=[32m"none"[39m
                  [33mheight[39m=[32m"24"[39m
                  [33mstroke[39m=[32m"currentColor"[39m
                  [33mstroke-linecap[39m=[32m"round"[39m
                  [33mstroke-linejoin[39m=[32m"round"[39m
                  [33mstroke-width[39m=[32m"2"[39m
                  [33mviewBox[39m=[32m"0 0 24 24"[39m
                  [33mwidth[39m=[32m"24"[39m
                  [33mxmlns[39m=[32m"http://www.w3.org/2000/svg"[39m
                [36m>[39m
                  [36m<path[39m
                    [33md[39m=[32m"M12 15V3"[39m
                  [36m/>[39m
                  [36m<path[39m
                    [33md[39m=[32m"M21 15v4a2 2 0 0 1-2 2H5a2 2 0 0 1-2-2v-4"[39m
                  [36m/>[39m
                  [36m<path[39m
                    [33md[39m=[32m"m7 10 5 5 5-5"[39m
                  [36m/>[39m
                [36m</svg>[39m
              [36m</button>[39m
              [36m<button[39m
                [33mclass[39m=[32m"p-2 text-red-500 hover:bg-red-50 rounded 
transition-colors"[39m
                [33mtitle[39m=[32m"Delete file"[39m
              [36m>[39m
                [36m<svg[39m
                  [33maria-hidden[39m=[32m"true"[39m
                  [33mclass[39m=[32m"lucide lucide-trash2 lucide-trash-2 w-5 h-5"[39m
                  [33mfill[39m=[32m"none"[39m
                  [33mheight[39m=[32m"24"[39m
                  [33mstroke[39m=[32m"currentColor"[39m
                  [33mstroke-linecap[39m=[32m"round"[39m
                  [33mstroke-linejoin[39m=[32m"round"[39m
                  [33mstroke-width[39m=[32m"2"[39m
                  [33mviewBox[39m=[32m"0 0 24 24"[39m
                  [33mwidth[39m=[32m"24"[39m
                  [33mxmlns[39m=[32m"http://www.w3.org/2000/svg"[39m
                [36m>[39m
                  [36m<path[39m
                    [33md[39m=[32m"M10 11v6"[39m
                  [36m/>[39m
                  [36m<path[39m
                    [33md[39m=[32m"M14 11v6"[39m
                  [36m/>[39m
                  [36m<path[39m
                    [33md[39m=[32m"M19 6v14a2 2 0 0 1-2 2H7a2 2 0 0 1-2-2V6"[39m
                  [36m/>[39m
                  [36m<path[39m
                    [33md[39m=[32m"M3 6h18"[39m
                  [36m/>[39m
                  [36m<path[39m
                    [33md[39m=[32m"M8 6V4a2 2 0 0 1 2-2h4a2 2 0 0 1 2 2v2"[39m
                  [36m/>[39m
                [36m</svg>[39m
              [36m</button>[39m
            [36m</div>[39m
          [36m</div>[39m
          [36m<div[39m
            [33mclass[39m=[32m"flex items-center justify-between p-3 border border-gray-200 
rounded-lg hover:bg-gray-50 transition-colors"[39m
          [36m>[39m
            [36m<div[39m
              [33mclass[39m=[32m"flex items-center gap-3 flex-1 min-w-0"[39m
            [36m>[39m
              [36m<div[39m
                [33mclass[39m=[32m"flex-shrink-0"[39m
              [36m>[39m
                [36m<svg[39m
                  [33maria-hidden[39m=[32m"true"[39m
                  [33mclass[39m=[32m"lucide lucide-file-text w-5 h-5 text-red-500"[39m
                  [33mfill[39m=[32m"none"[39m
                  [33mheight[39m=[32m"24"[39m
                  [33mstroke[39m=[32m"currentColor"[39m
                  [33mstroke-linecap[39m=[32m"round"[39m
                  [33mstroke-linejoin[39m=[32m"round"[39m
                  [33mstroke-width[39m=[32m"2"[39m
                  [33mviewBox[39m=[32m"0 0 24 24"[39m
                  [33mwidth[39m=[32m"24"[39m
                  [33mxmlns[39m=[32m"http://www.w3.org/2000/svg"[39m
                [36m>[39m
                  [36m<path[39m
                    [33md[39m=[32m"M15 2H6a2 2 0 0 0-2 2v16a2 2 0 0 0 2 2h12a2 2 0 0 0 
2-2V7Z"[39m
                  [36m/>[39m
                  [36m<path[39m
                    [33md[39m=[32m"M14 2v4a2 2 0 0 0 2 2h4"[39m
                  [36m/>[39m
                  [36m<path[39m
                    [33md[39m=[32m"M10 9H8"[39m
                  [36m/>[39m
                  [36m<path[39m
                    [33md[39m=[32m"M16 13H8"[39m
                  [36m/>[39m
                  [36m<path[39m
                    [33md[39m=[32m"M16 17H8"[39m
                  [36m/>[39m
                [36m</svg>[39m
              [36m</div>[39m
              [36m<div[39m
                [33mclass[39m=[32m"flex-1 min-w-0"[39m
              [36m>[39m
                [36m<p[39m
                  [33mclass[39m=[32m"font-medium text-sm text-gray-900 truncate"[39m
                  [33mtitle[39m=[32m"Report.pdf"[39m
                [36m>[39m
                  [0mReport.pdf[0m
                [36m</p>[39m
                [36m<p[39m
                  [33mclass[39m=[32m"text-xs text-gray-500 mt-1"[39m
                [36m>[39m
                  [0m4.00 KB[0m
                  [0m 窶｢ 2 downloads[0m
                  [0m 窶｢ 12/11/2025[0m
                [36m</p>[39m
              [36m</div>[39m
            [36m</div>[39m
            [36m<div[39m
              [33mclass[39m=[32m"flex items-center gap-2 flex-shrink-0"[39m
            [36m>[39m
              [36m<button[39m
                [33mclass[39m=[32m"p-2 text-blue-500 hover:bg-blue-50 rounded 
transition-colors disabled:opacity-50 disabled:cursor-not-allowed"[39m
                [33mtitle[39m=[32m"Download"[39m
              [36m>[39m
                [36m<svg[39m
                  [33maria-hidden[39m=[32m"true"[39m
                  [33mclass[39m=[32m"lucide lucide-download w-5 h-5"[39m
                  [33mfill[39m=[32m"none"[39m
                  [33mheight[39m=[32m"24"[39m
                  [33mstroke[39m=[32m"currentColor"[39m
                  [33mstroke-linecap[39m=[32m"round"[39m
                  [33mstroke-linejoin[39m=[32m"round"[39m
                  [33mstroke-width[39m=[32m"2"[39m
                  [33mviewBox[39m=[32m"0 0 24 24"[39m
                  [33mwidth[39m=[32m"24"[39m
                  [33mxmlns[39m=[32m"http://www.w3.org/2000/svg"[39m
                [36m>[39m
                  [36m<path[39m
                    [33md[39m=[32m"M12 15V3"[39m
                  [36m/>[39m
                  [36m<path[39m
                    [33md[39m=[32m"M21 15v4a2 2 0 0 1-2 2H5a2 2 0 0 1-2-2v-4"[39m
                  [36m/>[39m
                  [36m<path[39m
                    [33md[39m=[32m"m7 10 5 5 5-5"[39m
                  [36m/>[39m
                [36m</svg>[39m
              [36m</button>[39m
            [36m</div>[39m
          [36m</div>[39m
        [36m</div>[39m
      [36m</div>[39m
    [36m</body>[39m

    [0m [90m 155 |[39m     renderList()[33m;[39m
     [90m 156 |[39m     [36mawait[39m 
screen[33m.[39mfindByText([32m'Specs.docx'[39m)[33m;[39m
    [31m[1m>[22m[39m[90m 157 |[39m     
userEvent[33m.[39mclick(screen[33m.[39mgetByRole([32m'button'[39m[33m,[39m { 
name[33m:[39m [35m/xﾃｳa file/i[39m }))[33m;[39m
     [90m     |[39m                            [31m[1m^[22m[39m
     [90m 158 |[39m     [90m// Wait a tick for potential state changes[39m
     [90m 159 |[39m     [36mawait[39m waitFor(() [33m=>[39m expect(screen[33m.[39mgetByT
ext([32m'Specs.docx'[39m))[33m.[39mtoBeInTheDocument())[33m;[39m
     [90m 160 |[39m     [90m// Ensure still present[39m[0m

      at Object.getElementError (node_modules/@testing-library/dom/dist/config.js:37:19)
      at node_modules/@testing-library/dom/dist/query-helpers.js:76:38
      at node_modules/@testing-library/dom/dist/query-helpers.js:52:17
      at getByRole (node_modules/@testing-library/dom/dist/query-helpers.js:95:19)
      at Object.<anonymous> 
(src/test/__tests_cps__/components/fileList.behavior.test.tsx:157:28)

  笳・FileList behavior 窶ｺ deletes file after confirmation and refreshes list

    TestingLibraryElementError: Unable to find an accessible element with the role "button" and 
name `/xﾃｳa file/i`

    Here are the accessible roles:

      paragraph:

      Name "Specs.docx":
      [36m<p[39m
        [33mclass[39m=[32m"font-medium text-sm text-gray-900 truncate"[39m
        [33mtitle[39m=[32m"Specs.docx"[39m
      [36m/>[39m

      Name "":
      [36m<p[39m
        [33mclass[39m=[32m"text-xs text-gray-500 mt-1"[39m
      [36m/>[39m

      Name "Report.pdf":
      [36m<p[39m
        [33mclass[39m=[32m"font-medium text-sm text-gray-900 truncate"[39m
        [33mtitle[39m=[32m"Report.pdf"[39m
      [36m/>[39m

      Name "":
      [36m<p[39m
        [33mclass[39m=[32m"text-xs text-gray-500 mt-1"[39m
      [36m/>[39m

      --------------------------------------------------
      button:

      Name "Download":
      [36m<button[39m
        [33mclass[39m=[32m"p-2 text-blue-500 hover:bg-blue-50 rounded transition-colors 
disabled:opacity-50 disabled:cursor-not-allowed"[39m
        [33mtitle[39m=[32m"Download"[39m
      [36m/>[39m

      Name "Delete file":
      [36m<button[39m
        [33mclass[39m=[32m"p-2 text-red-500 hover:bg-red-50 rounded transition-colors"[39m
        [33mtitle[39m=[32m"Delete file"[39m
      [36m/>[39m

      Name "Download":
      [36m<button[39m
        [33mclass[39m=[32m"p-2 text-blue-500 hover:bg-blue-50 rounded transition-colors 
disabled:opacity-50 disabled:cursor-not-allowed"[39m
        [33mtitle[39m=[32m"Download"[39m
      [36m/>[39m

      --------------------------------------------------

    Ignored nodes: comments, script, style
    [36m<body>[39m
      [36m<div>[39m
        [36m<div[39m
          [33mclass[39m=[32m"space-y-2 "[39m
        [36m>[39m
          [36m<div[39m
            [33mclass[39m=[32m"flex items-center justify-between p-3 border border-gray-200 
rounded-lg hover:bg-gray-50 transition-colors"[39m
          [36m>[39m
            [36m<div[39m
              [33mclass[39m=[32m"flex items-center gap-3 flex-1 min-w-0"[39m
            [36m>[39m
              [36m<div[39m
                [33mclass[39m=[32m"flex-shrink-0"[39m
              [36m>[39m
                [36m<svg[39m
                  [33maria-hidden[39m=[32m"true"[39m
                  [33mclass[39m=[32m"lucide lucide-file-text w-5 h-5 text-blue-600"[39m
                  [33mfill[39m=[32m"none"[39m
                  [33mheight[39m=[32m"24"[39m
                  [33mstroke[39m=[32m"currentColor"[39m
                  [33mstroke-linecap[39m=[32m"round"[39m
                  [33mstroke-linejoin[39m=[32m"round"[39m
                  [33mstroke-width[39m=[32m"2"[39m
                  [33mviewBox[39m=[32m"0 0 24 24"[39m
                  [33mwidth[39m=[32m"24"[39m
                  [33mxmlns[39m=[32m"http://www.w3.org/2000/svg"[39m
                [36m>[39m
                  [36m<path[39m
                    [33md[39m=[32m"M15 2H6a2 2 0 0 0-2 2v16a2 2 0 0 0 2 2h12a2 2 0 0 0 
2-2V7Z"[39m
                  [36m/>[39m
                  [36m<path[39m
                    [33md[39m=[32m"M14 2v4a2 2 0 0 0 2 2h4"[39m
                  [36m/>[39m
                  [36m<path[39m
                    [33md[39m=[32m"M10 9H8"[39m
                  [36m/>[39m
                  [36m<path[39m
                    [33md[39m=[32m"M16 13H8"[39m
                  [36m/>[39m
                  [36m<path[39m
                    [33md[39m=[32m"M16 17H8"[39m
                  [36m/>[39m
                [36m</svg>[39m
              [36m</div>[39m
              [36m<div[39m
                [33mclass[39m=[32m"flex-1 min-w-0"[39m
              [36m>[39m
                [36m<p[39m
                  [33mclass[39m=[32m"font-medium text-sm text-gray-900 truncate"[39m
                  [33mtitle[39m=[32m"Specs.docx"[39m
                [36m>[39m
                  [0mSpecs.docx[0m
                [36m</p>[39m
                [36m<p[39m
                  [33mclass[39m=[32m"text-xs text-gray-500 mt-1"[39m
                [36m>[39m
                  [0m2.00 KB[0m
                  [0m 窶｢ 0 downloads[0m
                  [0m 窶｢ 12/11/2025[0m
                [36m</p>[39m
              [36m</div>[39m
            [36m</div>[39m
            [36m<div[39m
              [33mclass[39m=[32m"flex items-center gap-2 flex-shrink-0"[39m
            [36m>[39m
              [36m<button[39m
                [33mclass[39m=[32m"p-2 text-blue-500 hover:bg-blue-50 rounded 
transition-colors disabled:opacity-50 disabled:cursor-not-allowed"[39m
                [33mtitle[39m=[32m"Download"[39m
              [36m>[39m
                [36m<svg[39m
                  [33maria-hidden[39m=[32m"true"[39m
                  [33mclass[39m=[32m"lucide lucide-download w-5 h-5"[39m
                  [33mfill[39m=[32m"none"[39m
                  [33mheight[39m=[32m"24"[39m
                  [33mstroke[39m=[32m"currentColor"[39m
                  [33mstroke-linecap[39m=[32m"round"[39m
                  [33mstroke-linejoin[39m=[32m"round"[39m
                  [33mstroke-width[39m=[32m"2"[39m
                  [33mviewBox[39m=[32m"0 0 24 24"[39m
                  [33mwidth[39m=[32m"24"[39m
                  [33mxmlns[39m=[32m"http://www.w3.org/2000/svg"[39m
                [36m>[39m
                  [36m<path[39m
                    [33md[39m=[32m"M12 15V3"[39m
                  [36m/>[39m
                  [36m<path[39m
                    [33md[39m=[32m"M21 15v4a2 2 0 0 1-2 2H5a2 2 0 0 1-2-2v-4"[39m
                  [36m/>[39m
                  [36m<path[39m
                    [33md[39m=[32m"m7 10 5 5 5-5"[39m
                  [36m/>[39m
                [36m</svg>[39m
              [36m</button>[39m
              [36m<button[39m
                [33mclass[39m=[32m"p-2 text-red-500 hover:bg-red-50 rounded 
transition-colors"[39m
                [33mtitle[39m=[32m"Delete file"[39m
              [36m>[39m
                [36m<svg[39m
                  [33maria-hidden[39m=[32m"true"[39m
                  [33mclass[39m=[32m"lucide lucide-trash2 lucide-trash-2 w-5 h-5"[39m
                  [33mfill[39m=[32m"none"[39m
                  [33mheight[39m=[32m"24"[39m
                  [33mstroke[39m=[32m"currentColor"[39m
                  [33mstroke-linecap[39m=[32m"round"[39m
                  [33mstroke-linejoin[39m=[32m"round"[39m
                  [33mstroke-width[39m=[32m"2"[39m
                  [33mviewBox[39m=[32m"0 0 24 24"[39m
                  [33mwidth[39m=[32m"24"[39m
                  [33mxmlns[39m=[32m"http://www.w3.org/2000/svg"[39m
                [36m>[39m
                  [36m<path[39m
                    [33md[39m=[32m"M10 11v6"[39m
                  [36m/>[39m
                  [36m<path[39m
                    [33md[39m=[32m"M14 11v6"[39m
                  [36m/>[39m
                  [36m<path[39m
                    [33md[39m=[32m"M19 6v14a2 2 0 0 1-2 2H7a2 2 0 0 1-2-2V6"[39m
                  [36m/>[39m
                  [36m<path[39m
                    [33md[39m=[32m"M3 6h18"[39m
                  [36m/>[39m
                  [36m<path[39m
                    [33md[39m=[32m"M8 6V4a2 2 0 0 1 2-2h4a2 2 0 0 1 2 2v2"[39m
                  [36m/>[39m
                [36m</svg>[39m
              [36m</button>[39m
            [36m</div>[39m
          [36m</div>[39m
          [36m<div[39m
            [33mclass[39m=[32m"flex items-center justify-between p-3 border border-gray-200 
rounded-lg hover:bg-gray-50 transition-colors"[39m
          [36m>[39m
            [36m<div[39m
              [33mclass[39m=[32m"flex items-center gap-3 flex-1 min-w-0"[39m
            [36m>[39m
              [36m<div[39m
                [33mclass[39m=[32m"flex-shrink-0"[39m
              [36m>[39m
                [36m<svg[39m
                  [33maria-hidden[39m=[32m"true"[39m
                  [33mclass[39m=[32m"lucide lucide-file-text w-5 h-5 text-red-500"[39m
                  [33mfill[39m=[32m"none"[39m
                  [33mheight[39m=[32m"24"[39m
                  [33mstroke[39m=[32m"currentColor"[39m
                  [33mstroke-linecap[39m=[32m"round"[39m
                  [33mstroke-linejoin[39m=[32m"round"[39m
                  [33mstroke-width[39m=[32m"2"[39m
                  [33mviewBox[39m=[32m"0 0 24 24"[39m
                  [33mwidth[39m=[32m"24"[39m
                  [33mxmlns[39m=[32m"http://www.w3.org/2000/svg"[39m
                [36m>[39m
                  [36m<path[39m
                    [33md[39m=[32m"M15 2H6a2 2 0 0 0-2 2v16a2 2 0 0 0 2 2h12a2 2 0 0 0 
2-2V7Z"[39m
                  [36m/>[39m
                  [36m<path[39m
                    [33md[39m=[32m"M14 2v4a2 2 0 0 0 2 2h4"[39m
                  [36m/>[39m
                  [36m<path[39m
                    [33md[39m=[32m"M10 9H8"[39m
                  [36m/>[39m
                  [36m<path[39m
                    [33md[39m=[32m"M16 13H8"[39m
                  [36m/>[39m
                  [36m<path[39m
                    [33md[39m=[32m"M16 17H8"[39m
                  [36m/>[39m
                [36m</svg>[39m
              [36m</div>[39m
              [36m<div[39m
                [33mclass[39m=[32m"flex-1 min-w-0"[39m
              [36m>[39m
                [36m<p[39m
                  [33mclass[39m=[32m"font-medium text-sm text-gray-900 truncate"[39m
                  [33mtitle[39m=[32m"Report.pdf"[39m
                [36m>[39m
                  [0mReport.pdf[0m
                [36m</p>[39m
                [36m<p[39m
                  [33mclass[39m=[32m"text-xs text-gray-500 mt-1"[39m
                [36m>[39m
                  [0m4.00 KB[0m
                  [0m 窶｢ 2 downloads[0m
                  [0m 窶｢ 12/11/2025[0m
                [36m</p>[39m
              [36m</div>[39m
            [36m</div>[39m
            [36m<div[39m
              [33mclass[39m=[32m"flex items-center gap-2 flex-shrink-0"[39m
            [36m>[39m
              [36m<button[39m
                [33mclass[39m=[32m"p-2 text-blue-500 hover:bg-blue-50 rounded 
transition-colors disabled:opacity-50 disabled:cursor-not-allowed"[39m
                [33mtitle[39m=[32m"Download"[39m
              [36m>[39m
                [36m<svg[39m
                  [33maria-hidden[39m=[32m"true"[39m
                  [33mclass[39m=[32m"lucide lucide-download w-5 h-5"[39m
                  [33mfill[39m=[32m"none"[39m
                  [33mheight[39m=[32m"24"[39m
                  [33mstroke[39m=[32m"currentColor"[39m
                  [33mstroke-linecap[39m=[32m"round"[39m
                  [33mstroke-linejoin[39m=[32m"round"[39m
                  [33mstroke-width[39m=[32m"2"[39m
                  [33mviewBox[39m=[32m"0 0 24 24"[39m
                  [33mwidth[39m=[32m"24"[39m
                  [33mxmlns[39m=[32m"http://www.w3.org/2000/svg"[39m
                [36m>[39m
                  [36m<path[39m
                    [33md[39m=[32m"M12 15V3"[39m
                  [36m/>[39m
                  [36m<path[39m
                    [33md[39m=[32m"M21 15v4a2 2 0 0 1-2 2H5a2 2 0 0 1-2-2v-4"[39m
                  [36m/>[39m
                  [36m<path[39m
                    [33md[39m=[32m"m7 10 5 5 5-5"[39m
                  [36m/>[39m
                [36m</svg>[39m
              [36m</button>[39m
            [36m</div>[39m
          [36m</div>[39m
        [36m</div>[39m
      [36m</div>[39m
    [36m</body>[39m

    [0m [90m 165 |[39m     renderList()[33m;[39m
     [90m 166 |[39m     [36mawait[39m 
screen[33m.[39mfindByText([32m'Specs.docx'[39m)[33m;[39m
    [31m[1m>[22m[39m[90m 167 |[39m     
userEvent[33m.[39mclick(screen[33m.[39mgetByRole([32m'button'[39m[33m,[39m { 
name[33m:[39m [35m/xﾃｳa file/i[39m }))[33m;[39m
     [90m     |[39m                            [31m[1m^[22m[39m
     [90m 168 |[39m     [36mawait[39m waitFor(() [33m=>[39m expect(screen[33m.[39mqueryB
yText([32m'Specs.docx'[39m))[33m.[39mnot[33m.[39mtoBeInTheDocument())[33m;[39m
     [90m 169 |[39m     expect(mockToastSuccess)[33m.[39mtoHaveBeenCalled()[33m;[39m
     [90m 170 |[39m   })[33m;[39m[0m

      at Object.getElementError (node_modules/@testing-library/dom/dist/config.js:37:19)
      at node_modules/@testing-library/dom/dist/query-helpers.js:76:38
      at node_modules/@testing-library/dom/dist/query-helpers.js:52:17
      at getByRole (node_modules/@testing-library/dom/dist/query-helpers.js:95:19)
      at Object.<anonymous> 
(src/test/__tests_cps__/components/fileList.behavior.test.tsx:167:28)

  笳・FileList behavior 窶ｺ shows error toast when server deletion fails

    TestingLibraryElementError: Unable to find an accessible element with the role "button" and 
name `/xﾃｳa file/i`

    Here are the accessible roles:

      paragraph:

      Name "Broken.txt":
      [36m<p[39m
        [33mclass[39m=[32m"font-medium text-sm text-gray-900 truncate"[39m
        [33mtitle[39m=[32m"Broken.txt"[39m
      [36m/>[39m

      Name "":
      [36m<p[39m
        [33mclass[39m=[32m"text-xs text-gray-500 mt-1"[39m
      [36m/>[39m

      --------------------------------------------------button:

      Name "Download":
      [36m<button[39m
        [33mclass[39m=[32m"p-2 text-blue-500 hover:bg-blue-50 rounded transition-colors 
disabled:opacity-50 disabled:cursor-not-allowed"[39m
        [33mtitle[39m=[32m"Download"[39m
      [36m/>[39m

      Name "Delete file":
      [36m<button[39m
        [33mclass[39m=[32m"p-2 text-red-500 hover:bg-red-50 rounded transition-colors"[39m
        [33mtitle[39m=[32m"Delete file"[39m
      [36m/>[39m

      --------------------------------------------------

    Ignored nodes: comments, script, style
    [36m<div[39m
      [33mclass[39m=[32m"flex items-center justify-between p-3 border border-gray-200 
rounded-lg hover:bg-gray-50 transition-colors"[39m
    [36m>[39m
      [36m<div[39m
        [33mclass[39m=[32m"flex items-center gap-3 flex-1 min-w-0"[39m
      [36m>[39m
        [36m<div[39m
          [33mclass[39m=[32m"flex-shrink-0"[39m
        [36m>[39m
          [36m<svg[39m
            [33maria-hidden[39m=[32m"true"[39m
            [33mclass[39m=[32m"lucide lucide-file-type w-5 h-5 text-gray-600"[39m
            [33mfill[39m=[32m"none"[39m
            [33mheight[39m=[32m"24"[39m
            [33mstroke[39m=[32m"currentColor"[39m
            [33mstroke-linecap[39m=[32m"round"[39m
            [33mstroke-linejoin[39m=[32m"round"[39m
            [33mstroke-width[39m=[32m"2"[39m
            [33mviewBox[39m=[32m"0 0 24 24"[39m
            [33mwidth[39m=[32m"24"[39m
            [33mxmlns[39m=[32m"http://www.w3.org/2000/svg"[39m
          [36m>[39m
            [36m<path[39m
              [33md[39m=[32m"M15 2H6a2 2 0 0 0-2 2v16a2 2 0 0 0 2 2h12a2 2 0 0 0 2-2V7Z"[39m
            [36m/>[39m
            [36m<path[39m
              [33md[39m=[32m"M14 2v4a2 2 0 0 0 2 2h4"[39m
            [36m/>[39m
            [36m<path[39m
              [33md[39m=[32m"M9 13v-1h6v1"[39m
            [36m/>[39m
            [36m<path[39m
              [33md[39m=[32m"M12 12v6"[39m
            [36m/>[39m
            [36m<path[39m
              [33md[39m=[32m"M11 18h2"[39m
            [36m/>[39m
          [36m</svg>[39m
        [36m</div>[39m
        [36m<div[39m
          [33mclass[39m=[32m"flex-1 min-w-0"[39m
        [36m>[39m
          [36m<p[39m
            [33mclass[39m=[32m"font-medium text-sm text-gray-900 truncate"[39m
            [33mtitle[39m=[32m"Broken.txt"[39m
          [36m>[39m
            [0mBroken.txt[0m
          [36m</p>[39m
          [36m<p[39m
            [33mclass[39m=[32m"text-xs text-gray-500 mt-1"[39m
          [36m>[39m
            [0m100 B[0m
            [0m 窶｢ 0 downloads[0m
            [0m 窶｢ 12/11/2025[0m
          [36m</p>[39m
        [36m</div>[39m
      [36m</div>[39m
      [36m<div[39m
        [33mclass[39m=[32m"flex items-center gap-2 flex-shrink-0"[39m
      [36m>[39m
        [36m<button[39m
          [33mclass[39m=[32m"p-2 text-blue-500 hover:bg-blue-50 rounded transition-colors 
disabled:opacity-50 disabled:cursor-not-allowed"[39m
          [33mtitle[39m=[32m"Download"[39m
        [36m>[39m
          [36m<svg[39m
            [33maria-hidden[39m=[32m"true"[39m
            [33mclass[39m=[32m"lucide lucide-download w-5 h-5"[39m
            [33mfill[39m=[32m"none"[39m
            [33mheight[39m=[32m"24"[39m
            [33mstroke[39m=[32m"currentColor"[39m
            [33mstroke-linecap[39m=[32m"round"[39m
            [33mstroke-linejoin[39m=[32m"round"[39m
            [33mstroke-width[39m=[32m"2"[39m
            [33mviewBox[39m=[32m"0 0 24 24"[39m
            [33mwidth[39m=[32m"24"[39m
            [33mxmlns[39m=[32m"http://www.w3.org/2000/svg"[39m
          [36m>[39m
            [36m<path[39m
              [33md[39m=[32m"M12 15V3"[39m
            [36m/>[39m
            [36m<path[39m
              [33md[39m=[32m"M21 15v4a2 2 0 0 1-2 2H5a2 2 0 0 1-2-2v-4"[39m
            [36m/>[39m
            [36m<path[39m
              [33md[39m=[32m"m7 10 5 5 5-5"[39m
            [36m/>[39m
          [36m</svg>[39m
        [36m</button>[39m
        [36m<button[39m
          [33mclass[39m=[32m"p-2 text-red-500 hover:bg-red-50 rounded transition-colors"[39m
          [33mtitle[39m=[32m"Delete file"[39m
        [36m>[39m
          [36m<svg[39m
            [33maria-hidden[39m=[32m"true"[39m
            [33mclass[39m=[32m"lucide lucide-trash2 lucide-trash-2 w-5 h-5"[39m
            [33mfill[39m=[32m"none"[39m
            [33mheight[39m=[32m"24"[39m
            [33mstroke[39m=[32m"currentColor"[39m
            [33mstroke-linecap[39m=[32m"round"[39m
            [33mstroke-linejoin[39m=[32m"round"[39m
            [33mstroke-width[39m=[32m"2"[39m
            [33mviewBox[39m=[32m"0 0 24 24"[39m
            [33mwidth[39m=[32m"24"[39m
            [33mxmlns[39m=[32m"http://www.w3.org/2000/svg"[39m
          [36m>[39m
            [36m<path[39m
              [33md[39m=[32m"M10 11v6"[39m
            [36m/>[39m
            [36m<path[39m
              [33md[39m=[32m"M14 11v6"[39m
            [36m/>[39m
            [36m<path[39m
              [33md[39m=[32m"M19 6v14a2 2 0 0 1-2 2H7a2 2 0 0 1-2-2V6"[39m
            [36m/>[39m
            [36m<path[39m
              [33md[39m=[32m"M3 6h18"[39m
            [36m/>[39m
            [36m<path[39m
              [33md[39m=[32m"M8 6V4a2 2 0 0 1 2-2h4a2 2 0 0 1 2 2v2"[39m
            [36m/>[39m
          [36m</svg>[39m
        [36m</button>[39m
      [36m</div>[39m
    [36m</div>[39m

    [0m [90m 184 |[39m     [90m// File card container is ancestor two levels up until 
p->div.flex-1->div.card[39m
     [90m 185 |[39m     [36mconst[39m card [33m=[39m brokenNameEl[33m.[39mclosest([32m'
div'[39m)[33m?[39m[33m.[39mparentElement[33m?[39m[33m.[39mparentElement [36mas[39m 
[33mHTMLElement[39m[33m;[39m
    [31m[1m>[22m[39m[90m 186 |[39m     [36mconst[39m deleteBtn [33m=[39m 
within(card)[33m.[39mgetByRole([32m'button'[39m[33m,[39m { name[33m:[39m [35m/xﾃｳa 
file/i[39m })[33m;[39m
     [90m     |[39m                                    [31m[1m^[22m[39m
     [90m 187 |[39m     userEvent[33m.[39mclick(deleteBtn)[33m;[39m
     [90m 188 |[39m     [36mawait[39m waitFor(() [33m=>[39m expect(screen[33m.[39mgetByT
ext([32m'Broken.txt'[39m))[33m.[39mtoBeInTheDocument())[33m;[39m
     [90m 189 |[39m     expect(mockToastError)[33m.[39mtoHaveBeenCalled()[33m;[39m[0m

      at Object.getElementError (node_modules/@testing-library/dom/dist/config.js:37:19)
      at node_modules/@testing-library/dom/dist/query-helpers.js:76:38
      at node_modules/@testing-library/dom/dist/query-helpers.js:52:17
      at getByRole (node_modules/@testing-library/dom/dist/query-helpers.js:95:19)
      at Object.<anonymous> 
(src/test/__tests_cps__/components/fileList.behavior.test.tsx:186:36)

FAIL src/test/__tests_cps__/components/helpButton.GuideModal.render.test.tsx
  笳・components/HelpButton/GuideModal render 窶ｺ navigates pages using next and prev and dots; 
closes on overlay click

    TestingLibraryElementError: Found multiple elements with the text: /Groups 
Management|Working with Groups/i

    Here are the matching elements:

    Ignored nodes: comments, script, style
    [36m<h2[39m
      [33mclass[39m=[32m"modal-title"[39m
    [36m>[39m
      [0mGroups Management[0m
    [36m</h2>[39m

    Ignored nodes: comments, script, style
    [36m<h3>[39m
      [0mWorking with Groups[0m
    [36m</h3>[39m

    (If this is intentional, then use the `*AllBy*` variant of the query (like 
`queryAllByText`, `getAllByText`, or `findAllByText`)).

    Ignored nodes: comments, script, style
    [36m<body>[39m
      [36m<div>[39m
        [36m<div[39m
          [33mclass[39m=[32m"modal-overlay guide-modal-overlay"[39m
        [36m>[39m
          [36m<div[39m
            [33mclass[39m=[32m"modal-container guide-modal-content"[39m
          [36m>[39m
            [36m<div[39m
              [33mclass[39m=[32m"modal-header"[39m
            [36m>[39m
              [36m<h2[39m
                [33mclass[39m=[32m"modal-title"[39m
              [36m>[39m
                [0mGroups Management[0m
              [36m</h2>[39m
              [36m<button[39m
                [33mclass[39m=[32m"modal-close-btn"[39m
              [36m>[39m
                [36m<svg[39m
                  [33maria-hidden[39m=[32m"true"[39m
                  [33mclass[39m=[32m"lucide lucide-x"[39m
                  [33mfill[39m=[32m"none"[39m
                  [33mheight[39m=[32m"24"[39m
                  [33mstroke[39m=[32m"currentColor"[39m
                  [33mstroke-linecap[39m=[32m"round"[39m
                  [33mstroke-linejoin[39m=[32m"round"[39m
                  [33mstroke-width[39m=[32m"2"[39m
                  [33mviewBox[39m=[32m"0 0 24 24"[39m
                  [33mwidth[39m=[32m"24"[39m
                  [33mxmlns[39m=[32m"http://www.w3.org/2000/svg"[39m
                [36m>[39m
                  [36m<path[39m
                    [33md[39m=[32m"M18 6 6 18"[39m
                  [36m/>[39m
                  [36m<path[39m
                    [33md[39m=[32m"m6 6 12 12"[39m
                  [36m/>[39m
                [36m</svg>[39m
              [36m</button>[39m
            [36m</div>[39m
            [36m<div[39m
              [33mclass[39m=[32m"modal-content guide-modal-scroll guide-page-content"[39m
            [36m>[39m
              [36m<div[39m
                [33mclass[39m=[32m"guide-layout-2col"[39m
              [36m>[39m
                [36m<div[39m
                  [33mclass[39m=[32m"guide-text-section"[39m
                [36m>[39m
                  [36m<h3>[39m
                    [0mWorking with Groups[0m
                  [36m</h3>[39m
                  [36m<p>[39m
                    [0mGroups help you organize and manage working teams within KEN 
efficiently.[0m
                  [36m</p>[39m
                  [36m<div[39m
                    [33mclass[39m=[32m"step-item"[39m
                  [36m>[39m
                    [36m<h4>[39m
                      [0mStep 1: Open Groups[0m
                    [36m</h4>[39m
                    [36m<p>[39m
                      [0mFrom the left sidebar, click [0m
                      [36m<strong>[39m
                        [0m"Groups"[0m
                      [36m</strong>[39m
                      [0m to view your team groups.[0m
                    [36m</p>[39m
                  [36m</div>[39m
                  [36m<div[39m
                    [33mclass[39m=[32m"step-item green"[39m
                  [36m>[39m
                    [36m<h4>[39m
                      [0mStep 2: Select a Group[0m
                    [36m</h4>[39m
                    [36m<p>[39m
                      [0mClick a group to view it, or create a new one using the[0m
                      [36m<strong>[39m
                        [0m "CREATE GROUP"[0m
                      [36m</strong>[39m
                      [0m button.[0m
                    [36m</p>[39m
                  [36m</div>[39m
                  [36m<div[39m
                    [33mclass[39m=[32m"step-item purple"[39m
                  [36m>[39m
                    [36m<h4>[39m
                      [0mStep 3: Add members[0m
                    [36m</h4>[39m
                    [36m<p>[39m
                      [0mAfter selecting a group, click [0m
                      [36m<strong>[39m
                        [0m"MANAGE USERS"[0m
                      [36m</strong>[39m
                      [0mto add members.[0m
                    [36m</p>[39m
                    [36m<p>[39m
                      [0mYou can assign roles to members: Admin, Member, or Guest.[0m
                    [36m</p>[39m
                  [36m</div>[39m
                  [36m<div[39m
                    [33mclass[39m=[32m"info-box"[39m
                  [36m>[39m
                    [36m<h4>[39m
                      [0mHelpful tips:[0m
                    [36m</h4>[39m
                    [36m<ul>[39m
                      [36m<li>[39m
                        [0mUse [0m
                        [36m<strong>[39m
                          [0m"EDIT"[0m
                        [36m</strong>[39m
                        [0m to modify group information[0m
                      [36m</li>[39m
                      [36m<li>[39m
                        [0mUse [0m
                        [36m<strong>[39m
                          [0m"REMOVE GROUP"[0m
                        [36m</strong>[39m
                        [0m to delete unused groups[0m
                      [36m</li>[39m
                      [36m<li>[39m
                        [0mEach member shows an avatar and a clear role[0m
                      [36m</li>[39m
                    [36m</ul>[39m
                  [36m</div>[39m
                [36m</div>[39m
                [36m<div[39m
                  [33mclass[39m=[32m"guide-image-container"[39m
                [36m>[39m
                  [36m<img[39m
                    [33malt[39m=[32m"Groups management guide"[39m
                    [33mclass[39m=[32m"guide-image"[39m
                    [33msrc[39m=[32m"/1.png"[39m
                  [36m/>[39m
                [36m</div>[39m
              [36m</div>[39m
            [36m</div>[39m
            [36m<div[39m
              [33mclass[39m=[32m"modal-footer"[39m
            [36m>[39m
              [36m<div[39m
                [33mclass[39m=[32m"pagination-controls"[39m
              [36m>[39m
                [36m<button[39m
                  [33mclass[39m=[32m"pagination-btn"[39m
                [36m>[39m
                  [36m<svg[39m
                    [33maria-hidden[39m=[32m"true"[39m
                    [33mclass[39m=[32m"lucide lucide-chevron-left"[39m
                    [33mfill[39m=[32m"none"[39m
                    [33mheight[39m=[32m"24"[39m
                    [33mstroke[39m=[32m"currentColor"[39m
                    [33mstroke-linecap[39m=[32m"round"[39m
                    [33mstroke-linejoin[39m=[32m"round"[39m
                    [33mstroke-width[39m=[32m"2"[39m
                    [33mviewBox[39m=[32m"0 0 24 24"[39m
                    [33mwidth[39m=[32m"24"[39m
                    [33mxmlns[39m=[32m"http://www.w3.org/2000/svg"[39m
                  [36m>[39m
                    [36m<path[39m
                      [33md[39m=[32m"m15 18-6-6 6-6"[39m
                    [36m/>[39m
                  [36m</svg>[39m
                  [0mTrang trﾆｰ盻嫩[0m
                [36m</button>[39m
                [36m<div[39m
                  [33mclass[39m=[32m"pagination-dots"[39m
                [36m>[39m
                  [36m<button[39m
                    [33mclass[39m=[32m"pagination-dot "[39m
                    [33mtitle[39m=[32m"Trang 1"[39m
                  [36m/>[39m
                  [36m<button[39m
                    [33mclass[39m=[32m"pagination-dot active"[39m
                    [33mtitle[39m=[32m"Trang 2"[39m
                  [36m/>[39m
                  [36m<button[39m
                    [33mclass[39m=[32m"pagination-dot "[39m
                    [33mtitle[39m=[32m"Trang 3"[39m
                  [36m/>[39m
                  [36m<button[39m
                    [33mclass[39m=[32m"pagination-dot "[39m
                    [33mtitle[39m=[32m"Trang 4"[39m
                  [36m/>[39m
                  [36m<button[39m
                    [33mclass[39m=[32m"pagination-dot "[39m
                    [33mtitle[39m=[32m"Trang 5"[39m
                  [36m/>[39m
                [36m</div>[39m
                [36m<button[39m
                  [33mclass[39m=[32m"pagination-btn"[39m
                [36m>[39m
                  [0mTrang sau[0m
                  [36m<svg[39m
                    [33maria-hidden[39m=[32m"true"[39m
                    [33mclass[39m=[32m"lucide lucide-chevron-right"[39m
                    [33mfill[39m=[32m"none"[39m
                    [33mheight[39m=[32m"24"[39m
                    [33mstroke[39m=[32m"currentColor"[39m
                    [33mstroke-linecap[39m=[32m"round"[39m
                    [33mstroke-linejoin[39m=[32m"round"[39m
                    [33mstroke-width[39m=[32m"2"[39m
                    [33mviewBox[39m=[32m"0 0 24 24"[39m
                    [33mwidth[39m=[32m"24"[39m
                    [33mxmlns[39m=[32m"http://www.w3.org/2000/svg"[39m
                  [36m>[39m
                    [36m<path[39m
                      [33md[39m=[32m"m9 18 6-6-6-6"[39m
                    [36m/>[39m
                  [36m</svg>[39m
                [36m</button>[39m
              [36m</div>[39m
              [36m<div[39m
                [33mclass[39m=[32m"page-indicator"[39m
              [36m>[39m
                [0mTrang [0m
                [0m2[0m
                [0m / [0m
                [0m5[0m
              [36m</div>[39m
            [36m</div>[39m
          [36m</div>[39m
        [36m</div>[39m
      [36m</div>[39m
    [36m</body>[39m

    [0m [90m 16 |[39m     [36mconst[39m nextBtn [33m=[39m 
screen[33m.[39mgetByRole([32m'button'[39m[33m,[39m { name[33m:[39m [35m/Trang 
sau/i[39m })[33m;[39m
     [90m 17 |[39m     fireEvent[33m.[39mclick(nextBtn)[33m;[39m
    [31m[1m>[22m[39m[90m 18 |[39m     expect(screen[33m.[39mgetByText([35m/Groups 
Management|Working with Groups/i[39m))[33m.[39mtoBeInTheDocument()[33m;[39m
     [90m    |[39m                   [31m[1m^[22m[39m
     [90m 19 |[39m
     [90m 20 |[39m     [90m// jump to page 3 using dots (there are 4 dots total; index-based 
via title)[39m
     [90m 21 |[39m     [36mconst[39m page3Dot [33m=[39m 
screen[33m.[39mgetByTitle([32m'Trang 3'[39m)[33m;[39m[0m

      at Object.getElementError (node_modules/@testing-library/dom/dist/config.js:37:19)
      at getElementError (node_modules/@testing-library/dom/dist/query-helpers.js:20:35)
      at getMultipleElementsFoundError 
(node_modules/@testing-library/dom/dist/query-helpers.js:23:10)
      at node_modules/@testing-library/dom/dist/query-helpers.js:55:13
      at getByText (node_modules/@testing-library/dom/dist/query-helpers.js:95:19)
      at Object.<anonymous> 
(src/test/__tests_cps__/components/helpButton.GuideModal.render.test.tsx:18:19)

PASS src/test/__tests_cps__/pages/board.BoardDetail.behavior.test.tsx
FAIL src/test/pages/analytics.throughput.test.tsx
  笳・Throughput page 窶ｺ loads boards and renders throughput summary

    TestingLibraryElementError: Found multiple elements with the text: /Tasks Entered/i

    Here are the matching elements:

    Ignored nodes: comments, script, style
    [36m<strong>[39m
      [0mTotal tasks entered:[0m
    [36m</strong>[39m

    Ignored nodes: comments, script, style
    [36m<p[39m
      [33mclass[39m=[32m"text-sm text-gray-600 dark:text-gray-400 mb-1"[39m
    [36m>[39m
      [0mTasks Entered[0m
    [36m</p>[39m

    (If this is intentional, then use the `*AllBy*` variant of the query (like 
`queryAllByText`, `getAllByText`, or `findAllByText`)).

    Ignored nodes: comments, script, style
    [36m<body>[39m
      [36m<div>[39m
        [36m<div[39m
          [33mclass[39m=[32m"p-6 bg-gray-50 dark:bg-slate-900 min-h-screen"[39m
        [36m>[39m
          [36m<div[39m
            [33mclass[39m=[32m"max-w-7xl mx-auto"[39m
          [36m>[39m
            [36m<div[39m
              [33mclass[39m=[32m"mb-6"[39m
            [36m>[39m
              [36m<h1[39m
                [33mclass[39m=[32m"text-3xl font-bold text-gray-900 dark:text-white 
mb-2"[39m
              [36m>[39m
                [0mThroughput Analysis[0m
              [36m</h1>[39m
              [36m<p[39m
                [33mclass[39m=[32m"text-gray-600 dark:text-gray-400"[39m
              [36m>[39m
                [0mAnalyze work throughput across each workflow column[0m
              [36m</p>[39m
            [36m</div>[39m
            [36m<div[39m
              [33mclass[39m=[32m"bg-white dark:bg-slate-800 rounded-lg shadow p-4 mb-6"[39m
            [36m>[39m
              [36m<div[39m
                [33mclass[39m=[32m"grid grid-cols-1 md:grid-cols-4 gap-4"[39m
              [36m>[39m
                [36m<div>[39m
                  [36m<label[39m
                    [33mclass[39m=[32m"block text-sm font-medium text-gray-700 
dark:text-gray-300 mb-2"[39m
                  [36m>[39m
                    [0mSelect Board[0m
                  [36m</label>[39m
                  [36m<select[39m
                    [33mclass[39m=[32m"w-full px-4 py-2 border border-gray-300 
dark:border-slate-600 rounded-lg bg-white dark:bg-slate-700 text-gray-900 dark:text-white 
focus:ring-2 focus:ring-indigo-500 focus:border-transparent"[39m
                  [36m>[39m
                    [36m<option[39m
                      [33mvalue[39m=[32m"b1"[39m
                    [36m>[39m
                      [0mBoard One[0m
                    [36m</option>[39m
                    [36m<option[39m
                      [33mvalue[39m=[32m"b2"[39m
                    [36m>[39m
                      [0mBoard Two[0m
                    [36m</option>[39m
                  [36m</select>[39m
                [36m</div>[39m
                [36m<div>[39m
                  [36m<label[39m
                    [33mclass[39m=[32m"block text-sm font-medium text-gray-700 
dark:text-gray-300 mb-2"[39m
                  [36m>[39m
                    [0mStart Date[0m
                  [36m</label>[39m
                  [36m<input[39m
                    [33mclass[39m=[32m"w-full px-4 py-2 border border-gray-300 
dark:border-slate-600 rounded-lg bg-white dark:bg-slate-700 text-gray-900 dark:text-white 
focus:ring-2 focus:ring-indigo-500 focus:border-transparent"[39m
                    [33mtype[39m=[32m"date"[39m
                    [33mvalue[39m=[32m"2025-11-10"[39m
                  [36m/>[39m
                [36m</div>[39m
                [36m<div>[39m
                  [36m<label[39m
                    [33mclass[39m=[32m"block text-sm font-medium text-gray-700 
dark:text-gray-300 mb-2"[39m
                  [36m>[39m
                    [0mEnd Date[0m
                  [36m</label>[39m
                  [36m<input[39m
                    [33mclass[39m=[32m"w-full px-4 py-2 border border-gray-300 
dark:border-slate-600 rounded-lg bg-white dark:bg-slate-700 text-gray-900 dark:text-white 
focus:ring-2 focus:ring-indigo-500 focus:border-transparent"[39m
                    [33mtype[39m=[32m"date"[39m
                    [33mvalue[39m=[32m"2025-12-10"[39m
                  [36m/>[39m
                [36m</div>[39m
                [36m<div>[39m
                  [36m<label[39m
                    [33mclass[39m=[32m"block text-sm font-medium text-gray-700 
dark:text-gray-300 mb-2"[39m
                  [36m>[39m
                    [0mWIP Limit[0m
                  [36m</label>[39m
                  [36m<input[39m
                    [33mclass[39m=[32m"w-full px-4 py-2 border border-gray-300 
dark:border-slate-600 rounded-lg bg-white dark:bg-slate-700 text-gray-900 dark:text-white 
focus:ring-2 focus:ring-indigo-500 focus:border-transparent"[39m
                    [33mmin[39m=[32m"1"[39m
                    [33mtype[39m=[32m"number"[39m
                    [33mvalue[39m=[32m"5"[39m
                  [36m/>[39m
                [36m</div>[39m
              [36m</div>[39m
            [36m</div>[39m
            [36m<div[39m
              [33mclass[39m=[32m"bg-white dark:bg-slate-800 rounded-lg shadow p-6 mb-6"[39m
            [36m>[39m
              [36m<h2[39m
                [33mclass[39m=[32m"text-xl font-semibold text-gray-900 dark:text-white 
mb-4"[39m
              [36m>[39m
                [0m嶋 Data Overview[0m
              [36m</h2>[39m
              [36m<div[39m
                [33mclass[39m=[32m"grid grid-cols-1 md:grid-cols-2 gap-4 text-sm 
text-gray-700 dark:text-gray-300"[39m
              [36m>[39m
                [36m<div>[39m
                  [36m<p[39m
                    [33mclass[39m=[32m"mb-2"[39m
                  [36m>[39m
                    [36m<strong>[39m
                      [0mAnalysis period:[0m
                    [36m</strong>[39m
                    [0m From [0m
                    [0m11/10/2025[0m
                    [0m to [0m
                    [0m12/10/2025[0m
                  [36m</p>[39m
                  [36m<p[39m
                    [33mclass[39m=[32m"mb-2"[39m
                  [36m>[39m
                    [36m<strong>[39m
                      [0mTotal tasks entered:[0m
                    [36m</strong>[39m
                    [0m [0m
                    [36m<span[39m
                      [33mclass[39m=[32m"font-semibold text-blue-600 dark:text-blue-400"[39m
                    [36m>[39m
                      [0m8[0m
                    [36m</span>[39m
                    [0m tasks[0m
                  [36m</p>[39m
                  [36m<p[39m
                    [33mclass[39m=[32m"mb-2"[39m
                  [36m>[39m
                    [36m<strong>[39m
                      [0mTotal tasks exited:[0m
                    [36m</strong>[39m
                    [0m [0m
                    [36m<span[39m
                      [33mclass[39m=[32m"font-semibold text-green-600 
dark:text-green-400"[39m
                    [36m>[39m
                      [0m7[0m
                    [36m</span>[39m
                    [0m tasks[0m
                  [36m</p>[39m
                  [36m<p>[39m
                    [36m<strong>[39m
                      [0mBacklog:[0m
                    [36m</strong>[39m
                    [0m [0m
                    [36m<span[39m
                      [33mclass[39m=[32m"font-semibold text-orange-600 
dark:text-orange-400"[39m
                    [36m>[39m
                      [0m+[0m
                      [0m1[0m
                    [36m</span>[39m
                    [0m tasks[0m
                  [36m</p>[39m
                [36m</div>[39m
                [36m<div>[39m
                  [36m<p[39m
                    [33mclass[39m=[32m"mb-2"[39m
                  [36m>[39m
                    [36m<strong>[39m
                      [0mAverage cycle time:[0m
                    [36m</strong>[39m
                    [0m [0m
                    [36m<span[39m
                      [33mclass[39m=[32m"font-semibold text-purple-600 dark:text-purple...

    [0m [90m 79 |[39m
     [90m 80 |[39m     expect(screen[33m.[39mgetByRole([32m"combobox"[39m))[33m.[39mtoHa
veValue([32m"b1"[39m)[33m;[39m
    [31m[1m>[22m[39m[90m 81 |[39m     [36mconst[39m enteredCard [33m=[39m 
screen[33m.[39mgetByText([35m/Tasks 
Entered/i[39m)[33m.[39mclosest([32m"div"[39m)[33m;[39m
     [90m    |[39m                                [31m[1m^[22m[39m
     [90m 82 |[39m     expect(within(enteredCard [36mas[39m [33mHTMLElement[39m)[33m.[39
mgetByText([32m"8"[39m))[33m.[39mtoBeInTheDocument()[33m;[39m
     [90m 83 |[39m     expect(screen[33m.[39mgetAllByTestId([32m"bar-chart"[39m)[33m.[39
mlength)[33m.[39mtoBeGreaterThan([35m0[39m)[33m;[39m
     [90m 84 |[39m     expect(screen[33m.[39mgetByTestId([32m"line-chart"[39m))[33m.[39m
toBeInTheDocument()[33m;[39m[0m

      at Object.getElementError (node_modules/@testing-library/dom/dist/config.js:37:19)
      at getElementError (node_modules/@testing-library/dom/dist/query-helpers.js:20:35)
      at getMultipleElementsFoundError 
(node_modules/@testing-library/dom/dist/query-helpers.js:23:10)
      at node_modules/@testing-library/dom/dist/query-helpers.js:55:13
      at getByText (node_modules/@testing-library/dom/dist/query-helpers.js:95:19)
      at Object.<anonymous> (src/test/pages/analytics.throughput.test.tsx:81:32)

FAIL src/test/__tests_cps__/components/commentSection.edgecases.test.tsx
  笳・components/CommentSection edge cases and branches 窶ｺ renders empty state when API returns a 
raw empty array

    useModal must be used within ModalProvider

    [0m [90m 30 |[39m [36mexport[39m [36mconst[39m useModal [33m=[39m () [33m=>[39m {
     [90m 31 |[39m   [36mconst[39m ctx [33m=[39m 
useContext([33mModalContext[39m)[33m;[39m
    [31m[1m>[22m[39m[90m 32 |[39m   [36mif[39m ([33m![39mctx) [36mthrow[39m 
[36mnew[39m [33mError[39m([32m"useModal must be used within ModalProvider"[39m)[33m;[39m
     [90m    |[39m                   [31m[1m^[22m[39m
     [90m 33 |[39m   [36mreturn[39m ctx[33m;[39m
     [90m 34 |[39m }[33m;[39m
     [90m 35 |[39m[0m

      at useModal (src/components/ModalProvider.tsx:32:19)
      at CommentSection (src/components/CommentSection.tsx:63:31)
      at Object.react_stack_bottom_frame 
(node_modules/react-dom/cjs/react-dom-client.development.js:25904:20)
      at renderWithHooks (node_modules/react-dom/cjs/react-dom-client.development.js:7662:22)
      at updateFunctionComponent 
(node_modules/react-dom/cjs/react-dom-client.development.js:10166:19)
      at beginWork (node_modules/react-dom/cjs/react-dom-client.development.js:11778:18)
      at runWithFiberInDEV (node_modules/react-dom/cjs/react-dom-client.development.js:874:13)
      at performUnitOfWork (node_modules/react-dom/cjs/react-dom-client.development.js:17641:22)
      at workLoopSync (node_modules/react-dom/cjs/react-dom-client.development.js:17469:41)
      at renderRootSync (node_modules/react-dom/cjs/react-dom-client.development.js:17450:11)
      at performWorkOnRoot (node_modules/react-dom/cjs/react-dom-client.development.js:16583:35)
      at performWorkOnRootViaSchedulerTask 
(node_modules/react-dom/cjs/react-dom-client.development.js:18957:7)
      at flushActQueue (node_modules/react/cjs/react.development.js:590:34)
      at Object.<anonymous>.process.env.NODE_ENV.exports.act 
(node_modules/react/cjs/react.development.js:884:10)
      at node_modules/@testing-library/react/dist/act-compat.js:47:25
      at renderRoot (node_modules/@testing-library/react/dist/pure.js:190:26)
      at render (node_modules/@testing-library/react/dist/pure.js:292:10)
      at Object.<anonymous> 
(src/test/__tests_cps__/components/commentSection.edgecases.test.tsx:28:11)

  笳・components/CommentSection edge cases and branches 窶ｺ logs error and shows empty state when 
load fails

    useModal must be used within ModalProvider

    [0m [90m 30 |[39m [36mexport[39m [36mconst[39m useModal [33m=[39m () [33m=>[39m {
     [90m 31 |[39m   [36mconst[39m ctx [33m=[39m 
useContext([33mModalContext[39m)[33m;[39m
    [31m[1m>[22m[39m[90m 32 |[39m   [36mif[39m ([33m![39mctx) [36mthrow[39m 
[36mnew[39m [33mError[39m([32m"useModal must be used within ModalProvider"[39m)[33m;[39m
     [90m    |[39m                   [31m[1m^[22m[39m
     [90m 33 |[39m   [36mreturn[39m ctx[33m;[39m
     [90m 34 |[39m }[33m;[39m
     [90m 35 |[39m[0m

      at useModal (src/components/ModalProvider.tsx:32:19)
      at CommentSection (src/components/CommentSection.tsx:63:31)
      at Object.react_stack_bottom_frame 
(node_modules/react-dom/cjs/react-dom-client.development.js:25904:20)
      at renderWithHooks (node_modules/react-dom/cjs/react-dom-client.development.js:7662:22)
      at updateFunctionComponent 
(node_modules/react-dom/cjs/react-dom-client.development.js:10166:19)
      at beginWork (node_modules/react-dom/cjs/react-dom-client.development.js:11778:18)
      at runWithFiberInDEV (node_modules/react-dom/cjs/react-dom-client.development.js:874:13)
      at performUnitOfWork (node_modules/react-dom/cjs/react-dom-client.development.js:17641:22)
      at workLoopSync (node_modules/react-dom/cjs/react-dom-client.development.js:17469:41)
      at renderRootSync (node_modules/react-dom/cjs/react-dom-client.development.js:17450:11)
      at performWorkOnRoot (node_modules/react-dom/cjs/react-dom-client.development.js:16583:35)
      at performWorkOnRootViaSchedulerTask 
(node_modules/react-dom/cjs/react-dom-client.development.js:18957:7)
      at flushActQueue (node_modules/react/cjs/react.development.js:590:34)
      at Object.<anonymous>.process.env.NODE_ENV.exports.act 
(node_modules/react/cjs/react.development.js:884:10)
      at node_modules/@testing-library/react/dist/act-compat.js:47:25
      at renderRoot (node_modules/@testing-library/react/dist/pure.js:190:26)
      at render (node_modules/@testing-library/react/dist/pure.js:292:10)
      at Object.<anonymous> 
(src/test/__tests_cps__/components/commentSection.edgecases.test.tsx:40:11)

  笳・components/CommentSection edge cases and branches 窶ｺ disables send button when textarea is 
empty; enables on input and shows loading text while sending

    useModal must be used within ModalProvider

    [0m [90m 30 |[39m [36mexport[39m [36mconst[39m useModal [33m=[39m () [33m=>[39m {
     [90m 31 |[39m   [36mconst[39m ctx [33m=[39m 
useContext([33mModalContext[39m)[33m;[39m
    [31m[1m>[22m[39m[90m 32 |[39m   [36mif[39m ([33m![39mctx) [36mthrow[39m 
[36mnew[39m [33mError[39m([32m"useModal must be used within ModalProvider"[39m)[33m;[39m
     [90m    |[39m                   [31m[1m^[22m[39m
     [90m 33 |[39m   [36mreturn[39m ctx[33m;[39m
     [90m 34 |[39m }[33m;[39m
     [90m 35 |[39m[0m

      at useModal (src/components/ModalProvider.tsx:32:19)
      at CommentSection (src/components/CommentSection.tsx:63:31)
      at Object.react_stack_bottom_frame 
(node_modules/react-dom/cjs/react-dom-client.development.js:25904:20)
      at renderWithHooks (node_modules/react-dom/cjs/react-dom-client.development.js:7662:22)
      at updateFunctionComponent 
(node_modules/react-dom/cjs/react-dom-client.development.js:10166:19)
      at beginWork (node_modules/react-dom/cjs/react-dom-client.development.js:11778:18)
      at runWithFiberInDEV (node_modules/react-dom/cjs/react-dom-client.development.js:874:13)
      at performUnitOfWork (node_modules/react-dom/cjs/react-dom-client.development.js:17641:22)
      at workLoopSync (node_modules/react-dom/cjs/react-dom-client.development.js:17469:41)
      at renderRootSync (node_modules/react-dom/cjs/react-dom-client.development.js:17450:11)
      at performWorkOnRoot (node_modules/react-dom/cjs/react-dom-client.development.js:16583:35)
      at performWorkOnRootViaSchedulerTask 
(node_modules/react-dom/cjs/react-dom-client.development.js:18957:7)
      at flushActQueue (node_modules/react/cjs/react.development.js:590:34)
      at Object.<anonymous>.process.env.NODE_ENV.exports.act 
(node_modules/react/cjs/react.development.js:884:10)
      at node_modules/@testing-library/react/dist/act-compat.js:47:25
      at renderRoot (node_modules/@testing-library/react/dist/pure.js:190:26)
      at render (node_modules/@testing-library/react/dist/pure.js:292:10)
      at Object.<anonymous> 
(src/test/__tests_cps__/components/commentSection.edgecases.test.tsx:69:11)

  笳・components/CommentSection edge cases and branches 窶ｺ edit flow disables Save when 
whitespace only; Cancel exits edit without calling update

    useModal must be used within ModalProvider

    [0m [90m 30 |[39m [36mexport[39m [36mconst[39m useModal [33m=[39m () [33m=>[39m {
     [90m 31 |[39m   [36mconst[39m ctx [33m=[39m 
useContext([33mModalContext[39m)[33m;[39m
    [31m[1m>[22m[39m[90m 32 |[39m   [36mif[39m ([33m![39mctx) [36mthrow[39m 
[36mnew[39m [33mError[39m([32m"useModal must be used within ModalProvider"[39m)[33m;[39m
     [90m    |[39m                   [31m[1m^[22m[39m
     [90m 33 |[39m   [36mreturn[39m ctx[33m;[39m
     [90m 34 |[39m }[33m;[39m
     [90m 35 |[39m[0m

      at useModal (src/components/ModalProvider.tsx:32:19)
      at CommentSection (src/components/CommentSection.tsx:63:31)
      at Object.react_stack_bottom_frame 
(node_modules/react-dom/cjs/react-dom-client.development.js:25904:20)
      at renderWithHooks (node_modules/react-dom/cjs/react-dom-client.development.js:7662:22)
      at updateFunctionComponent 
(node_modules/react-dom/cjs/react-dom-client.development.js:10166:19)
      at beginWork (node_modules/react-dom/cjs/react-dom-client.development.js:11778:18)
      at runWithFiberInDEV (node_modules/react-dom/cjs/react-dom-client.development.js:874:13)
      at performUnitOfWork (node_modules/react-dom/cjs/react-dom-client.development.js:17641:22)
      at workLoopSync (node_modules/react-dom/cjs/react-dom-client.development.js:17469:41)
      at renderRootSync (node_modules/react-dom/cjs/react-dom-client.development.js:17450:11)
      at performWorkOnRoot (node_modules/react-dom/cjs/react-dom-client.development.js:16583:35)
      at performWorkOnRootViaSchedulerTask 
(node_modules/react-dom/cjs/react-dom-client.development.js:18957:7)
      at flushActQueue (node_modules/react/cjs/react.development.js:590:34)
      at Object.<anonymous>.process.env.NODE_ENV.exports.act 
(node_modules/react/cjs/react.development.js:884:10)
      at node_modules/@testing-library/react/dist/act-compat.js:47:25
      at renderRoot (node_modules/@testing-library/react/dist/pure.js:190:26)
      at render (node_modules/@testing-library/react/dist/pure.js:292:10)
      at Object.<anonymous> 
(src/test/__tests_cps__/components/commentSection.edgecases.test.tsx:104:11)

  笳・components/CommentSection edge cases and branches 窶ｺ delete modal Cancel closes without 
calling API

    useModal must be used within ModalProvider

    [0m [90m 30 |[39m [36mexport[39m [36mconst[39m useModal [33m=[39m () [33m=>[39m {
     [90m 31 |[39m   [36mconst[39m ctx [33m=[39m 
useContext([33mModalContext[39m)[33m;[39m
    [31m[1m>[22m[39m[90m 32 |[39m   [36mif[39m ([33m![39mctx) [36mthrow[39m 
[36mnew[39m [33mError[39m([32m"useModal must be used within ModalProvider"[39m)[33m;[39m
     [90m    |[39m                   [31m[1m^[22m[39m
     [90m 33 |[39m   [36mreturn[39m ctx[33m;[39m
     [90m 34 |[39m }[33m;[39m
     [90m 35 |[39m[0m

      at useModal (src/components/ModalProvider.tsx:32:19)
      at CommentSection (src/components/CommentSection.tsx:63:31)
      at Object.react_stack_bottom_frame 
(node_modules/react-dom/cjs/react-dom-client.development.js:25904:20)
      at renderWithHooks (node_modules/react-dom/cjs/react-dom-client.development.js:7662:22)
      at updateFunctionComponent 
(node_modules/react-dom/cjs/react-dom-client.development.js:10166:19)
      at beginWork (node_modules/react-dom/cjs/react-dom-client.development.js:11778:18)
      at runWithFiberInDEV (node_modules/react-dom/cjs/react-dom-client.development.js:874:13)
      at performUnitOfWork (node_modules/react-dom/cjs/react-dom-client.development.js:17641:22)
      at workLoopSync (node_modules/react-dom/cjs/react-dom-client.development.js:17469:41)
      at renderRootSync (node_modules/react-dom/cjs/react-dom-client.development.js:17450:11)
      at performWorkOnRoot (node_modules/react-dom/cjs/react-dom-client.development.js:16583:35)
      at performWorkOnRootViaSchedulerTask 
(node_modules/react-dom/cjs/react-dom-client.development.js:18957:7)
      at flushActQueue (node_modules/react/cjs/react.development.js:590:34)
      at Object.<anonymous>.process.env.NODE_ENV.exports.act 
(node_modules/react/cjs/react.development.js:884:10)
      at node_modules/@testing-library/react/dist/act-compat.js:47:25
      at renderRoot (node_modules/@testing-library/react/dist/pure.js:190:26)
      at render (node_modules/@testing-library/react/dist/pure.js:292:10)
      at Object.<anonymous> 
(src/test/__tests_cps__/components/commentSection.edgecases.test.tsx:135:11)

  笳・components/CommentSection edge cases and branches 窶ｺ does not show action buttons for 
comments by other users

    useModal must be used within ModalProvider

    [0m [90m 30 |[39m [36mexport[39m [36mconst[39m useModal [33m=[39m () [33m=>[39m {
     [90m 31 |[39m   [36mconst[39m ctx [33m=[39m 
useContext([33mModalContext[39m)[33m;[39m
    [31m[1m>[22m[39m[90m 32 |[39m   [36mif[39m ([33m![39mctx) [36mthrow[39m 
[36mnew[39m [33mError[39m([32m"useModal must be used within ModalProvider"[39m)[33m;[39m
     [90m    |[39m                   [31m[1m^[22m[39m
     [90m 33 |[39m   [36mreturn[39m ctx[33m;[39m
     [90m 34 |[39m }[33m;[39m
     [90m 35 |[39m[0m

      at useModal (src/components/ModalProvider.tsx:32:19)
      at CommentSection (src/components/CommentSection.tsx:63:31)
      at Object.react_stack_bottom_frame 
(node_modules/react-dom/cjs/react-dom-client.development.js:25904:20)
      at renderWithHooks (node_modules/react-dom/cjs/react-dom-client.development.js:7662:22)
      at updateFunctionComponent 
(node_modules/react-dom/cjs/react-dom-client.development.js:10166:19)
      at beginWork (node_modules/react-dom/cjs/react-dom-client.development.js:11778:18)
      at runWithFiberInDEV (node_modules/react-dom/cjs/react-dom-client.development.js:874:13)
      at performUnitOfWork (node_modules/react-dom/cjs/react-dom-client.development.js:17641:22)
      at workLoopSync (node_modules/react-dom/cjs/react-dom-client.development.js:17469:41)
      at renderRootSync (node_modules/react-dom/cjs/react-dom-client.development.js:17450:11)
      at performWorkOnRoot (node_modules/react-dom/cjs/react-dom-client.development.js:16583:35)
      at performWorkOnRootViaSchedulerTask 
(node_modules/react-dom/cjs/react-dom-client.development.js:18957:7)
      at flushActQueue (node_modules/react/cjs/react.development.js:590:34)
      at Object.<anonymous>.process.env.NODE_ENV.exports.act 
(node_modules/react/cjs/react.development.js:884:10)
      at node_modules/@testing-library/react/dist/act-compat.js:47:25
      at renderRoot (node_modules/@testing-library/react/dist/pure.js:190:26)
      at render (node_modules/@testing-library/react/dist/pure.js:292:10)
      at Object.<anonymous> 
(src/test/__tests_cps__/components/commentSection.edgecases.test.tsx:161:11)

  笳・components/CommentSection edge cases and branches 窶ｺ formatDate shows all branches (v盻ｫa 
xong, phﾃｺt, gi盻・ ngﾃy, locale date)

    useModal must be used within ModalProvider

    [0m [90m 30 |[39m [36mexport[39m [36mconst[39m useModal [33m=[39m () [33m=>[39m {
     [90m 31 |[39m   [36mconst[39m ctx [33m=[39m 
useContext([33mModalContext[39m)[33m;[39m
    [31m[1m>[22m[39m[90m 32 |[39m   [36mif[39m ([33m![39mctx) [36mthrow[39m 
[36mnew[39m [33mError[39m([32m"useModal must be used within ModalProvider"[39m)[33m;[39m
     [90m    |[39m                   [31m[1m^[22m[39m
     [90m 33 |[39m   [36mreturn[39m ctx[33m;[39m
     [90m 34 |[39m }[33m;[39m
     [90m 35 |[39m[0m

      at useModal (src/components/ModalProvider.tsx:32:19)
      at CommentSection (src/components/CommentSection.tsx:63:31)
      at Object.react_stack_bottom_frame 
(node_modules/react-dom/cjs/react-dom-client.development.js:25904:20)
      at renderWithHooks (node_modules/react-dom/cjs/react-dom-client.development.js:7662:22)
      at updateFunctionComponent 
(node_modules/react-dom/cjs/react-dom-client.development.js:10166:19)
      at beginWork (node_modules/react-dom/cjs/react-dom-client.development.js:11778:18)
      at runWithFiberInDEV (node_modules/react-dom/cjs/react-dom-client.development.js:874:13)
      at performUnitOfWork (node_modules/react-dom/cjs/react-dom-client.development.js:17641:22)
      at workLoopSync (node_modules/react-dom/cjs/react-dom-client.development.js:17469:41)
      at renderRootSync (node_modules/react-dom/cjs/react-dom-client.development.js:17450:11)
      at performWorkOnRoot (node_modules/react-dom/cjs/react-dom-client.development.js:16583:35)
      at performWorkOnRootViaSchedulerTask 
(node_modules/react-dom/cjs/react-dom-client.development.js:18957:7)
      at flushActQueue (node_modules/react/cjs/react.development.js:590:34)
      at Object.<anonymous>.process.env.NODE_ENV.exports.act 
(node_modules/react/cjs/react.development.js:884:10)
      at node_modules/@testing-library/react/dist/act-compat.js:47:25
      at renderRoot (node_modules/@testing-library/react/dist/pure.js:190:26)
      at render (node_modules/@testing-library/react/dist/pure.js:292:10)
      at Object.<anonymous> 
(src/test/__tests_cps__/components/commentSection.edgecases.test.tsx:196:11)

FAIL src/test/__tests_cps__/components/loginForm.comprehensive.test.tsx (6.709 s)
  笳・LoginForm Component 窶ｺ Input Fields 窶ｺ should allow typing in username field

    TestingLibraryElementError: Unable to find an element with the placeholder text of: /nh蘯ｭp 
tﾃｪn ﾄ惰ハg nh蘯ｭp/i

    Ignored nodes: comments, script, style
    [36m<body>[39m
      [36m<div>[39m
        [36m<div[39m
          [33mclass[39m=[32m"flex items-center justify-center min-h-screen bg-gray-100"[39m
        [36m>[39m
          [36m<div[39m
            [33mclass[39m=[32m"w-full max-w-md bg-white shadow-xl rounded-2xl p-8"[39m
          [36m>[39m
            [36m<h2[39m
              [33mclass[39m=[32m"text-2xl font-bold text-center text-gray-800 mb-6"[39m
            [36m>[39m
              [0mLogin[0m
            [36m</h2>[39m
            [36m<form[39m
              [33mclass[39m=[32m"space-y-5"[39m
            [36m>[39m
              [36m<div>[39m
                [36m<label[39m
                  [33mclass[39m=[32m"block text-sm font-medium text-gray-700 mb-1"[39m
                [36m>[39m
                  [0mUsername[0m
                [36m</label>[39m
                [36m<input[39m
                  [33mclass[39m=[32m"w-full px-4 py-2 border border-gray-300 rounded-lg 
focus:outline-none focus:ring-2 focus:ring-indigo-500"[39m
                  [33mplaceholder[39m=[32m"Enter username"[39m
                  [33mtype[39m=[32m"text"[39m
                [36m/>[39m
              [36m</div>[39m
              [36m<div>[39m
                [36m<label[39m
                  [33mclass[39m=[32m"block text-sm font-medium text-gray-700 mb-1"[39m
                [36m>[39m
                  [0mPassword[0m
                [36m</label>[39m
                [36m<input[39m
                  [33mclass[39m=[32m"w-full px-4 py-2 border border-gray-300 rounded-lg 
focus:outline-none focus:ring-2 focus:ring-indigo-500"[39m
                  [33mplaceholder[39m=[32m"Enter password"[39m
                  [33mtype[39m=[32m"password"[39m
                [36m/>[39m
              [36m</div>[39m
              [36m<button[39m
                [33mclass[39m=[32m"w-full py-2 bg-indigo-600 hover:bg-indigo-700 text-white 
font-semibold rounded-lg transition"[39m
                [33mtype[39m=[32m"submit"[39m
              [36m>[39m
                [0mLogin[0m
              [36m</button>[39m
            [36m</form>[39m
            [36m<div[39m
              [33mclass[39m=[32m"flex justify-between items-center mt-5 text-sm 
text-gray-600"[39m
            [36m>[39m
              [36m<a[39m
                [33mclass[39m=[32m"hover:underline"[39m
                [33mhref[39m=[32m"#"[39m
              [36m>[39m
                [0mForgot password?[0m
              [36m</a>[39m
              [36m<a[39m
                [33mclass[39m=[32m"hover:underline"[39m
                [33mhref[39m=[32m"#"[39m
              [36m>[39m
                [0mSign up[0m
              [36m</a>[39m
            [36m</div>[39m
          [36m</div>[39m
        [36m</div>[39m
      [36m</div>[39m
    [36m</body>[39m

    [0m [90m 69 |[39m       render([33m<[39m[33mLoginForm[39m 
[33m/[39m[33m>[39m)[33m;[39m
     [90m 70 |[39m
    [31m[1m>[22m[39m[90m 71 |[39m       [36mconst[39m usernameInput [33m=[39m 
screen[33m.[39mgetByPlaceholderText([35m/nh蘯ｭp tﾃｪn ﾄ惰ハg nh蘯ｭp/i[39m) [36mas[39m 
[33mHTMLInputElement[39m[33m;[39m
     [90m    |[39m                                    [31m[1m^[22m[39m
     [90m 72 |[39m       userEvent[33m.[39mtype(usernameInput[33m,[39m 
[32m'testuser'[39m)[33m;[39m
     [90m 73 |[39m
     [90m 74 |[39m       
expect(usernameInput[33m.[39mvalue)[33m.[39mtoBe([32m'testuser'[39m)[33m;[39m[0m

      at Object.getElementError (node_modules/@testing-library/dom/dist/config.js:37:19)
      at node_modules/@testing-library/dom/dist/query-helpers.js:76:38
      at node_modules/@testing-library/dom/dist/query-helpers.js:52:17
      at getByPlaceholderText (node_modules/@testing-library/dom/dist/query-helpers.js:95:19)
      at Object.<anonymous> 
(src/test/__tests_cps__/components/loginForm.comprehensive.test.tsx:71:36)

  笳・LoginForm Component 窶ｺ Input Fields 窶ｺ should allow typing in password field

    TestingLibraryElementError: Unable to find an element with the placeholder text of: /nh蘯ｭp 
m蘯ｭt kh蘯ｩu/i

    Ignored nodes: comments, script, style
    [36m<body>[39m
      [36m<div>[39m
        [36m<div[39m
          [33mclass[39m=[32m"flex items-center justify-center min-h-screen bg-gray-100"[39m
        [36m>[39m
          [36m<div[39m
            [33mclass[39m=[32m"w-full max-w-md bg-white shadow-xl rounded-2xl p-8"[39m
          [36m>[39m
            [36m<h2[39m
              [33mclass[39m=[32m"text-2xl font-bold text-center text-gray-800 mb-6"[39m
            [36m>[39m
              [0mLogin[0m
            [36m</h2>[39m
            [36m<form[39m
              [33mclass[39m=[32m"space-y-5"[39m
            [36m>[39m
              [36m<div>[39m
                [36m<label[39m
                  [33mclass[39m=[32m"block text-sm font-medium text-gray-700 mb-1"[39m
                [36m>[39m
                  [0mUsername[0m
                [36m</label>[39m
                [36m<input[39m
                  [33mclass[39m=[32m"w-full px-4 py-2 border border-gray-300 rounded-lg 
focus:outline-none focus:ring-2 focus:ring-indigo-500"[39m
                  [33mplaceholder[39m=[32m"Enter username"[39m
                  [33mtype[39m=[32m"text"[39m
                [36m/>[39m
              [36m</div>[39m
              [36m<div>[39m
                [36m<label[39m
                  [33mclass[39m=[32m"block text-sm font-medium text-gray-700 mb-1"[39m
                [36m>[39m
                  [0mPassword[0m
                [36m</label>[39m
                [36m<input[39m
                  [33mclass[39m=[32m"w-full px-4 py-2 border border-gray-300 rounded-lg 
focus:outline-none focus:ring-2 focus:ring-indigo-500"[39m
                  [33mplaceholder[39m=[32m"Enter password"[39m
                  [33mtype[39m=[32m"password"[39m
                [36m/>[39m
              [36m</div>[39m
              [36m<button[39m
                [33mclass[39m=[32m"w-full py-2 bg-indigo-600 hover:bg-indigo-700 text-white 
font-semibold rounded-lg transition"[39m
                [33mtype[39m=[32m"submit"[39m
              [36m>[39m
                [0mLogin[0m
              [36m</button>[39m
            [36m</form>[39m
            [36m<div[39m
              [33mclass[39m=[32m"flex justify-between items-center mt-5 text-sm 
text-gray-600"[39m
            [36m>[39m
              [36m<a[39m
                [33mclass[39m=[32m"hover:underline"[39m
                [33mhref[39m=[32m"#"[39m
              [36m>[39m
                [0mForgot password?[0m
              [36m</a>[39m
              [36m<a[39m
                [33mclass[39m=[32m"hover:underline"[39m
                [33mhref[39m=[32m"#"[39m
              [36m>[39m
                [0mSign up[0m
              [36m</a>[39m
            [36m</div>[39m
          [36m</div>[39m
        [36m</div>[39m
      [36m</div>[39m
    [36m</body>[39m

    [0m [90m 78 |[39m       render([33m<[39m[33mLoginForm[39m 
[33m/[39m[33m>[39m)[33m;[39m
     [90m 79 |[39m
    [31m[1m>[22m[39m[90m 80 |[39m       [36mconst[39m passwordInput [33m=[39m 
screen[33m.[39mgetByPlaceholderText([35m/nh蘯ｭp m蘯ｭt kh蘯ｩu/i[39m) [36mas[39m 
[33mHTMLInputElement[39m[33m;[39m
     [90m    |[39m                                    [31m[1m^[22m[39m
     [90m 81 |[39m       userEvent[33m.[39mtype(passwordInput[33m,[39m 
[32m'password123'[39m)[33m;[39m
     [90m 82 |[39m
     [90m 83 |[39m       
expect(passwordInput[33m.[39mvalue)[33m.[39mtoBe([32m'password123'[39m)[33m;[39m[0m

      at Object.getElementError (node_modules/@testing-library/dom/dist/config.js:37:19)
      at node_modules/@testing-library/dom/dist/query-helpers.js:76:38
      at node_modules/@testing-library/dom/dist/query-helpers.js:52:17
      at getByPlaceholderText (node_modules/@testing-library/dom/dist/query-helpers.js:95:19)
      at Object.<anonymous> 
(src/test/__tests_cps__/components/loginForm.comprehensive.test.tsx:80:36)

  笳・LoginForm Component 窶ｺ User Interactions 窶ｺ should handle form submission

    TestingLibraryElementError: Unable to find an accessible element with the role "button" and 
name `/ﾄ惰ハg nh蘯ｭp/i`

    Here are the accessible roles:

      heading:

      Name "Login":
      [36m<h2[39m
        [33mclass[39m=[32m"text-2xl font-bold text-center text-gray-800 mb-6"[39m
      [36m/>[39m

      --------------------------------------------------
      textbox:

      Name "":
      [36m<input[39m
        [33mclass[39m=[32m"w-full px-4 py-2 border border-gray-300 rounded-lg 
focus:outline-none focus:ring-2 focus:ring-indigo-500"[39m
        [33mplaceholder[39m=[32m"Enter username"[39m
        [33mtype[39m=[32m"text"[39m
      [36m/>[39m

      --------------------------------------------------
      button:

      Name "Login":
      [36m<button[39m
        [33mclass[39m=[32m"w-full py-2 bg-indigo-600 hover:bg-indigo-700 text-white 
font-semibold rounded-lg transition"[39m
        [33mtype[39m=[32m"submit"[39m
      [36m/>[39m

      --------------------------------------------------
      link:

      Name "Forgot password?":
      [36m<a[39m
        [33mclass[39m=[32m"hover:underline"[39m
        [33mhref[39m=[32m"#"[39m
      [36m/>[39m

      Name "Sign up":
      [36m<a[39m
        [33mclass[39m=[32m"hover:underline"[39m
        [33mhref[39m=[32m"#"[39m
      [36m/>[39m

      --------------------------------------------------

    Ignored nodes: comments, script, style
    [36m<body>[39m
      [36m<div>[39m
        [36m<div[39m
          [33mclass[39m=[32m"flex items-center justify-center min-h-screen bg-gray-100"[39m
        [36m>[39m
          [36m<div[39m
            [33mclass[39m=[32m"w-full max-w-md bg-white shadow-xl rounded-2xl p-8"[39m
          [36m>[39m
            [36m<h2[39m
              [33mclass[39m=[32m"text-2xl font-bold text-center text-gray-800 mb-6"[39m
            [36m>[39m
              [0mLogin[0m
            [36m</h2>[39m
            [36m<form[39m
              [33mclass[39m=[32m"space-y-5"[39m
            [36m>[39m
              [36m<div>[39m
                [36m<label[39m
                  [33mclass[39m=[32m"block text-sm font-medium text-gray-700 mb-1"[39m
                [36m>[39m
                  [0mUsername[0m
                [36m</label>[39m
                [36m<input[39m
                  [33mclass[39m=[32m"w-full px-4 py-2 border border-gray-300 rounded-lg 
focus:outline-none focus:ring-2 focus:ring-indigo-500"[39m
                  [33mplaceholder[39m=[32m"Enter username"[39m
                  [33mtype[39m=[32m"text"[39m
                [36m/>[39m
              [36m</div>[39m
              [36m<div>[39m
                [36m<label[39m
                  [33mclass[39m=[32m"block text-sm font-medium text-gray-700 mb-1"[39m
                [36m>[39m
                  [0mPassword[0m
                [36m</label>[39m
                [36m<input[39m
                  [33mclass[39m=[32m"w-full px-4 py-2 border border-gray-300 rounded-lg 
focus:outline-none focus:ring-2 focus:ring-indigo-500"[39m
                  [33mplaceholder[39m=[32m"Enter password"[39m
                  [33mtype[39m=[32m"password"[39m
                [36m/>[39m
              [36m</div>[39m
              [36m<button[39m
                [33mclass[39m=[32m"w-full py-2 bg-indigo-600 hover:bg-indigo-700 text-white 
font-semibold rounded-lg transition"[39m
                [33mtype[39m=[32m"submit"[39m
              [36m>[39m
                [0mLogin[0m
              [36m</button>[39m
            [36m</form>[39m
            [36m<div[39m
              [33mclass[39m=[32m"flex justify-between items-center mt-5 text-sm 
text-gray-600"[39m
            [36m>[39m
              [36m<a[39m
                [33mclass[39m=[32m"hover:underline"[39m
                [33mhref[39m=[32m"#"[39m
              [36m>[39m
                [0mForgot password?[0m
              [36m</a>[39m
              [36m<a[39m
                [33mclass[39m=[32m"hover:underline"[39m
                [33mhref[39m=[32m"#"[39m
              [36m>[39m
                [0mSign up[0m
              [36m</a>[39m
            [36m</div>[39m
          [36m</div>[39m
        [36m</div>[39m
      [36m</div>[39m
    [36m</body>[39m

    [0m [90m 120 |[39m       render([33m<[39m[33mLoginForm[39m 
[33m/[39m[33m>[39m)[33m;[39m
     [90m 121 |[39m
    [31m[1m>[22m[39m[90m 122 |[39m       [36mconst[39m form [33m=[39m 
screen[33m.[39mgetByRole([32m'button'[39m[33m,[39m { name[33m:[39m [35m/ﾄ惰ハg 
nh蘯ｭp/i[39m })[33m.[39mclosest([32m'form'[39m)[33m;[39m
     [90m     |[39m                           [31m[1m^[22m[39m
     [90m 123 |[39m       expect(form)[33m.[39mtoBeInTheDocument()[33m;[39m
     [90m 124 |[39m     })[33m;[39m
     [90m 125 |[39m   })[33m;[39m[0m

      at Object.getElementError (node_modules/@testing-library/dom/dist/config.js:37:19)
      at node_modules/@testing-library/dom/dist/query-helpers.js:76:38
      at node_modules/@testing-library/dom/dist/query-helpers.js:52:17
      at getByRole (node_modules/@testing-library/dom/dist/query-helpers.js:95:19)
      at Object.<anonymous> 
(src/test/__tests_cps__/components/loginForm.comprehensive.test.tsx:122:27)

  笳・LoginForm Component 窶ｺ Form Layout 窶ｺ should display heading text correctly

    TestingLibraryElementError: Unable to find an accessible element with the role "heading" 
and name `/ﾄ惰ハg nh蘯ｭp/i`

    Here are the accessible roles:

      heading:

      Name "Login":
      [36m<h2[39m
        [33mclass[39m=[32m"text-2xl font-bold text-center text-gray-800 mb-6"[39m
      [36m/>[39m

      --------------------------------------------------
      textbox:

      Name "":
      [36m<input[39m
        [33mclass[39m=[32m"w-full px-4 py-2 border border-gray-300 rounded-lg 
focus:outline-none focus:ring-2 focus:ring-indigo-500"[39m
        [33mplaceholder[39m=[32m"Enter username"[39m
        [33mtype[39m=[32m"text"[39m
      [36m/>[39m

      --------------------------------------------------
      button:

      Name "Login":
      [36m<button[39m
        [33mclass[39m=[32m"w-full py-2 bg-indigo-600 hover:bg-indigo-700 text-white 
font-semibold rounded-lg transition"[39m
        [33mtype[39m=[32m"submit"[39m
      [36m/>[39m

      --------------------------------------------------
      link:

      Name "Forgot password?":
      [36m<a[39m
        [33mclass[39m=[32m"hover:underline"[39m
        [33mhref[39m=[32m"#"[39m
      [36m/>[39m

      Name "Sign up":
      [36m<a[39m
        [33mclass[39m=[32m"hover:underline"[39m
        [33mhref[39m=[32m"#"[39m
      [36m/>[39m

      --------------------------------------------------

    Ignored nodes: comments, script, style
    [36m<body>[39m
      [36m<div>[39m
        [36m<div[39m
          [33mclass[39m=[32m"flex items-center justify-center min-h-screen bg-gray-100"[39m
        [36m>[39m
          [36m<div[39m
            [33mclass[39m=[32m"w-full max-w-md bg-white shadow-xl rounded-2xl p-8"[39m
          [36m>[39m
            [36m<h2[39m
              [33mclass[39m=[32m"text-2xl font-bold text-center text-gray-800 mb-6"[39m
            [36m>[39m
              [0mLogin[0m
            [36m</h2>[39m
            [36m<form[39m
              [33mclass[39m=[32m"space-y-5"[39m
            [36m>[39m
              [36m<div>[39m
                [36m<label[39m
                  [33mclass[39m=[32m"block text-sm font-medium text-gray-700 mb-1"[39m
                [36m>[39m
                  [0mUsername[0m
                [36m</label>[39m
                [36m<input[39m
                  [33mclass[39m=[32m"w-full px-4 py-2 border border-gray-300 rounded-lg 
focus:outline-none focus:ring-2 focus:ring-indigo-500"[39m
                  [33mplaceholder[39m=[32m"Enter username"[39m
                  [33mtype[39m=[32m"text"[39m
                [36m/>[39m
              [36m</div>[39m
              [36m<div>[39m
                [36m<label[39m
                  [33mclass[39m=[32m"block text-sm font-medium text-gray-700 mb-1"[39m
                [36m>[39m
                  [0mPassword[0m
                [36m</label>[39m
                [36m<input[39m
                  [33mclass[39m=[32m"w-full px-4 py-2 border border-gray-300 rounded-lg 
focus:outline-none focus:ring-2 focus:ring-indigo-500"[39m
                  [33mplaceholder[39m=[32m"Enter password"[39m
                  [33mtype[39m=[32m"password"[39m
                [36m/>[39m
              [36m</div>[39m
              [36m<button[39m
                [33mclass[39m=[32m"w-full py-2 bg-indigo-600 hover:bg-indigo-700 text-white 
font-semibold rounded-lg transition"[39m
                [33mtype[39m=[32m"submit"[39m
              [36m>[39m
                [0mLogin[0m
              [36m</button>[39m
            [36m</form>[39m
            [36m<div[39m
              [33mclass[39m=[32m"flex justify-between items-center mt-5 text-sm 
text-gray-600"[39m
            [36m>[39m
              [36m<a[39m
                [33mclass[39m=[32m"hover:underline"[39m
                [33mhref[39m=[32m"#"[39m
              [36m>[39m
                [0mForgot password?[0m
              [36m</a>[39m
              [36m<a[39m
                [33mclass[39m=[32m"hover:underline"[39m
                [33mhref[39m=[32m"#"[39m
              [36m>[39m
                [0mSign up[0m
              [36m</a>[39m
            [36m</div>[39m
          [36m</div>[39m
        [36m</div>[39m
      [36m</div>[39m
    [36m</body>[39m

    [0m [90m 189 |[39m       render([33m<[39m[33mLoginForm[39m 
[33m/[39m[33m>[39m)[33m;[39m
     [90m 190 |[39m
    [31m[1m>[22m[39m[90m 191 |[39m       [36mconst[39m heading [33m=[39m 
screen[33m.[39mgetByRole([32m'heading'[39m[33m,[39m { name[33m:[39m [35m/ﾄ惰ハg 
nh蘯ｭp/i[39m })[33m;[39m
     [90m     |[39m                              [31m[1m^[22m[39m
     [90m 192 |[39m       
expect(heading)[33m.[39mtoHaveTextContent([32m'Login'[39m)[33m;[39m
     [90m 193 |[39m     })[33m;[39m
     [90m 194 |[39m   })[33m;[39m[0m

      at Object.getElementError (node_modules/@testing-library/dom/dist/config.js:37:19)
      at node_modules/@testing-library/dom/dist/query-helpers.js:76:38
      at node_modules/@testing-library/dom/dist/query-helpers.js:52:17
      at getByRole (node_modules/@testing-library/dom/dist/query-helpers.js:95:19)
      at Object.<anonymous> 
(src/test/__tests_cps__/components/loginForm.comprehensive.test.tsx:191:30)

  笳・LoginForm Component 窶ｺ Input Validation Visual 窶ｺ should accept text input in username field

    TestingLibraryElementError: Unable to find an element with the placeholder text of: /nh蘯ｭp 
tﾃｪn ﾄ惰ハg nh蘯ｭp/i

    Ignored nodes: comments, script, style
    [36m<body>[39m
      [36m<div>[39m
        [36m<div[39m
          [33mclass[39m=[32m"flex items-center justify-center min-h-screen bg-gray-100"[39m
        [36m>[39m
          [36m<div[39m
            [33mclass[39m=[32m"w-full max-w-md bg-white shadow-xl rounded-2xl p-8"[39m
          [36m>[39m
            [36m<h2[39m
              [33mclass[39m=[32m"text-2xl font-bold text-center text-gray-800 mb-6"[39m
            [36m>[39m
              [0mLogin[0m
            [36m</h2>[39m
            [36m<form[39m
              [33mclass[39m=[32m"space-y-5"[39m
            [36m>[39m
              [36m<div>[39m
                [36m<label[39m
                  [33mclass[39m=[32m"block text-sm font-medium text-gray-700 mb-1"[39m
                [36m>[39m
                  [0mUsername[0m
                [36m</label>[39m
                [36m<input[39m
                  [33mclass[39m=[32m"w-full px-4 py-2 border border-gray-300 rounded-lg 
focus:outline-none focus:ring-2 focus:ring-indigo-500"[39m
                  [33mplaceholder[39m=[32m"Enter username"[39m
                  [33mtype[39m=[32m"text"[39m
                [36m/>[39m
              [36m</div>[39m
              [36m<div>[39m
                [36m<label[39m
                  [33mclass[39m=[32m"block text-sm font-medium text-gray-700 mb-1"[39m
                [36m>[39m
                  [0mPassword[0m
                [36m</label>[39m
                [36m<input[39m
                  [33mclass[39m=[32m"w-full px-4 py-2 border border-gray-300 rounded-lg 
focus:outline-none focus:ring-2 focus:ring-indigo-500"[39m
                  [33mplaceholder[39m=[32m"Enter password"[39m
                  [33mtype[39m=[32m"password"[39m
                [36m/>[39m
              [36m</div>[39m
              [36m<button[39m
                [33mclass[39m=[32m"w-full py-2 bg-indigo-600 hover:bg-indigo-700 text-white 
font-semibold rounded-lg transition"[39m
                [33mtype[39m=[32m"submit"[39m
              [36m>[39m
                [0mLogin[0m
              [36m</button>[39m
            [36m</form>[39m
            [36m<div[39m
              [33mclass[39m=[32m"flex justify-between items-center mt-5 text-sm 
text-gray-600"[39m
            [36m>[39m
              [36m<a[39m
                [33mclass[39m=[32m"hover:underline"[39m
                [33mhref[39m=[32m"#"[39m
              [36m>[39m
                [0mForgot password?[0m
              [36m</a>[39m
              [36m<a[39m
                [33mclass[39m=[32m"hover:underline"[39m
                [33mhref[39m=[32m"#"[39m
              [36m>[39m
                [0mSign up[0m
              [36m</a>[39m
            [36m</div>[39m
          [36m</div>[39m
        [36m</div>[39m
      [36m</div>[39m
    [36m</body>[39m

    [0m [90m 198 |[39m       render([33m<[39m[33mLoginForm[39m 
[33m/[39m[33m>[39m)[33m;[39m
     [90m 199 |[39m
    [31m[1m>[22m[39m[90m 200 |[39m       [36mconst[39m usernameInput [33m=[39m 
screen[33m.[39mgetByPlaceholderText([35m/nh蘯ｭp tﾃｪn ﾄ惰ハg nh蘯ｭp/i[39m) [36mas[39m 
[33mHTMLInputElement[39m[33m;[39m
     [90m     |[39m                                    [31m[1m^[22m[39m
     [90m 201 |[39m       userEvent[33m.[39mtype(usernameInput[33m,[39m 
[32m'user@example.com'[39m)[33m;[39m
     [90m 202 |[39m
     [90m 203 |[39m       expect(usernameInput[33m.[39mvalue)[33m.[39mtoBe([32m'user@exam
ple.com'[39m)[33m;[39m[0m

      at Object.getElementError (node_modules/@testing-library/dom/dist/config.js:37:19)
      at node_modules/@testing-library/dom/dist/query-helpers.js:76:38
      at node_modules/@testing-library/dom/dist/query-helpers.js:52:17
      at getByPlaceholderText (node_modules/@testing-library/dom/dist/query-helpers.js:95:19)
      at Object.<anonymous> 
(src/test/__tests_cps__/components/loginForm.comprehensive.test.tsx:200:36)

  笳・LoginForm Component 窶ｺ Input Validation Visual 窶ｺ should accept text input in password field

    TestingLibraryElementError: Unable to find an element with the placeholder text of: /nh蘯ｭp 
m蘯ｭt kh蘯ｩu/i

    Ignored nodes: comments, script, style
    [36m<body>[39m
      [36m<div>[39m
        [36m<div[39m
          [33mclass[39m=[32m"flex items-center justify-center min-h-screen bg-gray-100"[39m
        [36m>[39m
          [36m<div[39m
            [33mclass[39m=[32m"w-full max-w-md bg-white shadow-xl rounded-2xl p-8"[39m
          [36m>[39m
            [36m<h2[39m
              [33mclass[39m=[32m"text-2xl font-bold text-center text-gray-800 mb-6"[39m
            [36m>[39m
              [0mLogin[0m
            [36m</h2>[39m
            [36m<form[39m
              [33mclass[39m=[32m"space-y-5"[39m
            [36m>[39m
              [36m<div>[39m
                [36m<label[39m
                  [33mclass[39m=[32m"block text-sm font-medium text-gray-700 mb-1"[39m
                [36m>[39m
                  [0mUsername[0m
                [36m</label>[39m
                [36m<input[39m
                  [33mclass[39m=[32m"w-full px-4 py-2 border border-gray-300 rounded-lg 
focus:outline-none focus:ring-2 focus:ring-indigo-500"[39m
                  [33mplaceholder[39m=[32m"Enter username"[39m
                  [33mtype[39m=[32m"text"[39m
                [36m/>[39m
              [36m</div>[39m
              [36m<div>[39m
                [36m<label[39m
                  [33mclass[39m=[32m"block text-sm font-medium text-gray-700 mb-1"[39m
                [36m>[39m
                  [0mPassword[0m
                [36m</label>[39m
                [36m<input[39m
                  [33mclass[39m=[32m"w-full px-4 py-2 border border-gray-300 rounded-lg 
focus:outline-none focus:ring-2 focus:ring-indigo-500"[39m
                  [33mplaceholder[39m=[32m"Enter password"[39m
                  [33mtype[39m=[32m"password"[39m
                [36m/>[39m
              [36m</div>[39m
              [36m<button[39m
                [33mclass[39m=[32m"w-full py-2 bg-indigo-600 hover:bg-indigo-700 text-white 
font-semibold rounded-lg transition"[39m
                [33mtype[39m=[32m"submit"[39m
              [36m>[39m
                [0mLogin[0m
              [36m</button>[39m
            [36m</form>[39m
            [36m<div[39m
              [33mclass[39m=[32m"flex justify-between items-center mt-5 text-sm 
text-gray-600"[39m
            [36m>[39m
              [36m<a[39m
                [33mclass[39m=[32m"hover:underline"[39m
                [33mhref[39m=[32m"#"[39m
              [36m>[39m
                [0mForgot password?[0m
              [36m</a>[39m
              [36m<a[39m
                [33mclass[39m=[32m"hover:underline"[39m
                [33mhref[39m=[32m"#"[39m
              [36m>[39m
                [0mSign up[0m
              [36m</a>[39m
            [36m</div>[39m
          [36m</div>[39m
        [36m</div>[39m
      [36m</div>[39m
    [36m</body>[39m

    [0m [90m 207 |[39m       render([33m<[39m[33mLoginForm[39m 
[33m/[39m[33m>[39m)[33m;[39m
     [90m 208 |[39m
    [31m[1m>[22m[39m[90m 209 |[39m       [36mconst[39m passwordInput [33m=[39m 
screen[33m.[39mgetByPlaceholderText([35m/nh蘯ｭp m蘯ｭt kh蘯ｩu/i[39m) [36mas[39m 
[33mHTMLInputElement[39m[33m;[39m
     [90m     |[39m                                    [31m[1m^[22m[39m
     [90m 210 |[39m       userEvent[33m.[39mtype(passwordInput[33m,[39m 
[32m'SecurePass123!'[39m)[33m;[39m
     [90m 211 |[39m
     [90m 212 |[39m       
expect(passwordInput[33m.[39mvalue)[33m.[39mtoBe([32m'SecurePass123!'[39m)[33m;[39m[0m

      at Object.getElementError (node_modules/@testing-library/dom/dist/config.js:37:19)
      at node_modules/@testing-library/dom/dist/query-helpers.js:76:38
      at node_modules/@testing-library/dom/dist/query-helpers.js:52:17
      at getByPlaceholderText (node_modules/@testing-library/dom/dist/query-helpers.js:95:19)
      at Object.<anonymous> 
(src/test/__tests_cps__/components/loginForm.comprehensive.test.tsx:209:36)

  笳・LoginForm Component 窶ｺ Input Validation Visual 窶ｺ should allow clearing input fields

    TestingLibraryElementError: Unable to find an element with the placeholder text of: /nh蘯ｭp 
tﾃｪn ﾄ惰ハg nh蘯ｭp/i

    Ignored nodes: comments, script, style
    [36m<body>[39m
      [36m<div>[39m
        [36m<div[39m
          [33mclass[39m=[32m"flex items-center justify-center min-h-screen bg-gray-100"[39m
        [36m>[39m
          [36m<div[39m
            [33mclass[39m=[32m"w-full max-w-md bg-white shadow-xl rounded-2xl p-8"[39m
          [36m>[39m
            [36m<h2[39m
              [33mclass[39m=[32m"text-2xl font-bold text-center text-gray-800 mb-6"[39m
            [36m>[39m
              [0mLogin[0m
            [36m</h2>[39m
            [36m<form[39m
              [33mclass[39m=[32m"space-y-5"[39m
            [36m>[39m
              [36m<div>[39m
                [36m<label[39m
                  [33mclass[39m=[32m"block text-sm font-medium text-gray-700 mb-1"[39m
                [36m>[39m
                  [0mUsername[0m
                [36m</label>[39m
                [36m<input[39m
                  [33mclass[39m=[32m"w-full px-4 py-2 border border-gray-300 rounded-lg 
focus:outline-none focus:ring-2 focus:ring-indigo-500"[39m
                  [33mplaceholder[39m=[32m"Enter username"[39m
                  [33mtype[39m=[32m"text"[39m
                [36m/>[39m
              [36m</div>[39m
              [36m<div>[39m
                [36m<label[39m
                  [33mclass[39m=[32m"block text-sm font-medium text-gray-700 mb-1"[39m
                [36m>[39m
                  [0mPassword[0m
                [36m</label>[39m
                [36m<input[39m
                  [33mclass[39m=[32m"w-full px-4 py-2 border border-gray-300 rounded-lg 
focus:outline-none focus:ring-2 focus:ring-indigo-500"[39m
                  [33mplaceholder[39m=[32m"Enter password"[39m
                  [33mtype[39m=[32m"password"[39m
                [36m/>[39m
              [36m</div>[39m
              [36m<button[39m
                [33mclass[39m=[32m"w-full py-2 bg-indigo-600 hover:bg-indigo-700 text-white 
font-semibold rounded-lg transition"[39m
                [33mtype[39m=[32m"submit"[39m
              [36m>[39m
                [0mLogin[0m
              [36m</button>[39m
            [36m</form>[39m
            [36m<div[39m
              [33mclass[39m=[32m"flex justify-between items-center mt-5 text-sm 
text-gray-600"[39m
            [36m>[39m
              [36m<a[39m
                [33mclass[39m=[32m"hover:underline"[39m
                [33mhref[39m=[32m"#"[39m
              [36m>[39m
                [0mForgot password?[0m
              [36m</a>[39m
              [36m<a[39m
                [33mclass[39m=[32m"hover:underline"[39m
                [33mhref[39m=[32m"#"[39m
              [36m>[39m
                [0mSign up[0m
              [36m</a>[39m
            [36m</div>[39m
          [36m</div>[39m
        [36m</div>[39m
      [36m</div>[39m
    [36m</body>[39m

    [0m [90m 216 |[39m       render([33m<[39m[33mLoginForm[39m 
[33m/[39m[33m>[39m)[33m;[39m
     [90m 217 |[39m
    [31m[1m>[22m[39m[90m 218 |[39m       [36mconst[39m usernameInput [33m=[39m 
screen[33m.[39mgetByPlaceholderText([35m/nh蘯ｭp tﾃｪn ﾄ惰ハg nh蘯ｭp/i[39m) [36mas[39m 
[33mHTMLInputElement[39m[33m;[39m
     [90m     |[39m                                    [31m[1m^[22m[39m
     [90m 219 |[39m       userEvent[33m.[39mtype(usernameInput[33m,[39m 
[32m'testuser'[39m)[33m;[39m
     [90m 220 |[39m       
expect(usernameInput[33m.[39mvalue)[33m.[39mtoBe([32m'testuser'[39m)[33m;[39m
     [90m 221 |[39m[0m

      at Object.getElementError (node_modules/@testing-library/dom/dist/config.js:37:19)
      at node_modules/@testing-library/dom/dist/query-helpers.js:76:38
      at node_modules/@testing-library/dom/dist/query-helpers.js:52:17
      at getByPlaceholderText (node_modules/@testing-library/dom/dist/query-helpers.js:95:19)
      at Object.<anonymous> 
(src/test/__tests_cps__/components/loginForm.comprehensive.test.tsx:218:36)

  笳・LoginForm Component 窶ｺ Edge Cases 窶ｺ should maintain input values after typing

    TestingLibraryElementError: Unable to find an element with the placeholder text of: /nh蘯ｭp 
tﾃｪn ﾄ惰ハg nh蘯ｭp/i

    Ignored nodes: comments, script, style
    [36m<body>[39m
      [36m<div>[39m
        [36m<div[39m
          [33mclass[39m=[32m"flex items-center justify-center min-h-screen bg-gray-100"[39m
        [36m>[39m
          [36m<div[39m
            [33mclass[39m=[32m"w-full max-w-md bg-white shadow-xl rounded-2xl p-8"[39m
          [36m>[39m
            [36m<h2[39m
              [33mclass[39m=[32m"text-2xl font-bold text-center text-gray-800 mb-6"[39m
            [36m>[39m
              [0mLogin[0m
            [36m</h2>[39m
            [36m<form[39m
              [33mclass[39m=[32m"space-y-5"[39m
            [36m>[39m
              [36m<div>[39m
                [36m<label[39m
                  [33mclass[39m=[32m"block text-sm font-medium text-gray-700 mb-1"[39m
                [36m>[39m
                  [0mUsername[0m
                [36m</label>[39m
                [36m<input[39m
                  [33mclass[39m=[32m"w-full px-4 py-2 border border-gray-300 rounded-lg 
focus:outline-none focus:ring-2 focus:ring-indigo-500"[39m
                  [33mplaceholder[39m=[32m"Enter username"[39m
                  [33mtype[39m=[32m"text"[39m
                [36m/>[39m
              [36m</div>[39m
              [36m<div>[39m
                [36m<label[39m
                  [33mclass[39m=[32m"block text-sm font-medium text-gray-700 mb-1"[39m
                [36m>[39m
                  [0mPassword[0m
                [36m</label>[39m
                [36m<input[39m
                  [33mclass[39m=[32m"w-full px-4 py-2 border border-gray-300 rounded-lg 
focus:outline-none focus:ring-2 focus:ring-indigo-500"[39m
                  [33mplaceholder[39m=[32m"Enter password"[39m
                  [33mtype[39m=[32m"password"[39m
                [36m/>[39m
              [36m</div>[39m
              [36m<button[39m
                [33mclass[39m=[32m"w-full py-2 bg-indigo-600 hover:bg-indigo-700 text-white 
font-semibold rounded-lg transition"[39m
                [33mtype[39m=[32m"submit"[39m
              [36m>[39m
                [0mLogin[0m
              [36m</button>[39m
            [36m</form>[39m
            [36m<div[39m
              [33mclass[39m=[32m"flex justify-between items-center mt-5 text-sm 
text-gray-600"[39m
            [36m>[39m
              [36m<a[39m
                [33mclass[39m=[32m"hover:underline"[39m
                [33mhref[39m=[32m"#"[39m
              [36m>[39m
                [0mForgot password?[0m
              [36m</a>[39m
              [36m<a[39m
                [33mclass[39m=[32m"hover:underline"[39m
                [33mhref[39m=[32m"#"[39m
              [36m>[39m
                [0mSign up[0m
              [36m</a>[39m
            [36m</div>[39m
          [36m</div>[39m
        [36m</div>[39m
      [36m</div>[39m
    [36m</body>[39m

    [0m [90m 262 |[39m       render([33m<[39m[33mLoginForm[39m 
[33m/[39m[33m>[39m)[33m;[39m
     [90m 263 |[39m
    [31m[1m>[22m[39m[90m 264 |[39m       [36mconst[39m usernameInput [33m=[39m 
screen[33m.[39mgetByPlaceholderText([35m/nh蘯ｭp tﾃｪn ﾄ惰ハg nh蘯ｭp/i[39m) [36mas[39m 
[33mHTMLInputElement[39m[33m;[39m
     [90m     |[39m                                    [31m[1m^[22m[39m
     [90m 265 |[39m       [36mconst[39m passwordInput [33m=[39m 
screen[33m.[39mgetByPlaceholderText([35m/nh蘯ｭp m蘯ｭt kh蘯ｩu/i[39m) [36mas[39m 
[33mHTMLInputElement[39m[33m;[39m
     [90m 266 |[39m
     [90m 267 |[39m       userEvent[33m.[39mtype(usernameInput[33m,[39m 
[32m'user123'[39m)[33m;[39m[0m

      at Object.getElementError (node_modules/@testing-library/dom/dist/config.js:37:19)
      at node_modules/@testing-library/dom/dist/query-helpers.js:76:38
      at node_modules/@testing-library/dom/dist/query-helpers.js:52:17
      at getByPlaceholderText (node_modules/@testing-library/dom/dist/query-helpers.js:95:19)
      at Object.<anonymous> 
(src/test/__tests_cps__/components/loginForm.comprehensive.test.tsx:264:36)

  笳・LoginForm Component 窶ｺ Component Structure 窶ｺ should render complete login form

    TestingLibraryElementError: Unable to find an element with the placeholder text of: /nh蘯ｭp 
tﾃｪn ﾄ惰ハg nh蘯ｭp/i

    Ignored nodes: comments, script, style
    [36m<body>[39m
      [36m<div>[39m
        [36m<div[39m
          [33mclass[39m=[32m"flex items-center justify-center min-h-screen bg-gray-100"[39m
        [36m>[39m
          [36m<div[39m
            [33mclass[39m=[32m"w-full max-w-md bg-white shadow-xl rounded-2xl p-8"[39m
          [36m>[39m
            [36m<h2[39m
              [33mclass[39m=[32m"text-2xl font-bold text-center text-gray-800 mb-6"[39m
            [36m>[39m
              [0mLogin[0m
            [36m</h2>[39m
            [36m<form[39m
              [33mclass[39m=[32m"space-y-5"[39m
            [36m>[39m
              [36m<div>[39m
                [36m<label[39m
                  [33mclass[39m=[32m"block text-sm font-medium text-gray-700 mb-1"[39m
                [36m>[39m
                  [0mUsername[0m
                [36m</label>[39m
                [36m<input[39m
                  [33mclass[39m=[32m"w-full px-4 py-2 border border-gray-300 rounded-lg 
focus:outline-none focus:ring-2 focus:ring-indigo-500"[39m
                  [33mplaceholder[39m=[32m"Enter username"[39m
                  [33mtype[39m=[32m"text"[39m
                [36m/>[39m
              [36m</div>[39m
              [36m<div>[39m
                [36m<label[39m
                  [33mclass[39m=[32m"block text-sm font-medium text-gray-700 mb-1"[39m
                [36m>[39m
                  [0mPassword[0m
                [36m</label>[39m
                [36m<input[39m
                  [33mclass[39m=[32m"w-full px-4 py-2 border border-gray-300 rounded-lg 
focus:outline-none focus:ring-2 focus:ring-indigo-500"[39m
                  [33mplaceholder[39m=[32m"Enter password"[39m
                  [33mtype[39m=[32m"password"[39m
                [36m/>[39m
              [36m</div>[39m
              [36m<button[39m
                [33mclass[39m=[32m"w-full py-2 bg-indigo-600 hover:bg-indigo-700 text-white 
font-semibold rounded-lg transition"[39m
                [33mtype[39m=[32m"submit"[39m
              [36m>[39m
                [0mLogin[0m
              [36m</button>[39m
            [36m</form>[39m
            [36m<div[39m
              [33mclass[39m=[32m"flex justify-between items-center mt-5 text-sm 
text-gray-600"[39m
            [36m>[39m
              [36m<a[39m
                [33mclass[39m=[32m"hover:underline"[39m
                [33mhref[39m=[32m"#"[39m
              [36m>[39m
                [0mForgot password?[0m
              [36m</a>[39m
              [36m<a[39m
                [33mclass[39m=[32m"hover:underline"[39m
                [33mhref[39m=[32m"#"[39m
              [36m>[39m
                [0mSign up[0m
              [36m</a>[39m
            [36m</div>[39m
          [36m</div>[39m
        [36m</div>[39m
      [36m</div>[39m
    [36m</body>[39m

    [0m [90m 281 |[39m       
     [90m 282 |[39m       [90m// Should have all inputs[39m
    [31m[1m>[22m[39m[90m 283 |[39m       
expect(screen[33m.[39mgetByPlaceholderText([35m/nh蘯ｭp tﾃｪn ﾄ惰ハg 
nh蘯ｭp/i[39m))[33m.[39mtoBeInTheDocument()[33m;[39m
     [90m     |[39m                     [31m[1m^[22m[39m
     [90m 284 |[39m       expect(screen[33m.[39mgetByPlaceholderText([35m/nh蘯ｭp m蘯ｭt 
kh蘯ｩu/i[39m))[33m.[39mtoBeInTheDocument()[33m;[39m
     [90m 285 |[39m       
     [90m 286 |[39m       [90m// Should have submit button[39m[0m

      at Object.getElementError (node_modules/@testing-library/dom/dist/config.js:37:19)
      at node_modules/@testing-library/dom/dist/query-helpers.js:76:38
      at node_modules/@testing-library/dom/dist/query-helpers.js:52:17
      at getByPlaceholderText (node_modules/@testing-library/dom/dist/query-helpers.js:95:19)
      at Object.<anonymous> 
(src/test/__tests_cps__/components/loginForm.comprehensive.test.tsx:283:21)

PASS src/test/__tests_cps__/pages/admin.UserManagement.coverage.test.tsx (6.144 s)
PASS src/test/__tests_cps__/app/app.routing.test.tsx
PASS src/test/__tests_cps__/pages/dashboard.Dashboard.behavior.test.tsx
PASS src/App.test.tsx
PASS src/test/__tests_cps__/pages/dashboard.Dashboard.widgets.behavior.test.tsx
PASS src/test/__tests_cps__/pages/Template.TemplateManagement.comprehensive.test.tsx (5.581 s)
PASS src/test/__tests_cps__/pages/Reports.ActivityLogs.behavior.test.tsx
PASS src/test/components/boardDetail.editTaskModal.advanced.test.tsx
PASS src/test/__tests_cps__/pages/Reports.LogByUser.behavior.test.tsx
PASS src/test/__tests_cps__/components/CommentSection.test.tsx
PASS src/test/__tests_cps__/pages/Reports.ActivityTask.behavior.test.tsx
PASS src/test/__tests_cps__/pages/Reports.Reports.comprehensive.test.tsx (7.379 s)
PASS src/test/__tests_cps__/api/fileApi.test.ts (6.043 s)
PASS src/test/__tests_cps__/components/cloneTemplateSection.comprehensive.test.tsx
PASS src/test/__tests_cps__/components/boardDetail.EditTaskModal.validation.behavior.test.tsx
PASS src/test/pages/analytics.cycletime.test.tsx
PASS src/test/__tests_cps__/pages/admin.RoleAndPermission.matrix.addPermission.test.tsx
PASS src/test/__tests_cps__/pages/Analytics.CentersPerformance.behavior.test.tsx
PASS src/test/components/boardDetail.editTaskModal.behavior.test.tsx
PASS src/test/__tests_cps__/components/notificationBell.unit.test.tsx
PASS src/test/__tests_cps__/smoke.app.render.test.tsx
PASS src/test/__tests_cps__/pages/Analytics.Completion.behavior.test.tsx
PASS src/test/__tests_cps__/components/BoardSetting/slackSettings.test.tsx
PASS src/test/__tests_cps__/pages/dashboard.Dashboard.permissions.behavior.test.tsx
PASS src/test/__tests_cps__/pages/Project.Projects.interactions.more.test.tsx
PASS src/test/__tests_cps__/pages/Analytics.AtRiskTasks.behavior.test.tsx
PASS src/test/__tests_cps__/pages/Template.TemplateManagement.behavior.test.tsx
PASS src/test/pages/template.management.test.tsx
PASS src/test/pages/dashboard.home.test.tsx
PASS src/test/components/boardDetail.EditTaskModal.flows.test.tsx
PASS src/test/__tests_cps__/pages/admin.Admin.behavior.test.tsx
PASS src/test/__tests_cps__/components/fileDownloadButton.test.tsx
PASS src/test/__tests_cps__/components/helpButton.AIChatModal.behavior.test.tsx
PASS src/test/__tests_cps__/components/BoardSetting/swimlaneManager.behavior.test.tsx
PASS src/test/__tests_cps__/pages/Gamification.AdaptiveGamification.test.tsx
PASS src/test/__tests_cps__/pages/admin.AdminHome.errors.behavior.test.tsx
PASS src/test/__tests_cps__/hooks/usePermissions.test.ts
PASS src/test/__tests_cps__/components/sidebar.unit.test.tsx
PASS src/test/__tests_cps__/pages/admin.RoleAndPermission.matrix.bulk.test.tsx
PASS src/test/__tests_cps__/pages/Login.Login.behavior.test.tsx
PASS src/test/__tests_cps__/components/BoardDetail/editTaskModal.permission.readonly.test.tsx
PASS src/test/__tests_cps__/pages/QualityControl.CollaborationIndex.test.tsx
PASS src/test/__tests_cps__/pages/admin.UserManagement.behavior.test.tsx
PASS src/test/__tests_cps__/components/group.GroupCard.test.tsx
PASS src/test/__tests_cps__/components/pagination.unit.test.tsx
PASS src/test/__tests_cps__/components/splashScreen.comprehensive.test.tsx
PASS src/test/__tests_cps__/components/BoardDetail/editTaskModal.behavior.test.tsx
PASS src/test/__tests_cps__/pages/Center.CenterManagement.states.behavior.test.tsx
PASS src/test/__tests_cps__/components/group.GroupGrid.test.tsx
PASS src/test/components/teacher.estimationPanel.data.test.tsx
PASS src/test/pages/dashboard.dashboard.test.tsx
PASS src/test/__tests_cps__/components/pagination.comprehensive.test.tsx
PASS src/test/__tests_cps__/smoke.projects.render.test.tsx
PASS src/test/__tests_cps__/pages/admin.UserManagement.errors.behavior.test.tsx
PASS src/test/__tests_cps__/components/sidebar.interactions.test.tsx
PASS src/test/__tests_cps__/pages/Template.TemplateManagement.behavior.more.test.tsx
PASS src/test/__tests_cps__/components/userMenu.behavior.test.tsx
PASS src/test/__tests_cps__/smoke.admin.render.test.tsx
PASS src/test/__tests_cps__/pages/admin.UserManagement.restore.behavior.test.tsx
PASS src/test/components/teacher.throughputPanel.empty.test.tsx
PASS src/test/__tests_cps__/pages/center.CenterManagement.behavior.test.tsx
PASS src/test/__tests_cps__/components/networkStatus.behavior.test.tsx
PASS src/test/__tests_cps__/pages/admin.RoleAndPermission.behavior.test.tsx
PASS src/test/__tests_cps__/pages/Project.Projects.behavior.test.tsx
PASS src/test/__tests_cps__/pages/admin.RoleAndPermission.matrix.initialState.test.tsx
PASS 
src/test/__tests_cps__/components/BoardDetail/taskCard.permission.readonly.behavior.test.tsx
PASS src/test/__tests_cps__/pages/admin.RoleAndPermission.matrix.removePermission.test.tsx
PASS src/test/__tests_cps__/pages/QualityControl.OverdueAnalysis.test.tsx
PASS src/test/__tests_cps__/components/pageWrapper.comprehensive.test.tsx
PASS src/test/__tests_cps__/pages/Analytics.Throughput.behavior.test.tsx
PASS src/test/__tests_cps__/components/userMenu.test.tsx
PASS src/test/__tests_cps__/pages/admin.AdminHome.behavior.test.tsx
PASS src/test/__tests_cps__/pages/dashboard.DashboardHome.behavior.test.tsx
PASS src/test/__tests_cps__/components/BoardDetail/createTaskModal.cancel.flow.test.tsx
PASS src/test/__tests_cps__/pages/admin.RoleAndPermission.matrix.searchFilter.test.tsx
PASS src/test/components/editTaskModal.test.tsx
PASS src/test/__tests_cps__/pages/Analytics.CycleTime.behavior.test.tsx
PASS src/test/__tests_cps__/pages/Reports.Reports.behavior.test.tsx
PASS src/test/__tests_cps__/api/authApi.more.test.ts
PASS src/test/__tests_cps__/hooks/useDragAndDrop.test.tsx
PASS src/test/pages/analytics.pointManagement.empty.test.tsx
PASS src/test/components/teacher.throughputPanel.test.tsx
PASS src/test/__tests_cps__/pages/Analytics.CycleTime.states.behavior.test.tsx
PASS src/test/pages/analytics.pointManagement.test.tsx
PASS src/test/__tests_cps__/pages/admin.AdminHome.visibility.additional.test.tsx
PASS src/test/__tests_cps__/hooks/useNetworkStatus.test.tsx
PASS src/test/__tests_cps__/components/group.GroupMemberCard.test.tsx
PASS src/test/__tests_cps__/components/BoardDetail/createTaskModal.estimate.validation.behavior.
test.tsx
PASS src/test/__tests_cps__/app/appWrapper.auth.test.tsx
PASS src/test/__tests_cps__/api/authApi.test.ts
PASS src/test/__tests_cps__/pages/Analytics.Gamification.behavior.test.tsx
PASS src/test/pages/maintenancePage.test.tsx
PASS src/test/__tests_cps__/pages/admin.RoleAndPermission.matrix.selectall.test.tsx
PASS src/test/__tests_cps__/pages/Reports.Reports.loading.test.tsx
PASS src/test/__tests_cps__/pages/dashboard.DashboardHome.behavior.more.test.tsx
PASS src/test/__tests_cps__/components/boardDetail.index.exists.test.ts
PASS src/test/__tests_cps__/hooks/usePermissions.unit.test.tsx
PASS src/test/__tests_cps__/components/groupFormModal.behavior.test.tsx
PASS src/test/__tests_cps__/components/networkStatus.test.tsx
PASS src/test/__tests_cps__/api/sidebarApi.test.ts
PASS src/test/__tests_cps__/components/protectedRoute.unit.test.tsx
PASS src/test/__tests_cps__/styles/exists.test.ts
PASS src/test/__tests_cps__/api/googleCalendarApi.sync.more2.test.ts
PASS src/test/__tests_cps__/pages/Filters.Filters.render.test.tsx
PASS src/test/__tests_cps__/hooks/useVietnameseSearch.unit.test.tsx
PASS src/test/__tests_cps__/pages/Dashboard.DashboardHome.widgets.emptydata.behavior.test.tsx
PASS src/test/__tests_cps__/pages/board.BoardSummary.behavior.test.tsx
PASS src/test/__tests_cps__/components/customToast.render.test.tsx
PASS src/test/__tests_cps__/components/boardDetail.EditTaskModal.more.behavior.test.tsx
PASS src/test/__tests_cps__/components/group.GroupHeader.edgecases.test.tsx
PASS src/test/__tests_cps__/pages/board.BoardMember.render.test.tsx
PASS src/test/__tests_cps__/services/geminiService.test.ts
PASS src/test/components/teacher.estimationPanel.empty.test.tsx
PASS src/test/__tests_cps__/smoke.center.render.test.tsx
PASS src/test/__tests_cps__/api/notificationApi.test.ts
PASS src/test/__tests_cps__/utils/errorHandler.util.test.ts
PASS src/test/__tests_cps__/pages/Login.CodeGymLogin.behavior.test.tsx
PASS src/test/__tests_cps__/components/loginForm.render.test.tsx
PASS src/test/__tests_cps__/components/loadingScreen.unit.test.tsx
PASS src/test/__tests_cps__/smoke.analytics.render.test.tsx
PASS src/test/__tests_cps__/components/BoardDetail/filterDropdown.empty-options.smoke.test.tsx
PASS src/test/__tests_cps__/api/logoApi.test.ts
PASS src/test/__tests_cps__/utils/vietnamese.util.test.ts
PASS src/test/__tests_cps__/components/toastNotification.test.tsx
PASS src/test/pages/admin.userManagement.test.tsx
PASS src/test/__tests_cps__/components/supportCenter.unit.test.tsx
PASS src/test/__tests_cps__/components/toastNotification.behavior.test.tsx
PASS src/test/__tests_cps__/api/taskApi.test.ts
PASS src/test/__tests_cps__/checkForFileExists.test.ts
PASS src/test/__tests_cps__/hooks/useFileDownload.test.tsx
PASS src/test/__tests_cps__/utils/apiConfig.util.test.ts
PASS src/test/__tests_cps__/components/boardDetail.FilterDropdown.interactions.test.tsx
PASS src/test/__tests_cps__/components/helpButton.HelpButton.render.test.tsx
PASS src/test/__tests_cps__/components/BoardDetail/tagManagerModal.tags.edgecases.test.tsx
PASS src/test/__tests_cps__/components/pageWrapper.unit.test.tsx
PASS src/test/__tests_cps__/api/authApi.interceptors.test.ts
PASS src/test/__tests_cps__/api/aiApi.test.ts
PASS src/test/__tests_cps__/api/centerApi.test.ts
PASS src/test/__tests_cps__/api/updateProfile.test.ts
PASS src/test/__tests_cps__/api/templateApi.test.ts
PASS src/test/__tests_cps__/utils/boardCache.test.ts
PASS src/test/__tests_cps__/api/boardApi.test.ts
PASS src/test/__tests_cps__/api/commentApi.test.ts
PASS src/test/__tests_cps__/components/boardDetail.CreateTaskModal.interactions.test.tsx
PASS src/test/__tests_cps__/pages/center.CenterMembers.behavior.test.tsx
PASS src/test/__tests_cps__/pages/admin.RolePermissionEdit.test.tsx
PASS src/test/__tests_cps__/components/group.GroupMemberCard.edgecases.test.tsx
PASS src/test/__tests_cps__/components/boardDetail.TaskCard.test.tsx
PASS src/test/__tests_cps__/services/exists.test.ts
PASS src/test/__tests_cps__/api/logoApi.more.test.ts
PASS src/test/__tests_cps__/api/role-permission.api.test.ts
PASS src/test/__tests_cps__/utils/query.test.ts
PASS src/test/__tests_cps__/api/paginationApi.test.ts
PASS src/test/__tests_cps__/app/index.entry.theme.listener.test.tsx
PASS src/test/__tests_cps__/hooks/useUrlState.unit.test.tsx
PASS src/test/__tests_cps__/api/columnApi.more.test.ts
PASS src/test/__tests_cps__/api/overdueAnalysisApi.test.ts
PASS src/test/__tests_cps__/pages/MaintenancePage.behavior.test.tsx
PASS src/test/__tests_cps__/components/pagination.behavior.test.tsx
PASS src/test/__tests_cps__/pages/board.BoardDetail.test.tsx
PASS src/test/__tests_cps__/api/gamificationApi.test.ts
PASS src/test/__tests_cps__/pages/Settings.Settings.test.tsx
PASS src/test/__tests_cps__/pages/Analytics.HealthScore.smoke.test.tsx
PASS src/test/__tests_cps__/pages/board.BoardMember.test.tsx
PASS src/test/components/teacher.estimationPanel.test.tsx
PASS src/test/__tests_cps__/pages/Dashboard.DashboardHome.widgets.visibility.test.tsx
PASS src/test/__tests_cps__/api/tagApi.test.ts
PASS src/test/__tests_cps__/api/historyTaskApi.test.ts
PASS src/test/__tests_cps__/auth/useAuth.hook.test.tsx
PASS src/test/__tests_cps__/api/atRiskApi.test.ts
PASS src/test/__tests_cps__/api/fileApi.behavior.test.ts
PASS src/test/__tests_cps__/components/boardDetail.FilterDropdown.test.tsx
PASS src/test/__tests_cps__/pages/exists.test.tsx
PASS src/test/__tests_cps__/pages/Login.Login.test.tsx
PASS src/test/__tests_cps__/pages/board.lineChart.test.tsx
PASS src/test/__tests_cps__/components/helpButton.HelpButton.test.tsx
PASS src/test/__tests_cps__/pages/Template.TemplateManagement.test.tsx
PASS src/test/__tests_cps__/components/boardDetail.EditTaskModal.test.tsx
PASS src/test/__tests_cps__/api/groupApi.test.ts
PASS src/test/__tests_cps__/components/documentationModal.render.test.tsx
PASS src/test/__tests_cps__/pages/Reports.ActivityTask.test.tsx
PASS src/test/__tests_cps__/api/exportApi.test.ts
PASS src/test/__tests_cps__/utils/theme.test.ts
PASS src/test/__tests_cps__/pages/board.BoardSettings.test.tsx
PASS src/test/__tests_cps__/components/customToast.test.tsx
PASS src/test/__tests_cps__/api/nlpApi.test.ts
PASS src/test/__tests_cps__/components/boardDetail.TagManagerModal.test.tsx
PASS src/test/__tests_cps__/api/sprintForecastApi.test.ts
PASS src/test/__tests_cps__/api/boardSlackConfigApi.test.ts
PASS src/test/__tests_cps__/api/permissionApi.test.ts
PASS src/test/__tests_cps__/api/deploymentApi.test.ts
PASS src/test/__tests_cps__/auth/useAuth.error.branches.test.tsx
PASS src/test/__tests_cps__/api/userRoleApi.test.ts
PASS src/test/__tests_cps__/app/index.entry.keycloak.behavior.test.tsx
PASS src/test/__tests_cps__/components/modalProvider.test.tsx
PASS src/test/test-utils/msw.analytics.handlers.test.ts
PASS src/test/__tests_cps__/api/analyticsApi.test.ts
PASS src/test/__tests_cps__/utils/query.util.test.ts
PASS src/test/__tests_cps__/pages/dashboard.DashboardHome.exists.test.tsx
PASS src/test/test-utils/msw.swimlane.handlers.test.ts
PASS src/test/__tests_cps__/components/boardDetail.CreateTaskModal.test.tsx
PASS src/test/__tests_cps__/app/index.entry.test.tsx
PASS src/test/__tests_cps__/components/pageWrapper.test.tsx
PASS src/test/__tests_cps__/components/BoardSetting/slackSettings.behavior.test.tsx
PASS src/test/__tests_cps__/components/boardSetting.SwimlaneManager.test.tsx
PASS src/test/__tests_cps__/api/groupUserApi.test.ts
PASS src/test/test-utils/msw.rolePermission.handlers.test.ts
PASS src/test/__tests_cps__/api/googleCalendarApi.test.ts
PASS src/test/__tests_cps__/api/userApi.test.ts
PASS src/test/__tests_cps__/utils/boardCache.util.test.ts
PASS src/test/__tests_cps__/utils/datetimeUtils.util.test.ts
PASS src/test/__tests_cps__/utils/theme.util.test.ts
PASS src/test/__tests_cps__/api/axiosInstance.behavior.test.ts
PASS src/test/__tests_cps__/pages/Introduction.Introduction.test.tsx
PASS src/test/__tests_cps__/components/protectedRoute.test.tsx
PASS src/test/__tests_cps__/components/helpButton.GuideModal.test.tsx
PASS src/test/__tests_cps__/components/boardSetting.SwimlaneManager.behavior.test.tsx
PASS src/test/__tests_cps__/components/helpButton.AIChatModal.test.tsx
PASS src/test/__tests_cps__/pages/Login.CodeGymLogin.test.tsx
PASS src/test/test-utils/msw.center.handlers.test.ts
PASS src/test/__tests_cps__/api/swimlaneApi.test.ts
PASS src/test/__tests_cps__/api/userPointApi.test.ts
PASS src/test/__tests_cps__/components/supportCenter.test.tsx
PASS src/test/__tests_cps__/app/index.entry.mount.test.tsx
PASS src/test/__tests_cps__/api/columnApi.test.ts
PASS src/test/__tests_cps__/api/avataApi.test.ts
PASS src/test/__tests_cps__/api/adaptiveGamificationApi.test.ts
PASS src/test/__tests_cps__/components/boardSetting.ColumnManager.test.tsx
PASS src/test/__tests_cps__/utils/reportWebVitals.util.test.ts
PASS src/test/__tests_cps__/components/loginForm.test.tsx
PASS src/test/__tests_cps__/components/sidebar.test.tsx
PASS src/test/__tests_cps__/api/teacherApi.test.ts
PASS src/test/__tests_cps__/components/notificationBell.test.tsx
PASS src/test/__tests_cps__/components/exists.test.tsx
PASS src/test/__tests_cps__/pages/Reports.Reports.test.tsx
PASS src/test/__tests_cps__/components/pagination.test.tsx
PASS src/test/__tests_cps__/api/deploymentApi.more.test.ts
PASS src/test/__tests_cps__/pages/Group.Groups.test.tsx
PASS src/test/__tests_cps__/api/centerMemberApi.test.ts
PASS src/test/__tests_cps__/api/boardMemberApi.test.ts
PASS src/test/__tests_cps__/api/learningPathApi.test.ts
PASS src/test/__tests_cps__/api/apiKey.test.ts
PASS src/test/__tests_cps__/pages/Template.TemplateManagement.columns.edit.behavior.test.tsx
PASS src/test/__tests_cps__/api/googleCalendarApi.more.test.ts
PASS src/test/__tests_cps__/api/boarmemberApi.test.ts
PASS src/test/__tests_cps__/pages/admin.UserManagement.filters.behavior.test.tsx
PASS src/test/__tests_cps__/components/loadingScreen.test.tsx
PASS src/test/__tests_cps__/pages/Template.TemplateManagement.empty.behavior.test.tsx
PASS src/test/__tests_cps__/pages/User.UserProfilePage.test.tsx
PASS src/test/__tests_cps__/pages/Project.Projects.test.tsx
PASS src/test/__tests_cps__/pages/board.BoardSummary.test.tsx
PASS src/test/__tests_cps__/pages/Center.CenterManagement.exists.test.tsx
PASS src/test/__tests_cps__/api/roleApi.test.ts
PASS src/test/__tests_cps__/utils/socket.util.test.ts
PASS src/test/__tests_cps__/pages/Reports.ActivityLogs.test.tsx
PASS src/test/__tests_cps__/api/collaborationApi.test.ts
PASS src/test/__tests_cps__/pages/Reports.LogByUser.test.tsx
PASS src/test/__tests_cps__/pages/Filters.Filters.test.tsx
PASS src/test/__tests_cps__/components/swimlaneManager.behavior.comprehensive.test.tsx
PASS src/test/__tests_cps__/components/documentationModal.test.tsx
PASS src/test/__tests_cps__/pages/board.BoardMembers.test.tsx
A worker process has failed to exit gracefully and has been force exited. This is likely caused 
by tests leaking due to improper teardown. Try running with --detectOpenHandles to find leaks. 
Active timers can also cause this, ensure that .unref() was called on them.
------------------------------------|---------|----------|---------|---------|-------------------------------------------------------------------------------------------------------------------------------------------------------------------------------------------------------------------------------------------------------------------------------------
File                                | % Stmts | % Branch | % Funcs | % Lines | Uncovered Line #s                                                                                                                                                                                                                                                                   
------------------------------------|---------|----------|---------|---------|-------------------------------------------------------------------------------------------------------------------------------------------------------------------------------------------------------------------------------------------------------------------------------------
All files                           |   72.31 |    56.53 |   70.84 |   74.45 |                                                                                                                                                                                                                                                                                     
 src                                |   84.67 |    79.78 |   65.21 |   89.38 |                                                                                                                                                                                                                                                                                     
  App.tsx                           |   83.33 |       90 |      60 |   92.45 | 96,380-382                                                                                                                                                                                                                                                                          
  AppWrapper.tsx                    |   85.36 |    73.33 |      80 |   86.48 | 25,44,52-53,63                                                                                                                                                                                                                                                                      
  index.tsx                         |   86.95 |    57.14 |   66.66 |   86.95 | 36-38                                                                                                                                                                                                                                                                               
 src/api                            |   93.87 |    77.03 |   93.95 |   93.95 |                                                                                                                                                                                                                                                                                     
  adaptiveGamificationApi.ts        |     100 |    41.66 |     100 |     100 | 126-232                                                                                                                                                                                                                                                                             
  aiApi.ts                          |   77.77 |      100 |   66.66 |   77.77 | 64-65                                                                                                                                                                                                                                                                               
  analyticsApi.ts                   |   61.76 |      100 |   45.45 |   61.76 | 40-41,51-58,67-68,84-87,94-95,111-112                                                                                                                                                                                                                                               
  apiKey.ts                         |     100 |      100 |     100 |     100 |                                                                                                                                                                                                                                                                                     
  atRiskApi.ts                      |     100 |      100 |     100 |     100 |                                                                                                                                                                                                                                                                                     
  authApi.ts                        |   77.92 |    67.85 |   81.81 |   77.63 | 6-12,32-33,113-122,127-128                                                                                                                                                                                                                                                          
  avataApi.ts                       |     100 |      100 |     100 |     100 |                                                                                                                                                                                                                                                                                     
  axiosInstance.ts                  |   97.43 |       85 |     100 |   97.43 | 78                                                                                                                                                                                                                                                                                  
  boardApi.ts                       |     100 |    83.33 |     100 |     100 | 28                                                                                                                                                                                                                                                                                  
  boardMemberApi.ts                 |     100 |      100 |     100 |     100 |                                                                                                                                                                                                                                                                                     
  boardSlackConfigApi.ts            |     100 |      100 |     100 |     100 |                                                                                                                                                                                                                                                                                     
  boarmemberApi.ts                  |     100 |      100 |     100 |     100 |                                                                                                                                                                                                                                                                                     
  centerApi.ts                      |     100 |      100 |     100 |     100 |                                                                                                                                                                                                                                                                                     
  centerMemberApi.ts                |   97.29 |    76.47 |     100 |   97.29 | 102                                                                                                                                                                                                                                                                                 
  collaborationApi.ts               |     100 |      100 |     100 |     100 |                                                                                                                                                                                                                                                                                     
  columnApi.ts                      |     100 |      100 |     100 |     100 |                                                                                                                                                                                                                                                                                     
  commentApi.ts                     |     100 |      100 |     100 |     100 |                                                                                                                                                                                                                                                                                     
  deploymentApi.ts                  |   83.33 |      100 |      75 |   83.33 | 51-52                                                                                                                                                                                                                                                                               
  exportApi.ts                      |     100 |      100 |     100 |     100 |                                                                                                                                                                                                                                                                                     
  fileApi.ts                        |   85.03 |    74.02 |   92.85 |   86.29 | 11,95-116,120,141,162,186,196,210,235-239,242,247                                                                                                                                                                                                                                   
  gamificationApi.ts                |     100 |      100 |     100 |     100 |                                                                                                                                                                                                                                                                                     
  googleCalendarApi.ts              |   97.82 |    84.37 |     100 |   97.77 | 31                                                                                                                                                                                                                                                                                  
  groupApi.ts                       |   81.81 |      100 |   72.72 |   81.81 | 55-56,60-61,65-66                                                                                                                                                                                                                                                                   
  groupUserApi.ts                   |     100 |      100 |     100 |     100 |                                                                                                                                                                                                                                                                                     
  historyTaskApi.ts                 |     100 |      100 |     100 |     100 |                                                                                                                                                                                                                                                                                     
  learningPathApi.ts                |     100 |      100 |     100 |     100 |                                                                                                                                                                                                                                                                                     
  logoApi.ts                        |   89.18 |    76.19 |     100 |   89.18 | 44,60,75,86                                                                                                                                                                                                                                                                         
  maintenanceApi.ts                 |   77.77 |      100 |      50 |   77.77 | 7,11                                                                                                                                                                                                                                                                                
  nlpApi.ts                         |     100 |      100 |     100 |     100 |                                                                                                                                                                                                                                                                                     
  notificationApi.ts                |     100 |      100 |     100 |     100 |                                                                                                                                                                                                                                                                                     
  overdueAnalysisApi.ts             |     100 |      100 |     100 |     100 |                                                                                                                                                                                                                                                                                     
  paginationApi.ts                  |     100 |      100 |     100 |     100 |                                                                                                                                                                                                                                                                                     
  permissionApi.ts                  |      92 |      100 |    87.5 |      92 | 56-68                                                                                                                                                                                                                                                                               
  role&permission.ts                |     100 |      100 |     100 |     100 |                                                                                                                                                                                                                                                                                     
  roleApi.ts                        |     100 |      100 |     100 |     100 |                                                                                                                                                                                                                                                                                     
  sidebarApi.ts                     |   98.27 |    78.57 |     100 |   98.27 | 102                                                                                                                                                                                                                                                                                 
  sprintForecastApi.ts              |     100 |      100 |     100 |     100 |                                                                                                                                                                                                                                                                                     
  swimlaneApi.ts                    |     100 |      100 |     100 |     100 |                                                                                                                                                                                                                                                                                     
  tagApi.ts                         |     100 |      100 |     100 |     100 |                                                                                                                                                                                                                                                                                     
  taskApi.ts                        |     100 |      100 |     100 |     100 |                                                                                                                                                                                                                                                                                     
  teacherApi.ts                     |     100 |      100 |     100 |     100 |                                                                                                                                                                                                                                                                                     
  templateApi.ts                    |     100 |     87.5 |     100 |     100 | 53                                                                                                                                                                                                                                                                                  
  updateProfile.ts                  |     100 |      100 |     100 |     100 |                                                                                                                                                                                                                                                                                     
  userApi.ts                        |     100 |      100 |     100 |     100 |                                                                                                                                                                                                                                                                                     
  userPointApi.ts                   |     100 |      100 |     100 |     100 |                                                                                                                                                                                                                                                                                     
  userRoleApi.ts                    |     100 |      100 |     100 |     100 |                                                                                                                                                                                                                                                                                     
 src/auth                           |      90 |    71.42 |     100 |      90 |                                                                                                                                                                                                                                                                                     
  useKeycloak.ts                    |      90 |    71.42 |     100 |      90 | 27,32,52,65                                                                                                                                                                                                                                                                         
 src/components                     |   79.44 |    69.02 |   84.29 |   81.12 |                                                                                                                                                                                                                                                                                     
  CloneTemplateSection.tsx          |   91.66 |    96.42 |   85.71 |   91.66 | 112                                                                                                                                                                                                                                                                                 
  CommentSection.tsx                |   75.58 |    56.48 |      75 |   78.75 | 88-90,95-97,102-104,141,152-160,171-173,190,207,232,260,276-279,432-433,584-585,734-735,754,800                                                                                                                                                                                     
  CustomToast.tsx                   |     100 |      100 |     100 |     100 |                                                                                                                                                                                                                                                                                     
  DocumentationModal.tsx            |   92.85 |    85.71 |     100 |   92.85 | 99                                                                                                                                                                                                                                                                                  
  FileDownloadButton.tsx            |     100 |    91.66 |     100 |     100 | 40                                                                                                                                                                                                                                                                                  
  FileList.tsx                      |   61.44 |    55.55 |   66.66 |   63.01 | 63-66,71,78-85,90-117,124,135,204-214                                                                                                                                                                                                                                               
  LoadingScreen.tsx                 |     100 |      100 |     100 |     100 |                                                                                                                                                                                                                                                                                     
  LoginForm.tsx                     |     100 |      100 |     100 |     100 |                                                                                                                                                                                                                                                                                     
  MaintenanceGuard.tsx              |   92.85 |      100 |     100 |    92.3 | 15                                                                                                                                                                                                                                                                                  
  ModalProvider.tsx                 |    71.6 |       62 |   76.47 |   71.62 | 87-103,120-125                                                                                                                                                                                                                                                                      
  NetworkStatus.tsx                 |     100 |      100 |     100 |     100 |                                                                                                                                                                                                                                                                                     
  PageWrapper.tsx                   |     100 |      100 |     100 |     100 |                                                                                                                                                                                                                                                                                     
  Pagination.tsx                    |     100 |      100 |     100 |     100 |                                                                                                                                                                                                                                                                                     
  ProtectedAdminRoute.tsx           |   83.33 |       50 |      75 |    87.5 | 19-20                                                                                                                                                                                                                                                                               
  ProtectedRoute.tsx                |     100 |     90.9 |     100 |     100 | 63                                                                                                                                                                                                                                                                                  
  SupportCenter.tsx                 |     100 |      100 |     100 |     100 |                                                                                                                                                                                                                                                                                     
  ToastNotification.tsx             |     100 |      100 |     100 |     100 |                                                                                                                                                                                                                                                                                     
  UserMenu.tsx                      |     100 |    94.11 |     100 |     100 | 32                                                                                                                                                                                                                                                                                  
 src/components/BoardDetail         |   39.31 |    39.32 |   43.54 |   40.49 |                                                                                                                                                                                                                                                                                     
  CreateTaskModal.tsx               |    61.9 |     62.5 |   61.53 |      65 | 89-154                                                                                                                                                                                                                                                                              
  EditTaskModal.tsx                 |   54.43 |    53.43 |   58.69 |    54.9 | 149,191-243,283,322,399-406,508-611,675-676,731,748-749,754-758,778,834-896                                                                                                                                                                                                         
  FilterDropdown.tsx                |     100 |    89.47 |     100 |     100 | 62,76                                                                                                                                                                                                                                                                               
  TagManagerModal.tsx               |   38.88 |    33.33 |   27.27 |   46.66 | 61-72,108-151                                                                                                                                                                                                                                                                       
  TaskCard.tsx                      |   23.11 |    10.97 |   19.14 |   23.41 | 49-66,128-135,139-150,160-178,186-202,207-282,295-303,310-320,344-348,358-360,367-442,449-453,460,466,480-605,640-717                                                                                                                                                               
  index.ts                          |       0 |        0 |       0 |       0 |                                                                                                                                                                                                                                                                                     
 src/components/BoardSetting        |   43.11 |    40.65 |   36.06 |   43.58 |                                                                                                                                                                                                                                                                                     
  ColumnManager.tsx                 |    1.03 |        0 |       0 |    1.04 | 21-307                                                                                                                                                                                                                                                                              
  SlackSettings.tsx                 |   58.94 |    60.75 |   31.25 |   59.57 | 72-80,121-129,133-141,158,186-202,214-251,294-402                                                                                                                                                                                                                                   
  SwimlaneManager.tsx               |    73.8 |    56.52 |   80.95 |   74.69 | 32,44-45,61,67-68,82,101,106-111,121-122,127,129,219-220,246-247                                                                                                                                                                                                                    
 src/components/Group               |   88.52 |    85.05 |   88.88 |   89.83 |                                                                                                                                                                                                                                                                                     
  GroupCard.tsx                     |     100 |    95.45 |     100 |     100 | 23                                                                                                                                                                                                                                                                                  
  GroupFormModal.tsx                |     100 |      100 |     100 |     100 |                                                                                                                                                                                                                                                                                     
  GroupGrid.tsx                     |     100 |    93.33 |     100 |     100 | 50                                                                                                                                                                                                                                                                                  
  GroupHeader.tsx                   |   66.66 |      100 |      50 |   66.66 | 67                                                                                                                                                                                                                                                                                  
  GroupMemberCard.tsx               |   81.25 |    74.41 |   83.33 |   83.87 | 40,84-87                                                                                                                                                                                                                                                                            
 src/components/HelpButton          |   72.07 |    57.62 |   60.97 |   73.33 |                                                                                                                                                                                                                                                                                     
  AIChatModal.tsx                   |   77.77 |    62.85 |   85.71 |   79.31 | 59,66-74,133-142,149-151                                                                                                                                                                                                                                                            
  GuideModal.tsx                    |   55.88 |       40 |   36.84 |   57.57 | 95-115,291-311,326,405-406,411-412,455                                                                                                                                                                                                                                              
  HelpButton.tsx                    |   85.71 |      100 |      75 |   85.71 | 52-58                                                                                                                                                                                                                                                                               
 src/components/Teacher             |   61.66 |    42.85 |   57.69 |   64.67 |                                                                                                                                                                                                                                                                                     
  EstimationPanel.tsx               |      75 |    46.59 |      84 |    82.3 | 49-52,129,138-139,200-201,203-204,256,259-260,289-300                                                                                                                                                                                                                               
  ThroughputPanel.tsx               |   40.21 |    34.21 |   33.33 |   38.63 | 75-76,80,90-105,111,118-132,141-209,214-217,281-410                                                                                                                                                                                                                                 
 src/contexts                       |   68.42 |       50 |    62.5 |   70.27 |                                                                                                                                                                                                                                                                                     
  UserContext.tsx                   |   68.42 |       50 |    62.5 |   70.27 | 28,34-35,42,56-58,77-81                                                                                                                                                                                                                                                             
 src/hooks                          |   95.54 |     87.5 |     100 |   95.85 |                                                                                                                                                                                                                                                                                     
  useDragAndDrop.ts                 |   96.55 |    91.66 |     100 |     100 | 21                                                                                                                                                                                                                                                                                  
  useFileDownload.ts                |   85.36 |       75 |     100 |   85.36 | 41,68-73                                                                                                                                                                                                                                                                            
  useNetworkStatus.ts               |     100 |       50 |     100 |     100 | 9                                                                                                                                                                                                                                                                                   
  usePermissions.ts                 |   98.73 |       95 |     100 |   98.61 | 85                                                                                                                                                                                                                                                                                  
  useUrlState.ts                    |     100 |       50 |     100 |     100 | 10                                                                                                                                                                                                                                                                                  
  useVietnameseSearch.ts            |   96.42 |    91.66 |     100 |   96.42 | 24                                                                                                                                                                                                                                                                                  
 src/pages                          |   94.73 |      100 |     100 |   94.73 |                                                                                                                                                                                                                                                                                     
  MaintenancePage.jsx               |   94.73 |      100 |     100 |   94.73 | 32                                                                                                                                                                                                                                                                                  
 src/pages/Admin                    |   63.86 |    49.34 |   58.21 |   66.52 |                                                                                                                                                                                                                                                                                     
  Admin.tsx                         |   55.55 |    24.24 |      50 |   59.09 | 30-39,56,106-118,161-188                                                                                                                                                                                                                                                            
  AdminHome.tsx                     |   58.67 |    41.46 |   71.87 |      60 | 67,69,71,98,102,115-116,120,154-159,213-270,292-295,845-977                                                                                                                                                                                                                         
  RoleAndPermission.tsx             |   62.62 |       49 |   61.11 |    64.2 | 43,96-98,128-133,137-141,146-154,159-176,181-197,224,246,267,309,385-395,485,495-542                                                                                                                                                                                                
  RolePermissionEdit.tsx            |   74.32 |    57.14 |   76.47 |   83.33 | 37-41,79,87,107-108,130                                                                                                                                                                                                                                                             
  UserManagement.tsx                |    66.9 |     54.5 |   56.04 |   69.76 | 92,165,231-232,260,315,322-323,335,361,373-375,383,388-390,396-397,422-424,476-486,516-517,522-524,546-547,568,573-608,635,654-656,660-690,726-727,774-803,822,960,984-987,1072-1162,1166,1276,1316-1317,1349-1369,1373,1415-1423,1431-1432,1442-1443,1458-1462,1479-1486,1497-1501 
  UserPermissions.tsx               |   63.01 |    56.86 |   63.15 |   71.18 | 47-51,96,104,108-120,125,136                                                                                                                                                                                                                                                        
  UserPointsManagement.tsx          |   63.42 |    46.63 |   47.54 |   64.75 | 83,125,154-157,187,218,221-224,234,248-259,286-287,292-293,297-298,309-310,315-316,337-338,347-348,352-353,377-378,389,401-404,419-423,483,515,647-891,950-1010                                                                                                                     
 src/pages/Analytics                |   77.84 |    52.62 |    81.2 |   81.12 |                                                                                                                                                                                                                                                                                     
  AtRiskTasks.tsx                   |   67.74 |    44.11 |   78.43 |   70.17 | 56-57,65-68,77,113-118,131-136,141-142,150-170,189-192,226,238-240,251,260,284-290,333-353,360-374,499-500,544,640                                                                                                                                                                  
  BoardHealthScore.tsx              |   85.52 |    75.29 |   92.85 |   84.05 | 60-61,83-84,96,119-121,132-134,141,175                                                                                                                                                                                                                                              
  CentersPerformance.tsx            |   85.08 |    59.61 |   88.23 |   89.79 | 168,176,226-227,249-250,257-258,394,602                                                                                                                                                                                                                                             
  Completion.tsx                    |   84.21 |     64.7 |   82.14 |    88.6 | 143-144,152,159,183,203-204,348,368                                                                                                                                                                                                                                                 
  CycleTime.tsx                     |   93.33 |    71.73 |   96.15 |   96.73 | 142-143,151                                                                                                                                                                                                                                                                         
  Gamification.tsx                  |   53.52 |    18.57 |   54.54 |   60.65 | 113-114,125,140,145-148,164-168,172-175,179-187,198-234                                                                                                                                                                                                                             
  PointManagement.tsx               |   55.55 |       20 |      40 |   61.53 | 98-101,117,120,123,129,131,148,157-160,164-168,195-423                                                                                                                                                                                                                              
  TeacherEstimations.tsx            |      50 |      100 |       0 |      50 | 5                                                                                                                                                                                                                                                                                   
  TeacherThroughput.tsx             |      50 |      100 |       0 |      50 | 5                                                                                                                                                                                                                                                                                   
  Throughput.tsx                    |   88.94 |    71.33 |   86.95 |   92.69 | 90-91,100,288-293,359,508-524,981-993                                                                                                                                                                                                                                               
 src/pages/Center                   |   70.38 |    48.88 |      72 |   73.09 |                                                                                                                                                                                                                                                                                     
  CenterManagement.tsx              |   81.34 |    71.85 |   74.35 |   83.72 | 53,82-85,197,227,254-258,333,485-504,569,614,743-793                                                                                                                                                                                                                                
  CenterMembers.tsx                 |      50 |    14.44 |   63.63 |   52.94 | 24,39,52,54,56,61-62,67-68,81-91,151-219                                                                                                                                                                                                                                            
 src/pages/DashBoard                |   76.15 |     66.8 |   74.71 |   79.55 |                                                                                                                                                                                                                                                                                     
  Dashboard.tsx                     |   51.85 |    49.01 |   35.29 |   54.05 | 18,37-44,61,164-240,247                                                                                                                                                                                                                                                             
  DashboardHome.tsx                 |   85.06 |    71.57 |   84.28 |   89.23 | 53,73,89-90,250,264-267,343,354,358,370,379,398-399,504-652,713-714,901                                                                                                                                                                                                             
 src/pages/Gamification             |   85.88 |    67.01 |   95.45 |    88.6 |                                                                                                                                                                                                                                                                                     
  AdaptiveGamification.tsx          |   85.88 |    67.01 |   95.45 |    88.6 | 49-50,60-61,103-104,148-149,216                                                                                                                                                                                                                                                     
 src/pages/Learning                 |   61.53 |     62.4 |   73.91 |    66.4 |                                                                                                                                                                                                                                                                                     
  LearningPath.tsx                  |   61.53 |     62.4 |   73.91 |    66.4 | 55-56,66-67,108,121,126-142,147-153,158-167,175,183,205-207,215,246,387,480                                                                                                                                                                                                         
 src/pages/Login                    |    76.1 |       50 |   89.47 |   76.41 |                                                                                                                                                                                                                                                                                     
  CodeGymLogin.tsx                  |   94.11 |       75 |     100 |   94.11 | 28                                                                                                                                                                                                                                                                                  
  Login.tsx                         |   72.91 |    48.27 |   85.71 |   73.03 | 27-39,57-60,124-139,149-158,185                                                                                                                                                                                                                                                     
 src/pages/QualityControl           |   69.15 |    54.54 |   80.45 |   72.82 |                                                                                                                                                                                                                                                                                     
  CollaborationIndex.tsx            |   72.15 |    60.97 |   72.72 |   78.26 | 44-45,54,59-60,98-100,105-107,285-286,331-332                                                                                                                                                                                                                                       
  ExportReports.tsx                 |      60 |    44.96 |      75 |   63.57 | 73,92-93,109-110,115,125-126,136-206,223-224,235,253,268,329-340,389,440-475                                                                                                                                                                                                        
  OverdueAnalysis.tsx               |    83.6 |    59.49 |   93.75 |    86.2 | 42-43,52,57-58,99-103                                                                                                                                                                                                                                                               
  WorkForecast.tsx                  |   73.19 |    59.79 |   88.23 |   75.55 | 86-87,101-102,113-114,144-145,159-161,169-173,182-186,206,210-212,250                                                                                                                                                                                                               
 src/pages/Reports                  |   68.71 |    59.21 |   63.24 |   70.72 |                                                                                                                                                                                                                                                                                     
  ActivityLogs.tsx                  |   77.03 |     62.5 |   68.29 |   80.31 | 41,172,180-183,202-226,336,372-397,556,577-591                                                                                                                                                                                                                                      
  ActivityTask.tsx                  |   61.87 |    42.53 |   55.26 |      64 | 51,120,170,173,185-198,205-208,212-219,228-256,283-284,287,472,508-533,557-656                                                                                                                                                                                                      
  LogByUser.tsx                     |   78.15 |     64.7 |      75 |   80.53 | 38,160,168-171,189-213,283,319-344                                                                                                                                                                                                                                                  
  Reports.tsx                       |    66.6 |    61.71 |   60.97 |   68.07 | 115,118,121,137,140,143,177,196-266,283,302,306-310,329-332,417-451,523,712,818-826,916,955-963,1053,1105-1106,1192-1215,1338-1339,1361-1395,1692-1816,1900,1904-1931,1945-1949,1959,1981-2002,2020                                                                                 
 src/pages/Template                 |   58.85 |    44.48 |   51.54 |   60.64 |                                                                                                                                                                                                                                                                                     
  TemplateManagement.tsx            |   58.85 |    44.48 |   51.54 |   60.64 | 103-129,205-251,349,353-355,397-398,403-404,408,433,455,472,492-496,510-512,528-529,534-535,539,555-572,582,588-589,593-594,598-640,645-648,670,688,695-697,708-709,724,729-742,748-770,777-799,837-880,990-1060,1130,1159,1163,1194-1203,1207,1236-1245,1249,1270-1279,1283,1304   
 src/services                       |   94.73 |    69.23 |      80 |   94.44 |                                                                                                                                                                                                                                                                                     
  geminiService.ts                  |   94.73 |    69.23 |      80 |   94.44 | 32                                                                                                                                                                                                                                                                                  
 src/styles                         |       0 |        0 |       0 |       0 |                                                                                                                                                                                                                                                                                     
  login.js                          |       0 |        0 |       0 |       0 |                                                                                                                                                                                                                                                                                     
 src/test/__tests_cps__/_utils      |     100 |      100 |     100 |     100 |                                                                                                                                                                                                                                                                                     
  fileExists.ts                     |     100 |      100 |     100 |     100 |                                                                                                                                                                                                                                                                                     
 src/test/__tests_cps__/api         |       0 |        0 |       0 |       0 |                                                                                                                                                                                                                                                                                     
  authApi.mock.ts                   |       0 |      100 |       0 |       0 | 2-3                                                                                                                                                                                                                                                                                 
  axiosInstance.mock.ts             |       0 |      100 |       0 |       0 | 6-18                                                                                                                                                                                                                                                                                
  genericApi.mock.ts                |       0 |        0 |       0 |       0 | 5-22                                                                                                                                                                                                                                                                                
  index.ts                          |       0 |        0 |       0 |       0 |                                                                                                                                                                                                                                                                                     
  notificationApi.mock.ts           |       0 |        0 |       0 |       0 | 4-21                                                                                                                                                                                                                                                                                
  role&permission.mock.ts           |       0 |        0 |       0 |       0 | 3-23                                                                                                                                                                                                                                                                                
  swimlaneApi.mock.ts               |       0 |      100 |       0 |       0 | 2                                                                                                                                                                                                                                                                                   
 src/test/__tests_cps__/components  |       0 |        0 |       0 |       0 |                                                                                                                                                                                                                                                                                     
  ModalProvider.tsx                 |       0 |        0 |       0 |       0 |                                                                                                                                                                                                                                                                                     
 src/test/__tests_cps__/pages       |       0 |      100 |       0 |       0 |                                                                                                                                                                                                                                                                                     
  __tmp__.ts                        |       0 |        0 |       0 |       0 |                                                                                                                                                                                                                                                                                     
  admin.rolePermission.testUtils.ts |       0 |      100 |       0 |       0 | 8-23                                                                                                                                                                                                                                                                                
 src/test/services                  |       0 |        0 |       0 |       0 |                                                                                                                                                                                                                                                                                     
  geminiService.ts                  |       0 |        0 |       0 |       0 |                                                                                                                                                                                                                                                                                     
 src/test/test-utils                |   90.17 |    56.25 |      84 |   90.42 |                                                                                                                                                                                                                                                                                     
  msw.analytics.handlers.ts         |     100 |       50 |     100 |     100 | 34-48                                                                                                                                                                                                                                                                               
  msw.auth.handlers.ts              |     100 |      100 |     100 |     100 |                                                                                                                                                                                                                                                                                     
  msw.board.handlers.ts             |      80 |      100 |   66.66 |      75 | 4                                                                                                                                                                                                                                                                                   
  msw.center.handlers.ts            |     100 |      100 |     100 |     100 |                                                                                                                                                                                                                                                                                     
  msw.groupMember.handlers.ts       |     100 |      100 |     100 |     100 |                                                                                                                                                                                                                                                                                     
  msw.notification.handlers.ts      |     100 |    59.09 |     100 |     100 | 18-19,21,35-45                                                                                                                                                                                                                                                                      
  msw.rolePermission.handlers.ts    |   90.24 |       50 |    87.5 |   91.66 | 25,62-67                                                                                                                                                                                                                                                                            
  msw.server.ts                     |   54.54 |      100 |   33.33 |   55.55 | 38-48                                                                                                                                                                                                                                                                               
  msw.swimlane.handlers.ts          |     100 |      100 |     100 |     100 |                                                                                                                                                                                                                                                                                     
  msw.task.handlers.ts              |      75 |      100 |      50 |   66.66 | 4                                                                                                                                                                                                                                                                                   
 src/utils                          |      97 |     93.4 |   98.24 |      97 |                                                                                                                                                                                                                                                                                     
  apiConfig.ts                      |     100 |      100 |     100 |     100 |                                                                                                                                                                                                                                                                                     
  boardCache.ts                     |   90.78 |       80 |   93.75 |   90.66 | 52-59                                                                                                                                                                                                                                                                               
  datetimeUtils.ts                  |     100 |      100 |     100 |     100 |                                                                                                                                                                                                                                                                                     
  errorHandler.ts                   |     100 |      100 |     100 |     100 |                                                                                                                                                                                                                                                                                     
  query.ts                          |     100 |    94.28 |     100 |     100 | 12,16                                                                                                                                                                                                                                                                               
  theme.ts                          |   97.72 |    97.43 |     100 |     100 | 34                                                                                                                                                                                                                                                                                  
  vietnamese.ts                     |     100 |     92.3 |     100 |     100 | 12,32-36                                                                                                                                                                                                                                                                            
------------------------------------|---------|----------|---------|---------|-------------------------------------------------------------------------------------------------------------------------------------------------------------------------------------------------------------------------------------------------------------------------------------

=============================== Coverage summary ===============================
Statements   : 72.31% ( 6201/8575 )
Branches     : 56.53% ( 3708/6559 )
Functions    : 70.84% ( 1482/2092 )
Lines        : 74.45% ( 5903/7928 )
================================================================================

Summary of all failing tests
FAIL src/test/__tests_cps__/components/supportCenter.comprehensive.test.tsx (6.229 s)
  笳・SupportCenter Component 窶ｺ Rendering 窶ｺ should render the support center heading

    TestingLibraryElementError: Unable to find an element with the text: Support center. This 
could be because the text is broken up by multiple elements. In this case, you can provide a 
function for your text matcher to make your matcher more flexible.

    Ignored nodes: comments, script, style
    [36m<body>[39m
      [36m<div>[39m
        [36m<div[39m
          [33mclass[39m=[32m"fixed inset-0 z-50 flex items-center justify-center bg-black/60 
backdrop-blur-sm"[39m
        [36m>[39m
          [36m<div[39m
            [33mclass[39m=[32m"relative w-full max-w-6xl mx-4"[39m
          [36m>[39m
            [36m<button[39m
              [33maria-label[39m=[32m"Close support center"[39m
              [33mclass[39m=[32m"absolute -top-12 right-0 text-white hover:text-gray-300 
transition-colors"[39m
            [36m>[39m
              [36m<svg[39m
                [33mclass[39m=[32m"w-8 h-8"[39m
                [33mfill[39m=[32m"none"[39m
                [33mstroke[39m=[32m"currentColor"[39m
                [33mviewBox[39m=[32m"0 0 24 24"[39m
              [36m>[39m
                [36m<path[39m
                  [33md[39m=[32m"M6 18L18 6M6 6l12 12"[39m
                  [33mstroke-linecap[39m=[32m"round"[39m
                  [33mstroke-linejoin[39m=[32m"round"[39m
                  [33mstroke-width[39m=[32m"2"[39m
                [36m/>[39m
              [36m</svg>[39m
            [36m</button>[39m
            [36m<div[39m
              [33mclass[39m=[32m"relative rounded-3xl overflow-hidden shadow-2xl 
bg-white"[39m
            [36m>[39m
              [36m<div[39m
                [33mclass[39m=[32m"relative px-12 py-16"[39m
              [36m>[39m
                [36m<div[39m
                  [33mclass[39m=[32m"mb-12"[39m
                [36m>[39m
                  [36m<h1[39m
                    [33mclass[39m=[32m"text-5xl font-bold text-gray-900 mb-4"[39m
                  [36m>[39m
                    [0mSupport Center[0m
                  [36m</h1>[39m
                  [36m<p[39m
                    [33mclass[39m=[32m"text-gray-600 text-lg max-w-2xl"[39m
                  [36m>[39m
                    [0mA quick guide to using the project management system. Learn how to 
create projects, manage tasks, and collaborate with your team effectively.[0m
                  [36m</p>[39m
                [36m</div>[39m
                [36m<div[39m
                  [33mclass[39m=[32m"grid grid-cols-1 md:grid-cols-3 gap-6"[39m
                [36m>[39m
                  [36m<div[39m
                    [33mclass[39m=[32m"group relative bg-white border border-gray-200 
rounded-2xl overflow-hidden hover:shadow-xl transition-all duration-300 cursor-pointer 
hover:scale-105"[39m
                  [36m>[39m
                    [36m<div[39m
                      [33mclass[39m=[32m"w-full h-48 overflow-hidden"[39m
                    [36m>[39m
                      [36m<img[39m
                        [33malt[39m=[32m"How to Create Project"[39m
                        [33mclass[39m=[32m"w-full h-full object-cover group-hover:scale-110 
transition-transform duration-300"[39m
                        [33msrc[39m=[32m"/icons/projectcreate.jpg"[39m
                      [36m/>[39m
                    [36m</div>[39m
                    [36m<div[39m
                      [33mclass[39m=[32m"p-6"[39m
                    [36m>[39m
                      [36m<h3[39m
                        [33mclass[39m=[32m"text-xl font-semibold text-gray-900 mb-3 
group-hover:text-blue-600 transition-colors"[39m
                      [36m>[39m
                        [0mHow to Create Project[0m
                      [36m</h3>[39m
                      [36m<p[39m
                        [33mclass[39m=[32m"text-gray-600 text-sm leading-relaxed"[39m
                      [36m>[39m
                        [0mGuide to creating a new project, setting up boards, columns, and 
swimlanes. Manage members and project permissions.[0m
                      [36m</p>[39m
                    [36m</div>[39m
                    [36m<div[39m
                      [33mclass[39m=[32m"absolute inset-0 rounded-2xl border-2 
border-transparent group-hover:border-blue-500 transition-all duration-300"[39m
                    [36m/>[39m
                  [36m</div>[39m
                  [36m<div[39m
                    [33mclass[39m=[32m"group relative bg-white border border-gray-200 
rounded-2xl overflow-hidden hover:shadow-xl transition-all duration-300 cursor-pointer 
hover:scale-105"[39m
                  [36m>[39m
                    [36m<div[39m
                      [33mclass[39m=[32m"w-full h-48 overflow-hidden"[39m
                    [36m>[39m
                      [36m<img[39m
                        [33malt[39m=[32m"Task Management Guide"[39m
                        [33mclass[39m=[32m"w-full h-full object-cover group-hover:scale-110 
transition-transform duration-300"[39m
                        [33msrc[39m=[32m"/icons/TaskManagement.avif"[39m
                      [36m/>[39m
                    [36m</div>[39m
                    [36m<div[39m
                      [33mclass[39m=[32m"p-6"[39m
                    [36m>[39m
                      [36m<h3[39m
                        [33mclass[39m=[32m"text-xl font-semibold text-gray-900 mb-3 
group-hover:text-blue-600 transition-colors"[39m
                      [36m>[39m
                        [0mTask Management Guide[0m
                      [36m</h3>[39m
                      [36m<p[39m
                        [33mclass[39m=[32m"text-gray-600 text-sm leading-relaxed"[39m
                      [36m>[39m
                        [0mHow to create, edit, and move tasks. Use tags, priorities, and 
assign tasks to team members. Track task progress.[0m
                      [36m</p>[39m
                    [36m</div>[39m
                    [36m<div[39m
                      [33mclass[39m=[32m"absolute inset-0 rounded-2xl border-2 
border-transparent group-hover:border-blue-500 transition-all duration-300"[39m
                    [36m/>[39m
                  [36m</div>[39m
                  [36m<div[39m
                    [33mclass[39m=[32m"group relative bg-white border border-gray-200 
rounded-2xl overflow-hidden hover:shadow-xl transition-all duration-300 cursor-pointer 
hover:scale-105"[39m
                  [36m>[39m
                    [36m<div[39m
                      [33mclass[39m=[32m"w-full h-48 overflow-hidden"[39m
                    [36m>[39m
                      [36m<img[39m
                        [33malt[39m=[32m"Team Collaboration"[39m
                        [33mclass[39m=[32m"w-full h-full object-cover group-hover:scale-110 
transition-transform duration-300"[39m
                        [33msrc[39m=[32m"/icons/TeamCollaboration.jpeg"[39m
                      [36m/>[39m
                    [36m</div>[39m
                    [36m<div[39m
                      [33mclass[39m=[32m"p-6"[39m
                    [36m>[39m
                      [36m<h3[39m
                        [33mclass[39m=[32m"text-xl font-semibold text-gray-900 mb-3 
group-hover:text-blue-600 transition-colors"[39m
                      [36m>[39m
                        [0mTeam Collaboration[0m
                      [36m</h3>[39m
                      [36m<p[39m
                        [33mclass[39m=[32m"text-gray-600 text-sm leading-relaxed"[39m
                      [36m>[39m
                        [0mWork effectively with realtime updates, notifications, and 
comments. Share files and track team activity.[0m
                      [36m</p>[39m
                    [36m</div>[39m
                    [36m<div[39m
                      [33mclass[39m=[32m"absolute inset-0 rounded-2xl border-2 
border-transparent group-hover:border-blue-500 transition-all duration-300"[39m
                    [36m/>[39m
                  [36m</div>[39m
                [36m</div>[39m
              [36m</div>[39m
            [36m</div>[39m
          [36m</div>[39m
        [36m</div>[39m
      [36m</div>[39m
    [36m</body>[39m

    [0m [90m 15 |[39m       render([33m<[39m[33mSupportCenter[39m 
onClose[33m=[39m{mockOnClose} [33m/[39m[33m>[39m)[33m;[39m
     [90m 16 |[39m
    [31m[1m>[22m[39m[90m 17 |[39m       expect(screen[33m.[39mgetByText([32m'Support 
center'[39m))[33m.[39mtoBeInTheDocument()[33m;[39m
     [90m    |[39m                     [31m[1m^[22m[39m
     [90m 18 |[39m     })[33m;[39m
     [90m 19 |[39m
     [90m 20 |[39m     it([32m'should render the description text'[39m[33m,[39m () 
[33m=>[39m {[0m

      at Object.getElementError (node_modules/@testing-library/dom/dist/config.js:37:19)
      at node_modules/@testing-library/dom/dist/query-helpers.js:76:38
      at node_modules/@testing-library/dom/dist/query-helpers.js:52:17
      at getByText (node_modules/@testing-library/dom/dist/query-helpers.js:95:19)
      at Object.<anonymous> 
(src/test/__tests_cps__/components/supportCenter.comprehensive.test.tsx:17:21)

  笳・SupportCenter Component 窶ｺ Rendering 窶ｺ should render card descriptions

    TestingLibraryElementError: Unable to find an element with the text: /Hﾆｰ盻嬾g d蘯ｫn t蘯｡o 
project m盻嬖/i. This could be because the text is broken up by multiple elements. In this case, 
you can provide a function for your text matcher to make your matcher more flexible.

    Ignored nodes: comments, script, style
    [36m<body>[39m
      [36m<div>[39m
        [36m<div[39m
          [33mclass[39m=[32m"fixed inset-0 z-50 flex items-center justify-center bg-black/60 
backdrop-blur-sm"[39m
        [36m>[39m
          [36m<div[39m
            [33mclass[39m=[32m"relative w-full max-w-6xl mx-4"[39m
          [36m>[39m
            [36m<button[39m
              [33maria-label[39m=[32m"Close support center"[39m
              [33mclass[39m=[32m"absolute -top-12 right-0 text-white hover:text-gray-300 
transition-colors"[39m
            [36m>[39m
              [36m<svg[39m
                [33mclass[39m=[32m"w-8 h-8"[39m
                [33mfill[39m=[32m"none"[39m
                [33mstroke[39m=[32m"currentColor"[39m
                [33mviewBox[39m=[32m"0 0 24 24"[39m
              [36m>[39m
                [36m<path[39m
                  [33md[39m=[32m"M6 18L18 6M6 6l12 12"[39m
                  [33mstroke-linecap[39m=[32m"round"[39m
                  [33mstroke-linejoin[39m=[32m"round"[39m
                  [33mstroke-width[39m=[32m"2"[39m
                [36m/>[39m
              [36m</svg>[39m
            [36m</button>[39m
            [36m<div[39m
              [33mclass[39m=[32m"relative rounded-3xl overflow-hidden shadow-2xl 
bg-white"[39m
            [36m>[39m
              [36m<div[39m
                [33mclass[39m=[32m"relative px-12 py-16"[39m
              [36m>[39m
                [36m<div[39m
                  [33mclass[39m=[32m"mb-12"[39m
                [36m>[39m
                  [36m<h1[39m
                    [33mclass[39m=[32m"text-5xl font-bold text-gray-900 mb-4"[39m
                  [36m>[39m
                    [0mSupport Center[0m
                  [36m</h1>[39m
                  [36m<p[39m
                    [33mclass[39m=[32m"text-gray-600 text-lg max-w-2xl"[39m
                  [36m>[39m
                    [0mA quick guide to using the project management system. Learn how to 
create projects, manage tasks, and collaborate with your team effectively.[0m
                  [36m</p>[39m
                [36m</div>[39m
                [36m<div[39m
                  [33mclass[39m=[32m"grid grid-cols-1 md:grid-cols-3 gap-6"[39m
                [36m>[39m
                  [36m<div[39m
                    [33mclass[39m=[32m"group relative bg-white border border-gray-200 
rounded-2xl overflow-hidden hover:shadow-xl transition-all duration-300 cursor-pointer 
hover:scale-105"[39m
                  [36m>[39m
                    [36m<div[39m
                      [33mclass[39m=[32m"w-full h-48 overflow-hidden"[39m
                    [36m>[39m
                      [36m<img[39m
                        [33malt[39m=[32m"How to Create Project"[39m
                        [33mclass[39m=[32m"w-full h-full object-cover group-hover:scale-110 
transition-transform duration-300"[39m
                        [33msrc[39m=[32m"/icons/projectcreate.jpg"[39m
                      [36m/>[39m
                    [36m</div>[39m
                    [36m<div[39m
                      [33mclass[39m=[32m"p-6"[39m
                    [36m>[39m
                      [36m<h3[39m
                        [33mclass[39m=[32m"text-xl font-semibold text-gray-900 mb-3 
group-hover:text-blue-600 transition-colors"[39m
                      [36m>[39m
                        [0mHow to Create Project[0m
                      [36m</h3>[39m
                      [36m<p[39m
                        [33mclass[39m=[32m"text-gray-600 text-sm leading-relaxed"[39m
                      [36m>[39m
                        [0mGuide to creating a new project, setting up boards, columns, and 
swimlanes. Manage members and project permissions.[0m
                      [36m</p>[39m
                    [36m</div>[39m
                    [36m<div[39m
                      [33mclass[39m=[32m"absolute inset-0 rounded-2xl border-2 
border-transparent group-hover:border-blue-500 transition-all duration-300"[39m
                    [36m/>[39m
                  [36m</div>[39m
                  [36m<div[39m
                    [33mclass[39m=[32m"group relative bg-white border border-gray-200 
rounded-2xl overflow-hidden hover:shadow-xl transition-all duration-300 cursor-pointer 
hover:scale-105"[39m
                  [36m>[39m
                    [36m<div[39m
                      [33mclass[39m=[32m"w-full h-48 overflow-hidden"[39m
                    [36m>[39m
                      [36m<img[39m
                        [33malt[39m=[32m"Task Management Guide"[39m
                        [33mclass[39m=[32m"w-full h-full object-cover group-hover:scale-110 
transition-transform duration-300"[39m
                        [33msrc[39m=[32m"/icons/TaskManagement.avif"[39m
                      [36m/>[39m
                    [36m</div>[39m
                    [36m<div[39m
                      [33mclass[39m=[32m"p-6"[39m
                    [36m>[39m
                      [36m<h3[39m
                        [33mclass[39m=[32m"text-xl font-semibold text-gray-900 mb-3 
group-hover:text-blue-600 transition-colors"[39m
                      [36m>[39m
                        [0mTask Management Guide[0m
                      [36m</h3>[39m
                      [36m<p[39m
                        [33mclass[39m=[32m"text-gray-600 text-sm leading-relaxed"[39m
                      [36m>[39m
                        [0mHow to create, edit, and move tasks. Use tags, priorities, and 
assign tasks to team members. Track task progress.[0m
                      [36m</p>[39m
                    [36m</div>[39m
                    [36m<div[39m
                      [33mclass[39m=[32m"absolute inset-0 rounded-2xl border-2 
border-transparent group-hover:border-blue-500 transition-all duration-300"[39m
                    [36m/>[39m
                  [36m</div>[39m
                  [36m<div[39m
                    [33mclass[39m=[32m"group relative bg-white border border-gray-200 
rounded-2xl overflow-hidden hover:shadow-xl transition-all duration-300 cursor-pointer 
hover:scale-105"[39m
                  [36m>[39m
                    [36m<div[39m
                      [33mclass[39m=[32m"w-full h-48 overflow-hidden"[39m
                    [36m>[39m
                      [36m<img[39m
                        [33malt[39m=[32m"Team Collaboration"[39m
                        [33mclass[39m=[32m"w-full h-full object-cover group-hover:scale-110 
transition-transform duration-300"[39m
                        [33msrc[39m=[32m"/icons/TeamCollaboration.jpeg"[39m
                      [36m/>[39m
                    [36m</div>[39m
                    [36m<div[39m
                      [33mclass[39m=[32m"p-6"[39m
                    [36m>[39m
                      [36m<h3[39m
                        [33mclass[39m=[32m"text-xl font-semibold text-gray-900 mb-3 
group-hover:text-blue-600 transition-colors"[39m
                      [36m>[39m
                        [0mTeam Collaboration[0m
                      [36m</h3>[39m
                      [36m<p[39m
                        [33mclass[39m=[32m"text-gray-600 text-sm leading-relaxed"[39m
                      [36m>[39m
                        [0mWork effectively with realtime updates, notifications, and 
comments. Share files and track team activity.[0m
                      [36m</p>[39m
                    [36m</div>[39m
                    [36m<div[39m
                      [33mclass[39m=[32m"absolute inset-0 rounded-2xl border-2 
border-transparent group-hover:border-blue-500 transition-all duration-300"[39m
                    [36m/>[39m
                  [36m</div>[39m
                [36m</div>[39m
              [36m</div>[39m
            [36m</div>[39m
          [36m</div>[39m
        [36m</div>[39m
      [36m</div>[39m
    [36m</body>[39m

    [0m [90m 38 |[39m
     [90m 39 |[39m       expect(
    [31m[1m>[22m[39m[90m 40 |[39m         screen[33m.[39mgetByText([35m/Hﾆｰ盻嬾g d蘯ｫn 
t蘯｡o project m盻嬖/i[39m)
     [90m    |[39m                [31m[1m^[22m[39m
     [90m 41 |[39m       )[33m.[39mtoBeInTheDocument()[33m;[39m
     [90m 42 |[39m       expect(
     [90m 43 |[39m         screen[33m.[39mgetByText([35m/Cﾃ｡ch t蘯｡o, ch盻穎h s盻ｭa vﾃ di 
chuy盻ハ task/i[39m)[0m

      at Object.getElementError (node_modules/@testing-library/dom/dist/config.js:37:19)
      at node_modules/@testing-library/dom/dist/query-helpers.js:76:38
      at node_modules/@testing-library/dom/dist/query-helpers.js:52:17
      at getByText (node_modules/@testing-library/dom/dist/query-helpers.js:95:19)
      at Object.<anonymous> 
(src/test/__tests_cps__/components/supportCenter.comprehensive.test.tsx:40:16)

  笳・SupportCenter Component 窶ｺ Accessibility 窶ｺ should render headings with proper hierarchy

    expect(element).toHaveTextContent()

    Expected element to have text content:
      Support center
    Received:
      Support Center

    [0m [90m 153 |[39m
     [90m 154 |[39m       [36mconst[39m mainHeading [33m=[39m 
screen[33m.[39mgetByRole([32m'heading'[39m[33m,[39m { level[33m:[39m [35m1[39m 
})[33m;[39m
    [31m[1m>[22m[39m[90m 155 |[39m       
expect(mainHeading)[33m.[39mtoHaveTextContent([32m'Support center'[39m)[33m;[39m
     [90m     |[39m                           [31m[1m^[22m[39m
     [90m 156 |[39m
     [90m 157 |[39m       [36mconst[39m cardHeadings [33m=[39m 
screen[33m.[39mgetAllByRole([32m'heading'[39m[33m,[39m { level[33m:[39m [35m3[39m 
})[33m;[39m
     [90m 158 |[39m       
expect(cardHeadings)[33m.[39mtoHaveLength([35m3[39m)[33m;[39m[0m

      at Object.<anonymous> 
(src/test/__tests_cps__/components/supportCenter.comprehensive.test.tsx:155:27)

  笳・SupportCenter Component 窶ｺ Content Completeness 窶ｺ should render complete project creation 
guide info

    TestingLibraryElementError: Unable to find an element with the text: /Hﾆｰ盻嬾g d蘯ｫn t蘯｡o 
project m盻嬖, thi蘯ｿt l蘯ｭp board/i. This could be because the text is broken up by multiple 
elements. In this case, you can provide a function for your text matcher to make your matcher 
more flexible.

    Ignored nodes: comments, script, style
    [36m<body>[39m
      [36m<div>[39m
        [36m<div[39m
          [33mclass[39m=[32m"fixed inset-0 z-50 flex items-center justify-center bg-black/60 
backdrop-blur-sm"[39m
        [36m>[39m
          [36m<div[39m
            [33mclass[39m=[32m"relative w-full max-w-6xl mx-4"[39m
          [36m>[39m
            [36m<button[39m
              [33maria-label[39m=[32m"Close support center"[39m
              [33mclass[39m=[32m"absolute -top-12 right-0 text-white hover:text-gray-300 
transition-colors"[39m
            [36m>[39m
              [36m<svg[39m
                [33mclass[39m=[32m"w-8 h-8"[39m
                [33mfill[39m=[32m"none"[39m
                [33mstroke[39m=[32m"currentColor"[39m
                [33mviewBox[39m=[32m"0 0 24 24"[39m
              [36m>[39m
                [36m<path[39m
                  [33md[39m=[32m"M6 18L18 6M6 6l12 12"[39m
                  [33mstroke-linecap[39m=[32m"round"[39m
                  [33mstroke-linejoin[39m=[32m"round"[39m
                  [33mstroke-width[39m=[32m"2"[39m
                [36m/>[39m
              [36m</svg>[39m
            [36m</button>[39m
            [36m<div[39m
              [33mclass[39m=[32m"relative rounded-3xl overflow-hidden shadow-2xl 
bg-white"[39m
            [36m>[39m
              [36m<div[39m
                [33mclass[39m=[32m"relative px-12 py-16"[39m
              [36m>[39m
                [36m<div[39m
                  [33mclass[39m=[32m"mb-12"[39m
                [36m>[39m
                  [36m<h1[39m
                    [33mclass[39m=[32m"text-5xl font-bold text-gray-900 mb-4"[39m
                  [36m>[39m
                    [0mSupport Center[0m
                  [36m</h1>[39m
                  [36m<p[39m
                    [33mclass[39m=[32m"text-gray-600 text-lg max-w-2xl"[39m
                  [36m>[39m
                    [0mA quick guide to using the project management system. Learn how to 
create projects, manage tasks, and collaborate with your team effectively.[0m
                  [36m</p>[39m
                [36m</div>[39m
                [36m<div[39m
                  [33mclass[39m=[32m"grid grid-cols-1 md:grid-cols-3 gap-6"[39m
                [36m>[39m
                  [36m<div[39m
                    [33mclass[39m=[32m"group relative bg-white border border-gray-200 
rounded-2xl overflow-hidden hover:shadow-xl transition-all duration-300 cursor-pointer 
hover:scale-105"[39m
                  [36m>[39m
                    [36m<div[39m
                      [33mclass[39m=[32m"w-full h-48 overflow-hidden"[39m
                    [36m>[39m
                      [36m<img[39m
                        [33malt[39m=[32m"How to Create Project"[39m
                        [33mclass[39m=[32m"w-full h-full object-cover group-hover:scale-110 
transition-transform duration-300"[39m
                        [33msrc[39m=[32m"/icons/projectcreate.jpg"[39m
                      [36m/>[39m
                    [36m</div>[39m
                    [36m<div[39m
                      [33mclass[39m=[32m"p-6"[39m
                    [36m>[39m
                      [36m<h3[39m
                        [33mclass[39m=[32m"text-xl font-semibold text-gray-900 mb-3 
group-hover:text-blue-600 transition-colors"[39m
                      [36m>[39m
                        [0mHow to Create Project[0m
                      [36m</h3>[39m
                      [36m<p[39m
                        [33mclass[39m=[32m"text-gray-600 text-sm leading-relaxed"[39m
                      [36m>[39m
                        [0mGuide to creating a new project, setting up boards, columns, and 
swimlanes. Manage members and project permissions.[0m
                      [36m</p>[39m
                    [36m</div>[39m
                    [36m<div[39m
                      [33mclass[39m=[32m"absolute inset-0 rounded-2xl border-2 
border-transparent group-hover:border-blue-500 transition-all duration-300"[39m
                    [36m/>[39m
                  [36m</div>[39m
                  [36m<div[39m
                    [33mclass[39m=[32m"group relative bg-white border border-gray-200 
rounded-2xl overflow-hidden hover:shadow-xl transition-all duration-300 cursor-pointer 
hover:scale-105"[39m
                  [36m>[39m
                    [36m<div[39m
                      [33mclass[39m=[32m"w-full h-48 overflow-hidden"[39m
                    [36m>[39m
                      [36m<img[39m
                        [33malt[39m=[32m"Task Management Guide"[39m
                        [33mclass[39m=[32m"w-full h-full object-cover group-hover:scale-110 
transition-transform duration-300"[39m
                        [33msrc[39m=[32m"/icons/TaskManagement.avif"[39m
                      [36m/>[39m
                    [36m</div>[39m
                    [36m<div[39m
                      [33mclass[39m=[32m"p-6"[39m
                    [36m>[39m
                      [36m<h3[39m
                        [33mclass[39m=[32m"text-xl font-semibold text-gray-900 mb-3 
group-hover:text-blue-600 transition-colors"[39m
                      [36m>[39m
                        [0mTask Management Guide[0m
                      [36m</h3>[39m
                      [36m<p[39m
                        [33mclass[39m=[32m"text-gray-600 text-sm leading-relaxed"[39m
                      [36m>[39m
                        [0mHow to create, edit, and move tasks. Use tags, priorities, and 
assign tasks to team members. Track task progress.[0m
                      [36m</p>[39m
                    [36m</div>[39m
                    [36m<div[39m
                      [33mclass[39m=[32m"absolute inset-0 rounded-2xl border-2 
border-transparent group-hover:border-blue-500 transition-all duration-300"[39m
                    [36m/>[39m
                  [36m</div>[39m
                  [36m<div[39m
                    [33mclass[39m=[32m"group relative bg-white border border-gray-200 
rounded-2xl overflow-hidden hover:shadow-xl transition-all duration-300 cursor-pointer 
hover:scale-105"[39m
                  [36m>[39m
                    [36m<div[39m
                      [33mclass[39m=[32m"w-full h-48 overflow-hidden"[39m
                    [36m>[39m
                      [36m<img[39m
                        [33malt[39m=[32m"Team Collaboration"[39m
                        [33mclass[39m=[32m"w-full h-full object-cover group-hover:scale-110 
transition-transform duration-300"[39m
                        [33msrc[39m=[32m"/icons/TeamCollaboration.jpeg"[39m
                      [36m/>[39m
                    [36m</div>[39m
                    [36m<div[39m
                      [33mclass[39m=[32m"p-6"[39m
                    [36m>[39m
                      [36m<h3[39m
                        [33mclass[39m=[32m"text-xl font-semibold text-gray-900 mb-3 
group-hover:text-blue-600 transition-colors"[39m
                      [36m>[39m
                        [0mTeam Collaboration[0m
                      [36m</h3>[39m
                      [36m<p[39m
                        [33mclass[39m=[32m"text-gray-600 text-sm leading-relaxed"[39m
                      [36m>[39m
                        [0mWork effectively with realtime updates, notifications, and 
comments. Share files and track team activity.[0m
                      [36m</p>[39m
                    [36m</div>[39m
                    [36m<div[39m
                      [33mclass[39m=[32m"absolute inset-0 rounded-2xl border-2 
border-transparent group-hover:border-blue-500 transition-all duration-300"[39m
                    [36m/>[39m
                  [36m</div>[39m
                [36m</div>[39m
              [36m</div>[39m
            [36m</div>[39m
          [36m</div>[39m
        [36m</div>[39m
      [36m</div>[39m
    [36m</body>[39m

    [0m [90m 166 |[39m       expect(screen[33m.[39mgetByText([32m'How to Create 
Project'[39m))[33m.[39mtoBeInTheDocument()[33m;[39m
     [90m 167 |[39m       expect(
    [31m[1m>[22m[39m[90m 168 |[39m         screen[33m.[39mgetByText([35m/Hﾆｰ盻嬾g d蘯ｫn 
t蘯｡o project m盻嬖, thi蘯ｿt l蘯ｭp board/i[39m)
     [90m     |[39m                [31m[1m^[22m[39m
     [90m 169 |[39m       )[33m.[39mtoBeInTheDocument()[33m;[39m
     [90m 170 |[39m     })[33m;[39m
     [90m 171 |[39m[0m

      at Object.getElementError (node_modules/@testing-library/dom/dist/config.js:37:19)
      at node_modules/@testing-library/dom/dist/query-helpers.js:76:38
      at node_modules/@testing-library/dom/dist/query-helpers.js:52:17
      at getByText (node_modules/@testing-library/dom/dist/query-helpers.js:95:19)
      at Object.<anonymous> 
(src/test/__tests_cps__/components/supportCenter.comprehensive.test.tsx:168:16)

FAIL src/test/__tests_cps__/components/teacher.EstimationPanel.behavior.states.test.tsx (7.239 
s)
  笳・Teacher/EstimationPanel behavior states 窶ｺ empty results state

    Unable to find an element with the text: /Ch盻肱 m盻冲 board/i. This could be because the text 
is broken up by multiple elements. In this case, you can provide a function for your text 
matcher to make your matcher more flexible.

    Ignored nodes: comments, script, style
    [36m<body>[39m
      [36m<div>[39m
        [36m<div[39m
          [33mclass[39m=[32m"p-6 text-[color:var(--text-primary)]"[39m
        [36m>[39m
          [36m<div[39m
            [33mclass[39m=[32m"mx-auto max-w-6xl space-y-6 border 
border-[color:var(--border-color)] bg-[color:var(--surface-card)] p-6 shadow-xl 
shadow-[color:var(--shadow-color)]"[39m
          [36m>[39m
            [36m<div[39m
              [33mclass[39m=[32m"flex flex-col gap-4 md:flex-row md:items-start 
md:justify-between"[39m
            [36m>[39m
              [36m<div[39m
                [33mclass[39m=[32m"space-y-1"[39m
              [36m>[39m
                [36m<h2[39m
                  [33mclass[39m=[32m"text-xl font-semibold md:text-2xl"[39m
                [36m>[39m
                  [0mEstimate vs Actual[0m
                [36m</h2>[39m
                [36m<p[39m
                  [33mclass[39m=[32m"text-sm text-gray-500"[39m
                [36m>[39m
                  [0mHelps instructors monitor learners' estimation accuracy to improve 
estimating skills.[0m
                [36m</p>[39m
              [36m</div>[39m
              [36m<div[39m
                [33mclass[39m=[32m"flex flex-col items-stretch gap-2 sm:flex-row 
sm:items-center"[39m
              [36m>[39m
                [36m<select[39m
                  [33mclass[39m=[32m"w-full rounded-none border 
border-[color:var(--border-color)] bg-transparent px-3 py-2 text-sm outline-none 
focus:border-blue-500 focus:ring-2 focus:ring-blue-500/40 sm:w-64"[39m
                [36m>[39m
                  [36m<option[39m
                    [33mvalue[39m=[32m""[39m
                  [36m>[39m
                    [0mSelect a board...[0m
                  [36m</option>[39m
                  [36m<option[39m
                    [33mvalue[39m=[32m"b1"[39m
                  [36m>[39m
                    [0mMy Board 1[0m
                  [36m</option>[39m
                  [36m<option[39m
                    [33mvalue[39m=[32m"b2"[39m
                  [36m>[39m
                    [0mMy Board 2[0m
                  [36m</option>[39m
                [36m</select>[39m
                [36m<button[39m
                  [33mclass[39m=[32m"inline-flex items-center justify-center rounded-md 
bg-blue-600 px-4 py-2 text-sm font-medium text-white shadow-sm transition hover:bg-blue-700 
disabled:cursor-not-allowed disabled:opacity-70"[39m
                [36m>[39m
                  [0mLoad data[0m
                [36m</button>[39m
              [36m</div>[39m
            [36m</div>[39m
            [36m<div[39m
              [33mclass[39m=[32m"grid gap-4 md:grid-cols-3"[39m
            [36m>[39m
              [36m<div[39m
                [33mclass[39m=[32m"border border-[color:var(--border-color)] 
bg-[color:var(--surface-card)]/60 p-4"[39m
              [36m>[39m
                [36m<div[39m
                  [33mclass[39m=[32m"text-xs font-medium uppercase tracking-wide 
text-gray-500"[39m
                [36m>[39m
                  [0mCompleted tasks[0m
                [36m</div>[39m
                [36m<div[39m
                  [33mclass[39m=[32m"mt-1 text-2xl font-semibold"[39m
                [36m>[39m
                  [0m0[0m
                [36m</div>[39m
              [36m</div>[39m
              [36m<div[39m
                [33mclass[39m=[32m"border border-[color:var(--border-color)] 
bg-[color:var(--surface-card)]/60 p-4"[39m
              [36m>[39m
                [36m<div[39m
                  [33mclass[39m=[32m"text-xs font-medium uppercase tracking-wide 
text-gray-500"[39m
                [36m>[39m
                  [0mAverage deviation[0m
                [36m</div>[39m
                [36m<div[39m
                  [33mclass[39m=[32m"mt-1 text-2xl font-semibold"[39m
                [36m>[39m
                  [0m0.00h[0m
                [36m</div>[39m
              [36m</div>[39m
              [36m<div[39m
                [33mclass[39m=[32m"border border-[color:var(--border-color)] 
bg-[color:var(--surface-card)]/60 p-4"[39m
              [36m>[39m
                [36m<div[39m
                  [33mclass[39m=[32m"text-xs font-medium uppercase tracking-wide 
text-gray-500"[39m
                [36m>[39m
                  [0mNotes[0m
                [36m</div>[39m
                [36m<div[39m
                  [33mclass[39m=[32m"mt-1 text-sm text-gray-600"[39m
                [36m>[39m
                  [0mSelect a board to view estimation accuracy analysis per learner.[0m
                [36m</div>[39m
              [36m</div>[39m
            [36m</div>[39m
            [36m<div[39m
              [33mclass[39m=[32m"overflow-hidden border border-[color:var(--border-color)] 
bg-[color:var(--surface-card)]/60"[39m
            [36m>[39m
              [36m<div[39m
                [33mclass[39m=[32m"grid grid-cols-6 gap-2 border-b 
border-[color:var(--border-color)] bg-gray-50/80 px-4 py-3 text-sm font-medium text-gray-700 
dark:bg-gray-800/60"[39m
              [36m>[39m
                [36m<div>[39m
                  [0mTask[0m
                [36m</div>[39m
                [36m<div>[39m
                  [0mAssignee[0m
                [36m</div>[39m
                [36m<div>[39m
                  [0mEstimate (h)[0m
                [36m</div>[39m
                [36m<div>[39m
                  [0mActual (h)[0m
                [36m</div>[39m
                [36m<div>[39m
                  [0mError (h)[0m
                [36m</div>[39m
                [36m<div>[39m
                  [0mClassification[0m
                [36m</div>[39m
              [36m</div>[39m
              [36m<div[39m
                [33mclass[39m=[32m"max-h-80 overflow-auto"[39m
              [36m/>[39m
            [36m</div>[39m
            [36m<div[39m
              [33mclass[39m=[32m"mt-6 space-y-4"[39m
            [36m>[39m
              [36m<h3[39m
                [33mclass[39m=[32m"text-base font-semibold"[39m
              [36m>[39m
                [0mChﾃｪnh l盻㌘h trung bﾃｬnh theo ngﾆｰ盻拱 lﾃm[0m
              [36m</h3>[39m
              [36m<div[39m
                [33mclass[39m=[32m"space-y-3"[39m
              [36m/>[39m
            [36m</div>[39m
          [36m</div>[39m
        [36m</div>[39m
      [36m</div>[39m
    [36m</body>[39m

    [0m [90m 21 |[39m     render([33m<[39m[33mEstimationPanel[39m 
[33m/[39m[33m>[39m)[33m;[39m
     [90m 22 |[39m     [90m// Vietnamese guidance text[39m
    [31m[1m>[22m[39m[90m 23 |[39m     expect([36mawait[39m 
screen[33m.[39mfindByText([35m/Ch盻肱 m盻冲 
board/i[39m))[33m.[39mtoBeInTheDocument()[33m;[39m
     [90m    |[39m                         [31m[1m^[22m[39m
     [90m 24 |[39m     expect(screen[33m.[39mgetByText([35m/Ch盻肱 m盻冲 
board/i[39m))[33m.[39mtoBeInTheDocument()[33m;[39m
     [90m 25 |[39m   })[33m;[39m
     [90m 26 |[39m[0m

      at waitForWrapper (node_modules/@testing-library/dom/dist/wait-for.js:163:27)
      at findByText (node_modules/@testing-library/dom/dist/query-helpers.js:86:33)
      at Object.<anonymous> 
(src/test/__tests_cps__/components/teacher.EstimationPanel.behavior.states.test.tsx:23:25)

  笳・Teacher/EstimationPanel behavior states 窶ｺ error state shows guidance

    Unable to find an element with the text: /Ch盻肱 m盻冲 board/i. This could be because the text 
is broken up by multiple elements. In this case, you can provide a function for your text 
matcher to make your matcher more flexible.

    Ignored nodes: comments, script, style
    [36m<body>[39m
      [36m<div>[39m
        [36m<div[39m
          [33mclass[39m=[32m"p-6 text-[color:var(--text-primary)]"[39m
        [36m>[39m
          [36m<div[39m
            [33mclass[39m=[32m"mx-auto max-w-6xl space-y-6 border 
border-[color:var(--border-color)] bg-[color:var(--surface-card)] p-6 shadow-xl 
shadow-[color:var(--shadow-color)]"[39m
          [36m>[39m
            [36m<div[39m
              [33mclass[39m=[32m"flex flex-col gap-4 md:flex-row md:items-start 
md:justify-between"[39m
            [36m>[39m
              [36m<div[39m
                [33mclass[39m=[32m"space-y-1"[39m
              [36m>[39m
                [36m<h2[39m
                  [33mclass[39m=[32m"text-xl font-semibold md:text-2xl"[39m
                [36m>[39m
                  [0mEstimate vs Actual[0m
                [36m</h2>[39m
                [36m<p[39m
                  [33mclass[39m=[32m"text-sm text-gray-500"[39m
                [36m>[39m
                  [0mHelps instructors monitor learners' estimation accuracy to improve 
estimating skills.[0m
                [36m</p>[39m
              [36m</div>[39m
              [36m<div[39m
                [33mclass[39m=[32m"flex flex-col items-stretch gap-2 sm:flex-row 
sm:items-center"[39m
              [36m>[39m
                [36m<select[39m
                  [33mclass[39m=[32m"w-full rounded-none border 
border-[color:var(--border-color)] bg-transparent px-3 py-2 text-sm outline-none 
focus:border-blue-500 focus:ring-2 focus:ring-blue-500/40 sm:w-64"[39m
                [36m>[39m
                  [36m<option[39m
                    [33mvalue[39m=[32m""[39m
                  [36m>[39m
                    [0mSelect a board...[0m
                  [36m</option>[39m
                  [36m<option[39m
                    [33mvalue[39m=[32m"b1"[39m
                  [36m>[39m
                    [0mMy Board 1[0m
                  [36m</option>[39m
                  [36m<option[39m
                    [33mvalue[39m=[32m"b2"[39m
                  [36m>[39m
                    [0mMy Board 2[0m
                  [36m</option>[39m
                [36m</select>[39m
                [36m<button[39m
                  [33mclass[39m=[32m"inline-flex items-center justify-center rounded-md 
bg-blue-600 px-4 py-2 text-sm font-medium text-white shadow-sm transition hover:bg-blue-700 
disabled:cursor-not-allowed disabled:opacity-70"[39m
                [36m>[39m
                  [0mLoad data[0m
                [36m</button>[39m
              [36m</div>[39m
            [36m</div>[39m
            [36m<div[39m
              [33mclass[39m=[32m"grid gap-4 md:grid-cols-3"[39m
            [36m>[39m
              [36m<div[39m
                [33mclass[39m=[32m"border border-[color:var(--border-color)] 
bg-[color:var(--surface-card)]/60 p-4"[39m
              [36m>[39m
                [36m<div[39m
                  [33mclass[39m=[32m"text-xs font-medium uppercase tracking-wide 
text-gray-500"[39m
                [36m>[39m
                  [0mCompleted tasks[0m
                [36m</div>[39m
                [36m<div[39m
                  [33mclass[39m=[32m"mt-1 text-2xl font-semibold"[39m
                [36m>[39m
                  [0m0[0m
                [36m</div>[39m
              [36m</div>[39m
              [36m<div[39m
                [33mclass[39m=[32m"border border-[color:var(--border-color)] 
bg-[color:var(--surface-card)]/60 p-4"[39m
              [36m>[39m
                [36m<div[39m
                  [33mclass[39m=[32m"text-xs font-medium uppercase tracking-wide 
text-gray-500"[39m
                [36m>[39m
                  [0mAverage deviation[0m
                [36m</div>[39m
                [36m<div[39m
                  [33mclass[39m=[32m"mt-1 text-2xl font-semibold"[39m
                [36m>[39m
                  [0m0.00h[0m
                [36m</div>[39m
              [36m</div>[39m
              [36m<div[39m
                [33mclass[39m=[32m"border border-[color:var(--border-color)] 
bg-[color:var(--surface-card)]/60 p-4"[39m
              [36m>[39m
                [36m<div[39m
                  [33mclass[39m=[32m"text-xs font-medium uppercase tracking-wide 
text-gray-500"[39m
                [36m>[39m
                  [0mNotes[0m
                [36m</div>[39m
                [36m<div[39m
                  [33mclass[39m=[32m"mt-1 text-sm text-gray-600"[39m
                [36m>[39m
                  [0mSelect a board to view estimation accuracy analysis per learner.[0m
                [36m</div>[39m
              [36m</div>[39m
            [36m</div>[39m
            [36m<div[39m
              [33mclass[39m=[32m"overflow-hidden border border-[color:var(--border-color)] 
bg-[color:var(--surface-card)]/60"[39m
            [36m>[39m
              [36m<div[39m
                [33mclass[39m=[32m"grid grid-cols-6 gap-2 border-b 
border-[color:var(--border-color)] bg-gray-50/80 px-4 py-3 text-sm font-medium text-gray-700 
dark:bg-gray-800/60"[39m
              [36m>[39m
                [36m<div>[39m
                  [0mTask[0m
                [36m</div>[39m
                [36m<div>[39m
                  [0mAssignee[0m
                [36m</div>[39m
                [36m<div>[39m
                  [0mEstimate (h)[0m
                [36m</div>[39m
                [36m<div>[39m
                  [0mActual (h)[0m
                [36m</div>[39m
                [36m<div>[39m
                  [0mError (h)[0m
                [36m</div>[39m
                [36m<div>[39m
                  [0mClassification[0m
                [36m</div>[39m
              [36m</div>[39m
              [36m<div[39m
                [33mclass[39m=[32m"max-h-80 overflow-auto"[39m
              [36m/>[39m
            [36m</div>[39m
            [36m<div[39m
              [33mclass[39m=[32m"mt-6 space-y-4"[39m
            [36m>[39m
              [36m<h3[39m
                [33mclass[39m=[32m"text-base font-semibold"[39m
              [36m>[39m
                [0mChﾃｪnh l盻㌘h trung bﾃｬnh theo ngﾆｰ盻拱 lﾃm[0m
              [36m</h3>[39m
              [36m<div[39m
                [33mclass[39m=[32m"space-y-3"[39m
              [36m/>[39m
            [36m</div>[39m
          [36m</div>[39m
        [36m</div>[39m
      [36m</div>[39m
    [36m</body>[39m

    [0m [90m 39 |[39m     
api[33m.[39mfetchEstimationPerformance[33m.[39mmockRejectedValueOnce([36mnew[39m 
[33mError[39m([32m'server error'[39m))[33m;[39m
     [90m 40 |[39m     render([33m<[39m[33mEstimationPanel[39m 
[33m/[39m[33m>[39m)[33m;[39m
    [31m[1m>[22m[39m[90m 41 |[39m     expect([36mawait[39m 
screen[33m.[39mfindByText([35m/Ch盻肱 m盻冲 
board/i[39m))[33m.[39mtoBeInTheDocument()[33m;[39m
     [90m    |[39m                         [31m[1m^[22m[39m
     [90m 42 |[39m   })[33m;[39m
     [90m 43 |[39m })[33m;[39m
     [90m 44 |[39m[0m

      at waitForWrapper (node_modules/@testing-library/dom/dist/wait-for.js:163:27)
      at findByText (node_modules/@testing-library/dom/dist/query-helpers.js:86:33)
      at Object.<anonymous> 
(src/test/__tests_cps__/components/teacher.EstimationPanel.behavior.states.test.tsx:41:25)

FAIL src/test/components/teacher.estimationPanel.interactions.test.tsx (7.884 s)
  笳・Teacher EstimationPanel interactions 窶ｺ loads data after selecting a board and clicking 
reload

    Unable to find role="button" and name `/t蘯｣i d盻ｯ li盻㎡/i`

    Ignored nodes: comments, script, style
    [36m<body>[39m
      [36m<div>[39m
        [36m<div[39m
          [33mclass[39m=[32m"p-6 text-[color:var(--text-primary)]"[39m
        [36m>[39m
          [36m<div[39m
            [33mclass[39m=[32m"mx-auto max-w-6xl space-y-6 border 
border-[color:var(--border-color)] bg-[color:var(--surface-card)] p-6 shadow-xl 
shadow-[color:var(--shadow-color)]"[39m
          [36m>[39m
            [36m<div[39m
              [33mclass[39m=[32m"flex flex-col gap-4 md:flex-row md:items-start 
md:justify-between"[39m
            [36m>[39m
              [36m<div[39m
                [33mclass[39m=[32m"space-y-1"[39m
              [36m>[39m
                [36m<h2[39m
                  [33mclass[39m=[32m"text-xl font-semibold md:text-2xl"[39m
                [36m>[39m
                  [0mEstimate vs Actual[0m
                [36m</h2>[39m
                [36m<p[39m
                  [33mclass[39m=[32m"text-sm text-gray-500"[39m
                [36m>[39m
                  [0mHelps instructors monitor learners' estimation accuracy to improve 
estimating skills.[0m
                [36m</p>[39m
              [36m</div>[39m
              [36m<div[39m
                [33mclass[39m=[32m"flex flex-col items-stretch gap-2 sm:flex-row 
sm:items-center"[39m
              [36m>[39m
                [36m<select[39m
                  [33mclass[39m=[32m"w-full rounded-none border 
border-[color:var(--border-color)] bg-transparent px-3 py-2 text-sm outline-none 
focus:border-blue-500 focus:ring-2 focus:ring-blue-500/40 sm:w-64"[39m
                [36m>[39m
                  [36m<option[39m
                    [33mvalue[39m=[32m""[39m
                  [36m>[39m
                    [0mSelect a board...[0m
                  [36m</option>[39m
                  [36m<option[39m
                    [33mvalue[39m=[32m"b1"[39m
                  [36m>[39m
                    [0mMy Board 1[0m
                  [36m</option>[39m
                  [36m<option[39m
                    [33mvalue[39m=[32m"b2"[39m
                  [36m>[39m
                    [0mMy Board 2[0m
                  [36m</option>[39m
                [36m</select>[39m
                [36m<button[39m
                  [33mclass[39m=[32m"inline-flex items-center justify-center rounded-md 
bg-blue-600 px-4 py-2 text-sm font-medium text-white shadow-sm transition hover:bg-blue-700 
disabled:cursor-not-allowed disabled:opacity-70"[39m
                [36m>[39m
                  [0mLoad data[0m
                [36m</button>[39m
              [36m</div>[39m
            [36m</div>[39m
            [36m<div[39m
              [33mclass[39m=[32m"grid gap-4 md:grid-cols-3"[39m
            [36m>[39m
              [36m<div[39m
                [33mclass[39m=[32m"border border-[color:var(--border-color)] 
bg-[color:var(--surface-card)]/60 p-4"[39m
              [36m>[39m
                [36m<div[39m
                  [33mclass[39m=[32m"text-xs font-medium uppercase tracking-wide 
text-gray-500"[39m
                [36m>[39m
                  [0mCompleted tasks[0m
                [36m</div>[39m
                [36m<div[39m
                  [33mclass[39m=[32m"mt-1 text-2xl font-semibold"[39m
                [36m>[39m
                  [0m0[0m
                [36m</div>[39m
              [36m</div>[39m
              [36m<div[39m
                [33mclass[39m=[32m"border border-[color:var(--border-color)] 
bg-[color:var(--surface-card)]/60 p-4"[39m
              [36m>[39m
                [36m<div[39m
                  [33mclass[39m=[32m"text-xs font-medium uppercase tracking-wide 
text-gray-500"[39m
                [36m>[39m
                  [0mAverage deviation[0m
                [36m</div>[39m
                [36m<div[39m
                  [33mclass[39m=[32m"mt-1 text-2xl font-semibold"[39m
                [36m>[39m
                  [0m0.00h[0m
                [36m</div>[39m
              [36m</div>[39m
              [36m<div[39m
                [33mclass[39m=[32m"border border-[color:var(--border-color)] 
bg-[color:var(--surface-card)]/60 p-4"[39m
              [36m>[39m
                [36m<div[39m
                  [33mclass[39m=[32m"text-xs font-medium uppercase tracking-wide 
text-gray-500"[39m
                [36m>[39m
                  [0mNotes[0m
                [36m</div>[39m
                [36m<div[39m
                  [33mclass[39m=[32m"mt-1 text-sm text-gray-600"[39m
                [36m>[39m
                  [0mSelect a board to view estimation accuracy analysis per learner.[0m
                [36m</div>[39m
              [36m</div>[39m
            [36m</div>[39m
            [36m<div[39m
              [33mclass[39m=[32m"overflow-hidden border border-[color:var(--border-color)] 
bg-[color:var(--surface-card)]/60"[39m
            [36m>[39m
              [36m<div[39m
                [33mclass[39m=[32m"grid grid-cols-6 gap-2 border-b 
border-[color:var(--border-color)] bg-gray-50/80 px-4 py-3 text-sm font-medium text-gray-700 
dark:bg-gray-800/60"[39m
              [36m>[39m
                [36m<div>[39m
                  [0mTask[0m
                [36m</div>[39m
                [36m<div>[39m
                  [0mAssignee[0m
                [36m</div>[39m
                [36m<div>[39m
                  [0mEstimate (h)[0m
                [36m</div>[39m
                [36m<div>[39m
                  [0mActual (h)[0m
                [36m</div>[39m
                [36m<div>[39m
                  [0mError (h)[0m
                [36m</div>[39m
                [36m<div>[39m
                  [0mClassification[0m
                [36m</div>[39m
              [36m</div>[39m
              [36m<div[39m
                [33mclass[39m=[32m"max-h-80 overflow-auto"[39m
              [36m/>[39m
            [36m</div>[39m
            [36m<div[39m
              [33mclass[39m=[32m"mt-6 space-y-4"[39m
            [36m>[39m
              [36m<h3[39m
                [33mclass[39m=[32m"text-base font-semibold"[39m
              [36m>[39m
                [0mChﾃｪnh l盻㌘h trung bﾃｬnh theo ngﾆｰ盻拱 lﾃm[0m
              [36m</h3>[39m
              [36m<div[39m
                [33mclass[39m=[32m"space-y-3"[39m
              [36m/>[39m
            [36m</div>[39m
          [36m</div>[39m
        [36m</div>[39m
      [36m</div>[39m
    [36m</body>[39m

    [0m [90m 15 |[39m     }
     [90m 16 |[39m
    [31m[1m>[22m[39m[90m 17 |[39m     [36mconst[39m reload [33m=[39m [36mawait[39m 
screen[33m.[39mfindByRole([32m"button"[39m[33m,[39m { name[33m:[39m [35m/t蘯｣i d盻ｯ 
li盻㎡/i[39m })[33m;[39m
     [90m    |[39m                                 [31m[1m^[22m[39m
     [90m 18 |[39m     [36mawait[39m userEvent[33m.[39mclick(reload)[33m;[39m
     [90m 19 |[39m     expect([36mawait[39m screen[33m.[39mfindByText([35m/Chﾃｪnh l盻㌘h 
trung bﾃｬnh theo ngﾆｰ盻拱 lﾃm|Average deviation/i[39m))[33m.[39mtoBeInTheDocument()[33m;[39m
     [90m 20 |[39m   })[33m;[39m[0m

      at waitForWrapper (node_modules/@testing-library/dom/dist/wait-for.js:163:27)
      at findByRole (node_modules/@testing-library/dom/dist/query-helpers.js:86:33)
      at Object.<anonymous> 
(src/test/components/teacher.estimationPanel.interactions.test.tsx:17:33)

  笳・Teacher EstimationPanel interactions 窶ｺ shows validation error when no board selected

    Unable to find role="button" and name `/t蘯｣i d盻ｯ li盻㎡/i`

    Ignored nodes: comments, script, style
    [36m<body>[39m
      [36m<div>[39m
        [36m<div[39m
          [33mclass[39m=[32m"p-6 text-[color:var(--text-primary)]"[39m
        [36m>[39m
          [36m<div[39m
            [33mclass[39m=[32m"mx-auto max-w-6xl space-y-6 border 
border-[color:var(--border-color)] bg-[color:var(--surface-card)] p-6 shadow-xl 
shadow-[color:var(--shadow-color)]"[39m
          [36m>[39m
            [36m<div[39m
              [33mclass[39m=[32m"flex flex-col gap-4 md:flex-row md:items-start 
md:justify-between"[39m
            [36m>[39m
              [36m<div[39m
                [33mclass[39m=[32m"space-y-1"[39m
              [36m>[39m
                [36m<h2[39m
                  [33mclass[39m=[32m"text-xl font-semibold md:text-2xl"[39m
                [36m>[39m
                  [0mEstimate vs Actual[0m
                [36m</h2>[39m
                [36m<p[39m
                  [33mclass[39m=[32m"text-sm text-gray-500"[39m
                [36m>[39m
                  [0mHelps instructors monitor learners' estimation accuracy to improve 
estimating skills.[0m
                [36m</p>[39m
              [36m</div>[39m
              [36m<div[39m
                [33mclass[39m=[32m"flex flex-col items-stretch gap-2 sm:flex-row 
sm:items-center"[39m
              [36m>[39m
                [36m<select[39m
                  [33mclass[39m=[32m"w-full rounded-none border 
border-[color:var(--border-color)] bg-transparent px-3 py-2 text-sm outline-none 
focus:border-blue-500 focus:ring-2 focus:ring-blue-500/40 sm:w-64"[39m
                [36m>[39m
                  [36m<option[39m
                    [33mvalue[39m=[32m""[39m
                  [36m>[39m
                    [0mSelect a board...[0m
                  [36m</option>[39m
                  [36m<option[39m
                    [33mvalue[39m=[32m"b1"[39m
                  [36m>[39m
                    [0mMy Board 1[0m
                  [36m</option>[39m
                  [36m<option[39m
                    [33mvalue[39m=[32m"b2"[39m
                  [36m>[39m
                    [0mMy Board 2[0m
                  [36m</option>[39m
                [36m</select>[39m
                [36m<button[39m
                  [33mclass[39m=[32m"inline-flex items-center justify-center rounded-md 
bg-blue-600 px-4 py-2 text-sm font-medium text-white shadow-sm transition hover:bg-blue-700 
disabled:cursor-not-allowed disabled:opacity-70"[39m
                [36m>[39m
                  [0mLoad data[0m
                [36m</button>[39m
              [36m</div>[39m
            [36m</div>[39m
            [36m<div[39m
              [33mclass[39m=[32m"grid gap-4 md:grid-cols-3"[39m
            [36m>[39m
              [36m<div[39m
                [33mclass[39m=[32m"border border-[color:var(--border-color)] 
bg-[color:var(--surface-card)]/60 p-4"[39m
              [36m>[39m
                [36m<div[39m
                  [33mclass[39m=[32m"text-xs font-medium uppercase tracking-wide 
text-gray-500"[39m
                [36m>[39m
                  [0mCompleted tasks[0m
                [36m</div>[39m
                [36m<div[39m
                  [33mclass[39m=[32m"mt-1 text-2xl font-semibold"[39m
                [36m>[39m
                  [0m0[0m
                [36m</div>[39m
              [36m</div>[39m
              [36m<div[39m
                [33mclass[39m=[32m"border border-[color:var(--border-color)] 
bg-[color:var(--surface-card)]/60 p-4"[39m
              [36m>[39m
                [36m<div[39m
                  [33mclass[39m=[32m"text-xs font-medium uppercase tracking-wide 
text-gray-500"[39m
                [36m>[39m
                  [0mAverage deviation[0m
                [36m</div>[39m
                [36m<div[39m
                  [33mclass[39m=[32m"mt-1 text-2xl font-semibold"[39m
                [36m>[39m
                  [0m0.00h[0m
                [36m</div>[39m
              [36m</div>[39m
              [36m<div[39m
                [33mclass[39m=[32m"border border-[color:var(--border-color)] 
bg-[color:var(--surface-card)]/60 p-4"[39m
              [36m>[39m
                [36m<div[39m
                  [33mclass[39m=[32m"text-xs font-medium uppercase tracking-wide 
text-gray-500"[39m
                [36m>[39m
                  [0mNotes[0m
                [36m</div>[39m
                [36m<div[39m
                  [33mclass[39m=[32m"mt-1 text-sm text-gray-600"[39m
                [36m>[39m
                  [0mSelect a board to view estimation accuracy analysis per learner.[0m
                [36m</div>[39m
              [36m</div>[39m
            [36m</div>[39m
            [36m<div[39m
              [33mclass[39m=[32m"overflow-hidden border border-[color:var(--border-color)] 
bg-[color:var(--surface-card)]/60"[39m
            [36m>[39m
              [36m<div[39m
                [33mclass[39m=[32m"grid grid-cols-6 gap-2 border-b 
border-[color:var(--border-color)] bg-gray-50/80 px-4 py-3 text-sm font-medium text-gray-700 
dark:bg-gray-800/60"[39m
              [36m>[39m
                [36m<div>[39m
                  [0mTask[0m
                [36m</div>[39m
                [36m<div>[39m
                  [0mAssignee[0m
                [36m</div>[39m
                [36m<div>[39m
                  [0mEstimate (h)[0m
                [36m</div>[39m
                [36m<div>[39m
                  [0mActual (h)[0m
                [36m</div>[39m
                [36m<div>[39m
                  [0mError (h)[0m
                [36m</div>[39m
                [36m<div>[39m
                  [0mClassification[0m
                [36m</div>[39m
              [36m</div>[39m
              [36m<div[39m
                [33mclass[39m=[32m"max-h-80 overflow-auto"[39m
              [36m/>[39m
            [36m</div>[39m
            [36m<div[39m
              [33mclass[39m=[32m"mt-6 space-y-4"[39m
            [36m>[39m
              [36m<h3[39m
                [33mclass[39m=[32m"text-base font-semibold"[39m
              [36m>[39m
                [0mChﾃｪnh l盻㌘h trung bﾃｬnh theo ngﾆｰ盻拱 lﾃm[0m
              [36m</h3>[39m
              [36m<div[39m
                [33mclass[39m=[32m"space-y-3"[39m
              [36m/>[39m
            [36m</div>[39m
          [36m</div>[39m
        [36m</div>[39m
      [36m</div>[39m
    [36m</body>[39m

    [0m [90m 27 |[39m     [90m// Intentionally do not select a board when only placeholder 
option exists[39m
     [90m 28 |[39m
    [31m[1m>[22m[39m[90m 29 |[39m     [36mconst[39m reload [33m=[39m [36mawait[39m 
screen[33m.[39mfindByRole([32m"button"[39m[33m,[39m { name[33m:[39m [35m/t蘯｣i d盻ｯ 
li盻㎡/i[39m })[33m;[39m
     [90m    |[39m                                 [31m[1m^[22m[39m
     [90m 30 |[39m     [36mawait[39m userEvent[33m.[39mclick(reload)[33m;[39m
     [90m 31 |[39m     [90m// Expect validation message due to empty board selection[39m
     [90m 32 |[39m     expect(screen[33m.[39mqueryByText([35m/Vui lﾃｲng nh蘯ｭp Board 
ID/i[39m))[33m.[39mtoBeInTheDocument()[33m;[39m[0m

      at waitForWrapper (node_modules/@testing-library/dom/dist/wait-for.js:163:27)
      at findByRole (node_modules/@testing-library/dom/dist/query-helpers.js:86:33)
      at Object.<anonymous> 
(src/test/components/teacher.estimationPanel.interactions.test.tsx:29:33)

FAIL src/test/components/teacher.throughputPanel.data.test.tsx (8.115 s)
  笳・Teacher ThroughputPanel data flows 窶ｺ loads throughput data and renders flow, bottleneck, 
WIP, and CFD tables

    Unable to find role="button" and name `/t蘯｣i d盻ｯ li盻㎡/i`

    Ignored nodes: comments, script, style
    [36m<body>[39m
      [36m<div>[39m
        [36m<div[39m
          [33mclass[39m=[32m"p-6 text-[color:var(--text-primary)]"[39m
        [36m>[39m
          [36m<div[39m
            [33mclass[39m=[32m"mx-auto max-w-6xl space-y-6"[39m
          [36m>[39m
            [36m<div[39m
              [33mclass[39m=[32m"flex flex-col gap-4 border-b 
border-[color:var(--border-color)] pb-4 md:flex-row md:items-center md:justify-between"[39m
            [36m>[39m
              [36m<div>[39m
                [36m<h2[39m
                  [33mclass[39m=[32m"text-2xl font-semibold tracking-tight"[39m
                [36m>[39m
                  [0mThroughput & Bottlenecks[0m
                [36m</h2>[39m
              [36m</div>[39m
              [36m<div[39m
                [33mclass[39m=[32m"flex flex-col items-stretch gap-2 sm:flex-row 
sm:items-end"[39m
              [36m>[39m
                [36m<div[39m
                  [33mclass[39m=[32m"flex flex-col sm:items-start"[39m
                [36m>[39m
                  [36m<span[39m
                    [33mclass[39m=[32m"mb-1 text-xs font-medium uppercase tracking-wide 
text-gray-500"[39m
                  [36m>[39m
                    [0mSelect board[0m
                  [36m</span>[39m
                  [36m<select[39m
                    [33mclass[39m=[32m"w-full rounded-none border 
border-[color:var(--border-color)] bg-[color:var(--surface-card)]/60 px-3 py-2 text-sm 
outline-none focus:border-blue-500 focus:ring-2 focus:ring-blue-500/40 sm:w-64"[39m
                  [36m>[39m
                    [36m<option[39m
                      [33mdisabled[39m=[32m""[39m
                      [33mvalue[39m=[32m""[39m
                    [36m>[39m
                      [0mSelect a board to view[0m
                    [36m</option>[39m
                    [36m<option[39m
                      [33mvalue[39m=[32m"board-1"[39m
                    [36m>[39m
                      [0mBoard One[0m
                    [36m</option>[39m
                  [36m</select>[39m
                [36m</div>[39m
                [36m<button[39m
                  [33mclass[39m=[32m"inline-flex items-center justify-center rounded-md 
bg-blue-600 px-4 py-2 text-sm font-medium text-white shadow-sm transition hover:bg-blue-700 
disabled:cursor-not-allowed disabled:opacity-70"[39m
                  [33mdisabled[39m=[32m""[39m
                [36m>[39m
                  [0mLoad data[0m
                [36m</button>[39m
              [36m</div>[39m
            [36m</div>[39m
            [36m<div[39m
              [33mclass[39m=[32m"grid gap-4 md:grid-cols-3"[39m
            [36m>[39m
              [36m<div[39m
                [33mclass[39m=[32m"border border-[color:var(--border-color)] 
bg-[color:var(--surface-card)]/60 p-4"[39m
              [36m>[39m
                [36m<div[39m
                  [33mclass[39m=[32m"text-xs font-medium uppercase tracking-wide 
text-gray-500"[39m
                [36m>[39m
                  [0mColumns in workflow[0m
                [36m</div>[39m
                [36m<div[39m
                  [33mclass[39m=[32m"mt-1 text-2xl font-semibold"[39m
                [36m>[39m
                  [0m0[0m
                [36m</div>[39m
              [36m</div>[39m
              [36m<div[39m
                [33mclass[39m=[32m"border border-[color:var(--border-color)] 
bg-[color:var(--surface-card)]/60 p-4"[39m
              [36m>[39m
                [36m<div[39m
                  [33mclass[39m=[32m"text-xs font-medium uppercase tracking-wide 
text-gray-500"[39m
                [36m>[39m
                  [0mCFD days[0m
                [36m</div>[39m
                [36m<div[39m
                  [33mclass[39m=[32m"mt-1 text-2xl font-semibold"[39m
                [36m>[39m
                  [0m0[0m
                [36m</div>[39m
              [36m</div>[39m
              [36m<div[39m
                [33mclass[39m=[32m"border border-[color:var(--border-color)] 
bg-[color:var(--surface-card)]/60 p-4"[39m
              [36m>[39m
                [36m<div[39m
                  [33mclass[39m=[32m"text-xs font-medium uppercase tracking-wide 
text-gray-500"[39m
                [36m>[39m
                  [0mPotential bottleneck columns[0m
                [36m</div>[39m
                [36m<div[39m
                  [33mclass[39m=[32m"mt-1 text-sm text-gray-600"[39m
                [36m>[39m
                  [0mNo data yet[0m
                [36m</div>[39m
              [36m</div>[39m
            [36m</div>[39m
            [36m<div[39m
              [33mclass[39m=[32m"space-y-3"[39m
            [36m>[39m
              [36m<h3[39m
                [33mclass[39m=[32m"text-base font-semibold"[39m
              [36m>[39m
                [0mWorkflow throughput by column[0m
              [36m</h3>[39m
              [36m<div[39m
                [33mclass[39m=[32m"overflow-x-auto border border-[color:var(--border-color)] 
bg-[color:var(--surface-card)]/60"[39m
              [36m>[39m
                [36m<table[39m
                  [33mclass[39m=[32m"min-w-full text-sm"[39m
                [36m>[39m
                  [36m<thead[39m
                    [33mclass[39m=[32m"border-b border-[color:var(--border-color)] 
bg-gray-50/80 text-left text-gray-700 dark:bg-gray-800/60"[39m
                  [36m>[39m
                    [36m<tr>[39m
                      [36m<th[39m
                        [33mclass[39m=[32m"px-4 py-2 font-medium"[39m
                      [36m>[39m
                        [0mColumn[0m
                      [36m</th>[39m
                      [36m<th[39m
                        [33mclass[39m=[32m"px-4 py-2 font-medium"[39m
                      [36m>[39m
                        [0mEntered[0m
                      [36m</th>[39m
                      [36m<th[39m
                        [33mclass[39m=[32m"px-4 py-2 font-medium"[39m
                      [36m>[39m
                        [0mExited[0m
                      [36m</th>[39m
                    [36m</tr>[39m
                  [36m</thead>[39m
                  [36m<tbody />[39m
                [36m</table>[39m
              [36m</div>[39m
            [36m</div>[39m
            [36m<div[39m
              [33mclass[39m=[32m"space-y-3"[39m
            [36m>[39m
              [36m<h3[39m
                [33mclass[39m=[32m"text-base font-semibold"[39m
              [36m>[39m
                [0mAverage time per column (hours)[0m
              [36m</h3>[39m
              [36m<div[39m
                [33mclass[39m=[32m"space-y-2"[39m
              [36m>[39m
                [36m<div[39m
                  [33mclass[39m=[32m"text-sm text-gray-500"[39m
                [36m>[39m
                  [0mNo column time data available.[0m
                [36m</div>[39m
              [36m</div>[39m
            [36m</div>[39m
            [36m<div[39m
              [33mclass[39m=[32m"space-y-3"[39m
            [36m>[39m
              [36m<h3[39m
                [33mclass[39m=[32m"text-base font-semibold"[39m
              [36m>[39m
                [0mWIP Alerts (Work In Progress)[0m
              [36m</h3>[39m
              [36m<div[39m
                [33mclass[39m=[32m"text-sm text-gray-500"[39m
              [36m>[39m
                [0mNo WIP violations recorded in the current data.[0m
              [36m</div>[39m
            [36m</div>[39m
            [36m<div[39m
              [33mclass[39m=[32m"space-y-3"[39m
            [36m>[39m
              [36m<h3[39m
                [33mclass[39m=[32m"text-base font-semibold"[39m
              [36m>[39m
                [0mCumulative Flow over time[0m
              [36m</h3>[39m
              [36m<div[39m
                [33mclass[39m=[32m"overflow-x-auto border border-[color:var(--border-color)] 
bg-[color:var(--surface-card)]/60"[39m
              [36m>[39m
                [36m<table[39m
                  [33mclass[39m=[32m"min-w-full table-fixed text-sm"[39m
                [36m>[39m
                  [36m<thead[39m
                    [33mclass[39m=[32m"border-b border-[color:var(--border-color)] 
bg-gray-50/80 text-center text-gray-700 dark:bg-gray-800/60"[39m
                  [36m>[39m
                    [36m<tr>[39m
                      [36m<th[39m
                        [33mclass[39m=[32m"px-4 py-2 font-medium whitespace-nowrap"[39m
                      [36m>[39m
                        [0mDate[0m
                      [36m</th>[39m
                    [36m</tr>[39m
                  [36m</thead>[39m
                  [36m<tbody>[39m
                    [36m<tr>[39m
                      [36m<td[39m
                        [33mclass[39m=[32m"px-4 py-3 text-center text-sm text-gray-500"[39m
                        [33mcolspan[39m=[32m"1"[39m
                      [36m>[39m
                        [0mNo CFD data available.[0m
                      [36m</td>[39m
                    [36m</tr>[39m
                  [36m</tbody>[39m
                [36m</table>[39m
              [36m</div>[39m
            [36m</div>[39m
          [36m</div>[39m
        [36m</div>[39m
      [36m</div>[39m
    [36m</body>[39m

    [0m [90m 50 |[39m     [36mconst[39m selector [33m=[39m [36mawait[39m 
screen[33m.[39mfindByRole([32m'combobox'[39m)[33m;[39m
     [90m 51 |[39m     [36mawait[39m 
screen[33m.[39mfindByRole([32m'option'[39m[33m,[39m { name[33m:[39m [35m/Board 
One/i[39m })[33m;[39m
    [31m[1m>[22m[39m[90m 52 |[39m     [36mconst[39m loadButton [33m=[39m 
[36mawait[39m screen[33m.[39mfindByRole([32m'button'[39m[33m,[39m { name[33m:[39m 
[35m/t蘯｣i d盻ｯ li盻㎡/i[39m })[33m;[39m
     [90m    |[39m                                     [31m[1m^[22m[39m
     [90m 53 |[39m     [36mawait[39m userEvent[33m.[39mselectOptions(selector[33m,[39m 
[32m'board-1'[39m)[33m;[39m
     [90m 54 |[39m     [36mawait[39m userEvent[33m.[39mclick(loadButton)[33m;[39m
     [90m 55 |[39m[0m

      at waitForWrapper (node_modules/@testing-library/dom/dist/wait-for.js:163:27)
      at findByRole (node_modules/@testing-library/dom/dist/query-helpers.js:86:33)
      at Object.<anonymous> (src/test/components/teacher.throughputPanel.data.test.tsx:52:37)

  笳・Teacher ThroughputPanel data flows 窶ｺ shows API error message when throughput fetch fails

    TestingLibraryElementError: Unable to find an accessible element with the role "button" and 
name `/t蘯｣i d盻ｯ li盻㎡/i`

    Here are the accessible roles:

      heading:

      Name "Throughput & Bottlenecks":
      [36m<h2[39m
        [33mclass[39m=[32m"text-2xl font-semibold tracking-tight"[39m
      [36m/>[39m

      Name "Workflow throughput by column":
      [36m<h3[39m
        [33mclass[39m=[32m"text-base font-semibold"[39m
      [36m/>[39m

      Name "Average time per column (hours)":
      [36m<h3[39m
        [33mclass[39m=[32m"text-base font-semibold"[39m
      [36m/>[39m

      Name "WIP Alerts (Work In Progress)":
      [36m<h3[39m
        [33mclass[39m=[32m"text-base font-semibold"[39m
      [36m/>[39m

      Name "Cumulative Flow over time":
      [36m<h3[39m
        [33mclass[39m=[32m"text-base font-semibold"[39m
      [36m/>[39m

      --------------------------------------------------
      combobox:

      Name "":
      [36m<select[39m
        [33mclass[39m=[32m"w-full rounded-none border border-[color:var(--border-color)] 
bg-[color:var(--surface-card)]/60 px-3 py-2 text-sm outline-none focus:border-blue-500 
focus:ring-2 focus:ring-blue-500/40 sm:w-64"[39m
      [36m/>[39m

      --------------------------------------------------
      option:

      Name "Select a board to view":
      [36m<option[39m
        [33mdisabled[39m=[32m""[39m
        [33mvalue[39m=[32m""[39m
      [36m/>[39m

      Name "Board Err":
      [36m<option[39m
        [33mvalue[39m=[32m"board-err"[39m
      [36m/>[39m

      --------------------------------------------------
      button:

      Name "Load data":
      [36m<button[39m
        [33mclass[39m=[32m"inline-flex items-center justify-center rounded-md bg-blue-600 
px-4 py-2 text-sm font-medium text-white shadow-sm transition hover:bg-blue-700 
disabled:cursor-not-allowed disabled:opacity-70"[39m
      [36m/>[39m

      --------------------------------------------------
      table:

      Name "":
      [36m<table[39m
        [33mclass[39m=[32m"min-w-full text-sm"[39m
      [36m/>[39m

      Name "":
      [36m<table[39m
        [33mclass[39m=[32m"min-w-full table-fixed text-sm"[39m
      [36m/>[39m

      --------------------------------------------------
      rowgroup:

      Name "":
      [36m<thead[39m
        [33mclass[39m=[32m"border-b border-[color:var(--border-color)] bg-gray-50/80 
text-left text-gray-700 dark:bg-gray-800/60"[39m
      [36m/>[39m

      Name "":
      [36m<tbody />[39m

      Name "":
      [36m<thead[39m
        [33mclass[39m=[32m"border-b border-[color:var(--border-color)] bg-gray-50/80 
text-center text-gray-700 dark:bg-gray-800/60"[39m
      [36m/>[39m

      Name "":
      [36m<tbody />[39m

      --------------------------------------------------
      row:

      Name "Column Entered Exited":
      [36m<tr />[39m

      Name "Date":
      [36m<tr />[39m

      Name "No CFD data available.":
      [36m<tr />[39m

      --------------------------------------------------
      columnheader:

      Name "Column":
      [36m<th[39m
        [33mclass[39m=[32m"px-4 py-2 font-medium"[39m
      [36m/>[39m

      Name "Entered":
      [36m<th[39m
        [33mclass[39m=[32m"px-4 py-2 font-medium"[39m
      [36m/>[39m

      Name "Exited":
      [36m<th[39m
        [33mclass[39m=[32m"px-4 py-2 font-medium"[39m
      [36m/>[39m

      Name "Date":
      [36m<th[39m
        [33mclass[39m=[32m"px-4 py-2 font-medium whitespace-nowrap"[39m
      [36m/>[39m

      --------------------------------------------------
      cell:

      Name "No CFD data available.":
      [36m<td[39m
        [33mclass[39m=[32m"px-4 py-3 text-center text-sm text-gray-500"[39m
        [33mcolspan[39m=[32m"1"[39m
      [36m/>[39m

      --------------------------------------------------

    Ignored nodes: comments, script, style
    [36m<body>[39m
      [36m<div>[39m
        [36m<div[39m
          [33mclass[39m=[32m"p-6 text-[color:var(--text-primary)]"[39m
        [36m>[39m
          [36m<div[39m
            [33mclass[39m=[32m"mx-auto max-w-6xl space-y-6"[39m
          [36m>[39m
            [36m<div[39m
              [33mclass[39m=[32m"flex flex-col gap-4 border-b 
border-[color:var(--border-color)] pb-4 md:flex-row md:items-center md:justify-between"[39m
            [36m>[39m
              [36m<div>[39m
                [36m<h2[39m
                  [33mclass[39m=[32m"text-2xl font-semibold tracking-tight"[39m
                [36m>[39m
                  [0mThroughput & Bottlenecks[0m
                [36m</h2>[39m
              [36m</div>[39m
              [36m<div[39m
                [33mclass[39m=[32m"flex flex-col items-stretch gap-2 sm:flex-row 
sm:items-end"[39m
              [36m>[39m
                [36m<div[39m
                  [33mclass[39m=[32m"flex flex-col sm:items-start"[39m
                [36m>[39m
                  [36m<span[39m
                    [33mclass[39m=[32m"mb-1 text-xs font-medium uppercase tracking-wide 
text-gray-500"[39m
                  [36m>[39m
                    [0mSelect board[0m
                  [36m</span>[39m
                  [36m<select[39m
                    [33mclass[39m=[32m"w-full rounded-none border 
border-[color:var(--border-color)] bg-[color:var(--surface-card)]/60 px-3 py-2 text-sm 
outline-none focus:border-blue-500 focus:ring-2 focus:ring-blue-500/40 sm:w-64"[39m
                  [36m>[39m
                    [36m<option[39m
                      [33mdisabled[39m=[32m""[39m
                      [33mvalue[39m=[32m""[39m
                    [36m>[39m
                      [0mSelect a board to view[0m
                    [36m</option>[39m
                    [36m<option[39m
                      [33mvalue[39m=[32m"board-err"[39m
                    [36m>[39m
                      [0mBoard Err[0m
                    [36m</option>[39m
                  [36m</select>[39m
                [36m</div>[39m
                [36m<button[39m
                  [33mclass[39m=[32m"inline-flex items-center justify-center rounded-md 
bg-blue-600 px-4 py-2 text-sm font-medium text-white shadow-sm transition hover:bg-blue-700 
disabled:cursor-not-allowed disabled:opacity-70"[39m
                [36m>[39m
                  [0mLoad data[0m
                [36m</button>[39m
              [36m</div>[39m
            [36m</div>[39m
            [36m<div[39m
              [33mclass[39m=[32m"grid gap-4 md:grid-cols-3"[39m
            [36m>[39m
              [36m<div[39m
                [33mclass[39m=[32m"border border-[color:var(--border-color)] 
bg-[color:var(--surface-card)]/60 p-4"[39m
              [36m>[39m
                [36m<div[39m
                  [33mclass[39m=[32m"text-xs font-medium uppercase tracking-wide 
text-gray-500"[39m
                [36m>[39m
                  [0mColumns in workflow[0m
                [36m</div>[39m
                [36m<div[39m
                  [33mclass[39m=[32m"mt-1 text-2xl font-semibold"[39m
                [36m>[39m
                  [0m0[0m
                [36m</div>[39m
              [36m</div>[39m
              [36m<div[39m
                [33mclass[39m=[32m"border border-[color:var(--border-color)] 
bg-[color:var(--surface-card)]/60 p-4"[39m
              [36m>[39m
                [36m<div[39m
                  [33mclass[39m=[32m"text-xs font-medium uppercase tracking-wide 
text-gray-500"[39m
                [36m>[39m
                  [0mCFD days[0m
                [36m</div>[39m
                [36m<div[39m
                  [33mclass[39m=[32m"mt-1 text-2xl font-semibold"[39m
                [36m>[39m
                  [0m0[0m
                [36m</div>[39m
              [36m</div>[39m
              [36m<div[39m
                [33mclass[39m=[32m"border border-[color:var(--border-color)] 
bg-[color:var(--surface-card)]/60 p-4"[39m
              [36m>[39m
                [36m<div[39m
                  [33mclass[39m=[32m"text-xs font-medium uppercase tracking-wide 
text-gray-500"[39m
                [36m>[39m
                  [0mPotential bottleneck columns[0m
                [36m</div>[39m
                [36m<div[39m
                  [33mclass[39m=[32m"mt-1 text-sm text-gray-600"[39m
                [36m>[39m
                  [0mNo data yet[0m
                [36m</div>[39m
              [36m</div>[39m
            [36m</div>[39m
            [36m<div[39m
              [33mclass[39m=[32m"space-y-3"[39m
            [36m>[39m
              [36m<h3[39m
                [33mclass[39m=[32m"text-base font-semibold"[39m
              [36m>[39m
                [0mWorkflow throughput by column[0m
              [36m</h3>[39m
              [36m<div[39m
                [33mclass[39m=[32m"overflow-x-auto border border-[color:var(--border-color)] 
bg-[color:var(--surface-card)]/60"[39m
              [36m>[39m
                [36m<table[39m
                  [33mclass[39m=[32m"min-w-full text-sm"[39m
                [36m>[39m
                  [36m<thead[39m
                    [33mclass[39m=[32m"border-b border-[color:var(--border-color)] 
bg-gray-50/80 text-left text-gray-700 dark:bg-gray-800/60"[39m
                  [36m>[39m
                    [36m<tr>[39m
                      [36m<th[39m
                        [33mclass[39m=[32m"px-4 py-2 font-medium"[39m
                      [36m>[39m
                        [0mColumn[0m
                      [36m</th>[39m
                      [36m<th[39m
                        [33mclass[39m=[32m"px-4 py-2 font-medium"[39m
                      [36m>[39m
                        [0mEntered[0m
                      [36m</th>[39m
                      [36m<th[39m
                        [33mclass[39m=[32m"px-4 py-2 font-medium"[39m
                      [36m>[39m
                        [0mExited[0m
                      [36m</th>[39m
                    [36m</tr>[39m
                  [36m</thead>[39m
                  [36m<tbody />[39m
                [36m</table>[39m
              [36m</div>[39m
            [36m</div>[39m
            [36m<div[39m
              [33mclass[39m=[32m"space-y-3"[39m
            [36m>[39m
              [36m<h3[39m
                [33mclass[39m=[32m"text-base font-semibold"[39m
              [36m>[39m
                [0mAverage time per column (hours)[0m
              [36m</h3>[39m
              [36m<div[39m
                [33mclass[39m=[32m"space-y-2"[39m
              [36m>[39m
                [36m<div[39m
                  [33mclass[39m=[32m"text-sm text-gray-500"[39m
                [36m>[39m
                  [0mNo column time data available.[0m
                [36m</div>[39m
              [36m</div>[39m
            [36m</div>[39m
            [36m<div[39m
              [33mclass[39m=[32m"space-y-3"[39m
            [36m>[39m
              [36m<h3[39m
                [33mclass[39m=[32m"text-base font-semibold"[39m
              [36m>[39m
                [0mWIP Alerts (Work In Progress)[0m
              [36m</h3>[39m
              [36m<div[39m
                [33mclass[39m=[32m"text-sm text-gray-500"[39m
              [36m>[39m
                [0mNo WIP violations recorded in the current data.[0m
              [36m</div>[39m
            [36m</div>[39m
            [36m<div[39m
              [33mclass[39m=[32m"space-y-3"[39m
            [36m>[39m
              [36m<h3[39m
                [33mclass[39m=[32m"text-base font-semibold"[39m
              [36m>[39m
                [0mCumulative Flow over time[0m
              [36m</h3>[39m
              [36m<div[39m
                [33mclass[39m=[32m"overflow-x-auto border border-[color:var(--border-color)] 
bg-[color:var(--surface-card)]/60"[39m
              [36m>[39m
                [36m<table[39m
                  [33mclass[39m=[32m"min-w-full table-fixed text-sm"[39m
                [36m>[39m
                  [36m<thead[39m
                    [33mclass[39m=[32m"border-b border-[color:var(--border-color)] 
bg-gray-50/80 text-center text-gray-700 dark:bg-gray-800/60"[39m
                  [36m>[39m
                    [36m<tr>[39m
                      [36m<th[39m
                        [33mclass[39m=[32m"px-4 py-2 font-medium whitespace-nowrap"[39m
                      [36m>[39m
                        [0mDate[0m
                      [36m</th>[39m
                    [36m</tr>[39m
                  [36m</thead>[39m
                  [36m<tbody>[39m
                    [36m<tr>[39m
                      [36m<td[39m
                        [33mclass[39m=[32m"px-4 py-3 text-center text-sm text-gray-500"[39m
                        [33mcolspan[39m=[32m"1"[39m
                      [36m>[39m
                        [0mNo CFD data available.[0m
                      [36m</td>[39m
                    [36m</tr>[39m
                  [36m</tbody>[39m
                [36m</table>[39m
              [36m</div>[39m
            [36m</div>[39m
          [36m</div>[39m
        [36m</div>[39m
      [36m</div>[39m
    [36m</body>[39m

    [0m [90m 77 |[39m     [36mawait[39m 
screen[33m.[39mfindByRole([32m'option'[39m[33m,[39m { name[33m:[39m [35m/Board 
Err/i[39m })[33m;[39m
     [90m 78 |[39m     [36mawait[39m userEvent[33m.[39mselectOptions(selector[33m,[39m 
[32m'board-err'[39m)[33m;[39m
    [31m[1m>[22m[39m[90m 79 |[39m     [36mawait[39m 
userEvent[33m.[39mclick(screen[33m.[39mgetByRole([32m'button'[39m[33m,[39m { 
name[33m:[39m [35m/t蘯｣i d盻ｯ li盻㎡/i[39m }))[33m;[39m
     [90m    |[39m                                  [31m[1m^[22m[39m
     [90m 80 |[39m
     [90m 81 |[39m     [36mawait[39m waitFor(() [33m=>[39m {
     [90m 82 |[39m       expect(screen[33m.[39mgetByText([35m/throughput 
failed/i[39m))[33m.[39mtoBeInTheDocument()[33m;[39m[0m

      at Object.getElementError (node_modules/@testing-library/dom/dist/config.js:37:19)
      at node_modules/@testing-library/dom/dist/query-helpers.js:76:38
      at node_modules/@testing-library/dom/dist/query-helpers.js:52:17
      at getByRole (node_modules/@testing-library/dom/dist/query-helpers.js:95:19)
      at Object.<anonymous> (src/test/components/teacher.throughputPanel.data.test.tsx:79:34)

FAIL src/test/components/teacher.throughputPanel.interactions.test.tsx (8.129 s)
  笳・Teacher ThroughputPanel interactions 窶ｺ loads throughput data after board selection

    Unable to find role="button" and name `/t蘯｣i d盻ｯ li盻㎡/i`

    Ignored nodes: comments, script, style
    [36m<body>[39m
      [36m<div>[39m
        [36m<div[39m
          [33mclass[39m=[32m"p-6 text-[color:var(--text-primary)]"[39m
        [36m>[39m
          [36m<div[39m
            [33mclass[39m=[32m"mx-auto max-w-6xl space-y-6"[39m
          [36m>[39m
            [36m<div[39m
              [33mclass[39m=[32m"flex flex-col gap-4 border-b 
border-[color:var(--border-color)] pb-4 md:flex-row md:items-center md:justify-between"[39m
            [36m>[39m
              [36m<div>[39m
                [36m<h2[39m
                  [33mclass[39m=[32m"text-2xl font-semibold tracking-tight"[39m
                [36m>[39m
                  [0mThroughput & Bottlenecks[0m
                [36m</h2>[39m
              [36m</div>[39m
              [36m<div[39m
                [33mclass[39m=[32m"flex flex-col items-stretch gap-2 sm:flex-row 
sm:items-end"[39m
              [36m>[39m
                [36m<div[39m
                  [33mclass[39m=[32m"flex flex-col sm:items-start"[39m
                [36m>[39m
                  [36m<span[39m
                    [33mclass[39m=[32m"mb-1 text-xs font-medium uppercase tracking-wide 
text-gray-500"[39m
                  [36m>[39m
                    [0mSelect board[0m
                  [36m</span>[39m
                  [36m<select[39m
                    [33mclass[39m=[32m"w-full rounded-none border 
border-[color:var(--border-color)] bg-[color:var(--surface-card)]/60 px-3 py-2 text-sm 
outline-none focus:border-blue-500 focus:ring-2 focus:ring-blue-500/40 sm:w-64"[39m
                  [36m>[39m
                    [36m<option[39m
                      [33mdisabled[39m=[32m""[39m
                      [33mvalue[39m=[32m""[39m
                    [36m>[39m
                      [0mSelect a board to view[0m
                    [36m</option>[39m
                    [36m<option[39m
                      [33mvalue[39m=[32m"b1"[39m
                    [36m>[39m
                      [0mMy Board 1[0m
                    [36m</option>[39m
                    [36m<option[39m
                      [33mvalue[39m=[32m"b2"[39m
                    [36m>[39m
                      [0mMy Board 2[0m
                    [36m</option>[39m
                  [36m</select>[39m
                [36m</div>[39m
                [36m<button[39m
                  [33mclass[39m=[32m"inline-flex items-center justify-center rounded-md 
bg-blue-600 px-4 py-2 text-sm font-medium text-white shadow-sm transition hover:bg-blue-700 
disabled:cursor-not-allowed disabled:opacity-70"[39m
                  [33mdisabled[39m=[32m""[39m
                [36m>[39m
                  [0mLoad data[0m
                [36m</button>[39m
              [36m</div>[39m
            [36m</div>[39m
            [36m<div[39m
              [33mclass[39m=[32m"grid gap-4 md:grid-cols-3"[39m
            [36m>[39m
              [36m<div[39m
                [33mclass[39m=[32m"border border-[color:var(--border-color)] 
bg-[color:var(--surface-card)]/60 p-4"[39m
              [36m>[39m
                [36m<div[39m
                  [33mclass[39m=[32m"text-xs font-medium uppercase tracking-wide 
text-gray-500"[39m
                [36m>[39m
                  [0mColumns in workflow[0m
                [36m</div>[39m
                [36m<div[39m
                  [33mclass[39m=[32m"mt-1 text-2xl font-semibold"[39m
                [36m>[39m
                  [0m0[0m
                [36m</div>[39m
              [36m</div>[39m
              [36m<div[39m
                [33mclass[39m=[32m"border border-[color:var(--border-color)] 
bg-[color:var(--surface-card)]/60 p-4"[39m
              [36m>[39m
                [36m<div[39m
                  [33mclass[39m=[32m"text-xs font-medium uppercase tracking-wide 
text-gray-500"[39m
                [36m>[39m
                  [0mCFD days[0m
                [36m</div>[39m
                [36m<div[39m
                  [33mclass[39m=[32m"mt-1 text-2xl font-semibold"[39m
                [36m>[39m
                  [0m0[0m
                [36m</div>[39m
              [36m</div>[39m
              [36m<div[39m
                [33mclass[39m=[32m"border border-[color:var(--border-color)] 
bg-[color:var(--surface-card)]/60 p-4"[39m
              [36m>[39m
                [36m<div[39m
                  [33mclass[39m=[32m"text-xs font-medium uppercase tracking-wide 
text-gray-500"[39m
                [36m>[39m
                  [0mPotential bottleneck columns[0m
                [36m</div>[39m
                [36m<div[39m
                  [33mclass[39m=[32m"mt-1 text-sm text-gray-600"[39m
                [36m>[39m
                  [0mNo data yet[0m
                [36m</div>[39m
              [36m</div>[39m
            [36m</div>[39m
            [36m<div[39m
              [33mclass[39m=[32m"space-y-3"[39m
            [36m>[39m
              [36m<h3[39m
                [33mclass[39m=[32m"text-base font-semibold"[39m
              [36m>[39m
                [0mWorkflow throughput by column[0m
              [36m</h3>[39m
              [36m<div[39m
                [33mclass[39m=[32m"overflow-x-auto border border-[color:var(--border-color)] 
bg-[color:var(--surface-card)]/60"[39m
              [36m>[39m
                [36m<table[39m
                  [33mclass[39m=[32m"min-w-full text-sm"[39m
                [36m>[39m
                  [36m<thead[39m
                    [33mclass[39m=[32m"border-b border-[color:var(--border-color)] 
bg-gray-50/80 text-left text-gray-700 dark:bg-gray-800/60"[39m
                  [36m>[39m
                    [36m<tr>[39m
                      [36m<th[39m
                        [33mclass[39m=[32m"px-4 py-2 font-medium"[39m
                      [36m>[39m
                        [0mColumn[0m
                      [36m</th>[39m
                      [36m<th[39m
                        [33mclass[39m=[32m"px-4 py-2 font-medium"[39m
                      [36m>[39m
                        [0mEntered[0m
                      [36m</th>[39m
                      [36m<th[39m
                        [33mclass[39m=[32m"px-4 py-2 font-medium"[39m
                      [36m>[39m
                        [0mExited[0m
                      [36m</th>[39m
                    [36m</tr>[39m
                  [36m</thead>[39m
                  [36m<tbody />[39m
                [36m</table>[39m
              [36m</div>[39m
            [36m</div>[39m
            [36m<div[39m
              [33mclass[39m=[32m"space-y-3"[39m
            [36m>[39m
              [36m<h3[39m
                [33mclass[39m=[32m"text-base font-semibold"[39m
              [36m>[39m
                [0mAverage time per column (hours)[0m
              [36m</h3>[39m
              [36m<div[39m
                [33mclass[39m=[32m"space-y-2"[39m
              [36m>[39m
                [36m<div[39m
                  [33mclass[39m=[32m"text-sm text-gray-500"[39m
                [36m>[39m
                  [0mNo column time data available.[0m
                [36m</div>[39m
              [36m</div>[39m
            [36m</div>[39m
            [36m<div[39m
              [33mclass[39m=[32m"space-y-3"[39m
            [36m>[39m
              [36m<h3[39m
                [33mclass[39m=[32m"text-base font-semibold"[39m
              [36m>[39m
                [0mWIP Alerts (Work In Progress)[0m
              [36m</h3>[39m
              [36m<div[39m
                [33mclass[39m=[32m"text-sm text-gray-500"[39m
              [36m>[39m
                [0mNo WIP violations recorded in the current data.[0m
              [36m</div>[39m
            [36m</div>[39m
            [36m<div[39m
              [33mclass[39m=[32m"space-y-3"[39m
            [36m>[39m
              [36m<h3[39m
                [33mclass[39m=[32m"text-base font-semibold"[39m
              [36m>[39m
                [0mCumulative Flow over time[0m
              [36m</h3>[39m
              [36m<div[39m
                [33mclass[39m=[32m"overflow-x-auto border border-[color:var(--border-color)] 
bg-[color:var(--surface-card)]/60"[39m
              [36m>[39m
                [36m<table[39m
                  [33mclass[39m=[32m"min-w-full table-fixed text-sm"[39m
                [36m>[39m
                  [36m<thead[39m
                    [33mclass[39m=[32m"border-b border-[color:var(--border-color)] 
bg-gray-50/80 text-center text-gray-700 dark:bg-gray-800/60"[39m
                  [36m>[39m
                    [36m<tr>[39m
                      [36m<th[39m
                        [33mclass[39m=[32m"px-4 py-2 font-medium whitespace-nowrap"[39m
                      [36m>[39m
                        [0mDate[0m
                      [36m</th>[39m
                    [36m</tr>[39m
                  [36m</thead>[39m
                  [36m<tbody>[39m
                    [36m<tr>[39m
                      [36m<td[39m
                        [33mclass[39m=[32m"px-4 py-3 text-center text-sm text-gray-500"[39m
                        [33mcolspan[39m=[32m"1"[39m
                      [36m>[39m
                        [0mNo CFD data available.[0m
                      [36m</td>[39m
                    [36m</tr>[39m
                  [36m</tbody>[39m
                [36m</table>[39m
              [36m</div>[39m
            [36m</div>[39m
          [36m</div>[39m
        [36m</div>[39m
      [36m</div>[39m
    [36m</body>[39m

    [0m [90m 16 |[39m     }
     [90m 17 |[39m
    [31m[1m>[22m[39m[90m 18 |[39m     [36mconst[39m reload [33m=[39m [36mawait[39m 
screen[33m.[39mfindByRole([32m"button"[39m[33m,[39m { name[33m:[39m [35m/t蘯｣i d盻ｯ 
li盻㎡/i[39m })[33m;[39m
     [90m    |[39m                                 [31m[1m^[22m[39m
     [90m 19 |[39m     [36mawait[39m userEvent[33m.[39mclick(reload)[33m;[39m
     [90m 20 |[39m     [90m// After loading, ensure no validation error is shown[39m
     [90m 21 |[39m     expect(screen[33m.[39mqueryByText([35m/Vui lﾃｲng ch盻肱 
Board/i[39m))[33m.[39mnot[33m.[39mtoBeInTheDocument()[33m;[39m[0m

      at waitForWrapper (node_modules/@testing-library/dom/dist/wait-for.js:163:27)
      at findByRole (node_modules/@testing-library/dom/dist/query-helpers.js:86:33)
      at Object.<anonymous> 
(src/test/components/teacher.throughputPanel.interactions.test.tsx:18:33)

  笳・Teacher ThroughputPanel interactions 窶ｺ handles API error by showing message

    Unable to find role="button" and name `/t蘯｣i d盻ｯ li盻㎡/i`

    Ignored nodes: comments, script, style
    [36m<body>[39m
      [36m<div>[39m
        [36m<div[39m
          [33mclass[39m=[32m"p-6 text-[color:var(--text-primary)]"[39m
        [36m>[39m
          [36m<div[39m
            [33mclass[39m=[32m"mx-auto max-w-6xl space-y-6"[39m
          [36m>[39m
            [36m<div[39m
              [33mclass[39m=[32m"flex flex-col gap-4 border-b 
border-[color:var(--border-color)] pb-4 md:flex-row md:items-center md:justify-between"[39m
            [36m>[39m
              [36m<div>[39m
                [36m<h2[39m
                  [33mclass[39m=[32m"text-2xl font-semibold tracking-tight"[39m
                [36m>[39m
                  [0mThroughput & Bottlenecks[0m
                [36m</h2>[39m
              [36m</div>[39m
              [36m<div[39m
                [33mclass[39m=[32m"flex flex-col items-stretch gap-2 sm:flex-row 
sm:items-end"[39m
              [36m>[39m
                [36m<div[39m
                  [33mclass[39m=[32m"flex flex-col sm:items-start"[39m
                [36m>[39m
                  [36m<span[39m
                    [33mclass[39m=[32m"mb-1 text-xs font-medium uppercase tracking-wide 
text-gray-500"[39m
                  [36m>[39m
                    [0mSelect board[0m
                  [36m</span>[39m
                  [36m<select[39m
                    [33mclass[39m=[32m"w-full rounded-none border 
border-[color:var(--border-color)] bg-[color:var(--surface-card)]/60 px-3 py-2 text-sm 
outline-none focus:border-blue-500 focus:ring-2 focus:ring-blue-500/40 sm:w-64"[39m
                  [36m>[39m
                    [36m<option[39m
                      [33mdisabled[39m=[32m""[39m
                      [33mvalue[39m=[32m""[39m
                    [36m>[39m
                      [0mSelect a board to view[0m
                    [36m</option>[39m
                    [36m<option[39m
                      [33mvalue[39m=[32m"b1"[39m
                    [36m>[39m
                      [0mMy Board 1[0m
                    [36m</option>[39m
                    [36m<option[39m
                      [33mvalue[39m=[32m"b2"[39m
                    [36m>[39m
                      [0mMy Board 2[0m
                    [36m</option>[39m
                  [36m</select>[39m
                [36m</div>[39m
                [36m<button[39m
                  [33mclass[39m=[32m"inline-flex items-center justify-center rounded-md 
bg-blue-600 px-4 py-2 text-sm font-medium text-white shadow-sm transition hover:bg-blue-700 
disabled:cursor-not-allowed disabled:opacity-70"[39m
                [36m>[39m
                  [0mLoad data[0m
                [36m</button>[39m
              [36m</div>[39m
            [36m</div>[39m
            [36m<div[39m
              [33mclass[39m=[32m"grid gap-4 md:grid-cols-3"[39m
            [36m>[39m
              [36m<div[39m
                [33mclass[39m=[32m"border border-[color:var(--border-color)] 
bg-[color:var(--surface-card)]/60 p-4"[39m
              [36m>[39m
                [36m<div[39m
                  [33mclass[39m=[32m"text-xs font-medium uppercase tracking-wide 
text-gray-500"[39m
                [36m>[39m
                  [0mColumns in workflow[0m
                [36m</div>[39m
                [36m<div[39m
                  [33mclass[39m=[32m"mt-1 text-2xl font-semibold"[39m
                [36m>[39m
                  [0m0[0m
                [36m</div>[39m
              [36m</div>[39m
              [36m<div[39m
                [33mclass[39m=[32m"border border-[color:var(--border-color)] 
bg-[color:var(--surface-card)]/60 p-4"[39m
              [36m>[39m
                [36m<div[39m
                  [33mclass[39m=[32m"text-xs font-medium uppercase tracking-wide 
text-gray-500"[39m
                [36m>[39m
                  [0mCFD days[0m
                [36m</div>[39m
                [36m<div[39m
                  [33mclass[39m=[32m"mt-1 text-2xl font-semibold"[39m
                [36m>[39m
                  [0m0[0m
                [36m</div>[39m
              [36m</div>[39m
              [36m<div[39m
                [33mclass[39m=[32m"border border-[color:var(--border-color)] 
bg-[color:var(--surface-card)]/60 p-4"[39m
              [36m>[39m
                [36m<div[39m
                  [33mclass[39m=[32m"text-xs font-medium uppercase tracking-wide 
text-gray-500"[39m
                [36m>[39m
                  [0mPotential bottleneck columns[0m
                [36m</div>[39m
                [36m<div[39m
                  [33mclass[39m=[32m"mt-1 text-sm text-gray-600"[39m
                [36m>[39m
                  [0mNo data yet[0m
                [36m</div>[39m
              [36m</div>[39m
            [36m</div>[39m
            [36m<div[39m
              [33mclass[39m=[32m"space-y-3"[39m
            [36m>[39m
              [36m<h3[39m
                [33mclass[39m=[32m"text-base font-semibold"[39m
              [36m>[39m
                [0mWorkflow throughput by column[0m
              [36m</h3>[39m
              [36m<div[39m
                [33mclass[39m=[32m"overflow-x-auto border border-[color:var(--border-color)] 
bg-[color:var(--surface-card)]/60"[39m
              [36m>[39m
                [36m<table[39m
                  [33mclass[39m=[32m"min-w-full text-sm"[39m
                [36m>[39m
                  [36m<thead[39m
                    [33mclass[39m=[32m"border-b border-[color:var(--border-color)] 
bg-gray-50/80 text-left text-gray-700 dark:bg-gray-800/60"[39m
                  [36m>[39m
                    [36m<tr>[39m
                      [36m<th[39m
                        [33mclass[39m=[32m"px-4 py-2 font-medium"[39m
                      [36m>[39m
                        [0mColumn[0m
                      [36m</th>[39m
                      [36m<th[39m
                        [33mclass[39m=[32m"px-4 py-2 font-medium"[39m
                      [36m>[39m
                        [0mEntered[0m
                      [36m</th>[39m
                      [36m<th[39m
                        [33mclass[39m=[32m"px-4 py-2 font-medium"[39m
                      [36m>[39m
                        [0mExited[0m
                      [36m</th>[39m
                    [36m</tr>[39m
                  [36m</thead>[39m
                  [36m<tbody />[39m
                [36m</table>[39m
              [36m</div>[39m
            [36m</div>[39m
            [36m<div[39m
              [33mclass[39m=[32m"space-y-3"[39m
            [36m>[39m
              [36m<h3[39m
                [33mclass[39m=[32m"text-base font-semibold"[39m
              [36m>[39m
                [0mAverage time per column (hours)[0m
              [36m</h3>[39m
              [36m<div[39m
                [33mclass[39m=[32m"space-y-2"[39m
              [36m>[39m
                [36m<div[39m
                  [33mclass[39m=[32m"text-sm text-gray-500"[39m
                [36m>[39m
                  [0mNo column time data available.[0m
                [36m</div>[39m
              [36m</div>[39m
            [36m</div>[39m
            [36m<div[39m
              [33mclass[39m=[32m"space-y-3"[39m
            [36m>[39m
              [36m<h3[39m
                [33mclass[39m=[32m"text-base font-semibold"[39m
              [36m>[39m
                [0mWIP Alerts (Work In Progress)[0m
              [36m</h3>[39m
              [36m<div[39m
                [33mclass[39m=[32m"text-sm text-gray-500"[39m
              [36m>[39m
                [0mNo WIP violations recorded in the current data.[0m
              [36m</div>[39m
            [36m</div>[39m
            [36m<div[39m
              [33mclass[39m=[32m"space-y-3"[39m
            [36m>[39m
              [36m<h3[39m
                [33mclass[39m=[32m"text-base font-semibold"[39m
              [36m>[39m
                [0mCumulative Flow over time[0m
              [36m</h3>[39m
              [36m<div[39m
                [33mclass[39m=[32m"overflow-x-auto border border-[color:var(--border-color)] 
bg-[color:var(--surface-card)]/60"[39m
              [36m>[39m
                [36m<table[39m
                  [33mclass[39m=[32m"min-w-full table-fixed text-sm"[39m
                [36m>[39m
                  [36m<thead[39m
                    [33mclass[39m=[32m"border-b border-[color:var(--border-color)] 
bg-gray-50/80 text-center text-gray-700 dark:bg-gray-800/60"[39m
                  [36m>[39m
                    [36m<tr>[39m
                      [36m<th[39m
                        [33mclass[39m=[32m"px-4 py-2 font-medium whitespace-nowrap"[39m
                      [36m>[39m
                        [0mDate[0m
                      [36m</th>[39m
                    [36m</tr>[39m
                  [36m</thead>[39m
                  [36m<tbody>[39m
                    [36m<tr>[39m
                      [36m<td[39m
                        [33mclass[39m=[32m"px-4 py-3 text-center text-sm text-gray-500"[39m
                        [33mcolspan[39m=[32m"1"[39m
                      [36m>[39m
                        [0mNo CFD data available.[0m
                      [36m</td>[39m
                    [36m</tr>[39m
                  [36m</tbody>[39m
                [36m</table>[39m
              [36m</div>[39m
            [36m</div>[39m
          [36m</div>[39m
        [36m</div>[39m
      [36m</div>[39m
    [36m</body>[39m

    [0m [90m 34 |[39m     }
     [90m 35 |[39m
    [31m[1m>[22m[39m[90m 36 |[39m     [36mconst[39m reload [33m=[39m [36mawait[39m 
screen[33m.[39mfindByRole([32m"button"[39m[33m,[39m { name[33m:[39m [35m/t蘯｣i d盻ｯ 
li盻㎡/i[39m })[33m;[39m
     [90m    |[39m                                 [31m[1m^[22m[39m
     [90m 37 |[39m     [36mawait[39m userEvent[33m.[39mclick(reload)[33m;[39m
     [90m 38 |[39m     [90m// If API returns empty bottlenecks, an informational text may 
appear.[39m
     [90m 39 |[39m     [90m// At minimum, ensure the page renders without crashing and shows 
a known section.[39m[0m

      at waitForWrapper (node_modules/@testing-library/dom/dist/wait-for.js:163:27)
      at findByRole (node_modules/@testing-library/dom/dist/query-helpers.js:86:33)
      at Object.<anonymous> 
(src/test/components/teacher.throughputPanel.interactions.test.tsx:36:33)

FAIL src/test/__tests_cps__/components/teacher.ThroughputPanel.behavior.states.test.tsx (8.402 
s)
  笳・Teacher/ThroughputPanel behavior states 窶ｺ empty results state

    Unable to find an element with the text: /Lﾆｰu lﾆｰ盻｣ng cﾃｴng vi盻㌘ \& Bottleneck/i. This 
could be because the text is broken up by multiple elements. In this case, you can provide a 
function for your text matcher to make your matcher more flexible.

    Ignored nodes: comments, script, style
    [36m<body>[39m
      [36m<div>[39m
        [36m<div[39m
          [33mclass[39m=[32m"p-6 text-[color:var(--text-primary)]"[39m
        [36m>[39m
          [36m<div[39m
            [33mclass[39m=[32m"mx-auto max-w-6xl space-y-6"[39m
          [36m>[39m
            [36m<div[39m
              [33mclass[39m=[32m"flex flex-col gap-4 border-b 
border-[color:var(--border-color)] pb-4 md:flex-row md:items-center md:justify-between"[39m
            [36m>[39m
              [36m<div>[39m
                [36m<h2[39m
                  [33mclass[39m=[32m"text-2xl font-semibold tracking-tight"[39m
                [36m>[39m
                  [0mThroughput & Bottlenecks[0m
                [36m</h2>[39m
              [36m</div>[39m
              [36m<div[39m
                [33mclass[39m=[32m"flex flex-col items-stretch gap-2 sm:flex-row 
sm:items-end"[39m
              [36m>[39m
                [36m<div[39m
                  [33mclass[39m=[32m"flex flex-col sm:items-start"[39m
                [36m>[39m
                  [36m<span[39m
                    [33mclass[39m=[32m"mb-1 text-xs font-medium uppercase tracking-wide 
text-gray-500"[39m
                  [36m>[39m
                    [0mSelect board[0m
                  [36m</span>[39m
                  [36m<select[39m
                    [33mclass[39m=[32m"w-full rounded-none border 
border-[color:var(--border-color)] bg-[color:var(--surface-card)]/60 px-3 py-2 text-sm 
outline-none focus:border-blue-500 focus:ring-2 focus:ring-blue-500/40 sm:w-64"[39m
                  [36m>[39m
                    [36m<option[39m
                      [33mdisabled[39m=[32m""[39m
                      [33mvalue[39m=[32m""[39m
                    [36m>[39m
                      [0mSelect a board to view[0m
                    [36m</option>[39m
                    [36m<option[39m
                      [33mvalue[39m=[32m"b1"[39m
                    [36m>[39m
                      [0mMy Board 1[0m
                    [36m</option>[39m
                    [36m<option[39m
                      [33mvalue[39m=[32m"b2"[39m
                    [36m>[39m
                      [0mMy Board 2[0m
                    [36m</option>[39m
                  [36m</select>[39m
                [36m</div>[39m
                [36m<button[39m
                  [33mclass[39m=[32m"inline-flex items-center justify-center rounded-md 
bg-blue-600 px-4 py-2 text-sm font-medium text-white shadow-sm transition hover:bg-blue-700 
disabled:cursor-not-allowed disabled:opacity-70"[39m
                  [33mdisabled[39m=[32m""[39m
                [36m>[39m
                  [0mLoad data[0m
                [36m</button>[39m
              [36m</div>[39m
            [36m</div>[39m
            [36m<div[39m
              [33mclass[39m=[32m"grid gap-4 md:grid-cols-3"[39m
            [36m>[39m
              [36m<div[39m
                [33mclass[39m=[32m"border border-[color:var(--border-color)] 
bg-[color:var(--surface-card)]/60 p-4"[39m
              [36m>[39m
                [36m<div[39m
                  [33mclass[39m=[32m"text-xs font-medium uppercase tracking-wide 
text-gray-500"[39m
                [36m>[39m
                  [0mColumns in workflow[0m
                [36m</div>[39m
                [36m<div[39m
                  [33mclass[39m=[32m"mt-1 text-2xl font-semibold"[39m
                [36m>[39m
                  [0m0[0m
                [36m</div>[39m
              [36m</div>[39m
              [36m<div[39m
                [33mclass[39m=[32m"border border-[color:var(--border-color)] 
bg-[color:var(--surface-card)]/60 p-4"[39m
              [36m>[39m
                [36m<div[39m
                  [33mclass[39m=[32m"text-xs font-medium uppercase tracking-wide 
text-gray-500"[39m
                [36m>[39m
                  [0mCFD days[0m
                [36m</div>[39m
                [36m<div[39m
                  [33mclass[39m=[32m"mt-1 text-2xl font-semibold"[39m
                [36m>[39m
                  [0m0[0m
                [36m</div>[39m
              [36m</div>[39m
              [36m<div[39m
                [33mclass[39m=[32m"border border-[color:var(--border-color)] 
bg-[color:var(--surface-card)]/60 p-4"[39m
              [36m>[39m
                [36m<div[39m
                  [33mclass[39m=[32m"text-xs font-medium uppercase tracking-wide 
text-gray-500"[39m
                [36m>[39m
                  [0mPotential bottleneck columns[0m
                [36m</div>[39m
                [36m<div[39m
                  [33mclass[39m=[32m"mt-1 text-sm text-gray-600"[39m
                [36m>[39m
                  [0mNo data yet[0m
                [36m</div>[39m
              [36m</div>[39m
            [36m</div>[39m
            [36m<div[39m
              [33mclass[39m=[32m"space-y-3"[39m
            [36m>[39m
              [36m<h3[39m
                [33mclass[39m=[32m"text-base font-semibold"[39m
              [36m>[39m
                [0mWorkflow throughput by column[0m
              [36m</h3>[39m
              [36m<div[39m
                [33mclass[39m=[32m"overflow-x-auto border border-[color:var(--border-color)] 
bg-[color:var(--surface-card)]/60"[39m
              [36m>[39m
                [36m<table[39m
                  [33mclass[39m=[32m"min-w-full text-sm"[39m
                [36m>[39m
                  [36m<thead[39m
                    [33mclass[39m=[32m"border-b border-[color:var(--border-color)] 
bg-gray-50/80 text-left text-gray-700 dark:bg-gray-800/60"[39m
                  [36m>[39m
                    [36m<tr>[39m
                      [36m<th[39m
                        [33mclass[39m=[32m"px-4 py-2 font-medium"[39m
                      [36m>[39m
                        [0mColumn[0m
                      [36m</th>[39m
                      [36m<th[39m
                        [33mclass[39m=[32m"px-4 py-2 font-medium"[39m
                      [36m>[39m
                        [0mEntered[0m
                      [36m</th>[39m
                      [36m<th[39m
                        [33mclass[39m=[32m"px-4 py-2 font-medium"[39m
                      [36m>[39m
                        [0mExited[0m
                      [36m</th>[39m
                    [36m</tr>[39m
                  [36m</thead>[39m
                  [36m<tbody />[39m
                [36m</table>[39m
              [36m</div>[39m
            [36m</div>[39m
            [36m<div[39m
              [33mclass[39m=[32m"space-y-3"[39m
            [36m>[39m
              [36m<h3[39m
                [33mclass[39m=[32m"text-base font-semibold"[39m
              [36m>[39m
                [0mAverage time per column (hours)[0m
              [36m</h3>[39m
              [36m<div[39m
                [33mclass[39m=[32m"space-y-2"[39m
              [36m>[39m
                [36m<div[39m
                  [33mclass[39m=[32m"text-sm text-gray-500"[39m
                [36m>[39m
                  [0mNo column time data available.[0m
                [36m</div>[39m
              [36m</div>[39m
            [36m</div>[39m
            [36m<div[39m
              [33mclass[39m=[32m"space-y-3"[39m
            [36m>[39m
              [36m<h3[39m
                [33mclass[39m=[32m"text-base font-semibold"[39m
              [36m>[39m
                [0mWIP Alerts (Work In Progress)[0m
              [36m</h3>[39m
              [36m<div[39m
                [33mclass[39m=[32m"text-sm text-gray-500"[39m
              [36m>[39m
                [0mNo WIP violations recorded in the current data.[0m
              [36m</div>[39m
            [36m</div>[39m
            [36m<div[39m
              [33mclass[39m=[32m"space-y-3"[39m
            [36m>[39m
              [36m<h3[39m
                [33mclass[39m=[32m"text-base font-semibold"[39m
              [36m>[39m
                [0mCumulative Flow over time[0m
              [36m</h3>[39m
              [36m<div[39m
                [33mclass[39m=[32m"overflow-x-auto border border-[color:var(--border-color)] 
bg-[color:var(--surface-card)]/60"[39m
              [36m>[39m
                [36m<table[39m
                  [33mclass[39m=[32m"min-w-full table-fixed text-sm"[39m
                [36m>[39m
                  [36m<thead[39m
                    [33mclass[39m=[32m"border-b border-[color:var(--border-color)] 
bg-gray-50/80 text-center text-gray-700 dark:bg-gray-800/60"[39m
                  [36m>[39m
                    [36m<tr>[39m
                      [36m<th[39m
                        [33mclass[39m=[32m"px-4 py-2 font-medium whitespace-nowrap"[39m
                      [36m>[39m
                        [0mDate[0m
                      [36m</th>[39m
                    [36m</tr>[39m
                  [36m</thead>[39m
                  [36m<tbody>[39m
                    [36m<tr>[39m
                      [36m<td[39m
                        [33mclass[39m=[32m"px-4 py-3 text-center text-sm text-gray-500"[39m
                        [33mcolspan[39m=[32m"1"[39m
                      [36m>[39m
                        [0mNo CFD data available.[0m
                      [36m</td>[39m
                    [36m</tr>[39m
                  [36m</tbody>[39m
                [36m</table>[39m
              [36m</div>[39m
            [36m</div>[39m
          [36m</div>[39m
        [36m</div>[39m
      [36m</div>[39m
    [36m</body>[39m

    [0m [90m 21 |[39m     render([33m<[39m[33mThroughputPanel[39m 
[33m/[39m[33m>[39m)[33m;[39m
     [90m 22 |[39m     [90m// Assert specific heading to avoid multiple matches[39m
    [31m[1m>[22m[39m[90m 23 |[39m     expect([36mawait[39m 
screen[33m.[39mfindByText([35m/Lﾆｰu lﾆｰ盻｣ng cﾃｴng vi盻㌘ \& 
Bottleneck/i[39m))[33m.[39mtoBeInTheDocument()[33m;[39m
     [90m    |[39m                         [31m[1m^[22m[39m
     [90m 24 |[39m     expect(screen[33m.[39mgetByText([35m/Ch盻肱 
board/i[39m))[33m.[39mtoBeInTheDocument()[33m;[39m
     [90m 25 |[39m   })[33m;[39m
     [90m 26 |[39m[0m

      at waitForWrapper (node_modules/@testing-library/dom/dist/wait-for.js:163:27)
      at findByText (node_modules/@testing-library/dom/dist/query-helpers.js:86:33)
      at Object.<anonymous> 
(src/test/__tests_cps__/components/teacher.ThroughputPanel.behavior.states.test.tsx:23:25)

  笳・Teacher/ThroughputPanel behavior states 窶ｺ loaded state

    Unable to find an element with the text: /Lﾆｰu lﾆｰ盻｣ng cﾃｴng vi盻㌘ \& Bottleneck/i. This 
could be because the text is broken up by multiple elements. In this case, you can provide a 
function for your text matcher to make your matcher more flexible.

    Ignored nodes: comments, script, style
    [36m<body>[39m
      [36m<div>[39m
        [36m<div[39m
          [33mclass[39m=[32m"p-6 text-[color:var(--text-primary)]"[39m
        [36m>[39m
          [36m<div[39m
            [33mclass[39m=[32m"mx-auto max-w-6xl space-y-6"[39m
          [36m>[39m
            [36m<div[39m
              [33mclass[39m=[32m"flex flex-col gap-4 border-b 
border-[color:var(--border-color)] pb-4 md:flex-row md:items-center md:justify-between"[39m
            [36m>[39m
              [36m<div>[39m
                [36m<h2[39m
                  [33mclass[39m=[32m"text-2xl font-semibold tracking-tight"[39m
                [36m>[39m
                  [0mThroughput & Bottlenecks[0m
                [36m</h2>[39m
              [36m</div>[39m
              [36m<div[39m
                [33mclass[39m=[32m"flex flex-col items-stretch gap-2 sm:flex-row 
sm:items-end"[39m
              [36m>[39m
                [36m<div[39m
                  [33mclass[39m=[32m"flex flex-col sm:items-start"[39m
                [36m>[39m
                  [36m<span[39m
                    [33mclass[39m=[32m"mb-1 text-xs font-medium uppercase tracking-wide 
text-gray-500"[39m
                  [36m>[39m
                    [0mSelect board[0m
                  [36m</span>[39m
                  [36m<select[39m
                    [33mclass[39m=[32m"w-full rounded-none border 
border-[color:var(--border-color)] bg-[color:var(--surface-card)]/60 px-3 py-2 text-sm 
outline-none focus:border-blue-500 focus:ring-2 focus:ring-blue-500/40 sm:w-64"[39m
                  [36m>[39m
                    [36m<option[39m
                      [33mdisabled[39m=[32m""[39m
                      [33mvalue[39m=[32m""[39m
                    [36m>[39m
                      [0mSelect a board to view[0m
                    [36m</option>[39m
                    [36m<option[39m
                      [33mvalue[39m=[32m"b1"[39m
                    [36m>[39m
                      [0mMy Board 1[0m
                    [36m</option>[39m
                    [36m<option[39m
                      [33mvalue[39m=[32m"b2"[39m
                    [36m>[39m
                      [0mMy Board 2[0m
                    [36m</option>[39m
                  [36m</select>[39m
                [36m</div>[39m
                [36m<button[39m
                  [33mclass[39m=[32m"inline-flex items-center justify-center rounded-md 
bg-blue-600 px-4 py-2 text-sm font-medium text-white shadow-sm transition hover:bg-blue-700 
disabled:cursor-not-allowed disabled:opacity-70"[39m
                  [33mdisabled[39m=[32m""[39m
                [36m>[39m
                  [0mLoad data[0m
                [36m</button>[39m
              [36m</div>[39m
            [36m</div>[39m
            [36m<div[39m
              [33mclass[39m=[32m"grid gap-4 md:grid-cols-3"[39m
            [36m>[39m
              [36m<div[39m
                [33mclass[39m=[32m"border border-[color:var(--border-color)] 
bg-[color:var(--surface-card)]/60 p-4"[39m
              [36m>[39m
                [36m<div[39m
                  [33mclass[39m=[32m"text-xs font-medium uppercase tracking-wide 
text-gray-500"[39m
                [36m>[39m
                  [0mColumns in workflow[0m
                [36m</div>[39m
                [36m<div[39m
                  [33mclass[39m=[32m"mt-1 text-2xl font-semibold"[39m
                [36m>[39m
                  [0m0[0m
                [36m</div>[39m
              [36m</div>[39m
              [36m<div[39m
                [33mclass[39m=[32m"border border-[color:var(--border-color)] 
bg-[color:var(--surface-card)]/60 p-4"[39m
              [36m>[39m
                [36m<div[39m
                  [33mclass[39m=[32m"text-xs font-medium uppercase tracking-wide 
text-gray-500"[39m
                [36m>[39m
                  [0mCFD days[0m
                [36m</div>[39m
                [36m<div[39m
                  [33mclass[39m=[32m"mt-1 text-2xl font-semibold"[39m
                [36m>[39m
                  [0m0[0m
                [36m</div>[39m
              [36m</div>[39m
              [36m<div[39m
                [33mclass[39m=[32m"border border-[color:var(--border-color)] 
bg-[color:var(--surface-card)]/60 p-4"[39m
              [36m>[39m
                [36m<div[39m
                  [33mclass[39m=[32m"text-xs font-medium uppercase tracking-wide 
text-gray-500"[39m
                [36m>[39m
                  [0mPotential bottleneck columns[0m
                [36m</div>[39m
                [36m<div[39m
                  [33mclass[39m=[32m"mt-1 text-sm text-gray-600"[39m
                [36m>[39m
                  [0mNo data yet[0m
                [36m</div>[39m
              [36m</div>[39m
            [36m</div>[39m
            [36m<div[39m
              [33mclass[39m=[32m"space-y-3"[39m
            [36m>[39m
              [36m<h3[39m
                [33mclass[39m=[32m"text-base font-semibold"[39m
              [36m>[39m
                [0mWorkflow throughput by column[0m
              [36m</h3>[39m
              [36m<div[39m
                [33mclass[39m=[32m"overflow-x-auto border border-[color:var(--border-color)] 
bg-[color:var(--surface-card)]/60"[39m
              [36m>[39m
                [36m<table[39m
                  [33mclass[39m=[32m"min-w-full text-sm"[39m
                [36m>[39m
                  [36m<thead[39m
                    [33mclass[39m=[32m"border-b border-[color:var(--border-color)] 
bg-gray-50/80 text-left text-gray-700 dark:bg-gray-800/60"[39m
                  [36m>[39m
                    [36m<tr>[39m
                      [36m<th[39m
                        [33mclass[39m=[32m"px-4 py-2 font-medium"[39m
                      [36m>[39m
                        [0mColumn[0m
                      [36m</th>[39m
                      [36m<th[39m
                        [33mclass[39m=[32m"px-4 py-2 font-medium"[39m
                      [36m>[39m
                        [0mEntered[0m
                      [36m</th>[39m
                      [36m<th[39m
                        [33mclass[39m=[32m"px-4 py-2 font-medium"[39m
                      [36m>[39m
                        [0mExited[0m
                      [36m</th>[39m
                    [36m</tr>[39m
                  [36m</thead>[39m
                  [36m<tbody />[39m
                [36m</table>[39m
              [36m</div>[39m
            [36m</div>[39m
            [36m<div[39m
              [33mclass[39m=[32m"space-y-3"[39m
            [36m>[39m
              [36m<h3[39m
                [33mclass[39m=[32m"text-base font-semibold"[39m
              [36m>[39m
                [0mAverage time per column (hours)[0m
              [36m</h3>[39m
              [36m<div[39m
                [33mclass[39m=[32m"space-y-2"[39m
              [36m>[39m
                [36m<div[39m
                  [33mclass[39m=[32m"text-sm text-gray-500"[39m
                [36m>[39m
                  [0mNo column time data available.[0m
                [36m</div>[39m
              [36m</div>[39m
            [36m</div>[39m
            [36m<div[39m
              [33mclass[39m=[32m"space-y-3"[39m
            [36m>[39m
              [36m<h3[39m
                [33mclass[39m=[32m"text-base font-semibold"[39m
              [36m>[39m
                [0mWIP Alerts (Work In Progress)[0m
              [36m</h3>[39m
              [36m<div[39m
                [33mclass[39m=[32m"text-sm text-gray-500"[39m
              [36m>[39m
                [0mNo WIP violations recorded in the current data.[0m
              [36m</div>[39m
            [36m</div>[39m
            [36m<div[39m
              [33mclass[39m=[32m"space-y-3"[39m
            [36m>[39m
              [36m<h3[39m
                [33mclass[39m=[32m"text-base font-semibold"[39m
              [36m>[39m
                [0mCumulative Flow over time[0m
              [36m</h3>[39m
              [36m<div[39m
                [33mclass[39m=[32m"overflow-x-auto border border-[color:var(--border-color)] 
bg-[color:var(--surface-card)]/60"[39m
              [36m>[39m
                [36m<table[39m
                  [33mclass[39m=[32m"min-w-full table-fixed text-sm"[39m
                [36m>[39m
                  [36m<thead[39m
                    [33mclass[39m=[32m"border-b border-[color:var(--border-color)] 
bg-gray-50/80 text-center text-gray-700 dark:bg-gray-800/60"[39m
                  [36m>[39m
                    [36m<tr>[39m
                      [36m<th[39m
                        [33mclass[39m=[32m"px-4 py-2 font-medium whitespace-nowrap"[39m
                      [36m>[39m
                        [0mDate[0m
                      [36m</th>[39m
                    [36m</tr>[39m
                  [36m</thead>[39m
                  [36m<tbody>[39m
                    [36m<tr>[39m
                      [36m<td[39m
                        [33mclass[39m=[32m"px-4 py-3 text-center text-sm text-gray-500"[39m
                        [33mcolspan[39m=[32m"1"[39m
                      [36m>[39m
                        [0mNo CFD data available.[0m
                      [36m</td>[39m
                    [36m</tr>[39m
                  [36m</tbody>[39m
                [36m</table>[39m
              [36m</div>[39m
            [36m</div>[39m
          [36m</div>[39m
        [36m</div>[39m
      [36m</div>[39m
    [36m</body>[39m

    [0m [90m 29 |[39m     
api[33m.[39mfetchTeacherThroughput[33m.[39mmockResolvedValueOnce({ data[33m:[39m { 
items[33m:[39m [{ label[33m:[39m [32m'Done'[39m[33m,[39m value[33m:[39m [35m12[39m 
}] } })[33m;[39m
     [90m 30 |[39m     render([33m<[39m[33mThroughputPanel[39m 
[33m/[39m[33m>[39m)[33m;[39m
    [31m[1m>[22m[39m[90m 31 |[39m     expect([36mawait[39m 
screen[33m.[39mfindByText([35m/Lﾆｰu lﾆｰ盻｣ng cﾃｴng vi盻㌘ \& 
Bottleneck/i[39m))[33m.[39mtoBeInTheDocument()[33m;[39m
     [90m    |[39m                         [31m[1m^[22m[39m
     [90m 32 |[39m     expect([36mawait[39m 
screen[33m.[39mfindByText([35m/Entered/i[39m))[33m.[39mtoBeInTheDocument()[33m;[39m
     [90m 33 |[39m   })[33m;[39m
     [90m 34 |[39m[0m

      at waitForWrapper (node_modules/@testing-library/dom/dist/wait-for.js:163:27)
      at findByText (node_modules/@testing-library/dom/dist/query-helpers.js:86:33)
      at Object.<anonymous> 
(src/test/__tests_cps__/components/teacher.ThroughputPanel.behavior.states.test.tsx:31:25)

  笳・Teacher/ThroughputPanel behavior states 窶ｺ error state shows guidance

    Unable to find an element with the text: /Ch盻肱 board/i. This could be because the text is 
broken up by multiple elements. In this case, you can provide a function for your text matcher 
to make your matcher more flexible.

    Ignored nodes: comments, script, style
    [36m<body>[39m
      [36m<div>[39m
        [36m<div[39m
          [33mclass[39m=[32m"p-6 text-[color:var(--text-primary)]"[39m
        [36m>[39m
          [36m<div[39m
            [33mclass[39m=[32m"mx-auto max-w-6xl space-y-6"[39m
          [36m>[39m
            [36m<div[39m
              [33mclass[39m=[32m"flex flex-col gap-4 border-b 
border-[color:var(--border-color)] pb-4 md:flex-row md:items-center md:justify-between"[39m
            [36m>[39m
              [36m<div>[39m
                [36m<h2[39m
                  [33mclass[39m=[32m"text-2xl font-semibold tracking-tight"[39m
                [36m>[39m
                  [0mThroughput & Bottlenecks[0m
                [36m</h2>[39m
              [36m</div>[39m
              [36m<div[39m
                [33mclass[39m=[32m"flex flex-col items-stretch gap-2 sm:flex-row 
sm:items-end"[39m
              [36m>[39m
                [36m<div[39m
                  [33mclass[39m=[32m"flex flex-col sm:items-start"[39m
                [36m>[39m
                  [36m<span[39m
                    [33mclass[39m=[32m"mb-1 text-xs font-medium uppercase tracking-wide 
text-gray-500"[39m
                  [36m>[39m
                    [0mSelect board[0m
                  [36m</span>[39m
                  [36m<select[39m
                    [33mclass[39m=[32m"w-full rounded-none border 
border-[color:var(--border-color)] bg-[color:var(--surface-card)]/60 px-3 py-2 text-sm 
outline-none focus:border-blue-500 focus:ring-2 focus:ring-blue-500/40 sm:w-64"[39m
                  [36m>[39m
                    [36m<option[39m
                      [33mdisabled[39m=[32m""[39m
                      [33mvalue[39m=[32m""[39m
                    [36m>[39m
                      [0mSelect a board to view[0m
                    [36m</option>[39m
                    [36m<option[39m
                      [33mvalue[39m=[32m"b1"[39m
                    [36m>[39m
                      [0mMy Board 1[0m
                    [36m</option>[39m
                    [36m<option[39m
                      [33mvalue[39m=[32m"b2"[39m
                    [36m>[39m
                      [0mMy Board 2[0m
                    [36m</option>[39m
                  [36m</select>[39m
                [36m</div>[39m
                [36m<button[39m
                  [33mclass[39m=[32m"inline-flex items-center justify-center rounded-md 
bg-blue-600 px-4 py-2 text-sm font-medium text-white shadow-sm transition hover:bg-blue-700 
disabled:cursor-not-allowed disabled:opacity-70"[39m
                  [33mdisabled[39m=[32m""[39m
                [36m>[39m
                  [0mLoad data[0m
                [36m</button>[39m
              [36m</div>[39m
            [36m</div>[39m
            [36m<div[39m
              [33mclass[39m=[32m"grid gap-4 md:grid-cols-3"[39m
            [36m>[39m
              [36m<div[39m
                [33mclass[39m=[32m"border border-[color:var(--border-color)] 
bg-[color:var(--surface-card)]/60 p-4"[39m
              [36m>[39m
                [36m<div[39m
                  [33mclass[39m=[32m"text-xs font-medium uppercase tracking-wide 
text-gray-500"[39m
                [36m>[39m
                  [0mColumns in workflow[0m
                [36m</div>[39m
                [36m<div[39m
                  [33mclass[39m=[32m"mt-1 text-2xl font-semibold"[39m
                [36m>[39m
                  [0m0[0m
                [36m</div>[39m
              [36m</div>[39m
              [36m<div[39m
                [33mclass[39m=[32m"border border-[color:var(--border-color)] 
bg-[color:var(--surface-card)]/60 p-4"[39m
              [36m>[39m
                [36m<div[39m
                  [33mclass[39m=[32m"text-xs font-medium uppercase tracking-wide 
text-gray-500"[39m
                [36m>[39m
                  [0mCFD days[0m
                [36m</div>[39m
                [36m<div[39m
                  [33mclass[39m=[32m"mt-1 text-2xl font-semibold"[39m
                [36m>[39m
                  [0m0[0m
                [36m</div>[39m
              [36m</div>[39m
              [36m<div[39m
                [33mclass[39m=[32m"border border-[color:var(--border-color)] 
bg-[color:var(--surface-card)]/60 p-4"[39m
              [36m>[39m
                [36m<div[39m
                  [33mclass[39m=[32m"text-xs font-medium uppercase tracking-wide 
text-gray-500"[39m
                [36m>[39m
                  [0mPotential bottleneck columns[0m
                [36m</div>[39m
                [36m<div[39m
                  [33mclass[39m=[32m"mt-1 text-sm text-gray-600"[39m
                [36m>[39m
                  [0mNo data yet[0m
                [36m</div>[39m
              [36m</div>[39m
            [36m</div>[39m
            [36m<div[39m
              [33mclass[39m=[32m"space-y-3"[39m
            [36m>[39m
              [36m<h3[39m
                [33mclass[39m=[32m"text-base font-semibold"[39m
              [36m>[39m
                [0mWorkflow throughput by column[0m
              [36m</h3>[39m
              [36m<div[39m
                [33mclass[39m=[32m"overflow-x-auto border border-[color:var(--border-color)] 
bg-[color:var(--surface-card)]/60"[39m
              [36m>[39m
                [36m<table[39m
                  [33mclass[39m=[32m"min-w-full text-sm"[39m
                [36m>[39m
                  [36m<thead[39m
                    [33mclass[39m=[32m"border-b border-[color:var(--border-color)] 
bg-gray-50/80 text-left text-gray-700 dark:bg-gray-800/60"[39m
                  [36m>[39m
                    [36m<tr>[39m
                      [36m<th[39m
                        [33mclass[39m=[32m"px-4 py-2 font-medium"[39m
                      [36m>[39m
                        [0mColumn[0m
                      [36m</th>[39m
                      [36m<th[39m
                        [33mclass[39m=[32m"px-4 py-2 font-medium"[39m
                      [36m>[39m
                        [0mEntered[0m
                      [36m</th>[39m
                      [36m<th[39m
                        [33mclass[39m=[32m"px-4 py-2 font-medium"[39m
                      [36m>[39m
                        [0mExited[0m
                      [36m</th>[39m
                    [36m</tr>[39m
                  [36m</thead>[39m
                  [36m<tbody />[39m
                [36m</table>[39m
              [36m</div>[39m
            [36m</div>[39m
            [36m<div[39m
              [33mclass[39m=[32m"space-y-3"[39m
            [36m>[39m
              [36m<h3[39m
                [33mclass[39m=[32m"text-base font-semibold"[39m
              [36m>[39m
                [0mAverage time per column (hours)[0m
              [36m</h3>[39m
              [36m<div[39m
                [33mclass[39m=[32m"space-y-2"[39m
              [36m>[39m
                [36m<div[39m
                  [33mclass[39m=[32m"text-sm text-gray-500"[39m
                [36m>[39m
                  [0mNo column time data available.[0m
                [36m</div>[39m
              [36m</div>[39m
            [36m</div>[39m
            [36m<div[39m
              [33mclass[39m=[32m"space-y-3"[39m
            [36m>[39m
              [36m<h3[39m
                [33mclass[39m=[32m"text-base font-semibold"[39m
              [36m>[39m
                [0mWIP Alerts (Work In Progress)[0m
              [36m</h3>[39m
              [36m<div[39m
                [33mclass[39m=[32m"text-sm text-gray-500"[39m
              [36m>[39m
                [0mNo WIP violations recorded in the current data.[0m
              [36m</div>[39m
            [36m</div>[39m
            [36m<div[39m
              [33mclass[39m=[32m"space-y-3"[39m
            [36m>[39m
              [36m<h3[39m
                [33mclass[39m=[32m"text-base font-semibold"[39m
              [36m>[39m
                [0mCumulative Flow over time[0m
              [36m</h3>[39m
              [36m<div[39m
                [33mclass[39m=[32m"overflow-x-auto border border-[color:var(--border-color)] 
bg-[color:var(--surface-card)]/60"[39m
              [36m>[39m
                [36m<table[39m
                  [33mclass[39m=[32m"min-w-full table-fixed text-sm"[39m
                [36m>[39m
                  [36m<thead[39m
                    [33mclass[39m=[32m"border-b border-[color:var(--border-color)] 
bg-gray-50/80 text-center text-gray-700 dark:bg-gray-800/60"[39m
                  [36m>[39m
                    [36m<tr>[39m
                      [36m<th[39m
                        [33mclass[39m=[32m"px-4 py-2 font-medium whitespace-nowrap"[39m
                      [36m>[39m
                        [0mDate[0m
                      [36m</th>[39m
                    [36m</tr>[39m
                  [36m</thead>[39m
                  [36m<tbody>[39m
                    [36m<tr>[39m
                      [36m<td[39m
                        [33mclass[39m=[32m"px-4 py-3 text-center text-sm text-gray-500"[39m
                        [33mcolspan[39m=[32m"1"[39m
                      [36m>[39m
                        [0mNo CFD data available.[0m
                      [36m</td>[39m
                    [36m</tr>[39m
                  [36m</tbody>[39m
                [36m</table>[39m
              [36m</div>[39m
            [36m</div>[39m
          [36m</div>[39m
        [36m</div>[39m
      [36m</div>[39m
    [36m</body>[39m

    [0m [90m 37 |[39m     
api[33m.[39mfetchTeacherThroughput[33m.[39mmockRejectedValueOnce([36mnew[39m 
[33mError[39m([32m'server error'[39m))[33m;[39m
     [90m 38 |[39m     render([33m<[39m[33mThroughputPanel[39m 
[33m/[39m[33m>[39m)[33m;[39m
    [31m[1m>[22m[39m[90m 39 |[39m     expect([36mawait[39m 
screen[33m.[39mfindByText([35m/Ch盻肱 board/i[39m))[33m.[39mtoBeInTheDocument()[33m;[39m
     [90m    |[39m                         [31m[1m^[22m[39m
     [90m 40 |[39m   })[33m;[39m
     [90m 41 |[39m })[33m;[39m
     [90m 42 |[39m[0m

      at waitForWrapper (node_modules/@testing-library/dom/dist/wait-for.js:163:27)
      at findByText (node_modules/@testing-library/dom/dist/query-helpers.js:86:33)
      at Object.<anonymous> 
(src/test/__tests_cps__/components/teacher.ThroughputPanel.behavior.states.test.tsx:39:25)

FAIL src/test/__tests_cps__/pages/QualityControl.WorkForecast.test.tsx (8.487 s)
  笳・WorkForecast 窶ｺ sends selected filters when loading forecast manually

    TestingLibraryElementError: Unable to find an accessible element with the role "button" and 
name `/T蘯｣i Forecast/i`

    Here are the accessible roles:

      heading:

      Name "Work Forecast":
      [36m<h1[39m
        [33mclass[39m=[32m"text-3xl font-bold text-gray-900 dark:text-white mb-2"[39m
      [36m/>[39m

      Name "Next Sprint":
      [36m<h2[39m
        [33mclass[39m=[32m"text-xl font-bold text-gray-900 dark:text-white mb-4 flex 
items-center gap-2"[39m
      [36m/>[39m

      Name "Historical Velocity":
      [36m<h2[39m
        [33mclass[39m=[32m"text-xl font-bold text-gray-900 dark:text-white mb-4 flex 
items-center gap-2"[39m
      [36m/>[39m

      Name "Risk Factors":
      [36m<h2[39m
        [33mclass[39m=[32m"text-xl font-bold text-gray-900 dark:text-white mb-4 flex 
items-center gap-2"[39m
      [36m/>[39m

      Name "Recommendation":
      [36m<h2[39m
        [33mclass[39m=[32m"text-xl font-bold text-gray-900 dark:text-white mb-4 flex 
items-center gap-2"[39m
      [36m/>[39m

      --------------------------------------------------
      paragraph:

      Name "":
      [36m<p[39m
        [33mclass[39m=[32m"text-gray-600 dark:text-gray-400"[39m
      [36m/>[39m

      Name "":
      [36m<p[39m
        [33mclass[39m=[32m"text-sm text-gray-600 dark:text-gray-400"[39m
      [36m/>[39m

      Name "":
      [36m<p[39m
        [33mclass[39m=[32m"text-lg font-semibold text-gray-900 dark:text-white"[39m
      [36m/>[39m

      Name "":
      [36m<p[39m
        [33mclass[39m=[32m"text-sm text-gray-600 dark:text-gray-400"[39m
      [36m/>[39m

      Name "":
      [36m<p[39m
        [33mclass[39m=[32m"text-lg font-semibold text-gray-900 dark:text-white"[39m
      [36m/>[39m

      Name "":
      [36m<p[39m
        [33mclass[39m=[32m"text-sm text-gray-600 dark:text-gray-400"[39m
      [36m/>[39m

      Name "":
      [36m<p[39m
        [33mclass[39m=[32m"text-lg font-semibold text-gray-900 dark:text-white"[39m
      [36m/>[39m

      Name "":
      [36m<p[39m
        [33mclass[39m=[32m"text-sm text-gray-600 dark:text-gray-400"[39m
      [36m/>[39m

      Name "":
      [36m<p[39m
        [33mclass[39m=[32m"text-3xl font-bold text-indigo-600 dark:text-indigo-400"[39m
      [36m/>[39m

      Name "":
      [36m<p[39m
        [33mclass[39m=[32m"text-xs text-gray-500 dark:text-gray-400 mt-1"[39m
      [36m/>[39m

      Name "":
      [36m<p[39m
        [33mclass[39m=[32m"text-sm text-gray-600 dark:text-gray-400"[39m
      [36m/>[39m

      Name "":
      [36m<p[39m
        [33mclass[39m=[32m"text-sm text-gray-700 dark:text-gray-300 mt-2"[39m
      [36m/>[39m

      Name "":
      [36m<p[39m
        [33mclass[39m=[32m"text-sm text-gray-600 dark:text-gray-400"[39m
      [36m/>[39m

      Name "":
      [36m<p[39m
        [33mclass[39m=[32m"text-lg font-semibold text-purple-600 dark:text-purple-400"[39m
      [36m/>[39m

      Name "":
      [36m<p[39m
        [33mclass[39m=[32m"text-xs text-gray-500 dark:text-gray-400 mt-1"[39m
      [36m/>[39m

      Name "":
      [36m<p[39m
        [33mclass[39m=[32m"text-sm font-semibold text-gray-700 dark:text-gray-300 flex 
items-center gap-2"[39m
      [36m/>[39m

      Name "":
      [36m<p[39m
        [33mclass[39m=[32m"text-2xl font-bold text-yellow-600 dark:text-yellow-400"[39m
      [36m/>[39m

      Name "":
      [36m<p[39m
        [33mclass[39m=[32m"text-xs text-gray-500 dark:text-gray-400 mt-1"[39m
      [36m/>[39m

      Name "":
      [36m<p[39m
        [33mclass[39m=[32m"text-sm font-semibold text-gray-700 dark:text-gray-300 flex 
items-center gap-2"[39m
      [36m/>[39m

      Name "":
      [36m<p[39m
        [33mclass[39m=[32m"text-2xl font-bold text-orange-600 dark:text-orange-400"[39m
      [36m/>[39m

      Name "":
      [36m<p[39m
        [33mclass[39m=[32m"text-xs text-gray-500 dark:text-gray-400 mt-1"[39m
      [36m/>[39m

      Name "":
      [36m<p[39m
        [33mclass[39m=[32m"text-sm font-semibold text-gray-700 dark:text-gray-300 flex 
items-center gap-2"[39m
      [36m/>[39m

      Name "":
      [36m<p[39m
        [33mclass[39m=[32m"text-2xl font-bold text-red-600 dark:text-red-400"[39m
      [36m/>[39m

      Name "":
      [36m<p[39m
        [33mclass[39m=[32m"text-xs text-gray-500 dark:text-gray-400 mt-1"[39m
      [36m/>[39m

      Name "":
      [36m<p[39m
        [33mclass[39m=[32m"text-sm text-gray-600 dark:text-gray-400"[39m
      [36m/>[39m

      Name "":
      [36m<p[39m
        [33mclass[39m=[32m"text-sm text-gray-600 dark:text-gray-400 mb-2"[39m
      [36m/>[39m

      Name "":
      [36m<p[39m
        [33mclass[39m=[32m"text-4xl font-bold text-green-600 dark:text-green-400"[39m
      [36m/>[39m

      Name "":
      [36m<p[39m
        [33mclass[39m=[32m"text-xs text-gray-500 dark:text-gray-400 mt-2"[39m
      [36m/>[39m

      Name "":
      [36m<p[39m
        [33mclass[39m=[32m"text-sm font-semibold text-gray-700 dark:text-gray-300 mb-3"[39m
      [36m/>[39m

      --------------------------------------------------
      combobox:

      Name "":
      [36m<select[39m
        [33mclass[39m=[32m"w-full px-4 py-2 border-2 border-gray-300 dark:border-slate-600 
bg-white dark:bg-slate-700 text-gray-900 dark:text-white focus:ring-2 focus:ring-indigo-500 
focus:border-indigo-500 transition-all rounded-lg"[39m
      [36m/>[39m

      --------------------------------------------------
      option:

      Name "-- Select Board --":
      [36m<option[39m
        [33mvalue[39m=[32m""[39m
      [36m/>[39m

      Name "Board One":
      [36m<option[39m
        [33mvalue[39m=[32m"b1"[39m
      [36m/>[39m

      --------------------------------------------------
      spinbutton:

      Name "":
      [36m<input[39m
        [33mclass[39m=[32m"w-full px-4 py-2 border-2 border-gray-300 dark:border-slate-600 
bg-white dark:bg-slate-700 text-gray-900 dark:text-white focus:ring-2 focus:ring-indigo-500 
focus:border-indigo-500 transition-all rounded-lg"[39m
        [33mmax[39m=[32m"30"[39m
        [33mmin[39m=[32m"1"[39m
        [33mtype[39m=[32m"number"[39m
        [33mvalue[39m=[32m"10"[39m
      [36m/>[39m

      --------------------------------------------------
      button:

      Name "Load Forecast":
      [36m<button[39m
        [33mclass[39m=[32m"w-full px-4 py-2 bg-indigo-600 text-white hover:bg-indigo-700 
disabled:opacity-50 disabled:cursor-not-allowed flex items-center justify-center gap-2 
rounded-lg transition-all"[39m
      [36m/>[39m

      --------------------------------------------------
      list:

      Name "":
      [36m<ul[39m
        [33mclass[39m=[32m"space-y-2"[39m
      [36m/>[39m

      --------------------------------------------------
      listitem:

      Name "":
      [36m<li[39m
        [33mclass[39m=[32m"flex items-start gap-2 text-sm text-gray-600 
dark:text-gray-400"[39m
      [36m/>[39m

      Name "":
      [36m<li[39m
        [33mclass[39m=[32m"flex items-start gap-2 text-sm text-gray-600 
dark:text-gray-400"[39m
      [36m/>[39m

      --------------------------------------------------

    Ignored nodes: comments, script, style
    [36m<body>[39m
      [36m<div>[39m
        [36m<div[39m
          [33mclass[39m=[32m"p-6 bg-gray-50 dark:bg-slate-900 min-h-screen"[39m
        [36m>[39m
          [36m<div[39m
            [33mclass[39m=[32m"mb-6"[39m
          [36m>[39m
            [36m<h1[39m
              [33mclass[39m=[32m"text-3xl font-bold text-gray-900 dark:text-white mb-2"[39m
            [36m>[39m
              [0mWork Forecast[0m
            [36m</h1>[39m
            [36m<p[39m
              [33mclass[39m=[32m"text-gray-600 dark:text-gray-400"[39m
            [36m>[39m
              [0mForecast of how many tasks can be completed in the next sprint based on 
historical velocity[0m
            [36m</p>[39m
          [36m</div>[39m
          [36m<div[39m
            [33mclass[39m=[32m"bg-white dark:bg-slate-800 shadow-lg p-6 mb-6 rounded-lg 
border border-gray-200 dark:border-slate-700"[39m
          [36m>[39m
            [36m<div[39m
              [33mclass[39m=[32m"grid grid-cols-1 md:grid-cols-2 lg:grid-cols-5 gap-4"[39m
            [36m>[39m
              [36m<div>[39m
                [36m<label[39m
                  [33mclass[39m=[32m"block text-sm font-semibold text-gray-700 
dark:text-gray-300 mb-2"[39m
                [36m>[39m
                  [36m<svg[39m
                    [33maria-hidden[39m=[32m"true"[39m
                    [33mclass[39m=[32m"lucide lucide-chart-column w-4 h-4 inline mr-1"[39m
                    [33mfill[39m=[32m"none"[39m
                    [33mheight[39m=[32m"24"[39m
                    [33mstroke[39m=[32m"currentColor"[39m
                    [33mstroke-linecap[39m=[32m"round"[39m
                    [33mstroke-linejoin[39m=[32m"round"[39m
                    [33mstroke-width[39m=[32m"2"[39m
                    [33mviewBox[39m=[32m"0 0 24 24"[39m
                    [33mwidth[39m=[32m"24"[39m
                    [33mxmlns[39m=[32m"http://www.w3.org/2000/svg"[39m
                  [36m>[39m
                    [36m<path[39m
                      [33md[39m=[32m"M3 3v16a2 2 0 0 0 2 2h16"[39m
                    [36m/>[39m
                    [36m<path[39m
                      [33md[39m=[32m"M18 17V9"[39m
                    [36m/>[39m
                    [36m<path[39m
                      [33md[39m=[32m"M13 17V5"[39m
                    [36m/>[39m
                    [36m<path[39m
                      [33md[39m=[32m"M8 17v-3"[39m
                    [36m/>[39m
                  [36m</svg>[39m
                  [0mSelect Board[0m
                [36m</label>[39m
                [36m<select[39m
                  [33mclass[39m=[32m"w-full px-4 py-2 border-2 border-gray-300 
dark:border-slate-600 bg-white dark:bg-slate-700 text-gray-900 dark:text-white focus:ring-2 
focus:ring-indigo-500 focus:border-indigo-500 transition-all rounded-lg"[39m
                [36m>[39m
                  [36m<option[39m
                    [33mvalue[39m=[32m""[39m
                  [36m>[39m
                    [0m-- Select Board --[0m
                  [36m</option>[39m
                  [36m<option[39m
                    [33mvalue[39m=[32m"b1"[39m
                  [36m>[39m
                    [0mBoard One[0m
                  [36m</option>[39m
                [36m</select>[39m
              [36m</div>[39m
              [36m<div>[39m
                [36m<label[39m
                  [33mclass[39m=[32m"block text-sm font-semibold text-gray-700 
dark:text-gray-300 mb-2"[39m
                [36m>[39m
                  [36m<svg[39m
                    [33maria-hidden[39m=[32m"true"[39m
                    [33mclass[39m=[32m"lucide lucide-calendar w-4 h-4 inline mr-1"[39m
                    [33mfill[39m=[32m"none"[39m
                    [33mheight[39m=[32m"24"[39m
                    [33mstroke[39m=[32m"currentColor"[39m
                    [33mstroke-linecap[39m=[32m"round"[39m
                    [33mstroke-linejoin[39m=[32m"round"[39m
                    [33mstroke-width[39m=[32m"2"[39m
                    [33mviewBox[39m=[32m"0 0 24 24"[39m
                    [33mwidth[39m=[32m"24"[39m
                    [33mxmlns[39m=[32m"http://www.w3.org/2000/svg"[39m
                  [36m>[39m
                    [36m<path[39m
                      [33md[39m=[32m"M8 2v4"[39m
                    [36m/>[39m
                    [36m<path[39m
                      [33md[39m=[32m"M16 2v4"[39m
                    [36m/>[39m
                    [36m<rect[39m
                      [33mheight[39m=[32m"18"[39m
                      [33mrx[39m=[32m"2"[39m
                      [33mwidth[39m=[32m"18"[39m
                      [33mx[39m=[32m"3"[39m
                      [33my[39m=[32m"4"[39m
                    [36m/>[39m
                    [36m<path[39m
                      [33md[39m=[32m"M3 10h18"[39m
                    [36m/>[39m
                  [36m</svg>[39m
                  [0mSprint Start Date[0m
                [36m</label>[39m
                [36m<input[39m
                  [33mclass[39m=[32m"w-full px-4 py-2 border-2 border-gray-300 
dark:border-slate-600 bg-white dark:bg-slate-700 text-gray-900 dark:text-white focus:ring-2 
focus:ring-indigo-500 focus:border-indigo-500 transition-all rounded-lg"[39m
                  [33mtype[39m=[32m"date"[39m
                  [33mvalue[39m=[32m"2025-06-01"[39m
                [36m/>[39m
              [36m</div>[39m
              [36m<div>[39m
                [36m<label[39m
                  [33mclass[39m=[32m"block text-sm font-semibold text-gray-700 
dark:text-gray-300 mb-2"[39m
                [36m>[39m
                  [36m<svg[39m
                    [33maria-hidden[39m=[32m"true"[39m
                    [33mclass[39m=[32m"lucide lucide-calendar w-4 h-4 inline mr-1"[39m
                    [33mfill[39m=[32m"none"[39m
                    [33mheight[39m=[32m"24"[39m
                    [33mstroke[39m=[32m"currentColor"[39m
                    [33mstroke-linecap[39m=[32m"round"[39m
                    [33mstroke-linejoin[39m=[32m"round"[39m
                    [33mstroke-width[39m=[32m"2"[39m
                    [33mviewBox[39m=[32m"0 0 24 24"[39m
                    [33mwidth[39m=[32m"24"[39m
                    [33mxmlns[39m=[32m"http://www.w3.org/2000/svg"[39m
                  [36m>[39m
                    [36m<path[39m
                      [33md[39m=[32m"M8 2v4"[39m
                    [36m/>[39m
                    [36m<path[39m
                      [33md[39m=[32m"M16 2v4"[39m
                    [36m/>[39m
                    [36m<rect[39m
                      [33mheight[39m=[32m"18"[39m
                      [33mrx[39m=[32m"2"[39m
                      [33mwidth[39m=[32m"18"[39m
                      [33mx[39m=[32m"3"[39m
                      [33my[39m=[32m"4"[39m
                    [36m/>[39m
                    [36m<path[39m
                      [33md[39m=[32m"M3 10h18"[39m
                    [36m/>[39m
                  [36m</svg>[39m
                  [0mSprint End Date[0m
                [36m</label>[39m
                [36m<input[39m
                  [33mclass[39m=[32m"w-full px-4 py-2 border-2 border-gray-300 
dark:border-slate-600 bg-white dark:bg-slate-700 text-gray-900 dark:text-white fo...

    [0m [90m 92 |[39m     fireEvent[33m.[39mchange(screen[33m.[39mgetByDisplayValue([32m
'2025-05-15'[39m)[33m,[39m { target[33m:[39m { value[33m:[39m [32m'2025-06-15'[39m } 
})[33m;[39m
     [90m 93 |[39m     
fireEvent[33m.[39mchange(screen[33m.[39mgetByDisplayValue([32m'14'[39m)[33m,[39m { 
target[33m:[39m { value[33m:[39m [32m'10'[39m } })[33m;[39m
    [31m[1m>[22m[39m[90m 94 |[39m     
fireEvent[33m.[39mclick(screen[33m.[39mgetByRole([32m'button'[39m[33m,[39m { 
name[33m:[39m [35m/T蘯｣i Forecast/i[39m }))[33m;[39m
     [90m    |[39m                            [31m[1m^[22m[39m
     [90m 95 |[39m
     [90m 96 |[39m     [36mawait[39m waitFor(() [33m=>[39m 
expect(mockGetSprintForecast)[33m.[39mtoHaveBeenCalledWith([32m'b1'[39m[33m,[39m 
[32m'2025-06-01'[39m[33m,[39m [32m'2025-06-15'[39m[33m,[39m [35m10[39m))[33m;[39m
     [90m 97 |[39m   })[33m;[39m[0m

      at Object.getElementError (node_modules/@testing-library/dom/dist/config.js:37:19)
      at node_modules/@testing-library/dom/dist/query-helpers.js:76:38
      at node_modules/@testing-library/dom/dist/query-helpers.js:52:17
      at getByRole (node_modules/@testing-library/dom/dist/query-helpers.js:95:19)
      at Object.<anonymous> 
(src/test/__tests_cps__/pages/QualityControl.WorkForecast.test.tsx:94:28)

  笳・WorkForecast 窶ｺ shows empty state and toast on forecast failure

    expect(jest.fn()).toHaveBeenCalled()

    Expected number of calls: >= 1
    Received number of calls:    0

    Ignored nodes: comments, script, style
    [36m<html>[39m
      [36m<head />[39m
      [36m<body>[39m
        [36m<div>[39m
          [36m<div[39m
            [33mclass[39m=[32m"p-6 bg-gray-50 dark:bg-slate-900 min-h-screen"[39m
          [36m>[39m
            [36m<div[39m
              [33mclass[39m=[32m"mb-6"[39m
            [36m>[39m
              [36m<h1[39m
                [33mclass[39m=[32m"text-3xl font-bold text-gray-900 dark:text-white 
mb-2"[39m
              [36m>[39m
                [0mWork Forecast[0m
              [36m</h1>[39m
              [36m<p[39m
                [33mclass[39m=[32m"text-gray-600 dark:text-gray-400"[39m
              [36m>[39m
                [0mForecast of how many tasks can be completed in the next sprint based on 
historical velocity[0m
              [36m</p>[39m
            [36m</div>[39m
            [36m<div[39m
              [33mclass[39m=[32m"bg-white dark:bg-slate-800 shadow-lg p-6 mb-6 rounded-lg 
border border-gray-200 dark:border-slate-700"[39m
            [36m>[39m
              [36m<div[39m
                [33mclass[39m=[32m"grid grid-cols-1 md:grid-cols-2 lg:grid-cols-5 gap-4"[39m
              [36m>[39m
                [36m<div>[39m
                  [36m<label[39m
                    [33mclass[39m=[32m"block text-sm font-semibold text-gray-700 
dark:text-gray-300 mb-2"[39m
                  [36m>[39m
                    [36m<svg[39m
                      [33maria-hidden[39m=[32m"true"[39m
                      [33mclass[39m=[32m"lucide lucide-chart-column w-4 h-4 inline mr-1"[39m
                      [33mfill[39m=[32m"none"[39m
                      [33mheight[39m=[32m"24"[39m
                      [33mstroke[39m=[32m"currentColor"[39m
                      [33mstroke-linecap[39m=[32m"round"[39m
                      [33mstroke-linejoin[39m=[32m"round"[39m
                      [33mstroke-width[39m=[32m"2"[39m
                      [33mviewBox[39m=[32m"0 0 24 24"[39m
                      [33mwidth[39m=[32m"24"[39m
                      [33mxmlns[39m=[32m"http://www.w3.org/2000/svg"[39m
                    [36m>[39m
                      [36m<path[39m
                        [33md[39m=[32m"M3 3v16a2 2 0 0 0 2 2h16"[39m
                      [36m/>[39m
                      [36m<path[39m
                        [33md[39m=[32m"M18 17V9"[39m
                      [36m/>[39m
                      [36m<path[39m
                        [33md[39m=[32m"M13 17V5"[39m
                      [36m/>[39m
                      [36m<path[39m
                        [33md[39m=[32m"M8 17v-3"[39m
                      [36m/>[39m
                    [36m</svg>[39m
                    [0mSelect Board[0m
                  [36m</label>[39m
                  [36m<select[39m
                    [33mclass[39m=[32m"w-full px-4 py-2 border-2 border-gray-300 
dark:border-slate-600 bg-white dark:bg-slate-700 text-gray-900 dark:text-white focus:ring-2 
focus:ring-indigo-500 focus:border-indigo-500 transition-all rounded-lg"[39m
                  [36m>[39m
                    [36m<option[39m
                      [33mvalue[39m=[32m""[39m
                    [36m>[39m
                      [0m-- Select Board --[0m
                    [36m</option>[39m
                    [36m<option[39m
                      [33mvalue[39m=[32m"b1"[39m
                    [36m>[39m
                      [0mBoard One[0m
                    [36m</option>[39m
                  [36m</select>[39m
                [36m</div>[39m
                [36m<div>[39m
                  [36m<label[39m
                    [33mclass[39m=[32m"block text-sm font-semibold text-gray-700 
dark:text-gray-300 mb-2"[39m
                  [36m>[39m
                    [36m<svg[39m
                      [33maria-hidden[39m=[32m"true"[39m
                      [33mclass[39m=[32m"lucide lucide-calendar w-4 h-4 inline mr-1"[39m
                      [33mfill[39m=[32m"none"[39m
                      [33mheight[39m=[32m"24"[39m
                      [33mstroke[39m=[32m"currentColor"[39m
                      [33mstroke-linecap[39m=[32m"round"[39m
                      [33mstroke-linejoin[39m=[32m"round"[39m
                      [33mstroke-width[39m=[32m"2"[39m
                      [33mviewBox[39m=[32m"0 0 24 24"[39m
                      [33mwidth[39m=[32m"24"[39m
                      [33mxmlns[39m=[32m"http://www.w3.org/2000/svg"[39m
                    [36m>[39m
                      [36m<path[39m
                        [33md[39m=[32m"M8 2v4"[39m
                      [36m/>[39m
                      [36m<path[39m
                        [33md[39m=[32m"M16 2v4"[39m
                      [36m/>[39m
                      [36m<rect[39m
                        [33mheight[39m=[32m"18"[39m
                        [33mrx[39m=[32m"2"[39m
                        [33mwidth[39m=[32m"18"[39m
                        [33mx[39m=[32m"3"[39m
                        [33my[39m=[32m"4"[39m
                      [36m/>[39m
                      [36m<path[39m
                        [33md[39m=[32m"M3 10h18"[39m
                      [36m/>[39m
                    [36m</svg>[39m
                    [0mSprint Start Date[0m
                  [36m</label>[39m
                  [36m<input[39m
                    [33mclass[39m=[32m"w-full px-4 py-2 border-2 border-gray-300 
dark:border-slate-600 bg-white dark:bg-slate-700 text-gray-900 dark:text-white focus:ring-2 
focus:ring-indigo-500 focus:border-indigo-500 transition-all rounded-lg"[39m
                    [33mtype[39m=[32m"date"[39m
                    [33mvalue[39m=[32m""[39m
                  [36m/>[39m
                [36m</div>[39m
                [36m<div>[39m
                  [36m<label[39m
                    [33mclass[39m=[32m"block text-sm font-semibold text-gray-700 
dark:text-gray-300 mb-2"[39m
                  [36m>[39m
                    [36m<svg[39m
                      [33maria-hidden[39m=[32m"true"[39m
                      [33mclass[39m=[32m"lucide lucide-calendar w-4 h-4 inline mr-1"[39m
                      [33mfill[39m=[32m"none"[39m
                      [33mheight[39m=[32m"24"[39m
                      [33mstroke[39m=[32m"currentColor"[39m
                      [33mstroke-linecap[39m=[32m"round"[39m
                      [33mstroke-linejoin[39m=[32m"round"[39m
                      [33mstroke-width[39m=[32m"2"[39m
                      [33mviewBox[39m=[32m"0 0 24 24"[39m
                      [33mwidth[39m=[32m"24"[39m
                      [33mxmlns[39m=[32m"http://www.w3.org/2000/svg"[39m
                    [36m>[39m
                      [36m<path[39m
                        [33md[39m=[32m"M8 2v4"[39m
                      [36m/>[39m
                      [36m<path[39m
                        [33md[39m=[32m"M16 2v4"[39m
                      [36m/>[39m
                      [36m<rect[39m
                        [33mheight[39m=[32m"18"[39m
                        [33mrx[39m=[32m"2"[39m
                        [33mwidth[39m=[32m"18"[39m
                        [33mx[39m=[32m"3"[39m
                        [33my[39m=[32m"4"[39m
                      [36m/>[39m
                      [36m<path[39m
                        [33md[39m=[32m"M3 10h18"[39m
                      [36m/>[39m
                    [36m</svg>[39m
                    [0mSprint End Date[0m
                  [36m</label>[39m
                  [36m<input[39m
                    [33mclass[39m=[32m"w-full px-4 py-2 border-2 border-gray-300 
dark:border-slate-600 bg-white dark:bg-slate-700 text-gray-900 dark:text-white focus:ring-2 
focus:ring-indigo-500 focus:border-indigo-500 transition-all rounded-lg"[39m
                    [33mtype[39m=[32m"date"[39m
                    [33mvalue[39m=[32m""[39m
                  [36m/>[39m
                [36m</div>[39m
                [36m<div>[39m
                  [36m<label[39m
                    [33mclass[39m=[32m"block text-sm font-semibold text-gray-700 
dark:text-gray-300 mb-2"[39m
                  [36m>[39m
                    [36m<svg[39m
                      [33maria-hidden[39m=[32m"true"[39m
                      [33mclass[39m=[32m"lucide lucide-clock w-4 h-4 inline mr-1"[39m
                      [33mfill[39m=[32m"none"[39m
                      [33mheight[39m=[32m"24"[39m
                      [33mstroke[39m=[32m"currentColor"[39m
                      [33mstroke-linecap[39m=[32m"round"[39m
                      [33mstroke-linejoin[39m=[32m"round"[39m
                      [33mstroke-width[39m=[32m"2"[39m
                      [33mviewBox[39m=[32m"0 0 24 24"[39m
                      [33mwidth[39m=[32m"24"[39m
                      [33mxmlns[39m=[32m"http://www.w3.org/2000/svg"[39m
                    [36m>[39m
                      [36m<path[39m
                        [33md[39m=[32m"M12 6v6l4 2"[39m
                      [36m/>[39m
                      [36m<circle[39m
                        [33mcx[39m=[32m"12"[39m
                        [33mcy[39m=[32m"12"[39m
                        [33mr[39m=[32m"10"[39m
                      [36m/>[39m
                    [36m</svg>[39m
                    [0mSprint Duration (days)[0m
                  [36m</label>[39m
                  [36m<input[39m
                    [33mclass[39m=[32m"w-full px-4 py-2 border-2 border-gray-300 
dark:border-slate-600 bg-white dark:bg-slate-700 text-gray-900 dark:text-white focus:ring-2 
focus:ring-indigo-500 focus:border-indigo-500 transition-all rounded-lg"[39m
                    [33mmax[39m=[32m"30"[39m
                    [33mmin[39m=[32m"1"[39m
                    [33mtype[39m=[32m"number"[39m
                    [33mvalue[39m=[32m"14"[39m
                  [36m/>[39m
                [36m</div>[39m
                [36m<div[39m
                  [33mclass[39m=[32m"flex items-end"[39m
                [36m>[39m
                  [36m<button[39m
                    [33mclass[39m=[32m"w-full px-4 py-2 bg-indigo-600 text-white 
hover:bg-indigo-700 disabled:opacity-50 disabled:cursor-not-allowed flex items-center 
justify-center gap-2 rounded-lg transition-all"[39m
                  [36m>[39m
                    [36m<svg[39m
                      [33maria-hidden[39m=[32m"true"[39m
                      [33mclass[39m=[32m"lucide lucide-trending-up h-4 w-4"[39m
                      [33mfill[39m=[32m"none"[39m
                      [33mheight[39m=[32m"24"[39m
                      [33mstroke[39m=[32m"currentColor"[39m
                      [33mstroke-linecap[39m=[32m"round"[39m
                      [33mstroke-linejoin[39m=[32m"round"[39m
                      [33mstroke-width[39m=[32m"2"[39m
                      [33mviewBox[39m=[32m"0 0 24 24"[39m
                      [33mwidth[39m=[32m"24"[39m
                      [33mxmlns[39m=[32m"http://www.w3.org/2000/svg"[39m
                    [36m>[39m
                      [36m<path[39m
                        [33md[39m=[32m"M16 7h6v6"[39m
                      [36m/>[39m
                      [36m<path[39m
                        [33md[39m=[32m"m22 7-8.5 8.5-5-5L2 17"[39m
                      [36m/>[39m
                    [36m</svg>[39m
                    [0mLoad Forecast[0m
                  [36m</button>[39m
                [36m</div>[39m
              [36m</div>[39m
            [36m</div>[39m
            [36m<div[39m
              [33mclass[39m=[32m"bg-white dark:bg-slate-800 shadow-lg p-12 rounded-lg 
text-center"[39m
            [36m>[39m
              [36m<svg[39m
                [33maria-hidden[39m=[32m"true"[39m
                [33mclass[39m=[32m"lucide lucide-chart-column w-16 h-16 mx-auto 
text-gray-400 mb-4"[39m
                [33mfill[39m=[32m"none"[39m
                [33mheight[39m=[32m"24"[39m
                [33mstroke[39m=[32m"currentColor"[39m
                [33mstroke-linecap[39m=[32m"round"[39m
                [33mstroke-linejoin[39m=[32m"round"[39m
                [33mstroke-width[39m=[32m"2"[39m
                [33mviewBox[39m=[32m"0 0 24 24"[39m
                [33mwidth[39m=[32m"24"[39m
                [33mxmlns[39m=[32m"http://www.w3.org/2000/svg"[39m
              [36m>[39m
                [36m<path[39m
                  [33md[39m=[32m"M3 3v16a2 2 0 0 0 2 2h16"[39m
                [36m/>[39m
                [36m<path[39m
                  [33md[39m=[32m"M18 17V9"[39m
                [36m/>[39m
                [36m<path[39m
                  [33md[39m=[32m"M13 17V5"[39m
                [36m/>[39m
                [36m<path[39m
                  [33md[39m=[32m"M8 17v-3"[39m
                [36m/>[39m
              [36m</svg>[39m
              [36m<p[39m
                [33mclass[39m=[32m"text-gray-600 dark:text-gray-400"[39m
              [36m>[39m
                [0mPlease select a board and click "Load Forecast" to view the forecast[0m
              [36m</p>[39m
            [36m</div>[39m
          [36m</div>[39m
        [36m</div>[39m
      [36m</body>[39m
    [36m</html>[39m

    [0m [90m 102 |[39m     renderPage()[33m;[39m
     [90m 103 |[39m
    [31m[1m>[22m[39m[90m 104 |[39m     [36mawait[39m waitFor(() [33m=>[39m 
expect(toast[33m.[39merror)[33m.[39mtoHaveBeenCalled())[33m;[39m
     [90m     |[39m                                             [31m[1m^[22m[39m
     [90m 105 |[39m     expect(screen[33m.[39mgetByText([35m/Vui lﾃｲng ch盻肱 board vﾃ 
nh蘯･n "T蘯｣i Forecast"/i[39m))[33m.[39mtoBeInTheDocument()[33m;[39m
     [90m 106 |[39m   })[33m;[39m
     [90m 107 |[39m })[33m;[39m[0m

      at src/test/__tests_cps__/pages/QualityControl.WorkForecast.test.tsx:104:45
      at runWithExpensiveErrorDiagnosticsDisabled 
(node_modules/@testing-library/dom/dist/config.js:47:12)
      at checkCallback (node_modules/@testing-library/dom/dist/wait-for.js:124:77)
      at checkRealTimersCallback (node_modules/@testing-library/dom/dist/wait-for.js:118:16)
      at Timeout.task [as _onTimeout] (node_modules/jsdom/lib/jsdom/browser/Window.js:516:19)

FAIL src/test/__tests_cps__/pages/admin.AdminHome.test.tsx (7.91 s)
  笳・AdminHome 窶ｺ loads data and shows computed stats

    Unable to find an element with the text: /Admin Dashboard/i. This could be because the text 
is broken up by multiple elements. In this case, you can provide a function for your text 
matcher to make your matcher more flexible.

    Ignored nodes: comments, script, style
    [36m<body>[39m
      [36m<div>[39m
        [36m<div[39m
          [33mclass[39m=[32m"min-h-[calc(100vh-60px)] bg-gray-50 px-6 py-8"[39m
        [36m>[39m
          [36m<div[39m
            [33mclass[39m=[32m"max-w-7xl mx-auto space-y-6"[39m
          [36m>[39m
            [36m<div[39m
              [33mclass[39m=[32m"grid grid-cols-1 md:grid-cols-2 lg:grid-cols-4 gap-4"[39m
            [36m>[39m
              [36m<div[39m
                [33mclass[39m=[32m"bg-white border border-gray-200 p-5 shadow-sm 
hover:shadow-md transition-shadow relative overflow-hidden"[39m
              [36m>[39m
                [36m<div[39m
                  [33mclass[39m=[32m"absolute bottom-0 left-0 right-0 h-1 bg-blue-500"[39m
                [36m/>[39m
                [36m<div[39m
                  [33mclass[39m=[32m"flex items-center justify-between mb-3"[39m
                [36m>[39m
                  [36m<span[39m
                    [33mclass[39m=[32m"text-sm text-gray-600"[39m
                  [36m>[39m
                    [0mNew Accounts[0m
                  [36m</span>[39m
                  [36m<div[39m
                    [33mclass[39m=[32m"w-10 h-10 rounded-full bg-blue-100 flex items-center 
justify-center"[39m
                  [36m>[39m
                    [36m<span[39m
                      [33mclass[39m=[32m"text-xs font-semibold text-blue-600"[39m
                    [36m>[39m
                      [0m0[0m
                    [36m</span>[39m
                  [36m</div>[39m
                [36m</div>[39m
                [36m<div[39m
                  [33mclass[39m=[32m"flex items-baseline gap-2"[39m
                [36m>[39m
                  [36m<span[39m
                    [33mclass[39m=[32m"text-2xl font-bold text-gray-900"[39m
                  [36m>[39m
                    [0m25[0m
                    [0m%[0m
                  [36m</span>[39m
                  [36m<svg[39m
                    [33maria-hidden[39m=[32m"true"[39m
                    [33mclass[39m=[32m"lucide lucide-trending-up w-4 h-4 text-green-500"[39m
                    [33mfill[39m=[32m"none"[39m
                    [33mheight[39m=[32m"24"[39m
                    [33mstroke[39m=[32m"currentColor"[39m
                    [33mstroke-linecap[39m=[32m"round"[39m
                    [33mstroke-linejoin[39m=[32m"round"[39m
                    [33mstroke-width[39m=[32m"2"[39m
                    [33mviewBox[39m=[32m"0 0 24 24"[39m
                    [33mwidth[39m=[32m"24"[39m
                    [33mxmlns[39m=[32m"http://www.w3.org/2000/svg"[39m
                  [36m>[39m
                    [36m<path[39m
                      [33md[39m=[32m"M16 7h6v6"[39m
                    [36m/>[39m
                    [36m<path[39m
                      [33md[39m=[32m"m22 7-8.5 8.5-5-5L2 17"[39m
                    [36m/>[39m
                  [36m</svg>[39m
                [36m</div>[39m
              [36m</div>[39m
              [36m<div[39m
                [33mclass[39m=[32m"bg-white border border-gray-200 p-5 shadow-sm 
hover:shadow-md transition-shadow relative overflow-hidden"[39m
              [36m>[39m
                [36m<div[39m
                  [33mclass[39m=[32m"absolute bottom-0 left-0 right-0 h-1 bg-red-500"[39m
                [36m/>[39m
                [36m<div[39m
                  [33mclass[39m=[32m"flex items-center justify-between mb-3"[39m
                [36m>[39m
                  [36m<span[39m
                    [33mclass[39m=[32m"text-sm text-gray-600"[39m
                  [36m>[39m
                    [0mPending Approvals[0m
                  [36m</span>[39m
                  [36m<div[39m
                    [33mclass[39m=[32m"w-10 h-10 rounded-full bg-red-100 flex items-center 
justify-center"[39m
                  [36m>[39m
                    [36m<span[39m
                      [33mclass[39m=[32m"text-xs font-semibold text-red-600"[39m
                    [36m>[39m
                      [0m1[0m
                    [36m</span>[39m
                  [36m</div>[39m
                [36m</div>[39m
                [36m<div[39m
                  [33mclass[39m=[32m"flex items-baseline gap-2"[39m
                [36m>[39m
                  [36m<span[39m
                    [33mclass[39m=[32m"text-2xl font-bold text-gray-900"[39m
                  [36m>[39m
                    [0m25[0m
                    [0m%[0m
                  [36m</span>[39m
                  [36m<svg[39m
                    [33maria-hidden[39m=[32m"true"[39m
                    [33mclass[39m=[32m"lucide lucide-trending-down w-4 h-4 text-red-500"[39m
                    [33mfill[39m=[32m"none"[39m
                    [33mheight[39m=[32m"24"[39m
                    [33mstroke[39m=[32m"currentColor"[39m
                    [33mstroke-linecap[39m=[32m"round"[39m
                    [33mstroke-linejoin[39m=[32m"round"[39m
                    [33mstroke-width[39m=[32m"2"[39m
                    [33mviewBox[39m=[32m"0 0 24 24"[39m
                    [33mwidth[39m=[32m"24"[39m
                    [33mxmlns[39m=[32m"http://www.w3.org/2000/svg"[39m
                  [36m>[39m
                    [36m<path[39m
                      [33md[39m=[32m"M16 17h6v-6"[39m
                    [36m/>[39m
                    [36m<path[39m
                      [33md[39m=[32m"m22 17-8.5-8.5-5 5L2 7"[39m
                    [36m/>[39m
                  [36m</svg>[39m
                [36m</div>[39m
              [36m</div>[39m
              [36m<div[39m
                [33mclass[39m=[32m"bg-white border border-gray-200 p-5 shadow-sm 
hover:shadow-md transition-shadow relative overflow-hidden"[39m
              [36m>[39m
                [36m<div[39m
                  [33mclass[39m=[32m"absolute bottom-0 left-0 right-0 h-1 bg-yellow-400"[39m
                [36m/>[39m
                [36m<div[39m
                  [33mclass[39m=[32m"flex items-center justify-between mb-3"[39m
                [36m>[39m
                  [36m<span[39m
                    [33mclass[39m=[32m"text-sm text-gray-600"[39m
                  [36m>[39m
                    [0mActive Projects[0m
                  [36m</span>[39m
                  [36m<div[39m
                    [33mclass[39m=[32m"w-10 h-10 rounded-full bg-orange-100 flex 
items-center justify-center"[39m
                  [36m>[39m
                    [36m<span[39m
                      [33mclass[39m=[32m"text-xs font-semibold text-orange-600"[39m
                    [36m>[39m
                      [0m1[0m
                    [36m</span>[39m
                  [36m</div>[39m
                [36m</div>[39m
                [36m<div[39m
                  [33mclass[39m=[32m"flex items-baseline gap-2"[39m
                [36m>[39m
                  [36m<span[39m
                    [33mclass[39m=[32m"text-2xl font-bold text-gray-900"[39m
                  [36m>[39m
                    [0m2[0m
                  [36m</span>[39m
                [36m</div>[39m
              [36m</div>[39m
              [36m<div[39m
                [33mclass[39m=[32m"bg-white border border-gray-200 p-5 shadow-sm 
hover:shadow-md transition-shadow relative overflow-hidden"[39m
              [36m>[39m
                [36m<div[39m
                  [...

    [0m [90m 50 |[39m   renderPage()[33m;[39m
     [90m 51 |[39m   [90m// Wait for loading to disappear by checking for heading[39m
    [31m[1m>[22m[39m[90m 52 |[39m   [36mawait[39m waitFor(() [33m=>[39m 
expect(screen[33m.[39mgetByText([35m/Admin 
Dashboard/i[39m))[33m.[39mtoBeInTheDocument())[33m;[39m
     [90m    |[39m                [31m[1m^[22m[39m
     [90m 53 |[39m   [90m// Also wait until recent activities are populated to ensure stats 
updated[39m
     [90m 54 |[39m   [36mawait[39m waitFor(() [33m=>[39m 
expect(screen[33m.[39mgetByText([32m'Task 1 - Board 
1'[39m))[33m.[39mtoBeInTheDocument())[33m;[39m
     [90m 55 |[39m[0m

      at waitForWrapper (node_modules/@testing-library/dom/dist/wait-for.js:163:27)
      at Object.<anonymous> (src/test/__tests_cps__/pages/admin.AdminHome.test.tsx:52:16)

  笳・AdminHome 窶ｺ navigates when clicking stat cards

    Unable to find an element with the text: /Admin Dashboard/i. This could be because the text 
is broken up by multiple elements. In this case, you can provide a function for your text 
matcher to make your matcher more flexible.

    Ignored nodes: comments, script, style
    [36m<body>[39m
      [36m<div>[39m
        [36m<div[39m
          [33mclass[39m=[32m"min-h-[calc(100vh-60px)] bg-gray-50 px-6 py-8"[39m
        [36m>[39m
          [36m<div[39m
            [33mclass[39m=[32m"max-w-7xl mx-auto space-y-6"[39m
          [36m>[39m
            [36m<div[39m
              [33mclass[39m=[32m"grid grid-cols-1 md:grid-cols-2 lg:grid-cols-4 gap-4"[39m
            [36m>[39m
              [36m<div[39m
                [33mclass[39m=[32m"bg-white border border-gray-200 p-5 shadow-sm 
hover:shadow-md transition-shadow relative overflow-hidden"[39m
              [36m>[39m
                [36m<div[39m
                  [33mclass[39m=[32m"absolute bottom-0 left-0 right-0 h-1 bg-blue-500"[39m
                [36m/>[39m
                [36m<div[39m
                  [33mclass[39m=[32m"flex items-center justify-between mb-3"[39m
                [36m>[39m
                  [36m<span[39m
                    [33mclass[39m=[32m"text-sm text-gray-600"[39m
                  [36m>[39m
                    [0mNew Accounts[0m
                  [36m</span>[39m
                  [36m<div[39m
                    [33mclass[39m=[32m"w-10 h-10 rounded-full bg-blue-100 flex items-center 
justify-center"[39m
                  [36m>[39m
                    [36m<span[39m
                      [33mclass[39m=[32m"text-xs font-semibold text-blue-600"[39m
                    [36m>[39m
                      [0m0[0m
                    [36m</span>[39m
                  [36m</div>[39m
                [36m</div>[39m
                [36m<div[39m
                  [33mclass[39m=[32m"flex items-baseline gap-2"[39m
                [36m>[39m
                  [36m<span[39m
                    [33mclass[39m=[32m"text-2xl font-bold text-gray-900"[39m
                  [36m>[39m
                    [0m0[0m
                    [0m%[0m
                  [36m</span>[39m
                  [36m<svg[39m
                    [33maria-hidden[39m=[32m"true"[39m
                    [33mclass[39m=[32m"lucide lucide-trending-up w-4 h-4 text-green-500"[39m
                    [33mfill[39m=[32m"none"[39m
                    [33mheight[39m=[32m"24"[39m
                    [33mstroke[39m=[32m"currentColor"[39m
                    [33mstroke-linecap[39m=[32m"round"[39m
                    [33mstroke-linejoin[39m=[32m"round"[39m
                    [33mstroke-width[39m=[32m"2"[39m
                    [33mviewBox[39m=[32m"0 0 24 24"[39m
                    [33mwidth[39m=[32m"24"[39m
                    [33mxmlns[39m=[32m"http://www.w3.org/2000/svg"[39m
                  [36m>[39m
                    [36m<path[39m
                      [33md[39m=[32m"M16 7h6v6"[39m
                    [36m/>[39m
                    [36m<path[39m
                      [33md[39m=[32m"m22 7-8.5 8.5-5-5L2 17"[39m
                    [36m/>[39m
                  [36m</svg>[39m
                [36m</div>[39m
              [36m</div>[39m
              [36m<div[39m
                [33mclass[39m=[32m"bg-white border border-gray-200 p-5 shadow-sm 
hover:shadow-md transition-shadow relative overflow-hidden"[39m
              [36m>[39m
                [36m<div[39m
                  [33mclass[39m=[32m"absolute bottom-0 left-0 right-0 h-1 bg-red-500"[39m
                [36m/>[39m
                [36m<div[39m
                  [33mclass[39m=[32m"flex items-center justify-between mb-3"[39m
                [36m>[39m
                  [36m<span[39m
                    [33mclass[39m=[32m"text-sm text-gray-600"[39m
                  [36m>[39m
                    [0mPending Approvals[0m
                  [36m</span>[39m
                  [36m<div[39m
                    [33mclass[39m=[32m"w-10 h-10 rounded-full bg-red-100 flex items-center 
justify-center"[39m
                  [36m>[39m
                    [36m<span[39m
                      [33mclass[39m=[32m"text-xs font-semibold text-red-600"[39m
                    [36m>[39m
                      [0m0[0m
                    [36m</span>[39m
                  [36m</div>[39m
                [36m</div>[39m
                [36m<div[39m
                  [33mclass[39m=[32m"flex items-baseline gap-2"[39m
                [36m>[39m
                  [36m<span[39m
                    [33mclass[39m=[32m"text-2xl font-bold text-gray-900"[39m
                  [36m>[39m
                    [0m0[0m
                    [0m%[0m
                  [36m</span>[39m
                  [36m<svg[39m
                    [33maria-hidden[39m=[32m"true"[39m
                    [33mclass[39m=[32m"lucide lucide-trending-up w-4 h-4 text-green-500"[39m
                    [33mfill[39m=[32m"none"[39m
                    [33mheight[39m=[32m"24"[39m
                    [33mstroke[39m=[32m"currentColor"[39m
                    [33mstroke-linecap[39m=[32m"round"[39m
                    [33mstroke-linejoin[39m=[32m"round"[39m
                    [33mstroke-width[39m=[32m"2"[39m
                    [33mviewBox[39m=[32m"0 0 24 24"[39m
                    [33mwidth[39m=[32m"24"[39m
                    [33mxmlns[39m=[32m"http://www.w3.org/2000/svg"[39m
                  [36m>[39m
                    [36m<path[39m
                      [33md[39m=[32m"M16 7h6v6"[39m
                    [36m/>[39m
                    [36m<path[39m
                      [33md[39m=[32m"m22 7-8.5 8.5-5-5L2 17"[39m
                    [36m/>[39m
                  [36m</svg>[39m
                [36m</div>[39m
              [36m</div>[39m
              [36m<div[39m
                [33mclass[39m=[32m"bg-white border border-gray-200 p-5 shadow-sm 
hover:shadow-md transition-shadow relative overflow-hidden"[39m
              [36m>[39m
                [36m<div[39m
                  [33mclass[39m=[32m"absolute bottom-0 left-0 right-0 h-1 bg-yellow-400"[39m
                [36m/>[39m
                [36m<div[39m
                  [33mclass[39m=[32m"flex items-center justify-between mb-3"[39m
                [36m>[39m
                  [36m<span[39m
                    [33mclass[39m=[32m"text-sm text-gray-600"[39m
                  [36m>[39m
                    [0mActive Projects[0m
                  [36m</span>[39m
                  [36m<div[39m
                    [33mclass[39m=[32m"w-10 h-10 rounded-full bg-orange-100 flex 
items-center justify-center"[39m
                  [36m>[39m
                    [36m<span[39m
                      [33mclass[39m=[32m"text-xs font-semibold text-orange-600"[39m
                    [36m>[39m
                      [0m0[0m
                    [36m</span>[39m
                  [36m</div>[39m
                [36m</div>[39m
                [36m<div[39m
                  [33mclass[39m=[32m"flex items-baseline gap-2"[39m
                [36m>[39m
                  [36m<span[39m
                    [33mclass[39m=[32m"text-2xl font-bold text-gray-900"[39m
                  [36m>[39m
                    [0m0[0m
                  [36m</span>[39m
                [36m</div>[39m
              [36m</div>[39m
              [36m<div[39m
                [33mclass[39m=[32m"bg-white border border-gray-200 p-5 shadow-sm 
hover:shadow-md transition-shadow relative overflow-hidden"[39m
              [36m>[39m
                [36m<div[39m
                  [33mc...

    [0m [90m 71 |[39m   it([32m'navigates when clicking stat cards'[39m[33m,[39m 
[36masync[39m () [33m=>[39m {
     [90m 72 |[39m     renderPage()[33m;[39m
    [31m[1m>[22m[39m[90m 73 |[39m     [36mawait[39m waitFor(() [33m=>[39m 
expect(screen[33m.[39mgetByText([35m/Admin 
Dashboard/i[39m))[33m.[39mtoBeInTheDocument())[33m;[39m
     [90m    |[39m                  [31m[1m^[22m[39m
     [90m 74 |[39m
     [90m 75 |[39m     [90m// Click Total Users card (button)[39m
     [90m 76 |[39m     [36mconst[39m totalUsersCard [33m=[39m 
screen[33m.[39mgetAllByRole([32m'button'[39m)[[35m0[39m][33m;[39m[0m

      at waitForWrapper (node_modules/@testing-library/dom/dist/wait-for.js:163:27)
      at Object.<anonymous> (src/test/__tests_cps__/pages/admin.AdminHome.test.tsx:73:18)

FAIL src/test/components/commentSection.test.tsx (8.583 s)
  笳・CommentSection behavior 窶ｺ allows typing and posting a comment (shows submitting state)

    Unable to find role="button" and name `/g盻ｭi/i`

    Ignored nodes: comments, script, style
    [36m<body>[39m
      [36m<div>[39m
        [36m<div[39m
          [33mstyle[39m=[32m"margin-top: 20px; border-top: 1px solid #e8eaed; padding-top: 
16px;"[39m
        [36m>[39m
          [36m<div[39m
            [33mstyle[39m=[32m"display: flex; align-items: center; gap: 8px; margin-bottom: 
16px;"[39m
          [36m>[39m
            [36m<span[39m
              [33mstyle[39m=[32m"font-size: 16px;"[39m
            [36m>[39m
              [0m・ｽ・ｽ[0m
            [36m</span>[39m
            [36m<h4[39m
              [33mstyle[39m=[32m"margin: 0px; font-size: 14px; font-weight: 600; color: 
rgb(44, 62, 80);"[39m
            [36m>[39m
              [0mComments ([0m
              [0m0[0m
              [0m)[0m
            [36m</h4>[39m
          [36m</div>[39m
          [36m<div[39m
            [33mstyle[39m=[32m"margin-bottom: 16px;"[39m
          [36m>[39m
            [36m<input[39m
              [33mclass[39m=[32m"hidden"[39m
              [33mtype[39m=[32m"file"[39m
            [36m/>[39m
            [36m<div[39m
              [33mstyle[39m=[32m"position: relative;"[39m
            [36m>[39m
              [36m<textarea[39m
                [33mplaceholder[39m=[32m"Add a comment..."[39m
                [33mrows[39m=[32m"3"[39m
                [33mstyle[39m=[32m"width: 100%; padding: 10px 40px 10px 10px; border: 1px 
solid #dadce0; border-radius: 6px; font-size: 13px; resize: vertical; font-family: inherit; 
border-color: #4285f4; box-shadow: 0 0 0 1px #4285f4;"[39m
              [36m>[39m
                [0mNice work![0m
              [36m</textarea>[39m
              [36m<button[39m
                [33mclass[39m=[32m"absolute bottom-2 right-2 flex items-center 
justify-center w-6 h-6 p-0 bg-transparent border-0 rounded cursor-pointer text-gray-400 
transition-all duration-200 hover:bg-gray-100 hover:text-blue-500 disabled:cursor-not-allowed 
disabled:opacity-50 focus:outline-none"[39m
                [33mstyle[39m=[32m"z-index: 10;"[39m
                [33mtitle[39m=[32m"Attach file"[39m
                [33mtype[39m=[32m"button"[39m
              [36m>[39m
                [36m<svg[39m
                  [33mclass[39m=[32m"w-4 h-4"[39m
                  [33mfill[39m=[32m"none"[39m
                  [33mstroke[39m=[32m"currentColor"[39m
                  [33mstroke-linecap[39m=[32m"round"[39m
                  [33mstroke-linejoin[39m=[32m"round"[39m
                  [33mstroke-width[39m=[32m"2"[39m
                  [33mviewBox[39m=[32m"0 0 24 24"[39m
                [36m>[39m
                  [36m<path[39m
                    [33md[39m=[32m"M21 15v4a2 2 0 0 1-2 2H5a2 2 0 0 1-2-2v-4"[39m
                  [36m/>[39m
                  [36m<polyline[39m
                    [33mpoints[39m=[32m"17 8 12 3 7 8"[39m
                  [36m/>[39m
                  [36m<line[39m
                    [33mx1[39m=[32m"12"[39m
                    [33mx2[39m=[32m"12"[39m
                    [33my1[39m=[32m"3"[39m
                    [33my2[39m=[32m"15"[39m
                  [36m/>[39m
                [36m</svg>[39m
              [36m</button>[39m
            [36m</div>[39m
            [36m<div[39m
              [33mstyle[39m=[32m"display: flex; justify-content: flex-end; align-items: 
center; margin-top: 8px;"[39m
            [36m>[39m
              [36m<button[39m
                [33mstyle[39m=[32m"padding: 8px 16px; color: white; border-radius: 4px; 
font-size: 13px; font-weight: 500; cursor: pointer; transition: background 0.2s; background: 
rgb(26, 115, 232);"[39m
              [36m>[39m
                [0mSend[0m
              [36m</button>[39m
            [36m</div>[39m
          [36m</div>[39m
          [36m<div[39m
            [33mstyle[39m=[32m"display: flex; flex-direction: column; gap: 12px;"[39m
          [36m>[39m
            [36m<div[39m
              [33mstyle[39m=[32m"text-align: center; padding: 20px; color: rgb(149, 165, 
166); font-size: 13px;"[39m
            [36m>[39m
              [0mNo comments yet. Be the first to comment![0m
            [36m</div>[39m
          [36m</div>[39m
        [36m</div>[39m
      [36m</div>[39m
    [36m</body>[39m

    [0m [90m 34 |[39m     [36mconst[39m textbox [33m=[39m [36mawait[39m 
screen[33m.[39mfindByRole([32m'textbox'[39m)[33m;[39m
     [90m 35 |[39m     [36mawait[39m user[33m.[39mtype(textbox[33m,[39m [32m'Nice 
work!'[39m)[33m;[39m
    [31m[1m>[22m[39m[90m 36 |[39m     [36mconst[39m postBtn [33m=[39m [36mawait[39m 
screen[33m.[39mfindByRole([32m'button'[39m[33m,[39m { name[33m:[39m [35m/g盻ｭi/i[39m 
})[33m;[39m
     [90m    |[39m                                  [31m[1m^[22m[39m
     [90m 37 |[39m     [36mawait[39m user[33m.[39mclick(postBtn)[33m;[39m
     [90m 38 |[39m
     [90m 39 |[39m     [90m// Current component behavior: shows submitting state and retains 
value[39m[0m

      at waitForWrapper (node_modules/@testing-library/dom/dist/wait-for.js:163:27)
      at findByRole (node_modules/@testing-library/dom/dist/query-helpers.js:86:33)
      at Object.<anonymous> (src/test/components/commentSection.test.tsx:36:34)

  笳・CommentSection behavior 窶ｺ shows error feedback when posting fails

    Unable to find role="button" and name `/g盻ｭi/i`

    Ignored nodes: comments, script, style
    [36m<body>[39m
      [36m<div>[39m
        [36m<div[39m
          [33mstyle[39m=[32m"margin-top: 20px; border-top: 1px solid #e8eaed; padding-top: 
16px;"[39m
        [36m>[39m
          [36m<div[39m
            [33mstyle[39m=[32m"display: flex; align-items: center; gap: 8px; margin-bottom: 
16px;"[39m
          [36m>[39m
            [36m<span[39m
              [33mstyle[39m=[32m"font-size: 16px;"[39m
            [36m>[39m
              [0m・ｽ・ｽ[0m
            [36m</span>[39m
            [36m<h4[39m
              [33mstyle[39m=[32m"margin: 0px; font-size: 14px; font-weight: 600; color: 
rgb(44, 62, 80);"[39m
            [36m>[39m
              [0mComments ([0m
              [0m0[0m
              [0m)[0m
            [36m</h4>[39m
          [36m</div>[39m
          [36m<div[39m
            [33mstyle[39m=[32m"margin-bottom: 16px;"[39m
          [36m>[39m
            [36m<input[39m
              [33mclass[39m=[32m"hidden"[39m
              [33mtype[39m=[32m"file"[39m
            [36m/>[39m
            [36m<div[39m
              [33mstyle[39m=[32m"position: relative;"[39m
            [36m>[39m
              [36m<textarea[39m
                [33mplaceholder[39m=[32m"Add a comment..."[39m
                [33mrows[39m=[32m"3"[39m
                [33mstyle[39m=[32m"width: 100%; padding: 10px 40px 10px 10px; border: 1px 
solid #dadce0; border-radius: 6px; font-size: 13px; resize: vertical; font-family: inherit; 
border-color: #4285f4; box-shadow: 0 0 0 1px #4285f4;"[39m
              [36m>[39m
                [0mThis will fail[0m
              [36m</textarea>[39m
              [36m<button[39m
                [33mclass[39m=[32m"absolute bottom-2 right-2 flex items-center 
justify-center w-6 h-6 p-0 bg-transparent border-0 rounded cursor-pointer text-gray-400 
transition-all duration-200 hover:bg-gray-100 hover:text-blue-500 disabled:cursor-not-allowed 
disabled:opacity-50 focus:outline-none"[39m
                [33mstyle[39m=[32m"z-index: 10;"[39m
                [33mtitle[39m=[32m"Attach file"[39m
                [33mtype[39m=[32m"button"[39m
              [36m>[39m
                [36m<svg[39m
                  [33mclass[39m=[32m"w-4 h-4"[39m
                  [33mfill[39m=[32m"none"[39m
                  [33mstroke[39m=[32m"currentColor"[39m
                  [33mstroke-linecap[39m=[32m"round"[39m
                  [33mstroke-linejoin[39m=[32m"round"[39m
                  [33mstroke-width[39m=[32m"2"[39m
                  [33mviewBox[39m=[32m"0 0 24 24"[39m
                [36m>[39m
                  [36m<path[39m
                    [33md[39m=[32m"M21 15v4a2 2 0 0 1-2 2H5a2 2 0 0 1-2-2v-4"[39m
                  [36m/>[39m
                  [36m<polyline[39m
                    [33mpoints[39m=[32m"17 8 12 3 7 8"[39m
                  [36m/>[39m
                  [36m<line[39m
                    [33mx1[39m=[32m"12"[39m
                    [33mx2[39m=[32m"12"[39m
                    [33my1[39m=[32m"3"[39m
                    [33my2[39m=[32m"15"[39m
                  [36m/>[39m
                [36m</svg>[39m
              [36m</button>[39m
            [36m</div>[39m
            [36m<div[39m
              [33mstyle[39m=[32m"display: flex; justify-content: flex-end; align-items: 
center; margin-top: 8px;"[39m
            [36m>[39m
              [36m<button[39m
                [33mstyle[39m=[32m"padding: 8px 16px; color: white; border-radius: 4px; 
font-size: 13px; font-weight: 500; cursor: pointer; transition: background 0.2s; background: 
rgb(26, 115, 232);"[39m
              [36m>[39m
                [0mSend[0m
              [36m</button>[39m
            [36m</div>[39m
          [36m</div>[39m
          [36m<div[39m
            [33mstyle[39m=[32m"display: flex; flex-direction: column; gap: 12px;"[39m
          [36m>[39m
            [36m<div[39m
              [33mstyle[39m=[32m"text-align: center; padding: 20px; color: rgb(149, 165, 
166); font-size: 13px;"[39m
            [36m>[39m
              [0mNo comments yet. Be the first to comment![0m
            [36m</div>[39m
          [36m</div>[39m
        [36m</div>[39m
      [36m</div>[39m
    [36m</body>[39m

    [0m [90m 54 |[39m     [36mconst[39m textbox [33m=[39m [36mawait[39m 
screen[33m.[39mfindByRole([32m'textbox'[39m)[33m;[39m
     [90m 55 |[39m     [36mawait[39m user[33m.[39mtype(textbox[33m,[39m [32m'This will 
fail'[39m)[33m;[39m
    [31m[1m>[22m[39m[90m 56 |[39m     [36mconst[39m postBtn [33m=[39m [36mawait[39m 
screen[33m.[39mfindByRole([32m'button'[39m[33m,[39m { name[33m:[39m [35m/g盻ｭi/i[39m 
})[33m;[39m
     [90m    |[39m                                  [31m[1m^[22m[39m
     [90m 57 |[39m     [36mawait[39m user[33m.[39mclick(postBtn)[33m;[39m
     [90m 58 |[39m
     [90m 59 |[39m     [90m// Assert button returns to idle label after error (no 
loading)[39m[0m

      at waitForWrapper (node_modules/@testing-library/dom/dist/wait-for.js:163:27)
      at findByRole (node_modules/@testing-library/dom/dist/query-helpers.js:86:33)
      at Object.<anonymous> (src/test/components/commentSection.test.tsx:56:34)

FAIL src/test/pages/analytics.boardHealthScore.test.tsx (8.819 s)
  笳・BoardHealthScore page 窶ｺ disables reload when nothing is selected

    Unable to find role="button" and name `/t蘯｣i l蘯｡i/i`

    Ignored nodes: comments, script, style
    [36m<body>[39m
      [36m<div>[39m
        [36m<div[39m
          [33mclass[39m=[32m"p-6 bg-gray-50 min-h-screen"[39m
        [36m>[39m
          [36m<div[39m
            [33mclass[39m=[32m"mb-6"[39m
          [36m>[39m
            [36m<h1[39m
              [33mclass[39m=[32m"text-3xl font-bold text-black mb-2"[39m
            [36m>[39m
              [0mBoard Health Score[0m
            [36m</h1>[39m
            [36m<p[39m
              [33mclass[39m=[32m"text-gray-600"[39m
            [36m>[39m
              [0mBoard health score (0-100) aggregated from 5 key metrics[0m
            [36m</p>[39m
          [36m</div>[39m
          [36m<div[39m
            [33mclass[39m=[32m"bg-white p-4 mb-6 shadow-sm border border-gray-200"[39m
          [36m>[39m
            [36m<div[39m
              [33mclass[39m=[32m"flex flex-wrap gap-4 items-end"[39m
            [36m>[39m
              [36m<div[39m
                [33mclass[39m=[32m"flex-1 min-w-[300px]"[39m
              [36m>[39m
                [36m<label[39m
                  [33mclass[39m=[32m"block text-sm font-medium text-gray-700 mb-1"[39m
                [36m>[39m
                  [36m<svg[39m
                    [33maria-hidden[39m=[32m"true"[39m
                    [33mclass[39m=[32m"lucide lucide-chart-column inline h-4 w-4 mr-1"[39m
                    [33mfill[39m=[32m"none"[39m
                    [33mheight[39m=[32m"24"[39m
                    [33mstroke[39m=[32m"currentColor"[39m
                    [33mstroke-linecap[39m=[32m"round"[39m
                    [33mstroke-linejoin[39m=[32m"round"[39m
                    [33mstroke-width[39m=[32m"2"[39m
                    [33mviewBox[39m=[32m"0 0 24 24"[39m
                    [33mwidth[39m=[32m"24"[39m
                    [33mxmlns[39m=[32m"http://www.w3.org/2000/svg"[39m
                  [36m>[39m
                    [36m<path[39m
                      [33md[39m=[32m"M3 3v16a2 2 0 0 0 2 2h16"[39m
                    [36m/>[39m
                    [36m<path[39m
                      [33md[39m=[32m"M18 17V9"[39m
                    [36m/>[39m
                    [36m<path[39m
                      [33md[39m=[32m"M13 17V5"[39m
                    [36m/>[39m
                    [36m<path[39m
                      [33md[39m=[32m"M8 17v-3"[39m
                    [36m/>[39m
                  [36m</svg>[39m
                  [0mSelect Board[0m
                [36m</label>[39m
                [36m<select[39m
                  [33mclass[39m=[32m"w-full px-3 py-2 border border-gray-300 
focus:outline-none focus:ring-2 focus:ring-blue-500"[39m
                [36m>[39m
                  [36m<option[39m
                    [33mvalue[39m=[32m""[39m
                  [36m>[39m
                    [0m-- Select Board --[0m
                  [36m</option>[39m
                [36m</select>[39m
              [36m</div>[39m
              [36m<button[39m
                [33mclass[39m=[32m"px-4 py-2 bg-blue-600 text-white hover:bg-blue-700 
disabled:opacity-50 disabled:cursor-not-allowed flex items-center gap-2"[39m
                [33mdisabled[39m=[32m""[39m
              [36m>[39m
                [36m<svg[39m
                  [33maria-hidden[39m=[32m"true"[39m
                  [33mclass[39m=[32m"lucide lucide-activity h-4 w-4"[39m
                  [33mfill[39m=[32m"none"[39m
                  [33mheight[39m=[32m"24"[39m
                  [33mstroke[39m=[32m"currentColor"[39m
                  [33mstroke-linecap[39m=[32m"round"[39m
                  [33mstroke-linejoin[39m=[32m"round"[39m
                  [33mstroke-width[39m=[32m"2"[39m
                  [33mviewBox[39m=[32m"0 0 24 24"[39m
                  [33mwidth[39m=[32m"24"[39m
                  [33mxmlns[39m=[32m"http://www.w3.org/2000/svg"[39m
                [36m>[39m
                  [36m<path[39m
                    [33md[39m=[32m"M22 12h-2.48a2 2 0 0 0-1.93 1.46l-2.35 8.36a.25.25 0 0 
1-.48 0L9.24 2.18a.25.25 0 0 0-.48 0l-2.35 8.36A2 2 0 0 1 4.49 12H2"[39m
                  [36m/>[39m
                [36m</svg>[39m
                [0mRefresh[0m
              [36m</button>[39m
            [36m</div>[39m
          [36m</div>[39m
          [36m<div[39m
            [33mclass[39m=[32m"bg-white p-10 text-center border border-gray-200"[39m
          [36m>[39m
            [36m<svg[39m
              [33maria-hidden[39m=[32m"true"[39m
              [33mclass[39m=[32m"lucide lucide-heart h-12 w-12 text-gray-400 mx-auto 
mb-4"[39m
              [33mfill[39m=[32m"none"[39m
              [33mheight[39m=[32m"24"[39m
              [33mstroke[39m=[32m"currentColor"[39m
              [33mstroke-linecap[39m=[32m"round"[39m
              [33mstroke-linejoin[39m=[32m"round"[39m
              [33mstroke-width[39m=[32m"2"[39m
              [33mviewBox[39m=[32m"0 0 24 24"[39m
              [33mwidth[39m=[32m"24"[39m
              [33mxmlns[39m=[32m"http://www.w3.org/2000/svg"[39m
            [36m>[39m
              [36m<path[39m
                [33md[39m=[32m"M2 9.5a5.5 5.5 0 0 1 9.591-3.676.56.56 0 0 0 .818 0A5.49 5.49 
0 0 1 22 9.5c0 2.29-1.5 4-3 5.5l-5.492 5.313a2 2 0 0 1-3 .019L5 15c-1.5-1.5-3-3.2-3-5.5"[39m
              [36m/>[39m
            [36m</svg>[39m
            [36m<p[39m
              [33mclass[39m=[32m"text-gray-600"[39m
            [36m>[39m
              [0mSelect a board to view the health score[0m
            [36m</p>[39m
          [36m</div>[39m
        [36m</div>[39m
      [36m</div>[39m
    [36m</body>[39m

    [0m [90m 66 |[39m     setupRender()[33m;[39m
     [90m 67 |[39m
    [31m[1m>[22m[39m[90m 68 |[39m     [36mconst[39m reloadBtn [33m=[39m 
[36mawait[39m screen[33m.[39mfindByRole([32m"button"[39m[33m,[39m { name[33m:[39m 
[35m/t蘯｣i l蘯｡i/i[39m })[33m;[39m
     [90m    |[39m                                    [31m[1m^[22m[39m
     [90m 69 |[39m     expect(reloadBtn)[33m.[39mtoBeDisabled()[33m;[39m
     [90m 70 |[39m     
expect(getBoardHealthScore)[33m.[39mnot[33m.[39mtoHaveBeenCalled()[33m;[39m
     [90m 71 |[39m   })[33m;[39m[0m

      at waitForWrapper (node_modules/@testing-library/dom/dist/wait-for.js:163:27)
      at findByRole (node_modules/@testing-library/dom/dist/query-helpers.js:86:33)
      at Object.<anonymous> (src/test/pages/analytics.boardHealthScore.test.tsx:68:36)

  笳・BoardHealthScore page 窶ｺ shows empty state when boards fail to load

    expect(jest.fn()).toHaveBeenCalledWith(...expected)

    Expected: "Failed to load board list"

    Number of calls: 0

    Ignored nodes: comments, script, style
    [36m<html>[39m
      [36m<head />[39m
      [36m<body>[39m
        [36m<div>[39m
          [36m<div[39m
            [33mclass[39m=[32m"p-6 bg-gray-50 min-h-screen"[39m
          [36m>[39m
            [36m<div[39m
              [33mclass[39m=[32m"mb-6"[39m
            [36m>[39m
              [36m<h1[39m
                [33mclass[39m=[32m"text-3xl font-bold text-black mb-2"[39m
              [36m>[39m
                [0mBoard Health Score[0m
              [36m</h1>[39m
              [36m<p[39m
                [33mclass[39m=[32m"text-gray-600"[39m
              [36m>[39m
                [0mBoard health score (0-100) aggregated from 5 key metrics[0m
              [36m</p>[39m
            [36m</div>[39m
            [36m<div[39m
              [33mclass[39m=[32m"bg-white p-4 mb-6 shadow-sm border border-gray-200"[39m
            [36m>[39m
              [36m<div[39m
                [33mclass[39m=[32m"flex flex-wrap gap-4 items-end"[39m
              [36m>[39m
                [36m<div[39m
                  [33mclass[39m=[32m"flex-1 min-w-[300px]"[39m
                [36m>[39m
                  [36m<label[39m
                    [33mclass[39m=[32m"block text-sm font-medium text-gray-700 mb-1"[39m
                  [36m>[39m
                    [36m<svg[39m
                      [33maria-hidden[39m=[32m"true"[39m
                      [33mclass[39m=[32m"lucide lucide-chart-column inline h-4 w-4 mr-1"[39m
                      [33mfill[39m=[32m"none"[39m
                      [33mheight[39m=[32m"24"[39m
                      [33mstroke[39m=[32m"currentColor"[39m
                      [33mstroke-linecap[39m=[32m"round"[39m
                      [33mstroke-linejoin[39m=[32m"round"[39m
                      [33mstroke-width[39m=[32m"2"[39m
                      [33mviewBox[39m=[32m"0 0 24 24"[39m
                      [33mwidth[39m=[32m"24"[39m
                      [33mxmlns[39m=[32m"http://www.w3.org/2000/svg"[39m
                    [36m>[39m
                      [36m<path[39m
                        [33md[39m=[32m"M3 3v16a2 2 0 0 0 2 2h16"[39m
                      [36m/>[39m
                      [36m<path[39m
                        [33md[39m=[32m"M18 17V9"[39m
                      [36m/>[39m
                      [36m<path[39m
                        [33md[39m=[32m"M13 17V5"[39m
                      [36m/>[39m
                      [36m<path[39m
                        [33md[39m=[32m"M8 17v-3"[39m
                      [36m/>[39m
                    [36m</svg>[39m
                    [0mSelect Board[0m
                  [36m</label>[39m
                  [36m<select[39m
                    [33mclass[39m=[32m"w-full px-3 py-2 border border-gray-300 
focus:outline-none focus:ring-2 focus:ring-blue-500"[39m
                  [36m>[39m
                    [36m<option[39m
                      [33mvalue[39m=[32m""[39m
                    [36m>[39m
                      [0m-- Select Board --[0m
                    [36m</option>[39m
                  [36m</select>[39m
                [36m</div>[39m
                [36m<button[39m
                  [33mclass[39m=[32m"px-4 py-2 bg-blue-600 text-white hover:bg-blue-700 
disabled:opacity-50 disabled:cursor-not-allowed flex items-center gap-2"[39m
                  [33mdisabled[39m=[32m""[39m
                [36m>[39m
                  [36m<svg[39m
                    [33maria-hidden[39m=[32m"true"[39m
                    [33mclass[39m=[32m"lucide lucide-activity h-4 w-4"[39m
                    [33mfill[39m=[32m"none"[39m
                    [33mheight[39m=[32m"24"[39m
                    [33mstroke[39m=[32m"currentColor"[39m
                    [33mstroke-linecap[39m=[32m"round"[39m
                    [33mstroke-linejoin[39m=[32m"round"[39m
                    [33mstroke-width[39m=[32m"2"[39m
                    [33mviewBox[39m=[32m"0 0 24 24"[39m
                    [33mwidth[39m=[32m"24"[39m
                    [33mxmlns[39m=[32m"http://www.w3.org/2000/svg"[39m
                  [36m>[39m
                    [36m<path[39m
                      [33md[39m=[32m"M22 12h-2.48a2 2 0 0 0-1.93 1.46l-2.35 8.36a.25.25 0 0 
1-.48 0L9.24 2.18a.25.25 0 0 0-.48 0l-2.35 8.36A2 2 0 0 1 4.49 12H2"[39m
                    [36m/>[39m
                  [36m</svg>[39m
                  [0mRefresh[0m
                [36m</button>[39m
              [36m</div>[39m
            [36m</div>[39m
            [36m<div[39m
              [33mclass[39m=[32m"bg-white p-10 text-center border border-gray-200"[39m
            [36m>[39m
              [36m<svg[39m
                [33maria-hidden[39m=[32m"true"[39m
                [33mclass[39m=[32m"lucide lucide-heart h-12 w-12 text-gray-400 mx-auto 
mb-4"[39m
                [33mfill[39m=[32m"none"[39m
                [33mheight[39m=[32m"24"[39m
                [33mstroke[39m=[32m"currentColor"[39m
                [33mstroke-linecap[39m=[32m"round"[39m
                [33mstroke-linejoin[39m=[32m"round"[39m
                [33mstroke-width[39m=[32m"2"[39m
                [33mviewBox[39m=[32m"0 0 24 24"[39m
                [33mwidth[39m=[32m"24"[39m
                [33mxmlns[39m=[32m"http://www.w3.org/2000/svg"[39m
              [36m>[39m
                [36m<path[39m
                  [33md[39m=[32m"M2 9.5a5.5 5.5 0 0 1 9.591-3.676.56.56 0 0 0 .818 0A5.49 
5.49 0 0 1 22 9.5c0 2.29-1.5 4-3 5.5l-5.492 5.313a2 2 0 0 1-3 .019L5 
15c-1.5-1.5-3-3.2-3-5.5"[39m
                [36m/>[39m
              [36m</svg>[39m
              [36m<p[39m
                [33mclass[39m=[32m"text-gray-600"[39m
              [36m>[39m
                [0mSelect a board to view the health score[0m
              [36m</p>[39m
            [36m</div>[39m
          [36m</div>[39m
        [36m</div>[39m
      [36m</body>[39m
    [36m</html>[39m

    [0m [90m 76 |[39m
     [90m 77 |[39m     [36mawait[39m waitFor(() [33m=>[39m {
    [31m[1m>[22m[39m[90m 78 |[39m       
expect(toast[33m.[39merror)[33m.[39mtoHaveBeenCalledWith([32m"Failed to load board 
list"[39m)[33m;[39m
     [90m    |[39m                           [31m[1m^[22m[39m
     [90m 79 |[39m     })[33m;[39m
     [90m 80 |[39m
     [90m 81 |[39m     expect([0m

      at src/test/pages/analytics.boardHealthScore.test.tsx:78:27
      at runWithExpensiveErrorDiagnosticsDisabled 
(node_modules/@testing-library/dom/dist/config.js:47:12)
      at checkCallback (node_modules/@testing-library/dom/dist/wait-for.js:124:77)
      at checkRealTimersCallback (node_modules/@testing-library/dom/dist/wait-for.js:118:16)
      at Timeout.task [as _onTimeout] (node_modules/jsdom/lib/jsdom/browser/Window.js:516:19)

  笳・BoardHealthScore page 窶ｺ surfaces API error when health score request fails

    expect(jest.fn()).toHaveBeenCalledWith(...expected)

    Expected: "bad request"

    Number of calls: 0

    Ignored nodes: comments, script, style
    [36m<html>[39m
      [36m<head />[39m
      [36m<body>[39m
        [36m<div>[39m
          [36m<div[39m
            [33mclass[39m=[32m"p-6 bg-gray-50 min-h-screen"[39m
          [36m>[39m
            [36m<div[39m
              [33mclass[39m=[32m"mb-6"[39m
            [36m>[39m
              [36m<h1[39m
                [33mclass[39m=[32m"text-3xl font-bold text-black mb-2"[39m
              [36m>[39m
                [0mBoard Health Score[0m
              [36m</h1>[39m
              [36m<p[39m
                [33mclass[39m=[32m"text-gray-600"[39m
              [36m>[39m
                [0mBoard health score (0-100) aggregated from 5 key metrics[0m
              [36m</p>[39m
            [36m</div>[39m
            [36m<div[39m
              [33mclass[39m=[32m"bg-white p-4 mb-6 shadow-sm border border-gray-200"[39m
            [36m>[39m
              [36m<div[39m
                [33mclass[39m=[32m"flex flex-wrap gap-4 items-end"[39m
              [36m>[39m
                [36m<div[39m
                  [33mclass[39m=[32m"flex-1 min-w-[300px]"[39m
                [36m>[39m
                  [36m<label[39m
                    [33mclass[39m=[32m"block text-sm font-medium text-gray-700 mb-1"[39m
                  [36m>[39m
                    [36m<svg[39m
                      [33maria-hidden[39m=[32m"true"[39m
                      [33mclass[39m=[32m"lucide lucide-chart-column inline h-4 w-4 mr-1"[39m
                      [33mfill[39m=[32m"none"[39m
                      [33mheight[39m=[32m"24"[39m
                      [33mstroke[39m=[32m"currentColor"[39m
                      [33mstroke-linecap[39m=[32m"round"[39m
                      [33mstroke-linejoin[39m=[32m"round"[39m
                      [33mstroke-width[39m=[32m"2"[39m
                      [33mviewBox[39m=[32m"0 0 24 24"[39m
                      [33mwidth[39m=[32m"24"[39m
                      [33mxmlns[39m=[32m"http://www.w3.org/2000/svg"[39m
                    [36m>[39m
                      [36m<path[39m
                        [33md[39m=[32m"M3 3v16a2 2 0 0 0 2 2h16"[39m
                      [36m/>[39m
                      [36m<path[39m
                        [33md[39m=[32m"M18 17V9"[39m
                      [36m/>[39m
                      [36m<path[39m
                        [33md[39m=[32m"M13 17V5"[39m
                      [36m/>[39m
                      [36m<path[39m
                        [33md[39m=[32m"M8 17v-3"[39m
                      [36m/>[39m
                    [36m</svg>[39m
                    [0mSelect Board[0m
                  [36m</label>[39m
                  [36m<select[39m
                    [33mclass[39m=[32m"w-full px-3 py-2 border border-gray-300 
focus:outline-none focus:ring-2 focus:ring-blue-500"[39m
                  [36m>[39m
                    [36m<option[39m
                      [33mvalue[39m=[32m""[39m
                    [36m>[39m
                      [0m-- Select Board --[0m
                    [36m</option>[39m
                    [36m<option[39m
                      [33mvalue[39m=[32m"b1"[39m
                    [36m>[39m
                      [0mBoard 1[0m
                    [36m</option>[39m
                    [36m<option[39m
                      [33mvalue[39m=[32m"b2"[39m
                    [36m>[39m
                      [0mBoard 2[0m
                    [36m</option>[39m
                  [36m</select>[39m
                [36m</div>[39m
                [36m<button[39m
                  [33mclass[39m=[32m"px-4 py-2 bg-blue-600 text-white hover:bg-blue-700 
disabled:opacity-50 disabled:cursor-not-allowed flex items-center gap-2"[39m
                [36m>[39m
                  [36m<svg[39m
                    [33maria-hidden[39m=[32m"true"[39m
                    [33mclass[39m=[32m"lucide lucide-activity h-4 w-4"[39m
                    [33mfill[39m=[32m"none"[39m
                    [33mheight[39m=[32m"24"[39m
                    [33mstroke[39m=[32m"currentColor"[39m
                    [33mstroke-linecap[39m=[32m"round"[39m
                    [33mstroke-linejoin[39m=[32m"round"[39m
                    [33mstroke-width[39m=[32m"2"[39m
                    [33mviewBox[39m=[32m"0 0 24 24"[39m
                    [33mwidth[39m=[32m"24"[39m
                    [33mxmlns[39m=[32m"http://www.w3.org/2000/svg"[39m
                  [36m>[39m
                    [36m<path[39m
                      [33md[39m=[32m"M22 12h-2.48a2 2 0 0 0-1.93 1.46l-2.35 8.36a.25.25 0 0 
1-.48 0L9.24 2.18a.25.25 0 0 0-.48 0l-2.35 8.36A2 2 0 0 1 4.49 12H2"[39m
                    [36m/>[39m
                  [36m</svg>[39m
                  [0mRefresh[0m
                [36m</button>[39m
              [36m</div>[39m
            [36m</div>[39m
            [36m<div[39m
              [33mclass[39m=[32m"bg-white p-10 text-center border border-gray-200"[39m
            [36m>[39m
              [36m<svg[39m
                [33maria-hidden[39m=[32m"true"[39m
                [33mclass[39m=[32m"lucide lucide-heart h-12 w-12 text-gray-400 mx-auto 
mb-4"[39m
                [33mfill[39m=[32m"none"[39m
                [33mheight[39m=[32m"24"[39m
                [33mstroke[39m=[32m"currentColor"[39m
                [33mstroke-linecap[39m=[32m"round"[39m
                [33mstroke-linejoin[39m=[32m"round"[39m
                [33mstroke-width[39m=[32m"2"[39m
                [33mviewBox[39m=[32m"0 0 24 24"[39m
                [33mwidth[39m=[32m"24"[39m
                [33mxmlns[39m=[32m"http://www.w3.org/2000/svg"[39m
              [36m>[39m
                [36m<path[39m
                  [33md[39m=[32m"M2 9.5a5.5 5.5 0 0 1 9.591-3.676.56.56 0 0 0 .818 0A5.49 
5.49 0 0 1 22 9.5c0 2.29-1.5 4-3 5.5l-5.492 5.313a2 2 0 0 1-3 .019L5 
15c-1.5-1.5-3-3.2-3-5.5"[39m
                [36m/>[39m
              [36m</svg>[39m
              [36m<p[39m
                [33mclass[39m=[32m"text-gray-600"[39m
              [36m>[39m
                [0mSelect a board to view the health score[0m
              [36m</p>[39m
            [36m</div>[39m
          [36m</div>[39m
        [36m</div>[39m
      [36m</body>[39m
    [36m</html>[39m

    [0m [90m 92 |[39m
     [90m 93 |[39m     [36mawait[39m waitFor(() [33m=>[39m {
    [31m[1m>[22m[39m[90m 94 |[39m       
expect(toast[33m.[39merror)[33m.[39mtoHaveBeenCalledWith([32m"bad request"[39m)[33m;[39m
     [90m    |[39m                           [31m[1m^[22m[39m
     [90m 95 |[39m     })[33m;[39m
     [90m 96 |[39m   })[33m;[39m
     [90m 97 |[39m[0m

      at src/test/pages/analytics.boardHealthScore.test.tsx:94:27
      at runWithExpensiveErrorDiagnosticsDisabled 
(node_modules/@testing-library/dom/dist/config.js:47:12)
      at checkCallback (node_modules/@testing-library/dom/dist/wait-for.js:124:77)
      at checkRealTimersCallback (node_modules/@testing-library/dom/dist/wait-for.js:118:16)
      at Timeout.task [as _onTimeout] (node_modules/jsdom/lib/jsdom/browser/Window.js:516:19)

FAIL src/test/__tests_cps__/pages/QualityControl.ExportReports.test.tsx (9.13 s)
  笳・ExportReports 窶ｺ validates leaderboard date ordering before exporting

    TestingLibraryElementError: Unable to find an accessible element with the role "button" and 
name `/Xu蘯･t Bﾃ｡o Cﾃ｡o/i`

    Here are the accessible roles:

      heading:

      Name "Export Reports":
      [36m<h1[39m
        [33mclass[39m=[32m"text-3xl font-bold text-gray-900 dark:text-white mb-2"[39m
      [36m/>[39m

      Name "Report Type":
      [36m<h2[39m
        [33mclass[39m=[32m"text-xl font-bold text-gray-900 dark:text-white mb-4 flex 
items-center gap-2"[39m
      [36m/>[39m

      Name "Format":
      [36m<h2[39m
        [33mclass[39m=[32m"text-xl font-bold text-gray-900 dark:text-white mb-4 flex 
items-center gap-2"[39m
      [36m/>[39m

      Name "Parameters":
      [36m<h2[39m
        [33mclass[39m=[32m"text-xl font-bold text-gray-900 dark:text-white mb-4 flex 
items-center gap-2"[39m
      [36m/>[39m

      Name "Exported Files":
      [36m<h2[39m
        [33mclass[39m=[32m"text-xl font-bold text-gray-900 dark:text-white mb-4 flex 
items-center gap-2"[39m
      [36m/>[39m

      --------------------------------------------------
      paragraph:

      Name "":
      [36m<p[39m
        [33mclass[39m=[32m"text-gray-600 dark:text-gray-400"[39m
      [36m/>[39m

      Name "":
      [36m<p[39m
        [33mclass[39m=[32m"text-sm"[39m
      [36m/>[39m

      --------------------------------------------------
      button:

      Name "Dashboard":
      [36m<button[39m
        [33mclass[39m=[32m"p-4 rounded-lg border-2 transition-all border-gray-200 
dark:border-slate-700 hover:border-gray-300 dark:hover:border-slate-600 text-gray-700 
dark:text-gray-300"[39m
      [36m/>[39m

      Name "Velocity":
      [36m<button[39m
        [33mclass[39m=[32m"p-4 rounded-lg border-2 transition-all border-gray-200 
dark:border-slate-700 hover:border-gray-300 dark:hover:border-slate-600 text-gray-700 
dark:text-gray-300"[39m
      [36m/>[39m

      Name "Leaderboard":
      [36m<button[39m
        [33mclass[39m=[32m"p-4 rounded-lg border-2 transition-all border-indigo-500 
bg-indigo-50 dark:bg-indigo-900/20 text-indigo-600 dark:text-indigo-400"[39m
      [36m/>[39m

      Name "Center Comparison":
      [36m<button[39m
        [33mclass[39m=[32m"p-4 rounded-lg border-2 transition-all border-gray-200 
dark:border-slate-700 hover:border-gray-300 dark:hover:border-slate-600 text-gray-700 
dark:text-gray-300"[39m
      [36m/>[39m

      Name "Excel (.xlsx)":
      [36m<button[39m
        [33mclass[39m=[32m"p-4 rounded-lg border-2 transition-all flex items-center gap-3 
border-green-500 bg-green-50 dark:bg-green-900/20 text-green-600 dark:text-green-400"[39m
      [36m/>[39m

      Name "PDF (.pdf)":
      [36m<button[39m
        [33mclass[39m=[32m"p-4 rounded-lg border-2 transition-all flex items-center gap-3 
border-gray-200 dark:border-slate-700 hover:border-gray-300 dark:hover:border-slate-600 
text-gray-700 dark:text-gray-300"[39m
      [36m/>[39m

      Name "Export Report":
      [36m<button[39m
        [33mclass[39m=[32m"w-full px-6 py-3 bg-indigo-600 text-white hover:bg-indigo-700 
disabled:opacity-50 disabled:cursor-not-allowed flex items-center justify-center gap-2 
rounded-lg transition-all font-semibold text-lg"[39m
      [36m/>[39m

      --------------------------------------------------
      combobox:

      Name "":
      [36m<select[39m
        [33mclass[39m=[32m"w-full px-4 py-2 border-2 border-gray-300 dark:border-slate-600 
bg-white dark:bg-slate-700 text-gray-900 dark:text-white focus:ring-2 focus:ring-indigo-500 
focus:border-indigo-500 transition-all rounded-lg"[39m
      [36m/>[39m

      --------------------------------------------------
      option:

      Name "-- All Centers --":
      [36m<option[39m
        [33mvalue[39m=[32m""[39m
      [36m/>[39m

      Name "Center One":
      [36m<option[39m
        [33mvalue[39m=[32m"c1"[39m
      [36m/>[39m

      --------------------------------------------------
      spinbutton:

      Name "":
      [36m<input[39m
        [33mclass[39m=[32m"w-full px-4 py-2 border-2 border-gray-300 dark:border-slate-600 
bg-white dark:bg-slate-700 text-gray-900 dark:text-white focus:ring-2 focus:ring-indigo-500 
focus:border-indigo-500 transition-all rounded-lg"[39m
        [33mmax[39m=[32m"1000"[39m
        [33mmin[39m=[32m"1"[39m
        [33mtype[39m=[32m"number"[39m
        [33mvalue[39m=[32m"100"[39m
      [36m/>[39m

      --------------------------------------------------

    Ignored nodes: comments, script, style
    [36m<body>[39m
      [36m<div>[39m
        [36m<div[39m
          [33mclass[39m=[32m"p-6 bg-gray-50 dark:bg-slate-900 min-h-screen"[39m
        [36m>[39m
          [36m<div[39m
            [33mclass[39m=[32m"mb-6"[39m
          [36m>[39m
            [36m<h1[39m
              [33mclass[39m=[32m"text-3xl font-bold text-gray-900 dark:text-white mb-2"[39m
            [36m>[39m
              [0mExport Reports[0m
            [36m</h1>[39m
            [36m<p[39m
              [33mclass[39m=[32m"text-gray-600 dark:text-gray-400"[39m
            [36m>[39m
              [0mExport statistical reports to Excel or PDF[0m
            [36m</p>[39m
          [36m</div>[39m
          [36m<div[39m
            [33mclass[39m=[32m"grid grid-cols-1 lg:grid-cols-3 gap-6"[39m
          [36m>[39m
            [36m<div[39m
              [33mclass[39m=[32m"lg:col-span-2 space-y-6"[39m
            [36m>[39m
              [36m<div[39m
                [33mclass[39m=[32m"bg-white dark:bg-slate-800 shadow-lg p-6 rounded-lg 
border border-gray-200 dark:border-slate-700"[39m
              [36m>[39m
                [36m<h2[39m
                  [33mclass[39m=[32m"text-xl font-bold text-gray-900 dark:text-white mb-4 
flex items-center gap-2"[39m
                [36m>[39m
                  [36m<svg[39m
                    [33maria-hidden[39m=[32m"true"[39m
                    [33mclass[39m=[32m"lucide lucide-file-text w-5 h-5"[39m
                    [33mfill[39m=[32m"none"[39m
                    [33mheight[39m=[32m"24"[39m
                    [33mstroke[39m=[32m"currentColor"[39m
                    [33mstroke-linecap[39m=[32m"round"[39m
                    [33mstroke-linejoin[39m=[32m"round"[39m
                    [33mstroke-width[39m=[32m"2"[39m
                    [33mviewBox[39m=[32m"0 0 24 24"[39m
                    [33mwidth[39m=[32m"24"[39m
                    [33mxmlns[39m=[32m"http://www.w3.org/2000/svg"[39m
                  [36m>[39m
                    [36m<path[39m
                      [33md[39m=[32m"M15 2H6a2 2 0 0 0-2 2v16a2 2 0 0 0 2 2h12a2 2 0 0 0 
2-2V7Z"[39m
                    [36m/>[39m
                    [36m<path[39m
                      [33md[39m=[32m"M14 2v4a2 2 0 0 0 2 2h4"[39m
                    [36m/>[39m
                    [36m<path[39m
                      [33md[39m=[32m"M10 9H8"[39m
                    [36m/>[39m
                    [36m<path[39m
                      [33md[39m=[32m"M16 13H8"[39m
                    [36m/>[39m
                    [36m<path[39m
                      [33md[39m=[32m"M16 17H8"[39m
                    [36m/>[39m
                  [36m</svg>[39m
                  [0mReport Type[0m
                [36m</h2>[39m
                [36m<div[39m
                  [33mclass[39m=[32m"grid grid-cols-2 gap-4"[39m
                [36m>[39m
                  [36m<button[39m
                    [33mclass[39m=[32m"p-4 rounded-lg border-2 transition-all 
border-gray-200 dark:border-slate-700 hover:border-gray-300 dark:hover:border-slate-600 
text-gray-700 dark:text-gray-300"[39m
                  [36m>[39m
                    [36m<div[39m
                      [33mclass[39m=[32m"flex items-center gap-2 mb-2"[39m
                    [36m>[39m
                      [36m<svg[39m
                        [33maria-hidden[39m=[32m"true"[39m
                        [33mclass[39m=[32m"lucide lucide-chart-column w-5 h-5"[39m
                        [33mfill[39m=[32m"none"[39m
                        [33mheight[39m=[32m"24"[39m
                        [33mstroke[39m=[32m"currentColor"[39m
                        [33mstroke-linecap[39m=[32m"round"[39m
                        [33mstroke-linejoin[39m=[32m"round"[39m
                        [33mstroke-width[39m=[32m"2"[39m
                        [33mviewBox[39m=[32m"0 0 24 24"[39m
                        [33mwidth[39m=[32m"24"[39m
                        [33mxmlns[39m=[32m"http://www.w3.org/2000/svg"[39m
                      [36m>[39m
                        [36m<path[39m
                          [33md[39m=[32m"M3 3v16a2 2 0 0 0 2 2h16"[39m
                        [36m/>[39m
                        [36m<path[39m
                          [33md[39m=[32m"M18 17V9"[39m
                        [36m/>[39m
                        [36m<path[39m
                          [33md[39m=[32m"M13 17V5"[39m
                        [36m/>[39m
                        [36m<path[39m
                          [33md[39m=[32m"M8 17v-3"[39m
                        [36m/>[39m
                      [36m</svg>[39m
                      [36m<span[39m
                        [33mclass[39m=[32m"font-semibold"[39m
                      [36m>[39m
                        [0mDashboard[0m
                      [36m</span>[39m
                    [36m</div>[39m
                  [36m</button>[39m
                  [36m<button[39m
                    [33mclass[39m=[32m"p-4 rounded-lg border-2 transition-all 
border-gray-200 dark:border-slate-700 hover:border-gray-300 dark:hover:border-slate-600 
text-gray-700 dark:text-gray-300"[39m
                  [36m>[39m
                    [36m<div[39m
                      [33mclass[39m=[32m"flex items-center gap-2 mb-2"[39m
                    [36m>[39m
                      [36m<svg[39m
                        [33maria-hidden[39m=[32m"true"[39m
                        [33mclass[39m=[32m"lucide lucide-trending-up w-5 h-5"[39m
                        [33mfill[39m=[32m"none"[39m
                        [33mheight[39m=[32m"24"[39m
                        [33mstroke[39m=[32m"currentColor"[39m
                        [33mstroke-linecap[39m=[32m"round"[39m
                        [33mstroke-linejoin[39m=[32m"round"[39m
                        [33mstroke-width[39m=[32m"2"[39m
                        [33mviewBox[39m=[32m"0 0 24 24"[39m
                        [33mwidth[39m=[32m"24"[39m
                        [33mxmlns[39m=[32m"http://www.w3.org/2000/svg"[39m
                      [36m>[39m
                        [36m<path[39m
                          [33md[39m=[32m"M16 7h6v6"[39m
                        [36m/>[39m
                        [36m<path[39m
                          [33md[39m=[32m"m22 7-8.5 8.5-5-5L2 17"[39m
                        [36m/>[39m
                      [36m</svg>[39m
                      [36m<span[39m
                        [33mclass[39m=[32m"font-semibold"[39m
                      [36m>[39m
                        [0mVelocity[0m
                      [36m</span>[39m
                    [36m</div>[39m
                  [36m</button>[39m
                  [36m<button[39m
                    [33mclass[39m=[32m"p-4 rounded-lg border-2 transition-all 
border-indigo-500 bg-indigo-50 dark:bg-indigo-900/20 text-indigo-600 dark:text-indigo-400"[39m
                  [36m>[39m
                    [36m<div[39m
                      [33mclass[39m=[32m"flex items-center gap-2 mb-2"[39m
                    [36m>[39m
                      [36m<svg[39m
                        [33maria-hidden[39m=[32m"true"[39m
                        [33mclass[39m=[32m"lucide lucide-trophy w-5 h-5"[39m
                        [33mfill[39m=[32m"none"[39m
                        [33mheight[...

    [0m [90m 102 |[39m     fireEvent[33m.[39mchange(startInput[33m,[39m { 
target[33m:[39m { value[33m:[39m [32m'2024-05-10'[39m } })[33m;[39m
     [90m 103 |[39m     fireEvent[33m.[39mchange(endInput[33m,[39m { target[33m:[39m { 
value[33m:[39m [32m'2024-05-01'[39m } })[33m;[39m
    [31m[1m>[22m[39m[90m 104 |[39m     
fireEvent[33m.[39mclick(screen[33m.[39mgetByRole([32m'button'[39m[33m,[39m { 
name[33m:[39m [35m/Xu蘯･t Bﾃ｡o Cﾃ｡o/i[39m }))[33m;[39m
     [90m     |[39m                            [31m[1m^[22m[39m
     [90m 105 |[39m
     [90m 106 |[39m     
expect(mockExportReport)[33m.[39mnot[33m.[39mtoHaveBeenCalled()[33m;[39m
     [90m 107 |[39m     expect((toast [36mas[39m 
any)[33m.[39merror)[33m.[39mtoHaveBeenCalledWith([32m'Ngﾃy b蘯ｯt ﾄ黛ｺｧu ph蘯｣i nh盻・hﾆ｡n 
ngﾃy k蘯ｿt thﾃｺc'[39m)[33m;[39m[0m

      at Object.getElementError (node_modules/@testing-library/dom/dist/config.js:37:19)
      at node_modules/@testing-library/dom/dist/query-helpers.js:76:38
      at node_modules/@testing-library/dom/dist/query-helpers.js:52:17
      at getByRole (node_modules/@testing-library/dom/dist/query-helpers.js:95:19)
      at Object.<anonymous> 
(src/test/__tests_cps__/pages/QualityControl.ExportReports.test.tsx:104:28)

  笳・ExportReports 窶ｺ exports dashboard report and refreshes file list

    TestingLibraryElementError: Unable to find an accessible element with the role "button" and 
name `/Xu蘯･t Bﾃ｡o Cﾃ｡o/i`

    Here are the accessible roles:

      heading:

      Name "Export Reports":
      [36m<h1[39m
        [33mclass[39m=[32m"text-3xl font-bold text-gray-900 dark:text-white mb-2"[39m
      [36m/>[39m

      Name "Report Type":
      [36m<h2[39m
        [33mclass[39m=[32m"text-xl font-bold text-gray-900 dark:text-white mb-4 flex 
items-center gap-2"[39m
      [36m/>[39m

      Name "Format":
      [36m<h2[39m
        [33mclass[39m=[32m"text-xl font-bold text-gray-900 dark:text-white mb-4 flex 
items-center gap-2"[39m
      [36m/>[39m

      Name "Parameters":
      [36m<h2[39m
        [33mclass[39m=[32m"text-xl font-bold text-gray-900 dark:text-white mb-4 flex 
items-center gap-2"[39m
      [36m/>[39m

      Name "Exported Files":
      [36m<h2[39m
        [33mclass[39m=[32m"text-xl font-bold text-gray-900 dark:text-white mb-4 flex 
items-center gap-2"[39m
      [36m/>[39m

      --------------------------------------------------
      paragraph:

      Name "":
      [36m<p[39m
        [33mclass[39m=[32m"text-gray-600 dark:text-gray-400"[39m
      [36m/>[39m

      Name "":
      [36m<p[39m
        [33mclass[39m=[32m"text-sm"[39m
      [36m/>[39m

      --------------------------------------------------
      button:

      Name "Dashboard":
      [36m<button[39m
        [33mclass[39m=[32m"p-4 rounded-lg border-2 transition-all border-indigo-500 
bg-indigo-50 dark:bg-indigo-900/20 text-indigo-600 dark:text-indigo-400"[39m
      [36m/>[39m

      Name "Velocity":
      [36m<button[39m
        [33mclass[39m=[32m"p-4 rounded-lg border-2 transition-all border-gray-200 
dark:border-slate-700 hover:border-gray-300 dark:hover:border-slate-600 text-gray-700 
dark:text-gray-300"[39m
      [36m/>[39m

      Name "Leaderboard":
      [36m<button[39m
        [33mclass[39m=[32m"p-4 rounded-lg border-2 transition-all border-gray-200 
dark:border-slate-700 hover:border-gray-300 dark:hover:border-slate-600 text-gray-700 
dark:text-gray-300"[39m
      [36m/>[39m

      Name "Center Comparison":
      [36m<button[39m
        [33mclass[39m=[32m"p-4 rounded-lg border-2 transition-all border-gray-200 
dark:border-slate-700 hover:border-gray-300 dark:hover:border-slate-600 text-gray-700 
dark:text-gray-300"[39m
      [36m/>[39m

      Name "Excel (.xlsx)":
      [36m<button[39m
        [33mclass[39m=[32m"p-4 rounded-lg border-2 transition-all flex items-center gap-3 
border-green-500 bg-green-50 dark:bg-green-900/20 text-green-600 dark:text-green-400"[39m
      [36m/>[39m

      Name "PDF (.pdf)":
      [36m<button[39m
        [33mclass[39m=[32m"p-4 rounded-lg border-2 transition-all flex items-center gap-3 
border-gray-200 dark:border-slate-700 hover:border-gray-300 dark:hover:border-slate-600 
text-gray-700 dark:text-gray-300"[39m
      [36m/>[39m

      Name "Export Report":
      [36m<button[39m
        [33mclass[39m=[32m"w-full px-6 py-3 bg-indigo-600 text-white hover:bg-indigo-700 
disabled:opacity-50 disabled:cursor-not-allowed flex items-center justify-center gap-2 
rounded-lg transition-all font-semibold text-lg"[39m
      [36m/>[39m

      --------------------------------------------------
      combobox:

      Name "":
      [36m<select[39m
        [33mclass[39m=[32m"w-full px-4 py-2 border-2 border-gray-300 dark:border-slate-600 
bg-white dark:bg-slate-700 text-gray-900 dark:text-white focus:ring-2 focus:ring-indigo-500 
focus:border-indigo-500 transition-all rounded-lg"[39m
      [36m/>[39m

      Name "":
      [36m<select[39m
        [33mclass[39m=[32m"w-full px-4 py-2 border-2 border-gray-300 dark:border-slate-600 
bg-white dark:bg-slate-700 text-gray-900 dark:text-white focus:ring-2 focus:ring-indigo-500 
focus:border-indigo-500 transition-all rounded-lg"[39m
      [36m/>[39m

      --------------------------------------------------
      option:

      Name "-- Select Board --":
      [36m<option[39m
        [33mvalue[39m=[32m""[39m
      [36m/>[39m

      Name "Board One":
      [36m<option[39m
        [33mvalue[39m=[32m"b1"[39m
      [36m/>[39m

      Name "Day":
      [36m<option[39m
        [33mvalue[39m=[32m"day"[39m
      [36m/>[39m

      Name "Week":
      [36m<option[39m
        [33mvalue[39m=[32m"week"[39m
      [36m/>[39m

      Name "Month":
      [36m<option[39m
        [33mvalue[39m=[32m"month"[39m
      [36m/>[39m

      --------------------------------------------------

    Ignored nodes: comments, script, style
    [36m<body>[39m
      [36m<div>[39m
        [36m<div[39m
          [33mclass[39m=[32m"p-6 bg-gray-50 dark:bg-slate-900 min-h-screen"[39m
        [36m>[39m
          [36m<div[39m
            [33mclass[39m=[32m"mb-6"[39m
          [36m>[39m
            [36m<h1[39m
              [33mclass[39m=[32m"text-3xl font-bold text-gray-900 dark:text-white mb-2"[39m
            [36m>[39m
              [0mExport Reports[0m
            [36m</h1>[39m
            [36m<p[39m
              [33mclass[39m=[32m"text-gray-600 dark:text-gray-400"[39m
            [36m>[39m
              [0mExport statistical reports to Excel or PDF[0m
            [36m</p>[39m
          [36m</div>[39m
          [36m<div[39m
            [33mclass[39m=[32m"grid grid-cols-1 lg:grid-cols-3 gap-6"[39m
          [36m>[39m
            [36m<div[39m
              [33mclass[39m=[32m"lg:col-span-2 space-y-6"[39m
            [36m>[39m
              [36m<div[39m
                [33mclass[39m=[32m"bg-white dark:bg-slate-800 shadow-lg p-6 rounded-lg 
border border-gray-200 dark:border-slate-700"[39m
              [36m>[39m
                [36m<h2[39m
                  [33mclass[39m=[32m"text-xl font-bold text-gray-900 dark:text-white mb-4 
flex items-center gap-2"[39m
                [36m>[39m
                  [36m<svg[39m
                    [33maria-hidden[39m=[32m"true"[39m
                    [33mclass[39m=[32m"lucide lucide-file-text w-5 h-5"[39m
                    [33mfill[39m=[32m"none"[39m
                    [33mheight[39m=[32m"24"[39m
                    [33mstroke[39m=[32m"currentColor"[39m
                    [33mstroke-linecap[39m=[32m"round"[39m
                    [33mstroke-linejoin[39m=[32m"round"[39m
                    [33mstroke-width[39m=[32m"2"[39m
                    [33mviewBox[39m=[32m"0 0 24 24"[39m
                    [33mwidth[39m=[32m"24"[39m
                    [33mxmlns[39m=[32m"http://www.w3.org/2000/svg"[39m
                  [36m>[39m
                    [36m<path[39m
                      [33md[39m=[32m"M15 2H6a2 2 0 0 0-2 2v16a2 2 0 0 0 2 2h12a2 2 0 0 0 
2-2V7Z"[39m
                    [36m/>[39m
                    [36m<path[39m
                      [33md[39m=[32m"M14 2v4a2 2 0 0 0 2 2h4"[39m
                    [36m/>[39m
                    [36m<path[39m
                      [33md[39m=[32m"M10 9H8"[39m
                    [36m/>[39m
                    [36m<path[39m
                      [33md[39m=[32m"M16 13H8"[39m
                    [36m/>[39m
                    [36m<path[39m
                      [33md[39m=[32m"M16 17H8"[39m
                    [36m/>[39m
                  [36m</svg>[39m
                  [0mReport Type[0m
                [36m</h2>[39m
                [36m<div[39m
                  [33mclass[39m=[32m"grid grid-cols-2 gap-4"[39m
                [36m>[39m
                  [36m<button[39m
                    [33mclass[39m=[32m"p-4 rounded-lg border-2 transition-all 
border-indigo-500 bg-indigo-50 dark:bg-indigo-900/20 text-indigo-600 dark:text-indigo-400"[39m
                  [36m>[39m
                    [36m<div[39m
                      [33mclass[39m=[32m"flex items-center gap-2 mb-2"[39m
                    [36m>[39m
                      [36m<svg[39m
                        [33maria-hidden[39m=[32m"true"[39m
                        [33mclass[39m=[32m"lucide lucide-chart-column w-5 h-5"[39m
                        [33mfill[39m=[32m"none"[39m
                        [33mheight[39m=[32m"24"[39m
                        [33mstroke[39m=[32m"currentColor"[39m
                        [33mstroke-linecap[39m=[32m"round"[39m
                        [33mstroke-linejoin[39m=[32m"round"[39m
                        [33mstroke-width[39m=[32m"2"[39m
                        [33mviewBox[39m=[32m"0 0 24 24"[39m
                        [33mwidth[39m=[32m"24"[39m
                        [33mxmlns[39m=[32m"http://www.w3.org/2000/svg"[39m
                      [36m>[39m
                        [36m<path[39m
                          [33md[39m=[32m"M3 3v16a2 2 0 0 0 2 2h16"[39m
                        [36m/>[39m
                        [36m<path[39m
                          [33md[39m=[32m"M18 17V9"[39m
                        [36m/>[39m
                        [36m<path[39m
                          [33md[39m=[32m"M13 17V5"[39m
                        [36m/>[39m
                        [36m<path[39m
                          [33md[39m=[32m"M8 17v-3"[39m
                        [36m/>[39m
                      [36m</svg>[39m
                      [36m<span[39m
                        [33mclass[39m=[32m"font-semibold"[39m
                      [36m>[39m
                        [0mDashboard[0m
                      [36m</span>[39m
                    [36m</div>[39m
                  [36m</button>[39m
                  [36m<button[39m
                    [33mclass[39m=[32m"p-4 rounded-lg border-2 transition-all 
border-gray-200 dark:border-slate-700 hover:border-gray-300 dark:hover:border-slate-600 
text-gray-700 dark:text-gray-300"[39m
                  [36m>[39m
                    [36m<div[39m
                      [33mclass[39m=[32m"flex items-center gap-2 mb-2"[39m
                    [36m>[39m
                      [36m<svg[39m
                        [33maria-hidden[39m=[32m"true"[39m
                        [33mclass[39m=[32m"lucide lucide-trending-up w-5 h-5"[39m
                        [33mfill[39m=[32m"none"[39m
                        [33mheight[39m=[32m"24"[39m
                        [33mstroke[39m=[32m"currentColor"[39m
                        [33mstroke-linecap[39m=[32m"round"[39m
                        [33mstroke-linejoin[39m=[32m"round"[39m
                        [33mstroke-width[39m=[32m"2"[39m
                        [33mviewBox[39m=[32m"0 0 24 24"[39m
                        [33mwidth[39m=[32m"24"[39m
                        [33mxmlns[39m=[32m"http://www.w3.org/2000/svg"[39m
                      [36m>[39m
                        [36m<path[39m
                          [33md[39m=[32m"M16 7h6v6"[39m
                        [36m/>[39m
                        [36m<path[39m
                          [33md[39m=[32m"m22 7-8.5 8.5-5-5L2 17"[39m
                        [36m/>[39m
                      [36m</svg>[39m
                      [36m<span[39m
                        [33mclass[39m=[32m"font-semibold"[39m
                      [36m>[39m
                        [0mVelocity[0m
                      [36m</span>[39m
                    [36m</div>[39m
                  [36m</button>[39m
                  [36m<button[39m
                    [33mclass[39m=[32m"p-4 rounded-lg border-2 transition-all 
border-gray-200 dark:border-slate-700 hover:border-gray-300 dark:hover:border-slate-600 
text-gray-700 dark:text-gray-300"[39m
                  [36m>[39m
                    [36m<div[39m
                      [33mclass[39m=[32m"flex items-center gap-2 mb-2"[39m
                    [36m>[39m
                      [36m<svg[39m
                        [33maria-hidden[39m=[32m"true"[39m
                        [33mclass[39m=[32m"lucide lucide-trophy w-5 h-5"[39m
                        [33mfill[39m=[32m"none"[39m
                        [33mheight[...

    [0m [90m 123 |[39m     [36mawait[39m waitFor(() [33m=>[39m 
expect(screen[33m.[39mgetByText([32m'Export 
Reports'[39m))[33m.[39mtoBeInTheDocument())[33m;[39m
     [90m 124 |[39m
    [31m[1m>[22m[39m[90m 125 |[39m     
fireEvent[33m.[39mclick(screen[33m.[39mgetByRole([32m'button'[39m[33m,[39m { 
name[33m:[39m [35m/Xu蘯･t Bﾃ｡o Cﾃ｡o/i[39m }))[33m;[39m
     [90m     |[39m                            [31m[1m^[22m[39m
     [90m 126 |[39m
     [90m 127 |[39m     [36mawait[39m waitFor(() [33m=>[39m 
expect(mockExportReport)[33m.[39mtoHaveBeenCalled())[33m;[39m
     [90m 128 |[39m     
expect(mockExportReport)[33m.[39mtoHaveBeenCalledWith(expect[33m.[39mobjectContaining({[0m

      at Object.getElementError (node_modules/@testing-library/dom/dist/config.js:37:19)
      at node_modules/@testing-library/dom/dist/query-helpers.js:76:38
      at node_modules/@testing-library/dom/dist/query-helpers.js:52:17
      at getByRole (node_modules/@testing-library/dom/dist/query-helpers.js:95:19)
      at Object.<anonymous> 
(src/test/__tests_cps__/pages/QualityControl.ExportReports.test.tsx:125:28)

FAIL src/test/__tests_cps__/pages/admin.UserPermissions.test.tsx
  笳・pages/Admin/UserPermissions 窶ｺ loads permissions grouped by category and saves changes

    TestingLibraryElementError: Unable to find an accessible element with the role "button" and 
name `/Lﾆｰu phﾃ｢n quy盻］/i`

    Here are the accessible roles:

      heading:

      Name "・ｽ・ｽ User Permissions":
      [36m<h1[39m
        [33mstyle[39m=[32m"margin: 0px 0px 8px 0px; font-size: 32px; font-weight: 700;"[39m
      [36m/>[39m

      --------------------------------------------------
      paragraph:

      Name "":
      [36m<p[39m
        [33mstyle[39m=[32m"margin: 0px; font-size: 16px; opacity: 0.9;"[39m
      [36m/>[39m

      --------------------------------------------------
      strong:

      Name "":
      [36m<strong />[39m

      --------------------------------------------------
      button:

      Name "竊・Back":
      [36m<button[39m
        [33mstyle[39m=[32m"background: rgba(255, 255, 255, 0.2); color: white; border: 2px 
solid rgba(255,255,255,0.3); border-radius: 12px; padding: 12px 24px; font-size: 14px; 
font-weight: 600; cursor: pointer;"[39m
      [36m/>[39m

      Name "笶・Cancel":
      [36m<button[39m
        [33mstyle[39m=[32m"padding: 14px 28px; border: 2px solid #ddd; border-radius: 12px; 
background: rgb(248, 249, 250); color: rgb(102, 102, 102); cursor: pointer; font-size: 15px; 
font-weight: 600;"[39m
      [36m/>[39m

      Name "笨・Save permissions":
      [36m<button[39m
        [33mstyle[39m=[32m"padding: 14px 32px; border-radius: 12px; color: rgb(255, 255, 
255); cursor: pointer; font-size: 15px; font-weight: 700;"[39m
      [36m/>[39m

      --------------------------------------------------
      checkbox:

      Name "USER_VIEW":
      [36m<input[39m
        [33mchecked[39m=[32m""[39m
        [33mstyle[39m=[32m"width: 18px; height: 18px;"[39m
        [33mtype[39m=[32m"checkbox"[39m
      [36m/>[39m

      Name "GROUP_EDIT":
      [36m<input[39m
        [33mstyle[39m=[32m"width: 18px; height: 18px;"[39m
        [33mtype[39m=[32m"checkbox"[39m
      [36m/>[39m

      --------------------------------------------------

    Ignored nodes: comments, script, style
    [36m<body>[39m
      [36m<div>[39m
        [36m<div[39m
          [33mstyle[39m=[32m"background: rgb(248, 249, 250); min-height: calc(100vh - 60px); 
padding: 24px;"[39m
        [36m>[39m
          [36m<div[39m
            [33mstyle[39m=[32m"border-radius: 16px; padding: 32px; margin-bottom: 24px; 
color: white;"[39m
          [36m>[39m
            [36m<div[39m
              [33mstyle[39m=[32m"display: flex; justify-content: space-between; align-items: 
center;"[39m
            [36m>[39m
              [36m<div>[39m
                [36m<h1[39m
                  [33mstyle[39m=[32m"margin: 0px 0px 8px 0px; font-size: 32px; font-weight: 
700;"[39m
                [36m>[39m
                  [0m・ｽ・ｽ User Permissions[0m
                [36m</h1>[39m
                [36m<p[39m
                  [33mstyle[39m=[32m"margin: 0px; font-size: 16px; opacity: 0.9;"[39m
                [36m>[39m
                  [0mManage permissions for [0m
                  [36m<strong>[39m
                    [0mDemo User[0m
                  [36m</strong>[39m
                  [0m ([0m
                  [0muserId[0m
                  [0m)[0m
                [36m</p>[39m
              [36m</div>[39m
              [36m<button[39m
                [33mstyle[39m=[32m"background: rgba(255, 255, 255, 0.2); color: white; 
border: 2px solid rgba(255,255,255,0.3); border-radius: 12px; padding: 12px 24px; font-size: 
14px; font-weight: 600; cursor: pointer;"[39m
              [36m>[39m
                [0m竊・Back[0m
              [36m</button>[39m
            [36m</div>[39m
          [36m</div>[39m
          [36m<div[39m
            [33mstyle[39m=[32m"background: white; border-radius: 16px; box-shadow: 0 4px 
24px rgba(0,0,0,0.06); overflow: hidden;"[39m
          [36m>[39m
            [36m<div[39m
              [33mstyle[39m=[32m"padding: 32px;"[39m
            [36m>[39m
              [36m<div[39m
                [33mstyle[39m=[32m"background: rgb(255, 255, 255); border: 2px solid 
#e3f2fd; border-radius: 12px; margin-bottom: 16px;"[39m
              [36m>[39m
                [36m<div[39m
                  [33mstyle[39m=[32m"background: rgb(144, 202, 249); color: rgb(255, 255, 
255); padding: 16px 24px; border-radius: 10px 10px 0 0; font-weight: 600; font-size: 16px; 
cursor: pointer;"[39m
                [36m>[39m
                  [0mUSER[0m
                  [0m [0m
                  [0m笆ｼ[0m
                [36m</div>[39m
                [36m<div[39m
                  [33mstyle[39m=[32m"padding: 24px;"[39m
                [36m>[39m
                  [36m<div[39m
                    [33mstyle[39m=[32m"display: grid; grid-template-columns: 
repeat(auto-fit, minmax(280px, 1fr)); gap: 16px;"[39m
                  [36m>[39m
                    [36m<label[39m
                      [33mstyle[39m=[32m"display: flex; align-items: center; gap: 12px; 
padding: 12px 16px; background: rgb(243, 249, 255); border-radius: 8px; border: 2px solid 
#90caf9; cursor: pointer;"[39m
                    [36m>[39m
                      [36m<input[39m
                        [33mchecked[39m=[32m""[39m
                        [33mstyle[39m=[32m"width: 18px; height: 18px;"[39m
                        [33mtype[39m=[32m"checkbox"[39m
                      [36m/>[39m
                      [36m<span[39m
                        [33mstyle[39m=[32m"font-size: 14px; font-weight: 600; color: rgb(66, 
165, 245);"[39m
                      [36m>[39m
                        [0mUSER_VIEW[0m
                      [36m</span>[39m
                    [36m</label>[39m
                  [36m</div>[39m
                [36m</div>[39m
              [36m</div>[39m
              [36m<div[39m
                [33mstyle[39m=[32m"background: rgb(255, 255, 255); border: 2px solid 
#e3f2fd; border-radius: 12px; margin-bottom: 16px;"[39m
              [36m>[39m
                [36m<div[39m
                  [33mstyle[39m=[32m"background: rgb(144, 202, 249); color: rgb(255, 255, 
255); padding: 16px 24px; border-radius: 10px 10px 0 0; font-weight: 600; font-size: 16px; 
cursor: pointer;"[39m
                [36m>[39m
                  [0mGROUP[0m
                  [0m [0m
                  [0m笆ｼ[0m
                [36m</div>[39m
                [36m<div[39m
                  [33mstyle[39m=[32m"padding: 24px;"[39m
                [36m>[39m
                  [36m<div[39m
                    [33mstyle[39m=[32m"display: grid; grid-template-columns: 
repeat(auto-fit, minmax(280px, 1fr)); gap: 16px;"[39m
                  [36m>[39m
                    [36m<label[39m
                      [33mstyle[39m=[32m"display: flex; align-items: center; gap: 12px; 
padding: 12px 16px; border-radius: 8px; cursor: pointer; background: rgb(243, 249, 255); 
border: 2px solid #90caf9;"[39m
                    [36m>[39m
                      [36m<input[39m
                        [33mstyle[39m=[32m"width: 18px; height: 18px;"[39m
                        [33mtype[39m=[32m"checkbox"[39m
                      [36m/>[39m
                      [36m<span[39m
                        [33mstyle[39m=[32m"font-size: 14px; font-weight: 600; color: rgb(66, 
165, 245);"[39m
                      [36m>[39m
                        [0mGROUP_EDIT[0m
                      [36m</span>[39m
                    [36m</label>[39m
                  [36m</div>[39m
                [36m</div>[39m
              [36m</div>[39m
              [36m<div[39m
                [33mstyle[39m=[32m"border-top: 1px solid #f0f0f0; padding-top: 24px; 
margin-top: 32px; display: flex; justify-content: flex-end; gap: 16px;"[39m
              [36m>[39m
                [36m<button[39m
                  [33mstyle[39m=[32m"padding: 14px 28px; border: 2px solid #ddd; 
border-radius: 12px; background: rgb(248, 249, 250); color: rgb(102, 102, 102); cursor: 
pointer; font-size: 15px; font-weight: 600;"[39m
                [36m>[39m
                  [0m笶・Cancel[0m
                [36m</button>[39m
                [36m<button[39m
                  [33mstyle[39m=[32m"padding: 14px 32px; border-radius: 12px; color: 
rgb(255, 255, 255); cursor: pointer; font-size: 15px; font-weight: 700;"[39m
                [36m>[39m
                  [0m笨・Save permissions[0m
                [36m</button>[39m
              [36m</div>[39m
            [36m</div>[39m
          [36m</div>[39m
        [36m</div>[39m
      [36m</div>[39m
    [36m</body>[39m

    [0m [90m 60 |[39m   [36mconst[39m api [33m=[39m 
require([32m'../../../api/role&permission'[39m)[33m;[39m
     [90m 61 |[39m   
api[33m.[39mupdateRolePermissions[33m.[39mmockResolvedValueOnce({})[33m;[39m
    [31m[1m>[22m[39m[90m 62 |[39m   [36mawait[39m 
userEvent[33m.[39mclick(screen[33m.[39mgetByRole([32m'button'[39m[33m,[39m { 
name[33m:[39m [35m/Lﾆｰu phﾃ｢n quy盻］/i[39m }))[33m;[39m
     [90m    |[39m                                [31m[1m^[22m[39m
     [90m 63 |[39m   [36mawait[39m waitFor(() [33m=>[39m 
expect(api[33m.[39mupdateRolePermissions)[33m.[39mtoHaveBeenCalled())[33m;[39m
     [90m 64 |[39m   })[33m;[39m
     [90m 65 |[39m })[33m;[39m[0m

      at Object.getElementError (node_modules/@testing-library/dom/dist/config.js:37:19)
      at node_modules/@testing-library/dom/dist/query-helpers.js:76:38
      at node_modules/@testing-library/dom/dist/query-helpers.js:52:17
      at getByRole (node_modules/@testing-library/dom/dist/query-helpers.js:95:19)
      at Object.<anonymous> (src/test/__tests_cps__/pages/admin.UserPermissions.test.tsx:62:32)

FAIL src/test/__tests_cps__/pages/admin.UserPointsManagement.test.tsx (9.083 s)
  笳・pages/Admin/UserPointsManagement 窶ｺ shows access denied for non-admin and does not fetch 
data

    Unable to find an element with the text: /Khﾃｴng cﾃｳ quy盻］ truy c蘯ｭp/i. This could be 
because the text is broken up by multiple elements. In this case, you can provide a function 
for your text matcher to make your matcher more flexible.

    Ignored nodes: comments, script, style
    [36m<body>[39m
      [36m<div>[39m
        [36m<div[39m
          [33mclass[39m=[32m"w-full px-6 py-6 bg-gray-50 min-h-screen"[39m
        [36m>[39m
          [36m<div[39m
            [33mclass[39m=[32m"max-w-3xl mx-auto"[39m
          [36m>[39m
            [36m<div[39m
              [33mclass[39m=[32m"border border-amber-300 bg-amber-50 p-5"[39m
            [36m>[39m
              [36m<div[39m
                [33mclass[39m=[32m"flex items-start gap-3"[39m
              [36m>[39m
                [36m<svg[39m
                  [33maria-hidden[39m=[32m"true"[39m
                  [33mclass[39m=[32m"lucide lucide-triangle-alert w-6 h-6 text-amber-600 
mt-0.5"[39m
                  [33mfill[39m=[32m"none"[39m
                  [33mheight[39m=[32m"24"[39m
                  [33mstroke[39m=[32m"currentColor"[39m
                  [33mstroke-linecap[39m=[32m"round"[39m
                  [33mstroke-linejoin[39m=[32m"round"[39m
                  [33mstroke-width[39m=[32m"2"[39m
                  [33mviewBox[39m=[32m"0 0 24 24"[39m
                  [33mwidth[39m=[32m"24"[39m
                  [33mxmlns[39m=[32m"http://www.w3.org/2000/svg"[39m
                [36m>[39m
                  [36m<path[39m
                    [33md[39m=[32m"m21.73 18-8-14a2 2 0 0 0-3.48 0l-8 14A2 2 0 0 0 4 21h16a2 
2 0 0 0 1.73-3"[39m
                  [36m/>[39m
                  [36m<path[39m
                    [33md[39m=[32m"M12 9v4"[39m
                  [36m/>[39m
                  [36m<path[39m
                    [33md[39m=[32m"M12 17h.01"[39m
                  [36m/>[39m
                [36m</svg>[39m
                [36m<div[39m
                  [33mclass[39m=[32m"flex-1"[39m
                [36m>[39m
                  [36m<h4[39m
                    [33mclass[39m=[32m"text-lg font-semibold text-amber-900"[39m
                  [36m>[39m
                    [0mAccess Denied[0m
                  [36m</h4>[39m
                  [36m<p[39m
                    [33mclass[39m=[32m"mt-1 text-sm text-amber-800"[39m
                  [36m>[39m
                    [0mYou do not have access to this page. Only [0m
                    [36m<strong>[39m
                      [0mAdmins[0m
                    [36m</strong>[39m
                    [0m or [0m
                    [36m<strong>[39m
                      [0mSystem Managers[0m
                    [36m</strong>[39m
                    [0m can manage user points.[0m
                  [36m</p>[39m
                  [36m<div[39m
                    [33mclass[39m=[32m"mt-3 h-px bg-amber-200"[39m
                  [36m/>[39m
                  [36m<p[39m
                    [33mclass[39m=[32m"mt-3 text-sm text-amber-800"[39m
                  [36m>[39m
                    [0mPlease contact an administrator if you need access.[0m
                  [36m</p>[39m
                [36m</div>[39m
              [36m</div>[39m
            [36m</div>[39m
          [36m</div>[39m
        [36m</div>[39m
      [36m</div>[39m
    [36m</body>[39m

    [0m [90m 87 |[39m
     [90m 88 |[39m     [90m// Access denied UI[39m
    [31m[1m>[22m[39m[90m 89 |[39m     expect([36mawait[39m 
screen[33m.[39mfindByText([35m/Khﾃｴng cﾃｳ quy盻］ truy 
c蘯ｭp/i[39m))[33m.[39mtoBeInTheDocument()[33m;[39m
     [90m    |[39m                         [31m[1m^[22m[39m
     [90m 90 |[39m     [90m// Ensure no fetchAll called[39m
     [90m 91 |[39m     
expect(upApi[33m.[39mgetAllUserPoints)[33m.[39mnot[33m.[39mtoHaveBeenCalled()[33m;[39m
     [90m 92 |[39m   })[33m;[39m[0m

      at waitForWrapper (node_modules/@testing-library/dom/dist/wait-for.js:163:27)
      at findByText (node_modules/@testing-library/dom/dist/query-helpers.js:86:33)
      at Object.<anonymous> 
(src/test/__tests_cps__/pages/admin.UserPointsManagement.test.tsx:89:25)

FAIL src/test/__tests_cps__/pages/Learning.LearningPath.test.tsx
  笳・LearningPath page 窶ｺ renders learning path, completes stage, and accepts recommendation

    Found multiple elements with the text: /Learning Path/i

    Here are the matching elements:

    Ignored nodes: comments, script, style
    [36m<h1[39m
      [33mclass[39m=[32m"text-3xl font-bold text-gray-900 dark:text-white mb-2 flex 
items-center gap-2"[39m
    [36m>[39m
      [36m<svg[39m
        [33maria-hidden[39m=[32m"true"[39m
        [33mclass[39m=[32m"lucide lucide-book-open w-8 h-8 text-indigo-600"[39m
        [33mfill[39m=[32m"none"[39m
        [33mheight[39m=[32m"24"[39m
        [33mstroke[39m=[32m"currentColor"[39m
        [33mstroke-linecap[39m=[32m"round"[39m
        [33mstroke-linejoin[39m=[32m"round"[39m
        [33mstroke-width[39m=[32m"2"[39m
        [33mviewBox[39m=[32m"0 0 24 24"[39m
        [33mwidth[39m=[32m"24"[39m
        [33mxmlns[39m=[32m"http://www.w3.org/2000/svg"[39m
      [36m>[39m
        [36m<path[39m
          [33md[39m=[32m"M12 7v14"[39m
        [36m/>[39m
        [36m<path[39m
          [33md[39m=[32m"M3 18a1 1 0 0 1-1-1V4a1 1 0 0 1 1-1h5a4 4 0 0 1 4 4 4 4 0 0 1 
4-4h5a1 1 0 0 1 1 1v13a1 1 0 0 1-1 1h-6a3 3 0 0 0-3 3 3 3 0 0 0-3-3z"[39m
        [36m/>[39m
      [36m</svg>[39m
      [0mLearning Path[0m
    [36m</h1>[39m

    Ignored nodes: comments, script, style
    [36m<p[39m
      [33mclass[39m=[32m"text-gray-600 dark:text-gray-400"[39m
    [36m>[39m
      [0mPersonalized learning path based on your current progress and skills.[0m
    [36m</p>[39m

    (If this is intentional, then use the `*AllBy*` variant of the query (like 
`queryAllByText`, `getAllByText`, or `findAllByText`)).

    Ignored nodes: comments, script, style
    [36m<body>[39m
      [36m<div>[39m
        [36m<div[39m
          [33mclass[39m=[32m"p-6 bg-gray-50 dark:bg-slate-900 min-h-screen"[39m
        [36m>[39m
          [36m<div[39m
            [33mclass[39m=[32m"mb-6"[39m
          [36m>[39m
            [36m<div[39m
              [33mclass[39m=[32m"flex items-center justify-between"[39m
            [36m>[39m
              [36m<div>[39m
                [36m<h1[39m
                  [33mclass[39m=[32m"text-3xl font-bold text-gray-900 dark:text-white mb-2 
flex items-center gap-2"[39m
                [36m>[39m
                  [36m<svg[39m
                    [33maria-hidden[39m=[32m"true"[39m
                    [33mclass[39m=[32m"lucide lucide-book-open w-8 h-8 text-indigo-600"[39m
                    [33mfill[39m=[32m"none"[39m
                    [33mheight[39m=[32m"24"[39m
                    [33mstroke[39m=[32m"currentColor"[39m
                    [33mstroke-linecap[39m=[32m"round"[39m
                    [33mstroke-linejoin[39m=[32m"round"[39m
                    [33mstroke-width[39m=[32m"2"[39m
                    [33mviewBox[39m=[32m"0 0 24 24"[39m
                    [33mwidth[39m=[32m"24"[39m
                    [33mxmlns[39m=[32m"http://www.w3.org/2000/svg"[39m
                  [36m>[39m
                    [36m<path[39m
                      [33md[39m=[32m"M12 7v14"[39m
                    [36m/>[39m
                    [36m<path[39m
                      [33md[39m=[32m"M3 18a1 1 0 0 1-1-1V4a1 1 0 0 1 1-1h5a4 4 0 0 1 4 4 4 4 
0 0 1 4-4h5a1 1 0 0 1 1 1v13a1 1 0 0 1-1 1h-6a3 3 0 0 0-3 3 3 3 0 0 0-3-3z"[39m
                    [36m/>[39m
                  [36m</svg>[39m
                  [0mLearning Path[0m
                [36m</h1>[39m
                [36m<p[39m
                  [33mclass[39m=[32m"text-gray-600 dark:text-gray-400"[39m
                [36m>[39m
                  [0mPersonalized learning path based on your current progress and skills.[0m
                [36m</p>[39m
              [36m</div>[39m
              [36m<div[39m
                [33mclass[39m=[32m"flex items-center gap-3"[39m
              [36m>[39m
                [36m<select[39m
                  [33mclass[39m=[32m"px-4 py-2 border-2 border-gray-300 
dark:border-slate-600 bg-white dark:bg-slate-700 text-gray-900 dark:text-white rounded-lg 
focus:ring-2 focus:ring-indigo-500 focus:border-indigo-500"[39m
                [36m>[39m
                  [36m<option[39m
                    [33mvalue[39m=[32m"c1"[39m
                  [36m>[39m
                    [0mCenter 1[0m
                  [36m</option>[39m
                [36m</select>[39m
                [36m<button[39m
                  [33mclass[39m=[32m"flex items-center gap-2 px-4 py-2 bg-gradient-to-r 
from-purple-500 to-indigo-500 hover:from-purple-600 hover:to-indigo-600 text-white 
font-semibold rounded-lg shadow-md hover:shadow-lg transition-all duration-200 
disabled:opacity-50 disabled:cursor-not-allowed"[39m
                [36m>[39m
                  [36m<svg[39m
                    [33maria-hidden[39m=[32m"true"[39m
                    [33mclass[39m=[32m"lucide lucide-refresh-cw w-4 h-4"[39m
                    [33mfill[39m=[32m"none"[39m
                    [33mheight[39m=[32m"24"[39m
                    [33mstroke[39m=[32m"currentColor"[39m
                    [33mstroke-linecap[39m=[32m"round"[39m
                    [33mstroke-linejoin[39m=[32m"round"[39m
                    [33mstroke-width[39m=[32m"2"[39m
                    [33mviewBox[39m=[32m"0 0 24 24"[39m
                    [33mwidth[39m=[32m"24"[39m
                    [33mxmlns[39m=[32m"http://www.w3.org/2000/svg"[39m
                  [36m>[39m
                    [36m<path[39m
                      [33md[39m=[32m"M3 12a9 9 0 0 1 9-9 9.75 9.75 0 0 1 6.74 2.74L21 8"[39m
                    [36m/>[39m
                    [36m<path[39m
                      [33md[39m=[32m"M21 3v5h-5"[39m
                    [36m/>[39m
                    [36m<path[39m
                      [33md[39m=[32m"M21 12a9 9 0 0 1-9 9 9.75 9.75 0 0 1-6.74-2.74L3 
16"[39m
                    [36m/>[39m
                    [36m<path[39m
                      [33md[39m=[32m"M8 16H3v5"[39m
                    [36m/>[39m
                  [36m</svg>[39m
                  [36m<span>[39m
                    [0mCreate New[0m
                  [36m</span>[39m
                [36m</button>[39m
              [36m</div>[39m
            [36m</div>[39m
          [36m</div>[39m
          [36m<div[39m
            [33mclass[39m=[32m"bg-white dark:bg-slate-800 shadow-lg p-6 rounded-lg border 
border-gray-200 dark:border-slate-700 mb-6"[39m
          [36m>[39m
            [36m<div[39m
              [33mclass[39m=[32m"flex items-center justify-between mb-4"[39m
            [36m>[39m
              [36m<h2[39m
                [33mclass[39m=[32m"text-xl font-bold text-gray-900 dark:text-white flex 
items-center gap-2"[39m
              [36m>[39m
                [36m<svg[39m
                  [33maria-hidden[39m=[32m"true"[39m
                  [33mclass[39m=[32m"lucide lucide-target w-5 h-5 text-indigo-500"[39m
                  [33mfill[39m=[32m"none"[39m
                  [33mheight[39m=[32m"24"[39m
                  [33mstroke[39m=[32m"currentColor"[39m
                  [33mstroke-linecap[39m=[32m"round"[39m
                  [33mstroke-linejoin[39m=[32m"round"[39m
                  [33mstroke-width[39m=[32m"2"[39m
                  [33mviewBox[39m=[32m"0 0 24 24"[39m
                  [33mwidth[39m=[32m"24"[39m
                  [33mxmlns[39m=[32m"http://www.w3.org/2000/svg"[39m
                [36m>[39m
                  [36m<circle[39m
                    [33mcx[39m=[32m"12"[39m
                    [33mcy[39m=[32m"12"[39m
                    [33mr[39m=[32m"10"[39m
                  [36m/>[39m
                  [36m<circle[39m
                    [33mcx[39m=[32m"12"[39m
                    [33mcy[39m=[32m"12"[39m
                    [33mr[39m=[32m"6"[39m
                  [36m/>[39m
                  [36m<circle[39m
                    [33mcx[39m=[32m"12"[39m
                    [33mcy[39m=[32m"12"[39m
                    [33mr[39m=[32m"2"[39m
                  [36m/>[39m
                [36m</svg>[39m
                [0mMy Path[0m
              [36m</h2>[39m
              [36m<span[39m
                [33mclass[39m=[32m"px-3 py-1 rounded-full text-sm font-semibold 
bg-indigo-100 text-indigo-700 dark:bg-indigo-900 dark:text-indigo-200"[39m
              [36m>[39m
                [0m40[0m
                [0m% completed[0m
              [36m</span>[39m
            [36m</div>[39m
            [36m<div[39m
              [33mclass[39m=[32m"w-full bg-gray-200 dark:bg-slate-700 rounded-full h-3 
mb-4"[39m
            [36m>[39m
              [36m<div[39m
                [33mclass[39m=[32m"bg-gradient-to-r from-indigo-500 to-purple-500 h-3 
rounded-full transition-all duration-500"[39m
                [33mstyle[39m=[32m"width: 40%;"[39m
              [36m/>[39m
            [36m</div>[39m
            [36m<div[39m
              [33mclass[39m=[32m"grid grid-cols-3 gap-4 text-sm"[39m
            [36m>[39m
              [36m<div>[39m
              ...

    [0m [90m 106 |[39m     [36mawait[39m renderPage()[33m;[39m
     [90m 107 |[39m
    [31m[1m>[22m[39m[90m 108 |[39m     expect([36mawait[39m 
screen[33m.[39mfindByText([35m/Learning 
Path/i[39m))[33m.[39mtoBeInTheDocument()[33m;[39m
     [90m     |[39m                         [31m[1m^[22m[39m
     [90m 109 |[39m     
expect(mockGetLearningPath)[33m.[39mtoHaveBeenCalledWith([32m"c1"[39m)[33m;[39m
     [90m 110 |[39m     
expect(mockGetSkillRecommendations)[33m.[39mtoHaveBeenCalledWith([32m"c1"[39m[33m,[39m 
[35m10[39m)[33m;[39m
     [90m 111 |[39m     expect(mockGetLearningPathProgress)[33m.[39mtoHaveBeenCalledWith([3
2m"c1"[39m)[33m;[39m[0m

      at waitForWrapper (node_modules/@testing-library/dom/dist/wait-for.js:163:27)
      at findByText (node_modules/@testing-library/dom/dist/query-helpers.js:86:33)
      at Object.<anonymous> (src/test/__tests_cps__/pages/Learning.LearningPath.test.tsx:108:25)

  笳・LearningPath page 窶ｺ shows empty state when no path and triggers generation

    expect(jest.fn()).toHaveBeenCalled()

    Expected number of calls: >= 1
    Received number of calls:    0

    [0m [90m 134 |[39m
     [90m 135 |[39m     expect([36mawait[39m screen[33m.[39mfindByText([35m/No learning 
path yet/i[39m))[33m.[39mtoBeInTheDocument()[33m;[39m
    [31m[1m>[22m[39m[90m 136 |[39m     
expect(mockToast[33m.[39merror)[33m.[39mtoHaveBeenCalled()[33m;[39m
     [90m     |[39m                             [31m[1m^[22m[39m
     [90m 137 |[39m
     [90m 138 |[39m     [36mawait[39m 
userEvent[33m.[39mclick(screen[33m.[39mgetByRole([32m"button"[39m[33m,[39m { 
name[33m:[39m [35m/T蘯｡o Learning Path/i[39m }))[33m;[39m
     [90m 139 |[39m     [36mawait[39m waitFor(() [33m=>[39m {[0m

      at Object.<anonymous> (src/test/__tests_cps__/pages/Learning.LearningPath.test.tsx:136:29)

FAIL src/test/pages/center.management.test.tsx (9.004 s)
  笳・CenterManagement 窶ｺ surfaces fetch error via modal

    expect(jest.fn()).toHaveBeenCalledWith(...expected)

    - Expected
    + Received

      Object {
    -   "message": "Khﾃｴng th盻・t蘯｣i danh sﾃ｡ch centers",
    -   "title": "L盻擁",
    +   "message": "Unable to load centers list",
    +   "title": "Error",
        "variant": "error",
      },

    Number of calls: 1

    Ignored nodes: comments, script, style
    [36m<html>[39m
      [36m<head />[39m
      [36m<body>[39m
        [36m<div>[39m
          [36m<div[39m
            [33mclass[39m=[32m"min-h-screen bg-slate-50"[39m
          [36m>[39m
            [36m<div[39m
              [33mclass[39m=[32m"relative"[39m
            [36m>[39m
              [36m<div[39m
                [33mclass[39m=[32m"bg-gradient-to-r from-blue-400 via-blue-500 to-blue-600 
border-b border-blue-200"[39m
              [36m>[39m
                [36m<div[39m
                  [33mclass[39m=[32m"max-w-[1400px] mx-auto px-4 md:px-8 py-6"[39m
                [36m>[39m
                  [36m<div[39m
                    [33mclass[39m=[32m"flex items-center justify-between gap-6"[39m
                  [36m>[39m
                    [36m<div[39m
                      [33mclass[39m=[32m"flex items-center gap-3"[39m
                    [36m>[39m
                      [36m<div[39m
                        [33mclass[39m=[32m"w-12 h-12 rounded-lg bg-gradient-to-br 
from-blue-500 to-blue-600 flex items-center justify-center text-white"[39m
                      [36m>[39m
                        [36m<svg[39m
                          [33mfill[39m=[32m"none"[39m
                          [33mheight[39m=[32m"40"[39m
                          [33mviewBox[39m=[32m"0 0 40 40"[39m
                          [33mwidth[39m=[32m"40"[39m
                          [33mxmlns[39m=[32m"http://www.w3.org/2000/svg"[39m
                        [36m>[39m
                          [36m<rect[39m
                            [33mfill[39m=[32m"#ffffff"[39m
                            [33mheight[39m=[32m"16"[39m
                            [33mstroke[39m=[32m"none"[39m
                            [33mwidth[39m=[32m"7"[39m
                            [33mx[39m=[32m"3"[39m
                            [33my[39m=[32m"12"[39m
                          [36m/>[39m
                          [36m<rect[39m
                            [33mfill[39m=[32m"#1e293b"[39m
                            [33mheight[39m=[32m"1.5"[39m
                            [33mwidth[39m=[32m"1.5"[39m
                            [33mx[39m=[32m"4"[39m
                            [33my[39m=[32m"14"[39m
                          [36m/>[39m
                          [36m<rect[39m
                            [33mfill[39m=[32m"#1e293b"[39m
                            [33mheight[39m=[32m"1.5"[39m
                            [33mwidth[39m=[32m"1.5"[39m
                            [33mx[39m=[32m"6.5"[39m
                            [33my[39m=[32m"14"[39m
                          [36m/>[39m
                          [36m<rect[39m
                            [33mfill[39m=[32m"#1e293b"[39m
                            [33mheight[39m=[32m"1.5"[39m
                            [33mwidth[39m=[32m"1.5"[39m
                            [33mx[39m=[32m"9.5"[39m
                            [33my[39m=[32m"14"[39m
                          [36m/>[39m
                          [36m<rect[39m
                            [33mfill[39m=[32m"#1e293b"[39m
                            [33mheight[39m=[32m"1.5"[39m
                            [33mwidth[39m=[32m"1.5"[39m
                            [33mx[39m=[32m"4"[39m
                            [33my[39m=[32m"17"[39m
                          [36m/>[39m
                          [36m<rect[39m
                            [33mfill[39m=[32m"#1e293b"[39m
                            [33mheight[39m=[32m"1.5"[39m
                            [33mwidth[39m=[32m"1.5"[39m
                            [33mx[39m=[32m"6.5"[39m
                            [33my[39m=[32m"17"[39m
                          [36m/>[39m
                          [36m<rect[39m
                            [33mfill[39m=[32m"#1e293b"[39m
                            [33mheight[39m=[32m"1.5"[39m
                            [33mwidth[39m=[32m"1.5"[39m
                            [33mx[39m=[32m"9.5"[39m
                            [33my[39m=[32m"17"[39m
                          [36m/>[39m
                          [36m<rect[39m
                            [33mfill[39m=[32m"#1e293b"[39m
                            [33mheight[39m=[32m"1.5"[39m
                            [33mwidth[39m=[32m"1.5"[39m
                            [33mx[39m=[32m"4"[39m
                            [33my[39m=[32m"20"[39m
                          [36m/>[39m
                          [36m<rect[39m
                            [33mfill[39m=[32m"#1e293b"[39m
                            [33mheight[39m=[32m"1.5"[39m
                            [33mwidth[39m=[32m"1.5"[39m
                            [33mx[39m=[32m"6.5"[39m
                            [33my[39m=[32m"20"[39m
                          [36m/>[39m
                          [36m<rect[39m
                            [33mfill[39m=[32m"#1e293b"[39m
                            [33mheight[39m=[32m"1.5"[39m
                            [33mwidth[39m=[32m"1.5"[39m
                            [33mx[39m=[32m"9.5"[39m
                            [33my[39m=[32m"20"[39m
                          [36m/>[39m
                          [36m<rect[39m
                            [33mfill[39m=[32m"#ffffff"[39m
                            [33mheight[39m=[32m"18"[39m
                            [33mstroke[39m=[32m"none"[39m
                            [33mwidth[39m=[32m"7"[39m
                            [33mx[39m=[32m"13"[39m
                            [33my[39m=[32m"10"[39m
                          [36m/>[39m
                          [36m<rect[39m
                            [33mfill[39m=[32m"#1e293b"[39m
                            [33mheight[39m=[32m"1.5"[39m
                            [33mwidth[39m=[32m"1.5"[39m
                            [33mx[39m=[32m"14"[39m
                            [33my[39m=[32m"12"[39m
                          [36m/>[39m
                          [36m<rect[39m
                            [33mfill[39m=[32m"#1e293b"[39m
                            [33mheight[39m=[32m"1.5"[39m
                            [33mwidth[39m=[32m"1.5"[39m
                            [33mx[39m=[32m"16.5"[39m
                            [33my[39m=[32m"12"[39m
                          [36m/>[39m
                          [36m<rect[39m
                            [33mfill[39m=[32m"#1e293b"[39m
                            [33mheight[39m=[32m"1.5"[39m
                            [33mwidth[39m=[32m"1.5"[39m
                            [33mx[39m=[32m"19.5"[39m
                            [33my[39m=[32m"12"[39m
                          [36m/>[39m
                          [36m<rect[39m
                            [33mfill[39m=[32m"#1e293b"[39m
                            [33mheight[39m=[32m"1.5"[39m
                            [33mwidth[39m=[32m"1.5"[39m
                            [33mx[39m=[32m"14"[39m
                            [33my[39m=[32m"15"[39m
                          [36m/>[39m
                          [36m<rect[39m
                            [33mfill[39m=[32m"#1e293b"[39m
                            [33mheight[39m=[32m"1.5"[39m
                            [33mwidth[39m=[32m"1.5"[39m
                            [33mx[39m=[32m"16....

    [0m [90m 106 |[39m
     [90m 107 |[39m     [36mawait[39m waitFor(() [33m=>[39m {
    [31m[1m>[22m[39m[90m 108 |[39m       expect(show)[33m.[39mtoHaveBeenCalledWith({
     [90m     |[39m                    [31m[1m^[22m[39m
     [90m 109 |[39m         title[33m:[39m [32m"L盻擁"[39m[33m,[39m
     [90m 110 |[39m         message[33m:[39m [32m"Khﾃｴng th盻・t蘯｣i danh sﾃ｡ch 
centers"[39m[33m,[39m
     [90m 111 |[39m         variant[33m:[39m [32m"error"[39m[33m,[39m[0m

      at src/test/pages/center.management.test.tsx:108:20
      at runWithExpensiveErrorDiagnosticsDisabled 
(node_modules/@testing-library/dom/dist/config.js:47:12)
      at checkCallback (node_modules/@testing-library/dom/dist/wait-for.js:124:77)
      at checkRealTimersCallback (node_modules/@testing-library/dom/dist/wait-for.js:118:16)
      at Timeout.task [as _onTimeout] (node_modules/jsdom/lib/jsdom/browser/Window.js:516:19)

  笳・CenterManagement 窶ｺ validates required name before submit

    expect(jest.fn()).toHaveBeenCalledWith(...expected)

    - Expected
    + Received

      Object {
    -   "message": "Tﾃｪn center khﾃｴng ﾄ柁ｰ盻｣c ﾄ黛ｻ・tr盻創g",
    -   "title": "L盻擁",
    +   "message": "Center name cannot be empty",
    +   "title": "Error",
        "variant": "error",
      },

    Number of calls: 1

    Ignored nodes: comments, script, style
    [36m<html>[39m
      [36m<head />[39m
      [36m<body>[39m
        [36m<div>[39m
          [36m<div[39m
            [33mclass[39m=[32m"min-h-screen bg-slate-50"[39m
          [36m>[39m
            [36m<div[39m
              [33mclass[39m=[32m"relative"[39m
            [36m>[39m
              [36m<div[39m
                [33mclass[39m=[32m"bg-gradient-to-r from-blue-400 via-blue-500 to-blue-600 
border-b border-blue-200"[39m
              [36m>[39m
                [36m<div[39m
                  [33mclass[39m=[32m"max-w-[1400px] mx-auto px-4 md:px-8 py-6"[39m
                [36m>[39m
                  [36m<div[39m
                    [33mclass[39m=[32m"flex items-center justify-between gap-6"[39m
                  [36m>[39m
                    [36m<div[39m
                      [33mclass[39m=[32m"flex items-center gap-3"[39m
                    [36m>[39m
                      [36m<div[39m
                        [33mclass[39m=[32m"w-12 h-12 rounded-lg bg-gradient-to-br 
from-blue-500 to-blue-600 flex items-center justify-center text-white"[39m
                      [36m>[39m
                        [36m<svg[39m
                          [33mfill[39m=[32m"none"[39m
                          [33mheight[39m=[32m"40"[39m
                          [33mviewBox[39m=[32m"0 0 40 40"[39m
                          [33mwidth[39m=[32m"40"[39m
                          [33mxmlns[39m=[32m"http://www.w3.org/2000/svg"[39m
                        [36m>[39m
                          [36m<rect[39m
                            [33mfill[39m=[32m"#ffffff"[39m
                            [33mheight[39m=[32m"16"[39m
                            [33mstroke[39m=[32m"none"[39m
                            [33mwidth[39m=[32m"7"[39m
                            [33mx[39m=[32m"3"[39m
                            [33my[39m=[32m"12"[39m
                          [36m/>[39m
                          [36m<rect[39m
                            [33mfill[39m=[32m"#1e293b"[39m
                            [33mheight[39m=[32m"1.5"[39m
                            [33mwidth[39m=[32m"1.5"[39m
                            [33mx[39m=[32m"4"[39m
                            [33my[39m=[32m"14"[39m
                          [36m/>[39m
                          [36m<rect[39m
                            [33mfill[39m=[32m"#1e293b"[39m
                            [33mheight[39m=[32m"1.5"[39m
                            [33mwidth[39m=[32m"1.5"[39m
                            [33mx[39m=[32m"6.5"[39m
                            [33my[39m=[32m"14"[39m
                          [36m/>[39m
                          [36m<rect[39m
                            [33mfill[39m=[32m"#1e293b"[39m
                            [33mheight[39m=[32m"1.5"[39m
                            [33mwidth[39m=[32m"1.5"[39m
                            [33mx[39m=[32m"9.5"[39m
                            [33my[39m=[32m"14"[39m
                          [36m/>[39m
                          [36m<rect[39m
                            [33mfill[39m=[32m"#1e293b"[39m
                            [33mheight[39m=[32m"1.5"[39m
                            [33mwidth[39m=[32m"1.5"[39m
                            [33mx[39m=[32m"4"[39m
                            [33my[39m=[32m"17"[39m
                          [36m/>[39m
                          [36m<rect[39m
                            [33mfill[39m=[32m"#1e293b"[39m
                            [33mheight[39m=[32m"1.5"[39m
                            [33mwidth[39m=[32m"1.5"[39m
                            [33mx[39m=[32m"6.5"[39m
                            [33my[39m=[32m"17"[39m
                          [36m/>[39m
                          [36m<rect[39m
                            [33mfill[39m=[32m"#1e293b"[39m
                            [33mheight[39m=[32m"1.5"[39m
                            [33mwidth[39m=[32m"1.5"[39m
                            [33mx[39m=[32m"9.5"[39m
                            [33my[39m=[32m"17"[39m
                          [36m/>[39m
                          [36m<rect[39m
                            [33mfill[39m=[32m"#1e293b"[39m
                            [33mheight[39m=[32m"1.5"[39m
                            [33mwidth[39m=[32m"1.5"[39m
                            [33mx[39m=[32m"4"[39m
                            [33my[39m=[32m"20"[39m
                          [36m/>[39m
                          [36m<rect[39m
                            [33mfill[39m=[32m"#1e293b"[39m
                            [33mheight[39m=[32m"1.5"[39m
                            [33mwidth[39m=[32m"1.5"[39m
                            [33mx[39m=[32m"6.5"[39m
                            [33my[39m=[32m"20"[39m
                          [36m/>[39m
                          [36m<rect[39m
                            [33mfill[39m=[32m"#1e293b"[39m
                            [33mheight[39m=[32m"1.5"[39m
                            [33mwidth[39m=[32m"1.5"[39m
                            [33mx[39m=[32m"9.5"[39m
                            [33my[39m=[32m"20"[39m
                          [36m/>[39m
                          [36m<rect[39m
                            [33mfill[39m=[32m"#ffffff"[39m
                            [33mheight[39m=[32m"18"[39m
                            [33mstroke[39m=[32m"none"[39m
                            [33mwidth[39m=[32m"7"[39m
                            [33mx[39m=[32m"13"[39m
                            [33my[39m=[32m"10"[39m
                          [36m/>[39m
                          [36m<rect[39m
                            [33mfill[39m=[32m"#1e293b"[39m
                            [33mheight[39m=[32m"1.5"[39m
                            [33mwidth[39m=[32m"1.5"[39m
                            [33mx[39m=[32m"14"[39m
                            [33my[39m=[32m"12"[39m
                          [36m/>[39m
                          [36m<rect[39m
                            [33mfill[39m=[32m"#1e293b"[39m
                            [33mheight[39m=[32m"1.5"[39m
                            [33mwidth[39m=[32m"1.5"[39m
                            [33mx[39m=[32m"16.5"[39m
                            [33my[39m=[32m"12"[39m
                          [36m/>[39m
                          [36m<rect[39m
                            [33mfill[39m=[32m"#1e293b"[39m
                            [33mheight[39m=[32m"1.5"[39m
                            [33mwidth[39m=[32m"1.5"[39m
                            [33mx[39m=[32m"19.5"[39m
                            [33my[39m=[32m"12"[39m
                          [36m/>[39m
                          [36m<rect[39m
                            [33mfill[39m=[32m"#1e293b"[39m
                            [33mheight[39m=[32m"1.5"[39m
                            [33mwidth[39m=[32m"1.5"[39m
                            [33mx[39m=[32m"14"[39m
                            [33my[39m=[32m"15"[39m
                          [36m/>[39m
                          [36m<rect[39m
                            [33mfill[39m=[32m"#1e293b"[39m
                            [33mheight[39m=[32m"1.5"[39m
                            [33mwidth[39m=[32m"1.5"[39m
                            [33mx[39m=[32m"16....

    [0m [90m 165 |[39m
     [90m 166 |[39m     [36mawait[39m waitFor(() [33m=>[39m
    [31m[1m>[22m[39m[90m 167 |[39m       expect(show)[33m.[39mtoHaveBeenCalledWith({
     [90m     |[39m                    [31m[1m^[22m[39m
     [90m 168 |[39m         title[33m:[39m [32m"L盻擁"[39m[33m,[39m
     [90m 169 |[39m         message[33m:[39m [32m"Tﾃｪn center khﾃｴng ﾄ柁ｰ盻｣c 
ﾄ黛ｻ・tr盻創g"[39m[33m,[39m
     [90m 170 |[39m         variant[33m:[39m [32m"error"[39m[33m,[39m[0m

      at src/test/pages/center.management.test.tsx:167:20
      at runWithExpensiveErrorDiagnosticsDisabled 
(node_modules/@testing-library/dom/dist/config.js:47:12)
      at checkCallback (node_modules/@testing-library/dom/dist/wait-for.js:124:77)
      at checkRealTimersCallback (node_modules/@testing-library/dom/dist/wait-for.js:118:16)
      at Timeout.task [as _onTimeout] (node_modules/jsdom/lib/jsdom/browser/Window.js:516:19)

FAIL src/test/__tests_cps__/pages/Analytics.Throughput.states.behavior.test.tsx
  笳・Analytics/Throughput behavior states 窶ｺ renders with empty results gracefully

    Found multiple elements with the text: /Throughput/i

    Here are the matching elements:

    Ignored nodes: comments, script, style
    [36m<h1[39m
      [33mclass[39m=[32m"text-3xl font-bold text-gray-900 dark:text-white mb-2"[39m
    [36m>[39m
      [0mThroughput Analysis[0m
    [36m</h1>[39m

    Ignored nodes: comments, script, style
    [36m<p[39m
      [33mclass[39m=[32m"text-gray-600 dark:text-gray-400"[39m
    [36m>[39m
      [0mAnalyze work throughput across each workflow column[0m
    [36m</p>[39m

    (If this is intentional, then use the `*AllBy*` variant of the query (like 
`queryAllByText`, `getAllByText`, or `findAllByText`)).

    Ignored nodes: comments, script, style
    [36m<body>[39m
      [36m<div>[39m
        [36m<div[39m
          [33mclass[39m=[32m"p-6 bg-gray-50 dark:bg-slate-900 min-h-screen"[39m
        [36m>[39m
          [36m<div[39m
            [33mclass[39m=[32m"max-w-7xl mx-auto"[39m
          [36m>[39m
            [36m<div[39m
              [33mclass[39m=[32m"mb-6"[39m
            [36m>[39m
              [36m<h1[39m
                [33mclass[39m=[32m"text-3xl font-bold text-gray-900 dark:text-white 
mb-2"[39m
              [36m>[39m
                [0mThroughput Analysis[0m
              [36m</h1>[39m
              [36m<p[39m
                [33mclass[39m=[32m"text-gray-600 dark:text-gray-400"[39m
              [36m>[39m
                [0mAnalyze work throughput across each workflow column[0m
              [36m</p>[39m
            [36m</div>[39m
            [36m<div[39m
              [33mclass[39m=[32m"bg-white dark:bg-slate-800 rounded-lg shadow p-4 mb-6"[39m
            [36m>[39m
              [36m<div[39m
                [33mclass[39m=[32m"grid grid-cols-1 md:grid-cols-4 gap-4"[39m
              [36m>[39m
                [36m<div>[39m
                  [36m<label[39m
                    [33mclass[39m=[32m"block text-sm font-medium text-gray-700 
dark:text-gray-300 mb-2"[39m
                  [36m>[39m
                    [0mSelect Board[0m
                  [36m</label>[39m
                  [36m<select[39m
                    [33mclass[39m=[32m"w-full px-4 py-2 border border-gray-300 
dark:border-slate-600 rounded-lg bg-white dark:bg-slate-700 text-gray-900 dark:text-white 
focus:ring-2 focus:ring-indigo-500 focus:border-transparent"[39m
                  [36m>[39m
                    [36m<option[39m
                      [33mvalue[39m=[32m"b1"[39m
                    [36m>[39m
                      [0mMy Board 1[0m
                    [36m</option>[39m
                    [36m<option[39m
                      [33mvalue[39m=[32m"b2"[39m
                    [36m>[39m
                      [0mMy Board 2[0m
                    [36m</option>[39m
                  [36m</select>[39m
                [36m</div>[39m
                [36m<div>[39m
                  [36m<label[39m
                    [33mclass[39m=[32m"block text-sm font-medium text-gray-700 
dark:text-gray-300 mb-2"[39m
                  [36m>[39m
                    [0mStart Date[0m
                  [36m</label>[39m
                  [36m<input[39m
                    [33mclass[39m=[32m"w-full px-4 py-2 border border-gray-300 
dark:border-slate-600 rounded-lg bg-white dark:bg-slate-700 text-gray-900 dark:text-white 
focus:ring-2 focus:ring-indigo-500 focus:border-transparent"[39m
                    [33mtype[39m=[32m"date"[39m
                    [33mvalue[39m=[32m"2025-11-10"[39m
                  [36m/>[39m
                [36m</div>[39m
                [36m<div>[39m
                  [36m<label[39m
                    [33mclass[39m=[32m"block text-sm font-medium text-gray-700 
dark:text-gray-300 mb-2"[39m
                  [36m>[39m
                    [0mEnd Date[0m
                  [36m</label>[39m
                  [36m<input[39m
                    [33mclass[39m=[32m"w-full px-4 py-2 border border-gray-300 
dark:border-slate-600 rounded-lg bg-white dark:bg-slate-700 text-gray-900 dark:text-white 
focus:ring-2 focus:ring-indigo-500 focus:border-transparent"[39m
                    [33mtype[39m=[32m"date"[39m
                    [33mvalue[39m=[32m"2025-12-10"[39m
                  [36m/>[39m
                [36m</div>[39m
                [36m<div>[39m
                  [36m<label[39m
                    [33mclass[39m=[32m"block text-sm font-medium text-gray-700 
dark:text-gray-300 mb-2"[39m
                  [36m>[39m
                    [0mWIP Limit[0m
                  [36m</label>[39m
                  [36m<input[39m
                    [33mclass[39m=[32m"w-full px-4 py-2 border border-gray-300 
dark:border-slate-600 rounded-lg bg-white dark:bg-slate-700 text-gray-900 dark:text-white 
focus:ring-2 focus:ring-indigo-500 focus:border-transparent"[39m
                    [33mmin[39m=[32m"1"[39m
                    [33mtype[39m=[32m"number"[39m
                    [33mvalue[39m=[32m"5"[39m
                  [36m/>[39m
                [36m</div>[39m
              [36m</div>[39m
            [36m</div>[39m
            [36m<div[39m
              [33mclass[39m=[32m"bg-white dark:bg-slate-800 rounded-lg shadow p-8 
text-center"[39m
            [36m>[39m
              [36m<p[39m
                [33mclass[39m=[32m"text-gray-600 dark:text-gray-400"[39m
              [36m>[39m
                [0mNo data available. Please select a board with task history.[0m
              [36m</p>[39m
            [36m</div>[39m
          [36m</div>[39m
        [36m</div>[39m
      [36m</div>[39m
    [36m</body>[39m

    [0m [90m 29 |[39m     render([33m<[39m[33mThroughputPage[39m 
[33m/[39m[33m>[39m)[33m;[39m
     [90m 30 |[39m     [90m// Heading or label presence confirms render; avoid charts 
internals[39m
    [31m[1m>[22m[39m[90m 31 |[39m     expect([36mawait[39m 
screen[33m.[39mfindByText([35m/Throughput/i[39m))[33m.[39mtoBeInTheDocument()[33m;[39m
     [90m    |[39m                         [31m[1m^[22m[39m
     [90m 32 |[39m     expect(screen[33m.[39mgetByText([35m/no 
data/i[39m))[33m.[39mtoBeTruthy()[33m;[39m
     [90m 33 |[39m   })[33m;[39m
     [90m 34 |[39m[0m

      at waitForWrapper (node_modules/@testing-library/dom/dist/wait-for.js:163:27)
      at findByText (node_modules/@testing-library/dom/dist/query-helpers.js:86:33)
      at Object.<anonymous> 
(src/test/__tests_cps__/pages/Analytics.Throughput.states.behavior.test.tsx:31:25)

  笳・Analytics/Throughput behavior states 窶ｺ renders with loaded data

    Found multiple elements with the text: /Throughput/i

    Here are the matching elements:

    Ignored nodes: comments, script, style
    [36m<h1[39m
      [33mclass[39m=[32m"text-3xl font-bold text-gray-900 dark:text-white mb-2"[39m
    [36m>[39m
      [0mThroughput Analysis[0m
    [36m</h1>[39m

    Ignored nodes: comments, script, style
    [36m<p[39m
      [33mclass[39m=[32m"text-gray-600 dark:text-gray-400"[39m
    [36m>[39m
      [0mAnalyze work throughput across each workflow column[0m
    [36m</p>[39m

    (If this is intentional, then use the `*AllBy*` variant of the query (like 
`queryAllByText`, `getAllByText`, or `findAllByText`)).

    Ignored nodes: comments, script, style
    [36m<body>[39m
      [36m<div>[39m
        [36m<div[39m
          [33mclass[39m=[32m"p-6 bg-gray-50 dark:bg-slate-900 min-h-screen"[39m
        [36m>[39m
          [36m<div[39m
            [33mclass[39m=[32m"max-w-7xl mx-auto"[39m
          [36m>[39m
            [36m<div[39m
              [33mclass[39m=[32m"mb-6"[39m
            [36m>[39m
              [36m<h1[39m
                [33mclass[39m=[32m"text-3xl font-bold text-gray-900 dark:text-white 
mb-2"[39m
              [36m>[39m
                [0mThroughput Analysis[0m
              [36m</h1>[39m
              [36m<p[39m
                [33mclass[39m=[32m"text-gray-600 dark:text-gray-400"[39m
              [36m>[39m
                [0mAnalyze work throughput across each workflow column[0m
              [36m</p>[39m
            [36m</div>[39m
            [36m<div[39m
              [33mclass[39m=[32m"bg-white dark:bg-slate-800 rounded-lg shadow p-4 mb-6"[39m
            [36m>[39m
              [36m<div[39m
                [33mclass[39m=[32m"grid grid-cols-1 md:grid-cols-4 gap-4"[39m
              [36m>[39m
                [36m<div>[39m
                  [36m<label[39m
                    [33mclass[39m=[32m"block text-sm font-medium text-gray-700 
dark:text-gray-300 mb-2"[39m
                  [36m>[39m
                    [0mSelect Board[0m
                  [36m</label>[39m
                  [36m<select[39m
                    [33mclass[39m=[32m"w-full px-4 py-2 border border-gray-300 
dark:border-slate-600 rounded-lg bg-white dark:bg-slate-700 text-gray-900 dark:text-white 
focus:ring-2 focus:ring-indigo-500 focus:border-transparent"[39m
                  [36m>[39m
                    [36m<option[39m
                      [33mvalue[39m=[32m"b1"[39m
                    [36m>[39m
                      [0mMy Board 1[0m
                    [36m</option>[39m
                    [36m<option[39m
                      [33mvalue[39m=[32m"b2"[39m
                    [36m>[39m
                      [0mMy Board 2[0m
                    [36m</option>[39m
                  [36m</select>[39m
                [36m</div>[39m
                [36m<div>[39m
                  [36m<label[39m
                    [33mclass[39m=[32m"block text-sm font-medium text-gray-700 
dark:text-gray-300 mb-2"[39m
                  [36m>[39m
                    [0mStart Date[0m
                  [36m</label>[39m
                  [36m<input[39m
                    [33mclass[39m=[32m"w-full px-4 py-2 border border-gray-300 
dark:border-slate-600 rounded-lg bg-white dark:bg-slate-700 text-gray-900 dark:text-white 
focus:ring-2 focus:ring-indigo-500 focus:border-transparent"[39m
                    [33mtype[39m=[32m"date"[39m
                    [33mvalue[39m=[32m"2025-11-10"[39m
                  [36m/>[39m
                [36m</div>[39m
                [36m<div>[39m
                  [36m<label[39m
                    [33mclass[39m=[32m"block text-sm font-medium text-gray-700 
dark:text-gray-300 mb-2"[39m
                  [36m>[39m
                    [0mEnd Date[0m
                  [36m</label>[39m
                  [36m<input[39m
                    [33mclass[39m=[32m"w-full px-4 py-2 border border-gray-300 
dark:border-slate-600 rounded-lg bg-white dark:bg-slate-700 text-gray-900 dark:text-white 
focus:ring-2 focus:ring-indigo-500 focus:border-transparent"[39m
                    [33mtype[39m=[32m"date"[39m
                    [33mvalue[39m=[32m"2025-12-10"[39m
                  [36m/>[39m
                [36m</div>[39m
                [36m<div>[39m
                  [36m<label[39m
                    [33mclass[39m=[32m"block text-sm font-medium text-gray-700 
dark:text-gray-300 mb-2"[39m
                  [36m>[39m
                    [0mWIP Limit[0m
                  [36m</label>[39m
                  [36m<input[39m
                    [33mclass[39m=[32m"w-full px-4 py-2 border border-gray-300 
dark:border-slate-600 rounded-lg bg-white dark:bg-slate-700 text-gray-900 dark:text-white 
focus:ring-2 focus:ring-indigo-500 focus:border-transparent"[39m
                    [33mmin[39m=[32m"1"[39m
                    [33mtype[39m=[32m"number"[39m
                    [33mvalue[39m=[32m"5"[39m
                  [36m/>[39m
                [36m</div>[39m
              [36m</div>[39m
            [36m</div>[39m
            [36m<div[39m
              [33mclass[39m=[32m"bg-white dark:bg-slate-800 rounded-lg shadow p-8 
text-center"[39m
            [36m>[39m
              [36m<p[39m
                [33mclass[39m=[32m"text-gray-600 dark:text-gray-400"[39m
              [36m>[39m
                [0mNo data available. Please select a board with task history.[0m
              [36m</p>[39m
            [36m</div>[39m
          [36m</div>[39m
        [36m</div>[39m
      [36m</div>[39m
    [36m</body>[39m

    [0m [90m 37 |[39m     api[33m.[39mfetchThroughput[33m.[39mmockResolvedValueOnce({ 
data[33m:[39m { throughput[33m:[39m [ { date[33m:[39m [32m'2025-12-01'[39m[33m,[39m 
count[33m:[39m [35m5[39m } ] } })[33m;[39m
     [90m 38 |[39m     render([33m<[39m[33mThroughputPage[39m 
[33m/[39m[33m>[39m)[33m;[39m
    [31m[1m>[22m[39m[90m 39 |[39m     expect([36mawait[39m 
screen[33m.[39mfindByText([35m/Throughput/i[39m))[33m.[39mtoBeInTheDocument()[33m;[39m
     [90m    |[39m                         [31m[1m^[22m[39m
     [90m 40 |[39m     [90m// Assert presence of filter controls; avoid chart internals[39m
     [90m 41 |[39m     expect(screen[33m.[39mgetByText([35m/Select 
Board/i[39m))[33m.[39mtoBeInTheDocument()[33m;[39m
     [90m 42 |[39m   })[33m;[39m[0m

      at waitForWrapper (node_modules/@testing-library/dom/dist/wait-for.js:163:27)
      at findByText (node_modules/@testing-library/dom/dist/query-helpers.js:86:33)
      at Object.<anonymous> 
(src/test/__tests_cps__/pages/Analytics.Throughput.states.behavior.test.tsx:39:25)

FAIL src/test/__tests_cps__/pages/Analytics.Completion.states.behavior.test.tsx
  笳・Analytics/Completion behavior states 窶ｺ empty results state

    Found multiple elements with the text: /Completion Speed Analysis|No data available/i

    Here are the matching elements:

    Ignored nodes: comments, script, style
    [36m<h1[39m
      [33mclass[39m=[32m"text-3xl font-bold text-gray-900 dark:text-white mb-2"[39m
    [36m>[39m
      [0mCompletion Speed Analysis[0m
    [36m</h1>[39m

    Ignored nodes: comments, script, style
    [36m<p[39m
      [33mclass[39m=[32m"text-gray-600 dark:text-gray-400 text-lg"[39m
    [36m>[39m
      [0mNo data available. Please select a board with completed tasks.[0m
    [36m</p>[39m

    (If this is intentional, then use the `*AllBy*` variant of the query (like 
`queryAllByText`, `getAllByText`, or `findAllByText`)).

    Ignored nodes: comments, script, style
    [36m<body>[39m
      [36m<div>[39m
        [36m<div[39m
          [33mclass[39m=[32m"min-h-screen bg-gradient-to-br from-gray-50 via-white 
to-gray-50 dark:from-slate-900 dark:via-slate-800 dark:to-slate-900 p-6"[39m
        [36m>[39m
          [36m<div[39m
            [33mclass[39m=[32m"max-w-7xl mx-auto space-y-6"[39m
          [36m>[39m
            [36m<div[39m
              [33mclass[39m=[32m"bg-white dark:bg-slate-800  shadow-lg p-6 border 
border-gray-200 dark:border-slate-700"[39m
            [36m>[39m
              [36m<div[39m
                [33mclass[39m=[32m"flex items-center justify-between"[39m
              [36m>[39m
                [36m<div>[39m
                  [36m<h1[39m
                    [33mclass[39m=[32m"text-3xl font-bold text-gray-900 dark:text-white 
mb-2"[39m
                  [36m>[39m
                    [0mCompletion Speed Analysis[0m
                  [36m</h1>[39m
                  [36m<p[39m
                    [33mclass[39m=[32m"text-gray-600 dark:text-gray-400"[39m
                  [36m>[39m
                    [0mTrack weekly completion speed to assess productivity and forecast[0m
                  [36m</p>[39m
                [36m</div>[39m
                [36m<div[39m
                  [33mclass[39m=[32m"p-4 bg-gradient-to-br from-indigo-100 to-purple-100 
dark:from-indigo-900/30 dark:to-purple-900/30 "[39m
                [36m>[39m
                  [36m<svg[39m
                    [33maria-hidden[39m=[32m"true"[39m
                    [33mclass[39m=[32m"lucide lucide-activity w-8 h-8 text-indigo-600 
dark:text-indigo-400"[39m
                    [33mfill[39m=[32m"none"[39m
                    [33mheight[39m=[32m"24"[39m
                    [33mstroke[39m=[32m"currentColor"[39m
                    [33mstroke-linecap[39m=[32m"round"[39m
                    [33mstroke-linejoin[39m=[32m"round"[39m
                    [33mstroke-width[39m=[32m"2"[39m
                    [33mviewBox[39m=[32m"0 0 24 24"[39m
                    [33mwidth[39m=[32m"24"[39m
                    [33mxmlns[39m=[32m"http://www.w3.org/2000/svg"[39m
                  [36m>[39m
                    [36m<path[39m
                      [33md[39m=[32m"M22 12h-2.48a2 2 0 0 0-1.93 1.46l-2.35 8.36a.25.25 0 0 
1-.48 0L9.24 2.18a.25.25 0 0 0-.48 0l-2.35 8.36A2 2 0 0 1 4.49 12H2"[39m
                    [36m/>[39m
                  [36m</svg>[39m
                [36m</div>[39m
              [36m</div>[39m
            [36m</div>[39m
            [36m<div[39m
              [33mclass[39m=[32m"bg-white dark:bg-slate-800  shadow-lg p-6 border 
border-gray-200 dark:border-slate-700"[39m
            [36m>[39m
              [36m<div[39m
                [33mclass[39m=[32m"grid grid-cols-1 md:grid-cols-3 gap-4"[39m
              [36m>[39m
                [36m<div>[39m
                  [36m<label[39m
                    [33mclass[39m=[32m"block text-sm font-semibold text-gray-700 
dark:text-gray-300 mb-2"[39m
                  [36m>[39m
                    [36m<svg[39m
                      [33maria-hidden[39m=[32m"true"[39m
                      [33mclass[39m=[32m"lucide lucide-calendar w-4 h-4 inline mr-1"[39m
                      [33mfill[39m=[32m"none"[39m
                      [33mheight[39m=[32m"24"[39m
                      [33mstroke[39m=[32m"currentColor"[39m
                      [33mstroke-linecap[39m=[32m"round"[39m
                      [33mstroke-linejoin[39m=[32m"round"[39m
                      [33mstroke-width[39m=[32m"2"[39m
                      [33mviewBox[39m=[32m"0 0 24 24"[39m
                      [33mwidth[39m=[32m"24"[39m
                      [33mxmlns[39m=[32m"http://www.w3.org/2000/svg"[39m
                    [36m>[39m
                      [36m<path[39m
                        [33md[39m=[32m"M8 2v4"[39m
                      [36m/>[39m
                      [36m<path[39m
                        [33md[39m=[32m"M16 2v4"[39m
                      [36m/>[39m
                      [36m<rect[39m
                        [33mheight[39m=[32m"18"[39m
                        [33mrx[39m=[32m"2"[39m
                        [33mwidth[39m=[32m"18"[39m
                        [33mx[39m=[32m"3"[39m
                        [33my[39m=[32m"4"[39m
                      [36m/>[39m
                      [36m<path[39m
                        [33md[39m=[32m"M3 10h18"[39m
                      [36m/>[39m
                    [36m</svg>[39m
                    [0mSelect Board[0m
                  [36m</label>[39m
                  [36m<select[39m
                    [33mclass[39m=[32m"w-full px-4 py-3 border-2 border-gray-300 
dark:border-slate-600  bg-white dark:bg-slate-700 text-gray-900 dark:text-white focus:ring-2 
focus:ring-indigo-500 focus:border-indigo-500 transition-all"[39m
                  [36m>[39m
                    [36m<option[39m
                      [33mvalue[39m=[32m"b1"[39m
                    [36m>[39m
                      [0mMy Board 1[0m
                    [36m</option>[39m
                    [36m<option[39m
                      [33mvalue[39m=[32m"b2"[39m
                    [36m>[39m
                      [0mMy Board 2[0m
                    [36m</option>[39m
                  [36m</select>[39m
                [36m</div>[39m
                [36m<div>[39m
                  [36m<label[39m
                    [33mclass[39m=[32m"block text-sm font-semibold text-gray-700 
dark:text-gray-300 mb-2"[39m
                  [36m>[39m
                    [0mStart Date[0m
                  [36m</label>[39m
                  [36m<input[39m
                    [33mclass[39m=[32m"w-full px-4 py-3 border-2 border-gray-300 
dark:border-slate-600  bg-white dark:bg-slate-700 text-gray-900 dark:text-white focus:ring-2 
focus:ring-indigo-500 focus:border-indigo-500 transition-all"[39m
                    [33mtype[39m=[32m"date"[39m
                    [33mvalue[39m=[32m"2025-10-11"[39m
                  [36m/>[39m
                [36m</div>[39m
                [36m<div>[39m
                  [36m<label[39m
                    [33mclass[39m=[32m"block text-sm font-semibold text-gray-700 
dark:text-gray-300 mb-2"[39m
                  [36m>[39m
                    [0mEnd Date[0m
                  [36m</label>[39m
                  [36m<input[39m
                    [33mclass[39m=[32m"w-full px-4 py-3 border-2 border-gray-300 
dark:border-slate-600  bg-white dark:bg-slate-700 text-gray-900 dark:text-white focus:ring-2 
focus:ring-indigo-500 focus:border-indigo-500 transition-all"[39m
                    [33mtype[39m=[32m"date"[39m
                    [33mvalue[39m=[32m"2025-12-10"[39m
                  [36m/>[39m
                [36m</div>[39m
              [36m</div>[39m
            [36m</div>[39m
            [36m<div[39m
              [33mclass[39m=[32m"bg-white dark:bg-slate-800  shadow-lg p-12 text-center 
border border-gray-200 dark:border-slate-700"[39m
            [36m>[39m
              [36m<svg[39m
                [33maria-hidden[39m=[32m"true"[39m
                [33mclass[39m=[32m"lucide lucide-target w-16 h-16 text-gray-400 mx-auto 
mb-4"[39m
                [33mfill[39m=[32m"none"[39m
                [33mheight[39m=[32m"24"[39m
                [33mstroke[39m=[32m"currentColor"[39m
                [33mstroke-linecap[39m=[32m"round"[39m
                [33mstroke-linejoin[39m=[32m"round"[39m
                [33mstroke-width[39m=[32m"2"[39m
                [33mviewBox[39m=[32m"0 0 24 24"[39m
                [33mwidth[39m=[32m"24"[39m
                [33mxmlns[39m=[32m"http://www.w3.org/2000/svg"[39m
              [36m>[39m
                [36m<circle[39m
                  [33mcx[39m=[32m"12"[39m
                  [33mcy[39m=[32m"12"[39m
                  [33mr[39m=[32m"10"[39m
                [36m/>[39m
                [36m<circle[39m
                  [33mcx[39m=[32m"12"[39m
                  [33mcy[39m=[32m"12"[39m
                  [33mr[39m=[32m"6"[39m
                [36m/>[39m
                [36m<circle[39m
                  [33mcx[39m=[32m"12"[39m
                  [33mcy[39m=[32m"12"[39m
                  [33mr[39m=[32m"2"[39m
                [36m/>[39m
              [36m</svg>[39m
              [36m<p[39m
                [33mclass[39m=[32m"text-gray-600 dark:text-gray-400 text-lg"[39m
              [36m>[39m
                [0mNo data available. Please select a board with completed tasks.[0m
              [36m</p>[39m
            [36m</div>[39m
          [36m</div>[39m
        [36m</div>[39m
      [36m</div>[39m
    [36m</body>[39m

    [0m [90m 22 |[39m     api[33m.[39mfetchCompletion[33m.[39mmockResolvedValueOnce({ 
data[33m:[39m { completion[33m:[39m [] } })[33m;[39m
     [90m 23 |[39m     render([33m<[39m[33mCompletionPage[39m 
[33m/[39m[33m>[39m)[33m;[39m
    [31m[1m>[22m[39m[90m 24 |[39m     expect([36mawait[39m 
screen[33m.[39mfindByText([35m/Completion Speed Analysis|No data 
available/i[39m))[33m.[39mtoBeInTheDocument()[33m;[39m
     [90m    |[39m                         [31m[1m^[22m[39m
     [90m 25 |[39m   })[33m;[39m
     [90m 26 |[39m
     [90m 27 |[39m   test([32m'loaded data state'[39m[33m,[39m [36masync[39m () 
[33m=>[39m {[0m

      at waitForWrapper (node_modules/@testing-library/dom/dist/wait-for.js:163:27)
      at findByText (node_modules/@testing-library/dom/dist/query-helpers.js:86:33)
      at Object.<anonymous> 
(src/test/__tests_cps__/pages/Analytics.Completion.states.behavior.test.tsx:24:25)

FAIL src/test/__tests_cps__/components/fileList.behavior.test.tsx (8.65 s)
  笳・FileList behavior 窶ｺ shows loading spinner before files load

    TestingLibraryElementError: Unable to find an element with the text: /ﾄ疎ng t蘯｣i/i. This 
could be because the text is broken up by multiple elements. In this case, you can provide a 
function for your text matcher to make your matcher more flexible.

    Ignored nodes: comments, script, style
    [36m<body>[39m
      [36m<div>[39m
        [36m<div[39m
          [33mclass[39m=[32m"text-center py-4 text-gray-500 "[39m
        [36m>[39m
          [36m<div[39m
            [33mclass[39m=[32m"inline-block animate-spin rounded-full h-6 w-6 border-b-2 
border-blue-500"[39m
          [36m/>[39m
          [36m<p[39m
            [33mclass[39m=[32m"mt-2 text-sm"[39m
          [36m>[39m
            [0mLoading...[0m
          [36m</p>[39m
        [36m</div>[39m
      [36m</div>[39m
    [36m</body>[39m

    [0m [90m 102 |[39m   it([32m'shows loading spinner before files load'[39m[33m,[39m 
[36masync[39m () [33m=>[39m {
     [90m 103 |[39m     renderList()[33m;[39m
    [31m[1m>[22m[39m[90m 104 |[39m     expect(screen[33m.[39mgetByText([35m/ﾄ疎ng 
t蘯｣i/i[39m))[33m.[39mtoBeInTheDocument()[33m;[39m
     [90m     |[39m                   [31m[1m^[22m[39m
     [90m 105 |[39m     [36mawait[39m waitFor(() [33m=>[39m expect(screen[33m.[39mgetByT
ext([32m'Specs.docx'[39m))[33m.[39mtoBeInTheDocument())[33m;[39m
     [90m 106 |[39m   })[33m;[39m
     [90m 107 |[39m[0m

      at Object.getElementError (node_modules/@testing-library/dom/dist/config.js:37:19)
      at node_modules/@testing-library/dom/dist/query-helpers.js:76:38
      at node_modules/@testing-library/dom/dist/query-helpers.js:52:17
      at getByText (node_modules/@testing-library/dom/dist/query-helpers.js:95:19)
      at Object.<anonymous> 
(src/test/__tests_cps__/components/fileList.behavior.test.tsx:104:19)

  笳・FileList behavior 窶ｺ lists file items with download & (uploader) delete buttons

    TestingLibraryElementError: Unable to find an accessible element with the role "button" and 
name `/xﾃｳa file/i`

    Here are the accessible roles:

      paragraph:

      Name "Specs.docx":
      [36m<p[39m
        [33mclass[39m=[32m"font-medium text-sm text-gray-900 truncate"[39m
        [33mtitle[39m=[32m"Specs.docx"[39m
      [36m/>[39m

      Name "":
      [36m<p[39m
        [33mclass[39m=[32m"text-xs text-gray-500 mt-1"[39m
      [36m/>[39m

      Name "Report.pdf":
      [36m<p[39m
        [33mclass[39m=[32m"font-medium text-sm text-gray-900 truncate"[39m
        [33mtitle[39m=[32m"Report.pdf"[39m
      [36m/>[39m

      Name "":
      [36m<p[39m
        [33mclass[39m=[32m"text-xs text-gray-500 mt-1"[39m
      [36m/>[39m

      --------------------------------------------------
      button:

      Name "Download":
      [36m<button[39m
        [33mclass[39m=[32m"p-2 text-blue-500 hover:bg-blue-50 rounded transition-colors 
disabled:opacity-50 disabled:cursor-not-allowed"[39m
        [33mtitle[39m=[32m"Download"[39m
      [36m/>[39m

      Name "Delete file":
      [36m<button[39m
        [33mclass[39m=[32m"p-2 text-red-500 hover:bg-red-50 rounded transition-colors"[39m
        [33mtitle[39m=[32m"Delete file"[39m
      [36m/>[39m

      Name "Download":
      [36m<button[39m
        [33mclass[39m=[32m"p-2 text-blue-500 hover:bg-blue-50 rounded transition-colors 
disabled:opacity-50 disabled:cursor-not-allowed"[39m
        [33mtitle[39m=[32m"Download"[39m
      [36m/>[39m

      --------------------------------------------------

    Ignored nodes: comments, script, style
    [36m<body>[39m
      [36m<div>[39m
        [36m<div[39m
          [33mclass[39m=[32m"space-y-2 "[39m
        [36m>[39m
          [36m<div[39m
            [33mclass[39m=[32m"flex items-center justify-between p-3 border border-gray-200 
rounded-lg hover:bg-gray-50 transition-colors"[39m
          [36m>[39m
            [36m<div[39m
              [33mclass[39m=[32m"flex items-center gap-3 flex-1 min-w-0"[39m
            [36m>[39m
              [36m<div[39m
                [33mclass[39m=[32m"flex-shrink-0"[39m
              [36m>[39m
                [36m<svg[39m
                  [33maria-hidden[39m=[32m"true"[39m
                  [33mclass[39m=[32m"lucide lucide-file-text w-5 h-5 text-blue-600"[39m
                  [33mfill[39m=[32m"none"[39m
                  [33mheight[39m=[32m"24"[39m
                  [33mstroke[39m=[32m"currentColor"[39m
                  [33mstroke-linecap[39m=[32m"round"[39m
                  [33mstroke-linejoin[39m=[32m"round"[39m
                  [33mstroke-width[39m=[32m"2"[39m
                  [33mviewBox[39m=[32m"0 0 24 24"[39m
                  [33mwidth[39m=[32m"24"[39m
                  [33mxmlns[39m=[32m"http://www.w3.org/2000/svg"[39m
                [36m>[39m
                  [36m<path[39m
                    [33md[39m=[32m"M15 2H6a2 2 0 0 0-2 2v16a2 2 0 0 0 2 2h12a2 2 0 0 0 
2-2V7Z"[39m
                  [36m/>[39m
                  [36m<path[39m
                    [33md[39m=[32m"M14 2v4a2 2 0 0 0 2 2h4"[39m
                  [36m/>[39m
                  [36m<path[39m
                    [33md[39m=[32m"M10 9H8"[39m
                  [36m/>[39m
                  [36m<path[39m
                    [33md[39m=[32m"M16 13H8"[39m
                  [36m/>[39m
                  [36m<path[39m
                    [33md[39m=[32m"M16 17H8"[39m
                  [36m/>[39m
                [36m</svg>[39m
              [36m</div>[39m
              [36m<div[39m
                [33mclass[39m=[32m"flex-1 min-w-0"[39m
              [36m>[39m
                [36m<p[39m
                  [33mclass[39m=[32m"font-medium text-sm text-gray-900 truncate"[39m
                  [33mtitle[39m=[32m"Specs.docx"[39m
                [36m>[39m
                  [0mSpecs.docx[0m
                [36m</p>[39m
                [36m<p[39m
                  [33mclass[39m=[32m"text-xs text-gray-500 mt-1"[39m
                [36m>[39m
                  [0m2.00 KB[0m
                  [0m 窶｢ 0 downloads[0m
                  [0m 窶｢ 12/11/2025[0m
                [36m</p>[39m
              [36m</div>[39m
            [36m</div>[39m
            [36m<div[39m
              [33mclass[39m=[32m"flex items-center gap-2 flex-shrink-0"[39m
            [36m>[39m
              [36m<button[39m
                [33mclass[39m=[32m"p-2 text-blue-500 hover:bg-blue-50 rounded 
transition-colors disabled:opacity-50 disabled:cursor-not-allowed"[39m
                [33mtitle[39m=[32m"Download"[39m
              [36m>[39m
                [36m<svg[39m
                  [33maria-hidden[39m=[32m"true"[39m
                  [33mclass[39m=[32m"lucide lucide-download w-5 h-5"[39m
                  [33mfill[39m=[32m"none"[39m
                  [33mheight[39m=[32m"24"[39m
                  [33mstroke[39m=[32m"currentColor"[39m
                  [33mstroke-linecap[39m=[32m"round"[39m
                  [33mstroke-linejoin[39m=[32m"round"[39m
                  [33mstroke-width[39m=[32m"2"[39m
                  [33mviewBox[39m=[32m"0 0 24 24"[39m
                  [33mwidth[39m=[32m"24"[39m
                  [33mxmlns[39m=[32m"http://www.w3.org/2000/svg"[39m
                [36m>[39m
                  [36m<path[39m
                    [33md[39m=[32m"M12 15V3"[39m
                  [36m/>[39m
                  [36m<path[39m
                    [33md[39m=[32m"M21 15v4a2 2 0 0 1-2 2H5a2 2 0 0 1-2-2v-4"[39m
                  [36m/>[39m
                  [36m<path[39m
                    [33md[39m=[32m"m7 10 5 5 5-5"[39m
                  [36m/>[39m
                [36m</svg>[39m
              [36m</button>[39m
              [36m<button[39m
                [33mclass[39m=[32m"p-2 text-red-500 hover:bg-red-50 rounded 
transition-colors"[39m
                [33mtitle[39m=[32m"Delete file"[39m
              [36m>[39m
                [36m<svg[39m
                  [33maria-hidden[39m=[32m"true"[39m
                  [33mclass[39m=[32m"lucide lucide-trash2 lucide-trash-2 w-5 h-5"[39m
                  [33mfill[39m=[32m"none"[39m
                  [33mheight[39m=[32m"24"[39m
                  [33mstroke[39m=[32m"currentColor"[39m
                  [33mstroke-linecap[39m=[32m"round"[39m
                  [33mstroke-linejoin[39m=[32m"round"[39m
                  [33mstroke-width[39m=[32m"2"[39m
                  [33mviewBox[39m=[32m"0 0 24 24"[39m
                  [33mwidth[39m=[32m"24"[39m
                  [33mxmlns[39m=[32m"http://www.w3.org/2000/svg"[39m
                [36m>[39m
                  [36m<path[39m
                    [33md[39m=[32m"M10 11v6"[39m
                  [36m/>[39m
                  [36m<path[39m
                    [33md[39m=[32m"M14 11v6"[39m
                  [36m/>[39m
                  [36m<path[39m
                    [33md[39m=[32m"M19 6v14a2 2 0 0 1-2 2H7a2 2 0 0 1-2-2V6"[39m
                  [36m/>[39m
                  [36m<path[39m
                    [33md[39m=[32m"M3 6h18"[39m
                  [36m/>[39m
                  [36m<path[39m
                    [33md[39m=[32m"M8 6V4a2 2 0 0 1 2-2h4a2 2 0 0 1 2 2v2"[39m
                  [36m/>[39m
                [36m</svg>[39m
              [36m</button>[39m
            [36m</div>[39m
          [36m</div>[39m
          [36m<div[39m
            [33mclass[39m=[32m"flex items-center justify-between p-3 border border-gray-200 
rounded-lg hover:bg-gray-50 transition-colors"[39m
          [36m>[39m
            [36m<div[39m
              [33mclass[39m=[32m"flex items-center gap-3 flex-1 min-w-0"[39m
            [36m>[39m
              [36m<div[39m
                [33mclass[39m=[32m"flex-shrink-0"[39m
              [36m>[39m
                [36m<svg[39m
                  [33maria-hidden[39m=[32m"true"[39m
                  [33mclass[39m=[32m"lucide lucide-file-text w-5 h-5 text-red-500"[39m
                  [33mfill[39m=[32m"none"[39m
                  [33mheight[39m=[32m"24"[39m
                  [33mstroke[39m=[32m"currentColor"[39m
                  [33mstroke-linecap[39m=[32m"round"[39m
                  [33mstroke-linejoin[39m=[32m"round"[39m
                  [33mstroke-width[39m=[32m"2"[39m
                  [33mviewBox[39m=[32m"0 0 24 24"[39m
                  [33mwidth[39m=[32m"24"[39m
                  [33mxmlns[39m=[32m"http://www.w3.org/2000/svg"[39m
                [36m>[39m
                  [36m<path[39m
                    [33md[39m=[32m"M15 2H6a2 2 0 0 0-2 2v16a2 2 0 0 0 2 2h12a2 2 0 0 0 
2-2V7Z"[39m
                  [36m/>[39m
                  [36m<path[39m
                    [33md[39m=[32m"M14 2v4a2 2 0 0 0 2 2h4"[39m
                  [36m/>[39m
                  [36m<path[39m
                    [33md[39m=[32m"M10 9H8"[39m
                  [36m/>[39m
                  [36m<path[39m
                    [33md[39m=[32m"M16 13H8"[39m
                  [36m/>[39m
                  [36m<path[39m
                    [33md[39m=[32m"M16 17H8"[39m
                  [36m/>[39m
                [36m</svg>[39m
              [36m</div>[39m
              [36m<div[39m
                [33mclass[39m=[32m"flex-1 min-w-0"[39m
              [36m>[39m
                [36m<p[39m
                  [33mclass[39m=[32m"font-medium text-sm text-gray-900 truncate"[39m
                  [33mtitle[39m=[32m"Report.pdf"[39m
                [36m>[39m
                  [0mReport.pdf[0m
                [36m</p>[39m
                [36m<p[39m
                  [33mclass[39m=[32m"text-xs text-gray-500 mt-1"[39m
                [36m>[39m
                  [0m4.00 KB[0m
                  [0m 窶｢ 2 downloads[0m
                  [0m 窶｢ 12/11/2025[0m
                [36m</p>[39m
              [36m</div>[39m
            [36m</div>[39m
            [36m<div[39m
              [33mclass[39m=[32m"flex items-center gap-2 flex-shrink-0"[39m
            [36m>[39m
              [36m<button[39m
                [33mclass[39m=[32m"p-2 text-blue-500 hover:bg-blue-50 rounded 
transition-colors disabled:opacity-50 disabled:cursor-not-allowed"[39m
                [33mtitle[39m=[32m"Download"[39m
              [36m>[39m
                [36m<svg[39m
                  [33maria-hidden[39m=[32m"true"[39m
                  [33mclass[39m=[32m"lucide lucide-download w-5 h-5"[39m
                  [33mfill[39m=[32m"none"[39m
                  [33mheight[39m=[32m"24"[39m
                  [33mstroke[39m=[32m"currentColor"[39m
                  [33mstroke-linecap[39m=[32m"round"[39m
                  [33mstroke-linejoin[39m=[32m"round"[39m
                  [33mstroke-width[39m=[32m"2"[39m
                  [33mviewBox[39m=[32m"0 0 24 24"[39m
                  [33mwidth[39m=[32m"24"[39m
                  [33mxmlns[39m=[32m"http://www.w3.org/2000/svg"[39m
                [36m>[39m
                  [36m<path[39m
                    [33md[39m=[32m"M12 15V3"[39m
                  [36m/>[39m
                  [36m<path[39m
                    [33md[39m=[32m"M21 15v4a2 2 0 0 1-2 2H5a2 2 0 0 1-2-2v-4"[39m
                  [36m/>[39m
                  [36m<path[39m
                    [33md[39m=[32m"m7 10 5 5 5-5"[39m
                  [36m/>[39m
                [36m</svg>[39m
              [36m</button>[39m
            [36m</div>[39m
          [36m</div>[39m
        [36m</div>[39m
      [36m</div>[39m
    [36m</body>[39m

    [0m [90m 117 |[39m     expect(screen[33m.[39mgetByText([32m'Report.pdf'[39m))[33m.[
39mtoBeInTheDocument()[33m;[39m
     [90m 118 |[39m     [90m// uploader: file f1 uploaded_by u1 => delete button visible[39m
    [31m[1m>[22m[39m[90m 119 |[39m     [36mconst[39m deleteButtons [33m=[39m 
screen[33m.[39mgetAllByRole([32m'button'[39m[33m,[39m { name[33m:[39m [35m/xﾃｳa 
file/i[39m })[33m;[39m
     [90m     |[39m                                  [31m[1m^[22m[39m
     [90m 120 |[39m     
expect(deleteButtons[33m.[39mlength)[33m.[39mtoBeGreaterThan([35m0[39m)[33m;[39m
     [90m 121 |[39m     [90m// non-uploader file f2 should have no delete button if user not 
admin[39m
     [90m 122 |[39m     [90m// Confirm only one delete for uploader[39m[0m

      at Object.getElementError (node_modules/@testing-library/dom/dist/config.js:37:19)
      at node_modules/@testing-library/dom/dist/query-helpers.js:76:38
      at getAllByRole (node_modules/@testing-library/dom/dist/query-helpers.js:109:15)
      at Object.<anonymous> 
(src/test/__tests_cps__/components/fileList.behavior.test.tsx:119:34)

  笳・FileList behavior 窶ｺ hides delete button for non-uploader non-admin file

    TestingLibraryElementError: Unable to find an accessible element with the role "button" and 
name `/xﾃｳa file/i`

    Here are the accessible roles:

      paragraph:

      Name "Specs.docx":
      [36m<p[39m
        [33mclass[39m=[32m"font-medium text-sm text-gray-900 truncate"[39m
        [33mtitle[39m=[32m"Specs.docx"[39m
      [36m/>[39m

      Name "":
      [36m<p[39m
        [33mclass[39m=[32m"text-xs text-gray-500 mt-1"[39m
      [36m/>[39m

      Name "Report.pdf":
      [36m<p[39m
        [33mclass[39m=[32m"font-medium text-sm text-gray-900 truncate"[39m
        [33mtitle[39m=[32m"Report.pdf"[39m
      [36m/>[39m

      Name "":
      [36m<p[39m
        [33mclass[39m=[32m"text-xs text-gray-500 mt-1"[39m
      [36m/>[39m

      --------------------------------------------------
      button:

      Name "Download":
      [36m<button[39m
        [33mclass[39m=[32m"p-2 text-blue-500 hover:bg-blue-50 rounded transition-colors 
disabled:opacity-50 disabled:cursor-not-allowed"[39m
        [33mtitle[39m=[32m"Download"[39m
      [36m/>[39m

      Name "Delete file":
      [36m<button[39m
        [33mclass[39m=[32m"p-2 text-red-500 hover:bg-red-50 rounded transition-colors"[39m
        [33mtitle[39m=[32m"Delete file"[39m
      [36m/>[39m

      Name "Download":
      [36m<button[39m
        [33mclass[39m=[32m"p-2 text-blue-500 hover:bg-blue-50 rounded transition-colors 
disabled:opacity-50 disabled:cursor-not-allowed"[39m
        [33mtitle[39m=[32m"Download"[39m
      [36m/>[39m

      --------------------------------------------------

    Ignored nodes: comments, script, style
    [36m<body>[39m
      [36m<div>[39m
        [36m<div[39m
          [33mclass[39m=[32m"space-y-2 "[39m
        [36m>[39m
          [36m<div[39m
            [33mclass[39m=[32m"flex items-center justify-between p-3 border border-gray-200 
rounded-lg hover:bg-gray-50 transition-colors"[39m
          [36m>[39m
            [36m<div[39m
              [33mclass[39m=[32m"flex items-center gap-3 flex-1 min-w-0"[39m
            [36m>[39m
              [36m<div[39m
                [33mclass[39m=[32m"flex-shrink-0"[39m
              [36m>[39m
                [36m<svg[39m
                  [33maria-hidden[39m=[32m"true"[39m
                  [33mclass[39m=[32m"lucide lucide-file-text w-5 h-5 text-blue-600"[39m
                  [33mfill[39m=[32m"none"[39m
                  [33mheight[39m=[32m"24"[39m
                  [33mstroke[39m=[32m"currentColor"[39m
                  [33mstroke-linecap[39m=[32m"round"[39m
                  [33mstroke-linejoin[39m=[32m"round"[39m
                  [33mstroke-width[39m=[32m"2"[39m
                  [33mviewBox[39m=[32m"0 0 24 24"[39m
                  [33mwidth[39m=[32m"24"[39m
                  [33mxmlns[39m=[32m"http://www.w3.org/2000/svg"[39m
                [36m>[39m
                  [36m<path[39m
                    [33md[39m=[32m"M15 2H6a2 2 0 0 0-2 2v16a2 2 0 0 0 2 2h12a2 2 0 0 0 
2-2V7Z"[39m
                  [36m/>[39m
                  [36m<path[39m
                    [33md[39m=[32m"M14 2v4a2 2 0 0 0 2 2h4"[39m
                  [36m/>[39m
                  [36m<path[39m
                    [33md[39m=[32m"M10 9H8"[39m
                  [36m/>[39m
                  [36m<path[39m
                    [33md[39m=[32m"M16 13H8"[39m
                  [36m/>[39m
                  [36m<path[39m
                    [33md[39m=[32m"M16 17H8"[39m
                  [36m/>[39m
                [36m</svg>[39m
              [36m</div>[39m
              [36m<div[39m
                [33mclass[39m=[32m"flex-1 min-w-0"[39m
              [36m>[39m
                [36m<p[39m
                  [33mclass[39m=[32m"font-medium text-sm text-gray-900 truncate"[39m
                  [33mtitle[39m=[32m"Specs.docx"[39m
                [36m>[39m
                  [0mSpecs.docx[0m
                [36m</p>[39m
                [36m<p[39m
                  [33mclass[39m=[32m"text-xs text-gray-500 mt-1"[39m
                [36m>[39m
                  [0m2.00 KB[0m
                  [0m 窶｢ 0 downloads[0m
                  [0m 窶｢ 12/11/2025[0m
                [36m</p>[39m
              [36m</div>[39m
            [36m</div>[39m
            [36m<div[39m
              [33mclass[39m=[32m"flex items-center gap-2 flex-shrink-0"[39m
            [36m>[39m
              [36m<button[39m
                [33mclass[39m=[32m"p-2 text-blue-500 hover:bg-blue-50 rounded 
transition-colors disabled:opacity-50 disabled:cursor-not-allowed"[39m
                [33mtitle[39m=[32m"Download"[39m
              [36m>[39m
                [36m<svg[39m
                  [33maria-hidden[39m=[32m"true"[39m
                  [33mclass[39m=[32m"lucide lucide-download w-5 h-5"[39m
                  [33mfill[39m=[32m"none"[39m
                  [33mheight[39m=[32m"24"[39m
                  [33mstroke[39m=[32m"currentColor"[39m
                  [33mstroke-linecap[39m=[32m"round"[39m
                  [33mstroke-linejoin[39m=[32m"round"[39m
                  [33mstroke-width[39m=[32m"2"[39m
                  [33mviewBox[39m=[32m"0 0 24 24"[39m
                  [33mwidth[39m=[32m"24"[39m
                  [33mxmlns[39m=[32m"http://www.w3.org/2000/svg"[39m
                [36m>[39m
                  [36m<path[39m
                    [33md[39m=[32m"M12 15V3"[39m
                  [36m/>[39m
                  [36m<path[39m
                    [33md[39m=[32m"M21 15v4a2 2 0 0 1-2 2H5a2 2 0 0 1-2-2v-4"[39m
                  [36m/>[39m
                  [36m<path[39m
                    [33md[39m=[32m"m7 10 5 5 5-5"[39m
                  [36m/>[39m
                [36m</svg>[39m
              [36m</button>[39m
              [36m<button[39m
                [33mclass[39m=[32m"p-2 text-red-500 hover:bg-red-50 rounded 
transition-colors"[39m
                [33mtitle[39m=[32m"Delete file"[39m
              [36m>[39m
                [36m<svg[39m
                  [33maria-hidden[39m=[32m"true"[39m
                  [33mclass[39m=[32m"lucide lucide-trash2 lucide-trash-2 w-5 h-5"[39m
                  [33mfill[39m=[32m"none"[39m
                  [33mheight[39m=[32m"24"[39m
                  [33mstroke[39m=[32m"currentColor"[39m
                  [33mstroke-linecap[39m=[32m"round"[39m
                  [33mstroke-linejoin[39m=[32m"round"[39m
                  [33mstroke-width[39m=[32m"2"[39m
                  [33mviewBox[39m=[32m"0 0 24 24"[39m
                  [33mwidth[39m=[32m"24"[39m
                  [33mxmlns[39m=[32m"http://www.w3.org/2000/svg"[39m
                [36m>[39m
                  [36m<path[39m
                    [33md[39m=[32m"M10 11v6"[39m
                  [36m/>[39m
                  [36m<path[39m
                    [33md[39m=[32m"M14 11v6"[39m
                  [36m/>[39m
                  [36m<path[39m
                    [33md[39m=[32m"M19 6v14a2 2 0 0 1-2 2H7a2 2 0 0 1-2-2V6"[39m
                  [36m/>[39m
                  [36m<path[39m
                    [33md[39m=[32m"M3 6h18"[39m
                  [36m/>[39m
                  [36m<path[39m
                    [33md[39m=[32m"M8 6V4a2 2 0 0 1 2-2h4a2 2 0 0 1 2 2v2"[39m
                  [36m/>[39m
                [36m</svg>[39m
              [36m</button>[39m
            [36m</div>[39m
          [36m</div>[39m
          [36m<div[39m
            [33mclass[39m=[32m"flex items-center justify-between p-3 border border-gray-200 
rounded-lg hover:bg-gray-50 transition-colors"[39m
          [36m>[39m
            [36m<div[39m
              [33mclass[39m=[32m"flex items-center gap-3 flex-1 min-w-0"[39m
            [36m>[39m
              [36m<div[39m
                [33mclass[39m=[32m"flex-shrink-0"[39m
              [36m>[39m
                [36m<svg[39m
                  [33maria-hidden[39m=[32m"true"[39m
                  [33mclass[39m=[32m"lucide lucide-file-text w-5 h-5 text-red-500"[39m
                  [33mfill[39m=[32m"none"[39m
                  [33mheight[39m=[32m"24"[39m
                  [33mstroke[39m=[32m"currentColor"[39m
                  [33mstroke-linecap[39m=[32m"round"[39m
                  [33mstroke-linejoin[39m=[32m"round"[39m
                  [33mstroke-width[39m=[32m"2"[39m
                  [33mviewBox[39m=[32m"0 0 24 24"[39m
                  [33mwidth[39m=[32m"24"[39m
                  [33mxmlns[39m=[32m"http://www.w3.org/2000/svg"[39m
                [36m>[39m
                  [36m<path[39m
                    [33md[39m=[32m"M15 2H6a2 2 0 0 0-2 2v16a2 2 0 0 0 2 2h12a2 2 0 0 0 
2-2V7Z"[39m
                  [36m/>[39m
                  [36m<path[39m
                    [33md[39m=[32m"M14 2v4a2 2 0 0 0 2 2h4"[39m
                  [36m/>[39m
                  [36m<path[39m
                    [33md[39m=[32m"M10 9H8"[39m
                  [36m/>[39m
                  [36m<path[39m
                    [33md[39m=[32m"M16 13H8"[39m
                  [36m/>[39m
                  [36m<path[39m
                    [33md[39m=[32m"M16 17H8"[39m
                  [36m/>[39m
                [36m</svg>[39m
              [36m</div>[39m
              [36m<div[39m
                [33mclass[39m=[32m"flex-1 min-w-0"[39m
              [36m>[39m
                [36m<p[39m
                  [33mclass[39m=[32m"font-medium text-sm text-gray-900 truncate"[39m
                  [33mtitle[39m=[32m"Report.pdf"[39m
                [36m>[39m
                  [0mReport.pdf[0m
                [36m</p>[39m
                [36m<p[39m
                  [33mclass[39m=[32m"text-xs text-gray-500 mt-1"[39m
                [36m>[39m
                  [0m4.00 KB[0m
                  [0m 窶｢ 2 downloads[0m
                  [0m 窶｢ 12/11/2025[0m
                [36m</p>[39m
              [36m</div>[39m
            [36m</div>[39m
            [36m<div[39m
              [33mclass[39m=[32m"flex items-center gap-2 flex-shrink-0"[39m
            [36m>[39m
              [36m<button[39m
                [33mclass[39m=[32m"p-2 text-blue-500 hover:bg-blue-50 rounded 
transition-colors disabled:opacity-50 disabled:cursor-not-allowed"[39m
                [33mtitle[39m=[32m"Download"[39m
              [36m>[39m
                [36m<svg[39m
                  [33maria-hidden[39m=[32m"true"[39m
                  [33mclass[39m=[32m"lucide lucide-download w-5 h-5"[39m
                  [33mfill[39m=[32m"none"[39m
                  [33mheight[39m=[32m"24"[39m
                  [33mstroke[39m=[32m"currentColor"[39m
                  [33mstroke-linecap[39m=[32m"round"[39m
                  [33mstroke-linejoin[39m=[32m"round"[39m
                  [33mstroke-width[39m=[32m"2"[39m
                  [33mviewBox[39m=[32m"0 0 24 24"[39m
                  [33mwidth[39m=[32m"24"[39m
                  [33mxmlns[39m=[32m"http://www.w3.org/2000/svg"[39m
                [36m>[39m
                  [36m<path[39m
                    [33md[39m=[32m"M12 15V3"[39m
                  [36m/>[39m
                  [36m<path[39m
                    [33md[39m=[32m"M21 15v4a2 2 0 0 1-2 2H5a2 2 0 0 1-2-2v-4"[39m
                  [36m/>[39m
                  [36m<path[39m
                    [33md[39m=[32m"m7 10 5 5 5-5"[39m
                  [36m/>[39m
                [36m</svg>[39m
              [36m</button>[39m
            [36m</div>[39m
          [36m</div>[39m
        [36m</div>[39m
      [36m</div>[39m
    [36m</body>[39m

    [0m [90m 129 |[39m     [36mawait[39m 
screen[33m.[39mfindByText([32m'Report.pdf'[39m)[33m;[39m
     [90m 130 |[39m     [90m// Ensure there is no second delete button besides 
uploader's[39m
    [31m[1m>[22m[39m[90m 131 |[39m     [36mconst[39m allDeleteButtons [33m=[39m 
screen[33m.[39mgetAllByRole([32m'button'[39m[33m,[39m { name[33m:[39m [35m/xﾃｳa 
file/i[39m })[33m;[39m
     [90m     |[39m                                     [31m[1m^[22m[39m
     [90m 132 |[39m     
expect(allDeleteButtons[33m.[39mlength)[33m.[39mtoBe([35m1[39m)[33m;[39m [90m// only 
uploader file[39m
     [90m 133 |[39m   })[33m;[39m
     [90m 134 |[39m[0m

      at Object.getElementError (node_modules/@testing-library/dom/dist/config.js:37:19)
      at node_modules/@testing-library/dom/dist/query-helpers.js:76:38
      at getAllByRole (node_modules/@testing-library/dom/dist/query-helpers.js:109:15)
      at Object.<anonymous> 
(src/test/__tests_cps__/components/fileList.behavior.test.tsx:131:37)

  笳・FileList behavior 窶ｺ allows admin to delete any file

    TestingLibraryElementError: Unable to find an accessible element with the role "button" and 
name `/xﾃｳa file/i`

    Here are the accessible roles:

      paragraph:

      Name "Specs.docx":
      [36m<p[39m
        [33mclass[39m=[32m"font-medium text-sm text-gray-900 truncate"[39m
        [33mtitle[39m=[32m"Specs.docx"[39m
      [36m/>[39m

      Name "":
      [36m<p[39m
        [33mclass[39m=[32m"text-xs text-gray-500 mt-1"[39m
      [36m/>[39m

      Name "Report.pdf":
      [36m<p[39m
        [33mclass[39m=[32m"font-medium text-sm text-gray-900 truncate"[39m
        [33mtitle[39m=[32m"Report.pdf"[39m
      [36m/>[39m

      Name "":
      [36m<p[39m
        [33mclass[39m=[32m"text-xs text-gray-500 mt-1"[39m
      [36m/>[39m

      --------------------------------------------------
      button:

      Name "Download":
      [36m<button[39m
        [33mclass[39m=[32m"p-2 text-blue-500 hover:bg-blue-50 rounded transition-colors 
disabled:opacity-50 disabled:cursor-not-allowed"[39m
        [33mtitle[39m=[32m"Download"[39m
      [36m/>[39m

      Name "Delete file":
      [36m<button[39m
        [33mclass[39m=[32m"p-2 text-red-500 hover:bg-red-50 rounded transition-colors"[39m
        [33mtitle[39m=[32m"Delete file"[39m
      [36m/>[39m

      Name "Download":
      [36m<button[39m
        [33mclass[39m=[32m"p-2 text-blue-500 hover:bg-blue-50 rounded transition-colors 
disabled:opacity-50 disabled:cursor-not-allowed"[39m
        [33mtitle[39m=[32m"Download"[39m
      [36m/>[39m

      Name "Delete file":
      [36m<button[39m
        [33mclass[39m=[32m"p-2 text-red-500 hover:bg-red-50 rounded transition-colors"[39m
        [33mtitle[39m=[32m"Delete file"[39m
      [36m/>[39m

      --------------------------------------------------

    Ignored nodes: comments, script, style
    [36m<body>[39m
      [36m<div>[39m
        [36m<div[39m
          [33mclass[39m=[32m"space-y-2 "[39m
        [36m>[39m
          [36m<div[39m
            [33mclass[39m=[32m"flex items-center justify-between p-3 border border-gray-200 
rounded-lg hover:bg-gray-50 transition-colors"[39m
          [36m>[39m
            [36m<div[39m
              [33mclass[39m=[32m"flex items-center gap-3 flex-1 min-w-0"[39m
            [36m>[39m
              [36m<div[39m
                [33mclass[39m=[32m"flex-shrink-0"[39m
              [36m>[39m
                [36m<svg[39m
                  [33maria-hidden[39m=[32m"true"[39m
                  [33mclass[39m=[32m"lucide lucide-file-text w-5 h-5 text-blue-600"[39m
                  [33mfill[39m=[32m"none"[39m
                  [33mheight[39m=[32m"24"[39m
                  [33mstroke[39m=[32m"currentColor"[39m
                  [33mstroke-linecap[39m=[32m"round"[39m
                  [33mstroke-linejoin[39m=[32m"round"[39m
                  [33mstroke-width[39m=[32m"2"[39m
                  [33mviewBox[39m=[32m"0 0 24 24"[39m
                  [33mwidth[39m=[32m"24"[39m
                  [33mxmlns[39m=[32m"http://www.w3.org/2000/svg"[39m
                [36m>[39m
                  [36m<path[39m
                    [33md[39m=[32m"M15 2H6a2 2 0 0 0-2 2v16a2 2 0 0 0 2 2h12a2 2 0 0 0 
2-2V7Z"[39m
                  [36m/>[39m
                  [36m<path[39m
                    [33md[39m=[32m"M14 2v4a2 2 0 0 0 2 2h4"[39m
                  [36m/>[39m
                  [36m<path[39m
                    [33md[39m=[32m"M10 9H8"[39m
                  [36m/>[39m
                  [36m<path[39m
                    [33md[39m=[32m"M16 13H8"[39m
                  [36m/>[39m
                  [36m<path[39m
                    [33md[39m=[32m"M16 17H8"[39m
                  [36m/>[39m
                [36m</svg>[39m
              [36m</div>[39m
              [36m<div[39m
                [33mclass[39m=[32m"flex-1 min-w-0"[39m
              [36m>[39m
                [36m<p[39m
                  [33mclass[39m=[32m"font-medium text-sm text-gray-900 truncate"[39m
                  [33mtitle[39m=[32m"Specs.docx"[39m
                [36m>[39m
                  [0mSpecs.docx[0m
                [36m</p>[39m
                [36m<p[39m
                  [33mclass[39m=[32m"text-xs text-gray-500 mt-1"[39m
                [36m>[39m
                  [0m2.00 KB[0m
                  [0m 窶｢ 0 downloads[0m
                  [0m 窶｢ 12/11/2025[0m
                [36m</p>[39m
              [36m</div>[39m
            [36m</div>[39m
            [36m<div[39m
              [33mclass[39m=[32m"flex items-center gap-2 flex-shrink-0"[39m
            [36m>[39m
              [36m<button[39m
                [33mclass[39m=[32m"p-2 text-blue-500 hover:bg-blue-50 rounded 
transition-colors disabled:opacity-50 disabled:cursor-not-allowed"[39m
                [33mtitle[39m=[32m"Download"[39m
              [36m>[39m
                [36m<svg[39m
                  [33maria-hidden[39m=[32m"true"[39m
                  [33mclass[39m=[32m"lucide lucide-download w-5 h-5"[39m
                  [33mfill[39m=[32m"none"[39m
                  [33mheight[39m=[32m"24"[39m
                  [33mstroke[39m=[32m"currentColor"[39m
                  [33mstroke-linecap[39m=[32m"round"[39m
                  [33mstroke-linejoin[39m=[32m"round"[39m
                  [33mstroke-width[39m=[32m"2"[39m
                  [33mviewBox[39m=[32m"0 0 24 24"[39m
                  [33mwidth[39m=[32m"24"[39m
                  [33mxmlns[39m=[32m"http://www.w3.org/2000/svg"[39m
                [36m>[39m
                  [36m<path[39m
                    [33md[39m=[32m"M12 15V3"[39m
                  [36m/>[39m
                  [36m<path[39m
                    [33md[39m=[32m"M21 15v4a2 2 0 0 1-2 2H5a2 2 0 0 1-2-2v-4"[39m
                  [36m/>[39m
                  [36m<path[39m
                    [33md[39m=[32m"m7 10 5 5 5-5"[39m
                  [36m/>[39m
                [36m</svg>[39m
              [36m</button>[39m
              [36m<button[39m
                [33mclass[39m=[32m"p-2 text-red-500 hover:bg-red-50 rounded 
transition-colors"[39m
                [33mtitle[39m=[32m"Delete file"[39m
              [36m>[39m
                [36m<svg[39m
                  [33maria-hidden[39m=[32m"true"[39m
                  [33mclass[39m=[32m"lucide lucide-trash2 lucide-trash-2 w-5 h-5"[39m
                  [33mfill[39m=[32m"none"[39m
                  [33mheight[39m=[32m"24"[39m
                  [33mstroke[39m=[32m"currentColor"[39m
                  [33mstroke-linecap[39m=[32m"round"[39m
                  [33mstroke-linejoin[39m=[32m"round"[39m
                  [33mstroke-width[39m=[32m"2"[39m
                  [33mviewBox[39m=[32m"0 0 24 24"[39m
                  [33mwidth[39m=[32m"24"[39m
                  [33mxmlns[39m=[32m"http://www.w3.org/2000/svg"[39m
                [36m>[39m
                  [36m<path[39m
                    [33md[39m=[32m"M10 11v6"[39m
                  [36m/>[39m
                  [36m<path[39m
                    [33md[39m=[32m"M14 11v6"[39m
                  [36m/>[39m
                  [36m<path[39m
                    [33md[39m=[32m"M19 6v14a2 2 0 0 1-2 2H7a2 2 0 0 1-2-2V6"[39m
                  [36m/>[39m
                  [36m<path[39m
                    [33md[39m=[32m"M3 6h18"[39m
                  [36m/>[39m
                  [36m<path[39m
                    [33md[39m=[32m"M8 6V4a2 2 0 0 1 2-2h4a2 2 0 0 1 2 2v2"[39m
                  [36m/>[39m
                [36m</svg>[39m
              [36m</button>[39m
            [36m</div>[39m
          [36m</div>[39m
          [36m<div[39m
            [33mclass[39m=[32m"flex items-center justify-between p-3 border border-gray-200 
rounded-lg hover:bg-gray-50 transition-colors"[39m
          [36m>[39m
            [36m<div[39m
              [33mclass[39m=[32m"flex items-center gap-3 flex-1 min-w-0"[39m
            [36m>[39m
              [36m<div[39m
                [33mclass[39m=[32m"flex-shrink-0"[39m
              [36m>[39m
                [36m<svg[39m
                  [33maria-hidden[39m=[32m"true"[39m
                  [33mclass[39m=[32m"lucide lucide-file-text w-5 h-5 text-red-500"[39m
                  [33mfill[39m=[32m"none"[39m
                  [33mheight[39m=[32m"24"[39m
                  [33mstroke[39m=[32m"currentColor"[39m
                  [33mstroke-linecap[39m=[32m"round"[39m
                  [33mstroke-linejoin[39m=[32m"round"[39m
                  [33mstroke-width[39m=[32m"2"[39m
                  [33mviewBox[39m=[32m"0 0 24 24"[39m
                  [33mwidth[39m=[32m"24"[39m
                  [33mxmlns[39m=[32m"http://www.w3.org/2000/svg"[39m
                [36m>[39m
                  [36m<path[39m
                    [33md[39m=[32m"M15 2H6a2 2 0 0 0-2 2v16a2 2 0 0 0 2 2h12a2 2 0 0 0 
2-2V7Z"[39m
                  [36m/>[39m
                  [36m<path[39m
                    [33md[39m=[32m"M14 2v4a2 2 0 0 0 2 2h4"[39m
                  [36m/>[39m
                  [36m<path[39m
                    [33md[39m=[32m"M10 9H8"[39m
                  [36m/>[39m
                  [36m<path[39m
                    [33md[39m=[32m"M16 13H8"[39m
                  [36m/>[39m
                  [36m<path[39m
                    [33md[39m=[32m"M16 17H8"[39m
                  [36m/>[39m
                [36m</svg>[39m
              [36m</div>[39m
              [36m<div[39m
                [33mclass[39m=[32m"flex-1 min-w-0"[39m
              [36m>[39m
                [36m<p[39m
                  [33mclass[39m=[32m"font-medium text-sm text-gray-900 truncate"[39m
                  [33mtitle[39m=[32m"Report.pdf"[39m
                [36m>[39m
                  [0mReport.pdf[0m
                [36m</p>[39m
                [36m<p[39m
                  [33mclass[39m=[32m"text-xs text-gray-500 mt-1"[39m
                [36m>[39m
                  [0m4.00 KB[0m
                  [0m 窶｢ 2 downloads[0m
                  [0m 窶｢ 12/11/2025[0m
                [36m</p>[39m
              [36m</div>[39m
            [36m</div>[39m
            [36m<div[39m
              [33mclass[39m=[32m"flex items-center gap-2 flex-shrink-0"[39m
            [36m>[39m
              [36m<button[39m
                [33mclass[39m=[32m"p-2 text-blue-500 hover:bg-blue-50 rounded 
transition-colors disabled:opacity-50 disabled:cursor-not-allowed"[39m
                [33mtitle[39m=[32m"Download"[39m
              [36m>[39m
                [36m<svg[39m
                  [33maria-hidden[39m=[32m"true"[39m
                  [33mclass[39m=[32m"lucide lucide-download w-5 h-5"[39m
                  [33mfill[39m=[32m"none"[39m
                  [33mheight[39m=[32m"24"[39m
                  [33mstroke[39m=[32m"currentColor"[39m
                  [33mstroke-linecap[39m=[32m"round"[39m
                  [33mstroke-linejoin[39m=[32m"round"[39m
                  [33mstroke-width[39m=[32m"2"[39m
                  [33mviewBox[39m=[32m"0 0 24 24"[39m
                  [33mwidth[39m=[32m"24"[39m
                  [33mxmlns[39m=[32m"http://www.w3.org/2000/svg"[39m
                [36m>[39m
                  [36m<path[39m
                    [33md[39m=[32m"M12 15V3"[39m
                  [36m/>[39m
                  [36m<path[39m
                    [33md[39m=[32m"M21 15v4a2 2 0 0 1-2 2H5a2 2 0 0 1-2-2v-4"[39m
                  [36m/>[39m
                  [36m<path[39m
                    [33md[39m=[32m"m7 10 5 5 5-5"[39m
                  [36m/>[39m
                [36m</svg>[39m
              [36m</button>[39m
              [36m<button[39m
                [33mclass[39m=[32m"p-2 text-red-500 hover:bg-red-50 rounded 
transition-colors"[39m
                [33mtitle[39m=[32m"Delete file"[39m
              [36m>[39m
                [36m<svg[39m
                  [33maria-hidden[39m=[32m"true"[39m
                  [33mclass[39m=[32m"lucide lucide-trash2 lucide-trash-2 w-5 h-5"[39m
                  [33mfill[39m=[32m"none"[39m
                  [33mheight[39m=[32m"24"[39m
                  [33mstroke[39m=[32m"currentColor"[39m
                  [33mstroke-linecap[39m=[32m"round"[39m
                  [33mstroke-linejoin[39m=[32m"round"[39m
                  [33mstroke-width[39m=[32m"2"[39m
                  [33mviewBox[39m=[32m"0 0 24 24"[39m
                  [33mwidth[39m=[32m"24"[39m
                  [33mxmlns[39m=[32m"http://www.w3.org/2000/svg"[39m
                [36m>[39m
                  [36m<path[39m
                    [33md[39m=[32m"M10 11v6"[39m
                  [36m/>[39m
                  [36m<path[39m
                    [33md[39m=[32m"M14 11v6"[39m
                  [36m/>[39m
                  [36m<path[39m
                    [33md[39m=[32m"M19 6v14a2 2 0 0 1-2 2H7a2 2 0 0 1-2-2V6"[39m
                  [36m/>[39m
                  [36m<path[39m
                    [33md[39m=[32m"M3 6h18"[39m
                  [36m/>[39m
                  [36m<path[39m
                    [33md[39m=[32m"M8 6V4a2 2 0 0 1 2-2h4a2 2 0 0 1 2 2v2"[39m
                  [36m/>[39m
                [36m</svg>[39m
              [36m</button>[39m
            [36m</div>[39m
          [36m</div>[39m
        [36m</div>[39m
      [36m</div>[39m
    [36m</body>[39m

    [0m [90m 138 |[39m     [36mawait[39m 
screen[33m.[39mfindByText([32m'Report.pdf'[39m)[33m;[39m
     [90m 139 |[39m     [90m// Now both files should have delete buttons[39m
    [31m[1m>[22m[39m[90m 140 |[39m     [36mconst[39m deleteButtons [33m=[39m 
screen[33m.[39mgetAllByRole([32m'button'[39m[33m,[39m { name[33m:[39m [35m/xﾃｳa 
file/i[39m })[33m;[39m
     [90m     |[39m                                  [31m[1m^[22m[39m
     [90m 141 |[39m     
expect(deleteButtons[33m.[39mlength)[33m.[39mtoBe([35m2[39m)[33m;[39m
     [90m 142 |[39m   })[33m;[39m
     [90m 143 |[39m[0m

      at Object.getElementError (node_modules/@testing-library/dom/dist/config.js:37:19)
      at node_modules/@testing-library/dom/dist/query-helpers.js:76:38
      at getAllByRole (node_modules/@testing-library/dom/dist/query-helpers.js:109:15)
      at Object.<anonymous> 
(src/test/__tests_cps__/components/fileList.behavior.test.tsx:140:34)

  笳・FileList behavior 窶ｺ triggers download action (button clickable without crashing)

    TestingLibraryElementError: Unable to find an accessible element with the role "button" and 
name `/t蘯｣i xu盻創g/i`

    Here are the accessible roles:

      paragraph:

      Name "Specs.docx":
      [36m<p[39m
        [33mclass[39m=[32m"font-medium text-sm text-gray-900 truncate"[39m
        [33mtitle[39m=[32m"Specs.docx"[39m
      [36m/>[39m

      Name "":
      [36m<p[39m
        [33mclass[39m=[32m"text-xs text-gray-500 mt-1"[39m
      [36m/>[39m

      Name "Report.pdf":
      [36m<p[39m
        [33mclass[39m=[32m"font-medium text-sm text-gray-900 truncate"[39m
        [33mtitle[39m=[32m"Report.pdf"[39m
      [36m/>[39m

      Name "":
      [36m<p[39m
        [33mclass[39m=[32m"text-xs text-gray-500 mt-1"[39m
      [36m/>[39m

      --------------------------------------------------
      button:

      Name "Download":
      [36m<button[39m
        [33mclass[39m=[32m"p-2 text-blue-500 hover:bg-blue-50 rounded transition-colors 
disabled:opacity-50 disabled:cursor-not-allowed"[39m
        [33mtitle[39m=[32m"Download"[39m
      [36m/>[39m

      Name "Delete file":
      [36m<button[39m
        [33mclass[39m=[32m"p-2 text-red-500 hover:bg-red-50 rounded transition-colors"[39m
        [33mtitle[39m=[32m"Delete file"[39m
      [36m/>[39m

      Name "Download":
      [36m<button[39m
        [33mclass[39m=[32m"p-2 text-blue-500 hover:bg-blue-50 rounded transition-colors 
disabled:opacity-50 disabled:cursor-not-allowed"[39m
        [33mtitle[39m=[32m"Download"[39m
      [36m/>[39m

      --------------------------------------------------

    Ignored nodes: comments, script, style
    [36m<body>[39m
      [36m<div>[39m
        [36m<div[39m
          [33mclass[39m=[32m"space-y-2 "[39m
        [36m>[39m
          [36m<div[39m
            [33mclass[39m=[32m"flex items-center justify-between p-3 border border-gray-200 
rounded-lg hover:bg-gray-50 transition-colors"[39m
          [36m>[39m
            [36m<div[39m
              [33mclass[39m=[32m"flex items-center gap-3 flex-1 min-w-0"[39m
            [36m>[39m
              [36m<div[39m
                [33mclass[39m=[32m"flex-shrink-0"[39m
              [36m>[39m
                [36m<svg[39m
                  [33maria-hidden[39m=[32m"true"[39m
                  [33mclass[39m=[32m"lucide lucide-file-text w-5 h-5 text-blue-600"[39m
                  [33mfill[39m=[32m"none"[39m
                  [33mheight[39m=[32m"24"[39m
                  [33mstroke[39m=[32m"currentColor"[39m
                  [33mstroke-linecap[39m=[32m"round"[39m
                  [33mstroke-linejoin[39m=[32m"round"[39m
                  [33mstroke-width[39m=[32m"2"[39m
                  [33mviewBox[39m=[32m"0 0 24 24"[39m
                  [33mwidth[39m=[32m"24"[39m
                  [33mxmlns[39m=[32m"http://www.w3.org/2000/svg"[39m
                [36m>[39m
                  [36m<path[39m
                    [33md[39m=[32m"M15 2H6a2 2 0 0 0-2 2v16a2 2 0 0 0 2 2h12a2 2 0 0 0 
2-2V7Z"[39m
                  [36m/>[39m
                  [36m<path[39m
                    [33md[39m=[32m"M14 2v4a2 2 0 0 0 2 2h4"[39m
                  [36m/>[39m
                  [36m<path[39m
                    [33md[39m=[32m"M10 9H8"[39m
                  [36m/>[39m
                  [36m<path[39m
                    [33md[39m=[32m"M16 13H8"[39m
                  [36m/>[39m
                  [36m<path[39m
                    [33md[39m=[32m"M16 17H8"[39m
                  [36m/>[39m
                [36m</svg>[39m
              [36m</div>[39m
              [36m<div[39m
                [33mclass[39m=[32m"flex-1 min-w-0"[39m
              [36m>[39m
                [36m<p[39m
                  [33mclass[39m=[32m"font-medium text-sm text-gray-900 truncate"[39m
                  [33mtitle[39m=[32m"Specs.docx"[39m
                [36m>[39m
                  [0mSpecs.docx[0m
                [36m</p>[39m
                [36m<p[39m
                  [33mclass[39m=[32m"text-xs text-gray-500 mt-1"[39m
                [36m>[39m
                  [0m2.00 KB[0m
                  [0m 窶｢ 0 downloads[0m
                  [0m 窶｢ 12/11/2025[0m
                [36m</p>[39m
              [36m</div>[39m
            [36m</div>[39m
            [36m<div[39m
              [33mclass[39m=[32m"flex items-center gap-2 flex-shrink-0"[39m
            [36m>[39m
              [36m<button[39m
                [33mclass[39m=[32m"p-2 text-blue-500 hover:bg-blue-50 rounded 
transition-colors disabled:opacity-50 disabled:cursor-not-allowed"[39m
                [33mtitle[39m=[32m"Download"[39m
              [36m>[39m
                [36m<svg[39m
                  [33maria-hidden[39m=[32m"true"[39m
                  [33mclass[39m=[32m"lucide lucide-download w-5 h-5"[39m
                  [33mfill[39m=[32m"none"[39m
                  [33mheight[39m=[32m"24"[39m
                  [33mstroke[39m=[32m"currentColor"[39m
                  [33mstroke-linecap[39m=[32m"round"[39m
                  [33mstroke-linejoin[39m=[32m"round"[39m
                  [33mstroke-width[39m=[32m"2"[39m
                  [33mviewBox[39m=[32m"0 0 24 24"[39m
                  [33mwidth[39m=[32m"24"[39m
                  [33mxmlns[39m=[32m"http://www.w3.org/2000/svg"[39m
                [36m>[39m
                  [36m<path[39m
                    [33md[39m=[32m"M12 15V3"[39m
                  [36m/>[39m
                  [36m<path[39m
                    [33md[39m=[32m"M21 15v4a2 2 0 0 1-2 2H5a2 2 0 0 1-2-2v-4"[39m
                  [36m/>[39m
                  [36m<path[39m
                    [33md[39m=[32m"m7 10 5 5 5-5"[39m
                  [36m/>[39m
                [36m</svg>[39m
              [36m</button>[39m
              [36m<button[39m
                [33mclass[39m=[32m"p-2 text-red-500 hover:bg-red-50 rounded 
transition-colors"[39m
                [33mtitle[39m=[32m"Delete file"[39m
              [36m>[39m
                [36m<svg[39m
                  [33maria-hidden[39m=[32m"true"[39m
                  [33mclass[39m=[32m"lucide lucide-trash2 lucide-trash-2 w-5 h-5"[39m
                  [33mfill[39m=[32m"none"[39m
                  [33mheight[39m=[32m"24"[39m
                  [33mstroke[39m=[32m"currentColor"[39m
                  [33mstroke-linecap[39m=[32m"round"[39m
                  [33mstroke-linejoin[39m=[32m"round"[39m
                  [33mstroke-width[39m=[32m"2"[39m
                  [33mviewBox[39m=[32m"0 0 24 24"[39m
                  [33mwidth[39m=[32m"24"[39m
                  [33mxmlns[39m=[32m"http://www.w3.org/2000/svg"[39m
                [36m>[39m
                  [36m<path[39m
                    [33md[39m=[32m"M10 11v6"[39m
                  [36m/>[39m
                  [36m<path[39m
                    [33md[39m=[32m"M14 11v6"[39m
                  [36m/>[39m
                  [36m<path[39m
                    [33md[39m=[32m"M19 6v14a2 2 0 0 1-2 2H7a2 2 0 0 1-2-2V6"[39m
                  [36m/>[39m
                  [36m<path[39m
                    [33md[39m=[32m"M3 6h18"[39m
                  [36m/>[39m
                  [36m<path[39m
                    [33md[39m=[32m"M8 6V4a2 2 0 0 1 2-2h4a2 2 0 0 1 2 2v2"[39m
                  [36m/>[39m
                [36m</svg>[39m
              [36m</button>[39m
            [36m</div>[39m
          [36m</div>[39m
          [36m<div[39m
            [33mclass[39m=[32m"flex items-center justify-between p-3 border border-gray-200 
rounded-lg hover:bg-gray-50 transition-colors"[39m
          [36m>[39m
            [36m<div[39m
              [33mclass[39m=[32m"flex items-center gap-3 flex-1 min-w-0"[39m
            [36m>[39m
              [36m<div[39m
                [33mclass[39m=[32m"flex-shrink-0"[39m
              [36m>[39m
                [36m<svg[39m
                  [33maria-hidden[39m=[32m"true"[39m
                  [33mclass[39m=[32m"lucide lucide-file-text w-5 h-5 text-red-500"[39m
                  [33mfill[39m=[32m"none"[39m
                  [33mheight[39m=[32m"24"[39m
                  [33mstroke[39m=[32m"currentColor"[39m
                  [33mstroke-linecap[39m=[32m"round"[39m
                  [33mstroke-linejoin[39m=[32m"round"[39m
                  [33mstroke-width[39m=[32m"2"[39m
                  [33mviewBox[39m=[32m"0 0 24 24"[39m
                  [33mwidth[39m=[32m"24"[39m
                  [33mxmlns[39m=[32m"http://www.w3.org/2000/svg"[39m
                [36m>[39m
                  [36m<path[39m
                    [33md[39m=[32m"M15 2H6a2 2 0 0 0-2 2v16a2 2 0 0 0 2 2h12a2 2 0 0 0 
2-2V7Z"[39m
                  [36m/>[39m
                  [36m<path[39m
                    [33md[39m=[32m"M14 2v4a2 2 0 0 0 2 2h4"[39m
                  [36m/>[39m
                  [36m<path[39m
                    [33md[39m=[32m"M10 9H8"[39m
                  [36m/>[39m
                  [36m<path[39m
                    [33md[39m=[32m"M16 13H8"[39m
                  [36m/>[39m
                  [36m<path[39m
                    [33md[39m=[32m"M16 17H8"[39m
                  [36m/>[39m
                [36m</svg>[39m
              [36m</div>[39m
              [36m<div[39m
                [33mclass[39m=[32m"flex-1 min-w-0"[39m
              [36m>[39m
                [36m<p[39m
                  [33mclass[39m=[32m"font-medium text-sm text-gray-900 truncate"[39m
                  [33mtitle[39m=[32m"Report.pdf"[39m
                [36m>[39m
                  [0mReport.pdf[0m
                [36m</p>[39m
                [36m<p[39m
                  [33mclass[39m=[32m"text-xs text-gray-500 mt-1"[39m
                [36m>[39m
                  [0m4.00 KB[0m
                  [0m 窶｢ 2 downloads[0m
                  [0m 窶｢ 12/11/2025[0m
                [36m</p>[39m
              [36m</div>[39m
            [36m</div>[39m
            [36m<div[39m
              [33mclass[39m=[32m"flex items-center gap-2 flex-shrink-0"[39m
            [36m>[39m
              [36m<button[39m
                [33mclass[39m=[32m"p-2 text-blue-500 hover:bg-blue-50 rounded 
transition-colors disabled:opacity-50 disabled:cursor-not-allowed"[39m
                [33mtitle[39m=[32m"Download"[39m
              [36m>[39m
                [36m<svg[39m
                  [33maria-hidden[39m=[32m"true"[39m
                  [33mclass[39m=[32m"lucide lucide-download w-5 h-5"[39m
                  [33mfill[39m=[32m"none"[39m
                  [33mheight[39m=[32m"24"[39m
                  [33mstroke[39m=[32m"currentColor"[39m
                  [33mstroke-linecap[39m=[32m"round"[39m
                  [33mstroke-linejoin[39m=[32m"round"[39m
                  [33mstroke-width[39m=[32m"2"[39m
                  [33mviewBox[39m=[32m"0 0 24 24"[39m
                  [33mwidth[39m=[32m"24"[39m
                  [33mxmlns[39m=[32m"http://www.w3.org/2000/svg"[39m
                [36m>[39m
                  [36m<path[39m
                    [33md[39m=[32m"M12 15V3"[39m
                  [36m/>[39m
                  [36m<path[39m
                    [33md[39m=[32m"M21 15v4a2 2 0 0 1-2 2H5a2 2 0 0 1-2-2v-4"[39m
                  [36m/>[39m
                  [36m<path[39m
                    [33md[39m=[32m"m7 10 5 5 5-5"[39m
                  [36m/>[39m
                [36m</svg>[39m
              [36m</button>[39m
            [36m</div>[39m
          [36m</div>[39m
        [36m</div>[39m
      [36m</div>[39m
    [36m</body>[39m

    [0m [90m 145 |[39m     renderList()[33m;[39m
     [90m 146 |[39m     [36mawait[39m 
screen[33m.[39mfindByText([32m'Specs.docx'[39m)[33m;[39m
    [31m[1m>[22m[39m[90m 147 |[39m     [36mconst[39m downloadButtons [33m=[39m 
screen[33m.[39mgetAllByRole([32m'button'[39m[33m,[39m { name[33m:[39m [35m/t蘯｣i 
xu盻創g/i[39m })[33m;[39m
     [90m     |[39m                                    [31m[1m^[22m[39m
     [90m 148 |[39m     userEvent[33m.[39mclick(downloadButtons[[35m0[39m])[33m;[39m
     [90m 149 |[39m     [90m// Simply ensure component remains rendered and no crash (file 
still listed)[39m
     [90m 150 |[39m     [36mawait[39m waitFor(() [33m=>[39m expect(screen[33m.[39mgetByT
ext([32m'Specs.docx'[39m))[33m.[39mtoBeInTheDocument())[33m;[39m[0m

      at Object.getElementError (node_modules/@testing-library/dom/dist/config.js:37:19)
      at node_modules/@testing-library/dom/dist/query-helpers.js:76:38
      at getAllByRole (node_modules/@testing-library/dom/dist/query-helpers.js:109:15)
      at Object.<anonymous> 
(src/test/__tests_cps__/components/fileList.behavior.test.tsx:147:36)

  笳・FileList behavior 窶ｺ cancels deletion when confirm returns false

    TestingLibraryElementError: Unable to find an accessible element with the role "button" and 
name `/xﾃｳa file/i`

    Here are the accessible roles:

      paragraph:

      Name "Specs.docx":
      [36m<p[39m
        [33mclass[39m=[32m"font-medium text-sm text-gray-900 truncate"[39m
        [33mtitle[39m=[32m"Specs.docx"[39m
      [36m/>[39m

      Name "":
      [36m<p[39m
        [33mclass[39m=[32m"text-xs text-gray-500 mt-1"[39m
      [36m/>[39m

      Name "Report.pdf":
      [36m<p[39m
        [33mclass[39m=[32m"font-medium text-sm text-gray-900 truncate"[39m
        [33mtitle[39m=[32m"Report.pdf"[39m
      [36m/>[39m

      Name "":
      [36m<p[39m
        [33mclass[39m=[32m"text-xs text-gray-500 mt-1"[39m
      [36m/>[39m

      --------------------------------------------------
      button:

      Name "Download":
      [36m<button[39m
        [33mclass[39m=[32m"p-2 text-blue-500 hover:bg-blue-50 rounded transition-colors 
disabled:opacity-50 disabled:cursor-not-allowed"[39m
        [33mtitle[39m=[32m"Download"[39m
      [36m/>[39m

      Name "Delete file":
      [36m<button[39m
        [33mclass[39m=[32m"p-2 text-red-500 hover:bg-red-50 rounded transition-colors"[39m
        [33mtitle[39m=[32m"Delete file"[39m
      [36m/>[39m

      Name "Download":
      [36m<button[39m
        [33mclass[39m=[32m"p-2 text-blue-500 hover:bg-blue-50 rounded transition-colors 
disabled:opacity-50 disabled:cursor-not-allowed"[39m
        [33mtitle[39m=[32m"Download"[39m
      [36m/>[39m

      --------------------------------------------------

    Ignored nodes: comments, script, style
    [36m<body>[39m
      [36m<div>[39m
        [36m<div[39m
          [33mclass[39m=[32m"space-y-2 "[39m
        [36m>[39m
          [36m<div[39m
            [33mclass[39m=[32m"flex items-center justify-between p-3 border border-gray-200 
rounded-lg hover:bg-gray-50 transition-colors"[39m
          [36m>[39m
            [36m<div[39m
              [33mclass[39m=[32m"flex items-center gap-3 flex-1 min-w-0"[39m
            [36m>[39m
              [36m<div[39m
                [33mclass[39m=[32m"flex-shrink-0"[39m
              [36m>[39m
                [36m<svg[39m
                  [33maria-hidden[39m=[32m"true"[39m
                  [33mclass[39m=[32m"lucide lucide-file-text w-5 h-5 text-blue-600"[39m
                  [33mfill[39m=[32m"none"[39m
                  [33mheight[39m=[32m"24"[39m
                  [33mstroke[39m=[32m"currentColor"[39m
                  [33mstroke-linecap[39m=[32m"round"[39m
                  [33mstroke-linejoin[39m=[32m"round"[39m
                  [33mstroke-width[39m=[32m"2"[39m
                  [33mviewBox[39m=[32m"0 0 24 24"[39m
                  [33mwidth[39m=[32m"24"[39m
                  [33mxmlns[39m=[32m"http://www.w3.org/2000/svg"[39m
                [36m>[39m
                  [36m<path[39m
                    [33md[39m=[32m"M15 2H6a2 2 0 0 0-2 2v16a2 2 0 0 0 2 2h12a2 2 0 0 0 
2-2V7Z"[39m
                  [36m/>[39m
                  [36m<path[39m
                    [33md[39m=[32m"M14 2v4a2 2 0 0 0 2 2h4"[39m
                  [36m/>[39m
                  [36m<path[39m
                    [33md[39m=[32m"M10 9H8"[39m
                  [36m/>[39m
                  [36m<path[39m
                    [33md[39m=[32m"M16 13H8"[39m
                  [36m/>[39m
                  [36m<path[39m
                    [33md[39m=[32m"M16 17H8"[39m
                  [36m/>[39m
                [36m</svg>[39m
              [36m</div>[39m
              [36m<div[39m
                [33mclass[39m=[32m"flex-1 min-w-0"[39m
              [36m>[39m
                [36m<p[39m
                  [33mclass[39m=[32m"font-medium text-sm text-gray-900 truncate"[39m
                  [33mtitle[39m=[32m"Specs.docx"[39m
                [36m>[39m
                  [0mSpecs.docx[0m
                [36m</p>[39m
                [36m<p[39m
                  [33mclass[39m=[32m"text-xs text-gray-500 mt-1"[39m
                [36m>[39m
                  [0m2.00 KB[0m
                  [0m 窶｢ 0 downloads[0m
                  [0m 窶｢ 12/11/2025[0m
                [36m</p>[39m
              [36m</div>[39m
            [36m</div>[39m
            [36m<div[39m
              [33mclass[39m=[32m"flex items-center gap-2 flex-shrink-0"[39m
            [36m>[39m
              [36m<button[39m
                [33mclass[39m=[32m"p-2 text-blue-500 hover:bg-blue-50 rounded 
transition-colors disabled:opacity-50 disabled:cursor-not-allowed"[39m
                [33mtitle[39m=[32m"Download"[39m
              [36m>[39m
                [36m<svg[39m
                  [33maria-hidden[39m=[32m"true"[39m
                  [33mclass[39m=[32m"lucide lucide-download w-5 h-5"[39m
                  [33mfill[39m=[32m"none"[39m
                  [33mheight[39m=[32m"24"[39m
                  [33mstroke[39m=[32m"currentColor"[39m
                  [33mstroke-linecap[39m=[32m"round"[39m
                  [33mstroke-linejoin[39m=[32m"round"[39m
                  [33mstroke-width[39m=[32m"2"[39m
                  [33mviewBox[39m=[32m"0 0 24 24"[39m
                  [33mwidth[39m=[32m"24"[39m
                  [33mxmlns[39m=[32m"http://www.w3.org/2000/svg"[39m
                [36m>[39m
                  [36m<path[39m
                    [33md[39m=[32m"M12 15V3"[39m
                  [36m/>[39m
                  [36m<path[39m
                    [33md[39m=[32m"M21 15v4a2 2 0 0 1-2 2H5a2 2 0 0 1-2-2v-4"[39m
                  [36m/>[39m
                  [36m<path[39m
                    [33md[39m=[32m"m7 10 5 5 5-5"[39m
                  [36m/>[39m
                [36m</svg>[39m
              [36m</button>[39m
              [36m<button[39m
                [33mclass[39m=[32m"p-2 text-red-500 hover:bg-red-50 rounded 
transition-colors"[39m
                [33mtitle[39m=[32m"Delete file"[39m
              [36m>[39m
                [36m<svg[39m
                  [33maria-hidden[39m=[32m"true"[39m
                  [33mclass[39m=[32m"lucide lucide-trash2 lucide-trash-2 w-5 h-5"[39m
                  [33mfill[39m=[32m"none"[39m
                  [33mheight[39m=[32m"24"[39m
                  [33mstroke[39m=[32m"currentColor"[39m
                  [33mstroke-linecap[39m=[32m"round"[39m
                  [33mstroke-linejoin[39m=[32m"round"[39m
                  [33mstroke-width[39m=[32m"2"[39m
                  [33mviewBox[39m=[32m"0 0 24 24"[39m
                  [33mwidth[39m=[32m"24"[39m
                  [33mxmlns[39m=[32m"http://www.w3.org/2000/svg"[39m
                [36m>[39m
                  [36m<path[39m
                    [33md[39m=[32m"M10 11v6"[39m
                  [36m/>[39m
                  [36m<path[39m
                    [33md[39m=[32m"M14 11v6"[39m
                  [36m/>[39m
                  [36m<path[39m
                    [33md[39m=[32m"M19 6v14a2 2 0 0 1-2 2H7a2 2 0 0 1-2-2V6"[39m
                  [36m/>[39m
                  [36m<path[39m
                    [33md[39m=[32m"M3 6h18"[39m
                  [36m/>[39m
                  [36m<path[39m
                    [33md[39m=[32m"M8 6V4a2 2 0 0 1 2-2h4a2 2 0 0 1 2 2v2"[39m
                  [36m/>[39m
                [36m</svg>[39m
              [36m</button>[39m
            [36m</div>[39m
          [36m</div>[39m
          [36m<div[39m
            [33mclass[39m=[32m"flex items-center justify-between p-3 border border-gray-200 
rounded-lg hover:bg-gray-50 transition-colors"[39m
          [36m>[39m
            [36m<div[39m
              [33mclass[39m=[32m"flex items-center gap-3 flex-1 min-w-0"[39m
            [36m>[39m
              [36m<div[39m
                [33mclass[39m=[32m"flex-shrink-0"[39m
              [36m>[39m
                [36m<svg[39m
                  [33maria-hidden[39m=[32m"true"[39m
                  [33mclass[39m=[32m"lucide lucide-file-text w-5 h-5 text-red-500"[39m
                  [33mfill[39m=[32m"none"[39m
                  [33mheight[39m=[32m"24"[39m
                  [33mstroke[39m=[32m"currentColor"[39m
                  [33mstroke-linecap[39m=[32m"round"[39m
                  [33mstroke-linejoin[39m=[32m"round"[39m
                  [33mstroke-width[39m=[32m"2"[39m
                  [33mviewBox[39m=[32m"0 0 24 24"[39m
                  [33mwidth[39m=[32m"24"[39m
                  [33mxmlns[39m=[32m"http://www.w3.org/2000/svg"[39m
                [36m>[39m
                  [36m<path[39m
                    [33md[39m=[32m"M15 2H6a2 2 0 0 0-2 2v16a2 2 0 0 0 2 2h12a2 2 0 0 0 
2-2V7Z"[39m
                  [36m/>[39m
                  [36m<path[39m
                    [33md[39m=[32m"M14 2v4a2 2 0 0 0 2 2h4"[39m
                  [36m/>[39m
                  [36m<path[39m
                    [33md[39m=[32m"M10 9H8"[39m
                  [36m/>[39m
                  [36m<path[39m
                    [33md[39m=[32m"M16 13H8"[39m
                  [36m/>[39m
                  [36m<path[39m
                    [33md[39m=[32m"M16 17H8"[39m
                  [36m/>[39m
                [36m</svg>[39m
              [36m</div>[39m
              [36m<div[39m
                [33mclass[39m=[32m"flex-1 min-w-0"[39m
              [36m>[39m
                [36m<p[39m
                  [33mclass[39m=[32m"font-medium text-sm text-gray-900 truncate"[39m
                  [33mtitle[39m=[32m"Report.pdf"[39m
                [36m>[39m
                  [0mReport.pdf[0m
                [36m</p>[39m
                [36m<p[39m
                  [33mclass[39m=[32m"text-xs text-gray-500 mt-1"[39m
                [36m>[39m
                  [0m4.00 KB[0m
                  [0m 窶｢ 2 downloads[0m
                  [0m 窶｢ 12/11/2025[0m
                [36m</p>[39m
              [36m</div>[39m
            [36m</div>[39m
            [36m<div[39m
              [33mclass[39m=[32m"flex items-center gap-2 flex-shrink-0"[39m
            [36m>[39m
              [36m<button[39m
                [33mclass[39m=[32m"p-2 text-blue-500 hover:bg-blue-50 rounded 
transition-colors disabled:opacity-50 disabled:cursor-not-allowed"[39m
                [33mtitle[39m=[32m"Download"[39m
              [36m>[39m
                [36m<svg[39m
                  [33maria-hidden[39m=[32m"true"[39m
                  [33mclass[39m=[32m"lucide lucide-download w-5 h-5"[39m
                  [33mfill[39m=[32m"none"[39m
                  [33mheight[39m=[32m"24"[39m
                  [33mstroke[39m=[32m"currentColor"[39m
                  [33mstroke-linecap[39m=[32m"round"[39m
                  [33mstroke-linejoin[39m=[32m"round"[39m
                  [33mstroke-width[39m=[32m"2"[39m
                  [33mviewBox[39m=[32m"0 0 24 24"[39m
                  [33mwidth[39m=[32m"24"[39m
                  [33mxmlns[39m=[32m"http://www.w3.org/2000/svg"[39m
                [36m>[39m
                  [36m<path[39m
                    [33md[39m=[32m"M12 15V3"[39m
                  [36m/>[39m
                  [36m<path[39m
                    [33md[39m=[32m"M21 15v4a2 2 0 0 1-2 2H5a2 2 0 0 1-2-2v-4"[39m
                  [36m/>[39m
                  [36m<path[39m
                    [33md[39m=[32m"m7 10 5 5 5-5"[39m
                  [36m/>[39m
                [36m</svg>[39m
              [36m</button>[39m
            [36m</div>[39m
          [36m</div>[39m
        [36m</div>[39m
      [36m</div>[39m
    [36m</body>[39m

    [0m [90m 155 |[39m     renderList()[33m;[39m
     [90m 156 |[39m     [36mawait[39m 
screen[33m.[39mfindByText([32m'Specs.docx'[39m)[33m;[39m
    [31m[1m>[22m[39m[90m 157 |[39m     
userEvent[33m.[39mclick(screen[33m.[39mgetByRole([32m'button'[39m[33m,[39m { 
name[33m:[39m [35m/xﾃｳa file/i[39m }))[33m;[39m
     [90m     |[39m                            [31m[1m^[22m[39m
     [90m 158 |[39m     [90m// Wait a tick for potential state changes[39m
     [90m 159 |[39m     [36mawait[39m waitFor(() [33m=>[39m expect(screen[33m.[39mgetByT
ext([32m'Specs.docx'[39m))[33m.[39mtoBeInTheDocument())[33m;[39m
     [90m 160 |[39m     [90m// Ensure still present[39m[0m

      at Object.getElementError (node_modules/@testing-library/dom/dist/config.js:37:19)
      at node_modules/@testing-library/dom/dist/query-helpers.js:76:38
      at node_modules/@testing-library/dom/dist/query-helpers.js:52:17
      at getByRole (node_modules/@testing-library/dom/dist/query-helpers.js:95:19)
      at Object.<anonymous> 
(src/test/__tests_cps__/components/fileList.behavior.test.tsx:157:28)

  笳・FileList behavior 窶ｺ deletes file after confirmation and refreshes list

    TestingLibraryElementError: Unable to find an accessible element with the role "button" and 
name `/xﾃｳa file/i`

    Here are the accessible roles:

      paragraph:

      Name "Specs.docx":
      [36m<p[39m
        [33mclass[39m=[32m"font-medium text-sm text-gray-900 truncate"[39m
        [33mtitle[39m=[32m"Specs.docx"[39m
      [36m/>[39m

      Name "":
      [36m<p[39m
        [33mclass[39m=[32m"text-xs text-gray-500 mt-1"[39m
      [36m/>[39m

      Name "Report.pdf":
      [36m<p[39m
        [33mclass[39m=[32m"font-medium text-sm text-gray-900 truncate"[39m
        [33mtitle[39m=[32m"Report.pdf"[39m
      [36m/>[39m

      Name "":
      [36m<p[39m
        [33mclass[39m=[32m"text-xs text-gray-500 mt-1"[39m
      [36m/>[39m

      --------------------------------------------------
      button:

      Name "Download":
      [36m<button[39m
        [33mclass[39m=[32m"p-2 text-blue-500 hover:bg-blue-50 rounded transition-colors 
disabled:opacity-50 disabled:cursor-not-allowed"[39m
        [33mtitle[39m=[32m"Download"[39m
      [36m/>[39m

      Name "Delete file":
      [36m<button[39m
        [33mclass[39m=[32m"p-2 text-red-500 hover:bg-red-50 rounded transition-colors"[39m
        [33mtitle[39m=[32m"Delete file"[39m
      [36m/>[39m

      Name "Download":
      [36m<button[39m
        [33mclass[39m=[32m"p-2 text-blue-500 hover:bg-blue-50 rounded transition-colors 
disabled:opacity-50 disabled:cursor-not-allowed"[39m
        [33mtitle[39m=[32m"Download"[39m
      [36m/>[39m

      --------------------------------------------------

    Ignored nodes: comments, script, style
    [36m<body>[39m
      [36m<div>[39m
        [36m<div[39m
          [33mclass[39m=[32m"space-y-2 "[39m
        [36m>[39m
          [36m<div[39m
            [33mclass[39m=[32m"flex items-center justify-between p-3 border border-gray-200 
rounded-lg hover:bg-gray-50 transition-colors"[39m
          [36m>[39m
            [36m<div[39m
              [33mclass[39m=[32m"flex items-center gap-3 flex-1 min-w-0"[39m
            [36m>[39m
              [36m<div[39m
                [33mclass[39m=[32m"flex-shrink-0"[39m
              [36m>[39m
                [36m<svg[39m
                  [33maria-hidden[39m=[32m"true"[39m
                  [33mclass[39m=[32m"lucide lucide-file-text w-5 h-5 text-blue-600"[39m
                  [33mfill[39m=[32m"none"[39m
                  [33mheight[39m=[32m"24"[39m
                  [33mstroke[39m=[32m"currentColor"[39m
                  [33mstroke-linecap[39m=[32m"round"[39m
                  [33mstroke-linejoin[39m=[32m"round"[39m
                  [33mstroke-width[39m=[32m"2"[39m
                  [33mviewBox[39m=[32m"0 0 24 24"[39m
                  [33mwidth[39m=[32m"24"[39m
                  [33mxmlns[39m=[32m"http://www.w3.org/2000/svg"[39m
                [36m>[39m
                  [36m<path[39m
                    [33md[39m=[32m"M15 2H6a2 2 0 0 0-2 2v16a2 2 0 0 0 2 2h12a2 2 0 0 0 
2-2V7Z"[39m
                  [36m/>[39m
                  [36m<path[39m
                    [33md[39m=[32m"M14 2v4a2 2 0 0 0 2 2h4"[39m
                  [36m/>[39m
                  [36m<path[39m
                    [33md[39m=[32m"M10 9H8"[39m
                  [36m/>[39m
                  [36m<path[39m
                    [33md[39m=[32m"M16 13H8"[39m
                  [36m/>[39m
                  [36m<path[39m
                    [33md[39m=[32m"M16 17H8"[39m
                  [36m/>[39m
                [36m</svg>[39m
              [36m</div>[39m
              [36m<div[39m
                [33mclass[39m=[32m"flex-1 min-w-0"[39m
              [36m>[39m
                [36m<p[39m
                  [33mclass[39m=[32m"font-medium text-sm text-gray-900 truncate"[39m
                  [33mtitle[39m=[32m"Specs.docx"[39m
                [36m>[39m
                  [0mSpecs.docx[0m
                [36m</p>[39m
                [36m<p[39m
                  [33mclass[39m=[32m"text-xs text-gray-500 mt-1"[39m
                [36m>[39m
                  [0m2.00 KB[0m
                  [0m 窶｢ 0 downloads[0m
                  [0m 窶｢ 12/11/2025[0m
                [36m</p>[39m
              [36m</div>[39m
            [36m</div>[39m
            [36m<div[39m
              [33mclass[39m=[32m"flex items-center gap-2 flex-shrink-0"[39m
            [36m>[39m
              [36m<button[39m
                [33mclass[39m=[32m"p-2 text-blue-500 hover:bg-blue-50 rounded 
transition-colors disabled:opacity-50 disabled:cursor-not-allowed"[39m
                [33mtitle[39m=[32m"Download"[39m
              [36m>[39m
                [36m<svg[39m
                  [33maria-hidden[39m=[32m"true"[39m
                  [33mclass[39m=[32m"lucide lucide-download w-5 h-5"[39m
                  [33mfill[39m=[32m"none"[39m
                  [33mheight[39m=[32m"24"[39m
                  [33mstroke[39m=[32m"currentColor"[39m
                  [33mstroke-linecap[39m=[32m"round"[39m
                  [33mstroke-linejoin[39m=[32m"round"[39m
                  [33mstroke-width[39m=[32m"2"[39m
                  [33mviewBox[39m=[32m"0 0 24 24"[39m
                  [33mwidth[39m=[32m"24"[39m
                  [33mxmlns[39m=[32m"http://www.w3.org/2000/svg"[39m
                [36m>[39m
                  [36m<path[39m
                    [33md[39m=[32m"M12 15V3"[39m
                  [36m/>[39m
                  [36m<path[39m
                    [33md[39m=[32m"M21 15v4a2 2 0 0 1-2 2H5a2 2 0 0 1-2-2v-4"[39m
                  [36m/>[39m
                  [36m<path[39m
                    [33md[39m=[32m"m7 10 5 5 5-5"[39m
                  [36m/>[39m
                [36m</svg>[39m
              [36m</button>[39m
              [36m<button[39m
                [33mclass[39m=[32m"p-2 text-red-500 hover:bg-red-50 rounded 
transition-colors"[39m
                [33mtitle[39m=[32m"Delete file"[39m
              [36m>[39m
                [36m<svg[39m
                  [33maria-hidden[39m=[32m"true"[39m
                  [33mclass[39m=[32m"lucide lucide-trash2 lucide-trash-2 w-5 h-5"[39m
                  [33mfill[39m=[32m"none"[39m
                  [33mheight[39m=[32m"24"[39m
                  [33mstroke[39m=[32m"currentColor"[39m
                  [33mstroke-linecap[39m=[32m"round"[39m
                  [33mstroke-linejoin[39m=[32m"round"[39m
                  [33mstroke-width[39m=[32m"2"[39m
                  [33mviewBox[39m=[32m"0 0 24 24"[39m
                  [33mwidth[39m=[32m"24"[39m
                  [33mxmlns[39m=[32m"http://www.w3.org/2000/svg"[39m
                [36m>[39m
                  [36m<path[39m
                    [33md[39m=[32m"M10 11v6"[39m
                  [36m/>[39m
                  [36m<path[39m
                    [33md[39m=[32m"M14 11v6"[39m
                  [36m/>[39m
                  [36m<path[39m
                    [33md[39m=[32m"M19 6v14a2 2 0 0 1-2 2H7a2 2 0 0 1-2-2V6"[39m
                  [36m/>[39m
                  [36m<path[39m
                    [33md[39m=[32m"M3 6h18"[39m
                  [36m/>[39m
                  [36m<path[39m
                    [33md[39m=[32m"M8 6V4a2 2 0 0 1 2-2h4a2 2 0 0 1 2 2v2"[39m
                  [36m/>[39m
                [36m</svg>[39m
              [36m</button>[39m
            [36m</div>[39m
          [36m</div>[39m
          [36m<div[39m
            [33mclass[39m=[32m"flex items-center justify-between p-3 border border-gray-200 
rounded-lg hover:bg-gray-50 transition-colors"[39m
          [36m>[39m
            [36m<div[39m
              [33mclass[39m=[32m"flex items-center gap-3 flex-1 min-w-0"[39m
            [36m>[39m
              [36m<div[39m
                [33mclass[39m=[32m"flex-shrink-0"[39m
              [36m>[39m
                [36m<svg[39m
                  [33maria-hidden[39m=[32m"true"[39m
                  [33mclass[39m=[32m"lucide lucide-file-text w-5 h-5 text-red-500"[39m
                  [33mfill[39m=[32m"none"[39m
                  [33mheight[39m=[32m"24"[39m
                  [33mstroke[39m=[32m"currentColor"[39m
                  [33mstroke-linecap[39m=[32m"round"[39m
                  [33mstroke-linejoin[39m=[32m"round"[39m
                  [33mstroke-width[39m=[32m"2"[39m
                  [33mviewBox[39m=[32m"0 0 24 24"[39m
                  [33mwidth[39m=[32m"24"[39m
                  [33mxmlns[39m=[32m"http://www.w3.org/2000/svg"[39m
                [36m>[39m
                  [36m<path[39m
                    [33md[39m=[32m"M15 2H6a2 2 0 0 0-2 2v16a2 2 0 0 0 2 2h12a2 2 0 0 0 
2-2V7Z"[39m
                  [36m/>[39m
                  [36m<path[39m
                    [33md[39m=[32m"M14 2v4a2 2 0 0 0 2 2h4"[39m
                  [36m/>[39m
                  [36m<path[39m
                    [33md[39m=[32m"M10 9H8"[39m
                  [36m/>[39m
                  [36m<path[39m
                    [33md[39m=[32m"M16 13H8"[39m
                  [36m/>[39m
                  [36m<path[39m
                    [33md[39m=[32m"M16 17H8"[39m
                  [36m/>[39m
                [36m</svg>[39m
              [36m</div>[39m
              [36m<div[39m
                [33mclass[39m=[32m"flex-1 min-w-0"[39m
              [36m>[39m
                [36m<p[39m
                  [33mclass[39m=[32m"font-medium text-sm text-gray-900 truncate"[39m
                  [33mtitle[39m=[32m"Report.pdf"[39m
                [36m>[39m
                  [0mReport.pdf[0m
                [36m</p>[39m
                [36m<p[39m
                  [33mclass[39m=[32m"text-xs text-gray-500 mt-1"[39m
                [36m>[39m
                  [0m4.00 KB[0m
                  [0m 窶｢ 2 downloads[0m
                  [0m 窶｢ 12/11/2025[0m
                [36m</p>[39m
              [36m</div>[39m
            [36m</div>[39m
            [36m<div[39m
              [33mclass[39m=[32m"flex items-center gap-2 flex-shrink-0"[39m
            [36m>[39m
              [36m<button[39m
                [33mclass[39m=[32m"p-2 text-blue-500 hover:bg-blue-50 rounded 
transition-colors disabled:opacity-50 disabled:cursor-not-allowed"[39m
                [33mtitle[39m=[32m"Download"[39m
              [36m>[39m
                [36m<svg[39m
                  [33maria-hidden[39m=[32m"true"[39m
                  [33mclass[39m=[32m"lucide lucide-download w-5 h-5"[39m
                  [33mfill[39m=[32m"none"[39m
                  [33mheight[39m=[32m"24"[39m
                  [33mstroke[39m=[32m"currentColor"[39m
                  [33mstroke-linecap[39m=[32m"round"[39m
                  [33mstroke-linejoin[39m=[32m"round"[39m
                  [33mstroke-width[39m=[32m"2"[39m
                  [33mviewBox[39m=[32m"0 0 24 24"[39m
                  [33mwidth[39m=[32m"24"[39m
                  [33mxmlns[39m=[32m"http://www.w3.org/2000/svg"[39m
                [36m>[39m
                  [36m<path[39m
                    [33md[39m=[32m"M12 15V3"[39m
                  [36m/>[39m
                  [36m<path[39m
                    [33md[39m=[32m"M21 15v4a2 2 0 0 1-2 2H5a2 2 0 0 1-2-2v-4"[39m
                  [36m/>[39m
                  [36m<path[39m
                    [33md[39m=[32m"m7 10 5 5 5-5"[39m
                  [36m/>[39m
                [36m</svg>[39m
              [36m</button>[39m
            [36m</div>[39m
          [36m</div>[39m
        [36m</div>[39m
      [36m</div>[39m
    [36m</body>[39m

    [0m [90m 165 |[39m     renderList()[33m;[39m
     [90m 166 |[39m     [36mawait[39m 
screen[33m.[39mfindByText([32m'Specs.docx'[39m)[33m;[39m
    [31m[1m>[22m[39m[90m 167 |[39m     
userEvent[33m.[39mclick(screen[33m.[39mgetByRole([32m'button'[39m[33m,[39m { 
name[33m:[39m [35m/xﾃｳa file/i[39m }))[33m;[39m
     [90m     |[39m                            [31m[1m^[22m[39m
     [90m 168 |[39m     [36mawait[39m waitFor(() [33m=>[39m expect(screen[33m.[39mqueryB
yText([32m'Specs.docx'[39m))[33m.[39mnot[33m.[39mtoBeInTheDocument())[33m;[39m
     [90m 169 |[39m     expect(mockToastSuccess)[33m.[39mtoHaveBeenCalled()[33m;[39m
     [90m 170 |[39m   })[33m;[39m[0m

      at Object.getElementError (node_modules/@testing-library/dom/dist/config.js:37:19)
      at node_modules/@testing-library/dom/dist/query-helpers.js:76:38
      at node_modules/@testing-library/dom/dist/query-helpers.js:52:17
      at getByRole (node_modules/@testing-library/dom/dist/query-helpers.js:95:19)
      at Object.<anonymous> 
(src/test/__tests_cps__/components/fileList.behavior.test.tsx:167:28)

  笳・FileList behavior 窶ｺ shows error toast when server deletion fails

    TestingLibraryElementError: Unable to find an accessible element with the role "button" and 
name `/xﾃｳa file/i`

    Here are the accessible roles:

      paragraph:

      Name "Broken.txt":
      [36m<p[39m
        [33mclass[39m=[32m"font-medium text-sm text-gray-900 truncate"[39m
        [33mtitle[39m=[32m"Broken.txt"[39m
      [36m/>[39m

      Name "":
      [36m<p[39m
        [33mclass[39m=[32m"text-xs text-gray-500 mt-1"[39m
      [36m/>[39m

      --------------------------------------------------button:

      Name "Download":
      [36m<button[39m
        [33mclass[39m=[32m"p-2 text-blue-500 hover:bg-blue-50 rounded transition-colors 
disabled:opacity-50 disabled:cursor-not-allowed"[39m
        [33mtitle[39m=[32m"Download"[39m
      [36m/>[39m

      Name "Delete file":
      [36m<button[39m
        [33mclass[39m=[32m"p-2 text-red-500 hover:bg-red-50 rounded transition-colors"[39m
        [33mtitle[39m=[32m"Delete file"[39m
      [36m/>[39m

      --------------------------------------------------

    Ignored nodes: comments, script, style
    [36m<div[39m
      [33mclass[39m=[32m"flex items-center justify-between p-3 border border-gray-200 
rounded-lg hover:bg-gray-50 transition-colors"[39m
    [36m>[39m
      [36m<div[39m
        [33mclass[39m=[32m"flex items-center gap-3 flex-1 min-w-0"[39m
      [36m>[39m
        [36m<div[39m
          [33mclass[39m=[32m"flex-shrink-0"[39m
        [36m>[39m
          [36m<svg[39m
            [33maria-hidden[39m=[32m"true"[39m
            [33mclass[39m=[32m"lucide lucide-file-type w-5 h-5 text-gray-600"[39m
            [33mfill[39m=[32m"none"[39m
            [33mheight[39m=[32m"24"[39m
            [33mstroke[39m=[32m"currentColor"[39m
            [33mstroke-linecap[39m=[32m"round"[39m
            [33mstroke-linejoin[39m=[32m"round"[39m
            [33mstroke-width[39m=[32m"2"[39m
            [33mviewBox[39m=[32m"0 0 24 24"[39m
            [33mwidth[39m=[32m"24"[39m
            [33mxmlns[39m=[32m"http://www.w3.org/2000/svg"[39m
          [36m>[39m
            [36m<path[39m
              [33md[39m=[32m"M15 2H6a2 2 0 0 0-2 2v16a2 2 0 0 0 2 2h12a2 2 0 0 0 2-2V7Z"[39m
            [36m/>[39m
            [36m<path[39m
              [33md[39m=[32m"M14 2v4a2 2 0 0 0 2 2h4"[39m
            [36m/>[39m
            [36m<path[39m
              [33md[39m=[32m"M9 13v-1h6v1"[39m
            [36m/>[39m
            [36m<path[39m
              [33md[39m=[32m"M12 12v6"[39m
            [36m/>[39m
            [36m<path[39m
              [33md[39m=[32m"M11 18h2"[39m
            [36m/>[39m
          [36m</svg>[39m
        [36m</div>[39m
        [36m<div[39m
          [33mclass[39m=[32m"flex-1 min-w-0"[39m
        [36m>[39m
          [36m<p[39m
            [33mclass[39m=[32m"font-medium text-sm text-gray-900 truncate"[39m
            [33mtitle[39m=[32m"Broken.txt"[39m
          [36m>[39m
            [0mBroken.txt[0m
          [36m</p>[39m
          [36m<p[39m
            [33mclass[39m=[32m"text-xs text-gray-500 mt-1"[39m
          [36m>[39m
            [0m100 B[0m
            [0m 窶｢ 0 downloads[0m
            [0m 窶｢ 12/11/2025[0m
          [36m</p>[39m
        [36m</div>[39m
      [36m</div>[39m
      [36m<div[39m
        [33mclass[39m=[32m"flex items-center gap-2 flex-shrink-0"[39m
      [36m>[39m
        [36m<button[39m
          [33mclass[39m=[32m"p-2 text-blue-500 hover:bg-blue-50 rounded transition-colors 
disabled:opacity-50 disabled:cursor-not-allowed"[39m
          [33mtitle[39m=[32m"Download"[39m
        [36m>[39m
          [36m<svg[39m
            [33maria-hidden[39m=[32m"true"[39m
            [33mclass[39m=[32m"lucide lucide-download w-5 h-5"[39m
            [33mfill[39m=[32m"none"[39m
            [33mheight[39m=[32m"24"[39m
            [33mstroke[39m=[32m"currentColor"[39m
            [33mstroke-linecap[39m=[32m"round"[39m
            [33mstroke-linejoin[39m=[32m"round"[39m
            [33mstroke-width[39m=[32m"2"[39m
            [33mviewBox[39m=[32m"0 0 24 24"[39m
            [33mwidth[39m=[32m"24"[39m
            [33mxmlns[39m=[32m"http://www.w3.org/2000/svg"[39m
          [36m>[39m
            [36m<path[39m
              [33md[39m=[32m"M12 15V3"[39m
            [36m/>[39m
            [36m<path[39m
              [33md[39m=[32m"M21 15v4a2 2 0 0 1-2 2H5a2 2 0 0 1-2-2v-4"[39m
            [36m/>[39m
            [36m<path[39m
              [33md[39m=[32m"m7 10 5 5 5-5"[39m
            [36m/>[39m
          [36m</svg>[39m
        [36m</button>[39m
        [36m<button[39m
          [33mclass[39m=[32m"p-2 text-red-500 hover:bg-red-50 rounded transition-colors"[39m
          [33mtitle[39m=[32m"Delete file"[39m
        [36m>[39m
          [36m<svg[39m
            [33maria-hidden[39m=[32m"true"[39m
            [33mclass[39m=[32m"lucide lucide-trash2 lucide-trash-2 w-5 h-5"[39m
            [33mfill[39m=[32m"none"[39m
            [33mheight[39m=[32m"24"[39m
            [33mstroke[39m=[32m"currentColor"[39m
            [33mstroke-linecap[39m=[32m"round"[39m
            [33mstroke-linejoin[39m=[32m"round"[39m
            [33mstroke-width[39m=[32m"2"[39m
            [33mviewBox[39m=[32m"0 0 24 24"[39m
            [33mwidth[39m=[32m"24"[39m
            [33mxmlns[39m=[32m"http://www.w3.org/2000/svg"[39m
          [36m>[39m
            [36m<path[39m
              [33md[39m=[32m"M10 11v6"[39m
            [36m/>[39m
            [36m<path[39m
              [33md[39m=[32m"M14 11v6"[39m
            [36m/>[39m
            [36m<path[39m
              [33md[39m=[32m"M19 6v14a2 2 0 0 1-2 2H7a2 2 0 0 1-2-2V6"[39m
            [36m/>[39m
            [36m<path[39m
              [33md[39m=[32m"M3 6h18"[39m
            [36m/>[39m
            [36m<path[39m
              [33md[39m=[32m"M8 6V4a2 2 0 0 1 2-2h4a2 2 0 0 1 2 2v2"[39m
            [36m/>[39m
          [36m</svg>[39m
        [36m</button>[39m
      [36m</div>[39m
    [36m</div>[39m

    [0m [90m 184 |[39m     [90m// File card container is ancestor two levels up until 
p->div.flex-1->div.card[39m
     [90m 185 |[39m     [36mconst[39m card [33m=[39m brokenNameEl[33m.[39mclosest([32m'
div'[39m)[33m?[39m[33m.[39mparentElement[33m?[39m[33m.[39mparentElement [36mas[39m 
[33mHTMLElement[39m[33m;[39m
    [31m[1m>[22m[39m[90m 186 |[39m     [36mconst[39m deleteBtn [33m=[39m 
within(card)[33m.[39mgetByRole([32m'button'[39m[33m,[39m { name[33m:[39m [35m/xﾃｳa 
file/i[39m })[33m;[39m
     [90m     |[39m                                    [31m[1m^[22m[39m
     [90m 187 |[39m     userEvent[33m.[39mclick(deleteBtn)[33m;[39m
     [90m 188 |[39m     [36mawait[39m waitFor(() [33m=>[39m expect(screen[33m.[39mgetByT
ext([32m'Broken.txt'[39m))[33m.[39mtoBeInTheDocument())[33m;[39m
     [90m 189 |[39m     expect(mockToastError)[33m.[39mtoHaveBeenCalled()[33m;[39m[0m

      at Object.getElementError (node_modules/@testing-library/dom/dist/config.js:37:19)
      at node_modules/@testing-library/dom/dist/query-helpers.js:76:38
      at node_modules/@testing-library/dom/dist/query-helpers.js:52:17
      at getByRole (node_modules/@testing-library/dom/dist/query-helpers.js:95:19)
      at Object.<anonymous> 
(src/test/__tests_cps__/components/fileList.behavior.test.tsx:186:36)

FAIL src/test/__tests_cps__/components/helpButton.GuideModal.render.test.tsx
  笳・components/HelpButton/GuideModal render 窶ｺ navigates pages using next and prev and dots; 
closes on overlay click

    TestingLibraryElementError: Found multiple elements with the text: /Groups 
Management|Working with Groups/i

    Here are the matching elements:

    Ignored nodes: comments, script, style
    [36m<h2[39m
      [33mclass[39m=[32m"modal-title"[39m
    [36m>[39m
      [0mGroups Management[0m
    [36m</h2>[39m

    Ignored nodes: comments, script, style
    [36m<h3>[39m
      [0mWorking with Groups[0m
    [36m</h3>[39m

    (If this is intentional, then use the `*AllBy*` variant of the query (like 
`queryAllByText`, `getAllByText`, or `findAllByText`)).

    Ignored nodes: comments, script, style
    [36m<body>[39m
      [36m<div>[39m
        [36m<div[39m
          [33mclass[39m=[32m"modal-overlay guide-modal-overlay"[39m
        [36m>[39m
          [36m<div[39m
            [33mclass[39m=[32m"modal-container guide-modal-content"[39m
          [36m>[39m
            [36m<div[39m
              [33mclass[39m=[32m"modal-header"[39m
            [36m>[39m
              [36m<h2[39m
                [33mclass[39m=[32m"modal-title"[39m
              [36m>[39m
                [0mGroups Management[0m
              [36m</h2>[39m
              [36m<button[39m
                [33mclass[39m=[32m"modal-close-btn"[39m
              [36m>[39m
                [36m<svg[39m
                  [33maria-hidden[39m=[32m"true"[39m
                  [33mclass[39m=[32m"lucide lucide-x"[39m
                  [33mfill[39m=[32m"none"[39m
                  [33mheight[39m=[32m"24"[39m
                  [33mstroke[39m=[32m"currentColor"[39m
                  [33mstroke-linecap[39m=[32m"round"[39m
                  [33mstroke-linejoin[39m=[32m"round"[39m
                  [33mstroke-width[39m=[32m"2"[39m
                  [33mviewBox[39m=[32m"0 0 24 24"[39m
                  [33mwidth[39m=[32m"24"[39m
                  [33mxmlns[39m=[32m"http://www.w3.org/2000/svg"[39m
                [36m>[39m
                  [36m<path[39m
                    [33md[39m=[32m"M18 6 6 18"[39m
                  [36m/>[39m
                  [36m<path[39m
                    [33md[39m=[32m"m6 6 12 12"[39m
                  [36m/>[39m
                [36m</svg>[39m
              [36m</button>[39m
            [36m</div>[39m
            [36m<div[39m
              [33mclass[39m=[32m"modal-content guide-modal-scroll guide-page-content"[39m
            [36m>[39m
              [36m<div[39m
                [33mclass[39m=[32m"guide-layout-2col"[39m
              [36m>[39m
                [36m<div[39m
                  [33mclass[39m=[32m"guide-text-section"[39m
                [36m>[39m
                  [36m<h3>[39m
                    [0mWorking with Groups[0m
                  [36m</h3>[39m
                  [36m<p>[39m
                    [0mGroups help you organize and manage working teams within KEN 
efficiently.[0m
                  [36m</p>[39m
                  [36m<div[39m
                    [33mclass[39m=[32m"step-item"[39m
                  [36m>[39m
                    [36m<h4>[39m
                      [0mStep 1: Open Groups[0m
                    [36m</h4>[39m
                    [36m<p>[39m
                      [0mFrom the left sidebar, click [0m
                      [36m<strong>[39m
                        [0m"Groups"[0m
                      [36m</strong>[39m
                      [0m to view your team groups.[0m
                    [36m</p>[39m
                  [36m</div>[39m
                  [36m<div[39m
                    [33mclass[39m=[32m"step-item green"[39m
                  [36m>[39m
                    [36m<h4>[39m
                      [0mStep 2: Select a Group[0m
                    [36m</h4>[39m
                    [36m<p>[39m
                      [0mClick a group to view it, or create a new one using the[0m
                      [36m<strong>[39m
                        [0m "CREATE GROUP"[0m
                      [36m</strong>[39m
                      [0m button.[0m
                    [36m</p>[39m
                  [36m</div>[39m
                  [36m<div[39m
                    [33mclass[39m=[32m"step-item purple"[39m
                  [36m>[39m
                    [36m<h4>[39m
                      [0mStep 3: Add members[0m
                    [36m</h4>[39m
                    [36m<p>[39m
                      [0mAfter selecting a group, click [0m
                      [36m<strong>[39m
                        [0m"MANAGE USERS"[0m
                      [36m</strong>[39m
                      [0mto add members.[0m
                    [36m</p>[39m
                    [36m<p>[39m
                      [0mYou can assign roles to members: Admin, Member, or Guest.[0m
                    [36m</p>[39m
                  [36m</div>[39m
                  [36m<div[39m
                    [33mclass[39m=[32m"info-box"[39m
                  [36m>[39m
                    [36m<h4>[39m
                      [0mHelpful tips:[0m
                    [36m</h4>[39m
                    [36m<ul>[39m
                      [36m<li>[39m
                        [0mUse [0m
                        [36m<strong>[39m
                          [0m"EDIT"[0m
                        [36m</strong>[39m
                        [0m to modify group information[0m
                      [36m</li>[39m
                      [36m<li>[39m
                        [0mUse [0m
                        [36m<strong>[39m
                          [0m"REMOVE GROUP"[0m
                        [36m</strong>[39m
                        [0m to delete unused groups[0m
                      [36m</li>[39m
                      [36m<li>[39m
                        [0mEach member shows an avatar and a clear role[0m
                      [36m</li>[39m
                    [36m</ul>[39m
                  [36m</div>[39m
                [36m</div>[39m
                [36m<div[39m
                  [33mclass[39m=[32m"guide-image-container"[39m
                [36m>[39m
                  [36m<img[39m
                    [33malt[39m=[32m"Groups management guide"[39m
                    [33mclass[39m=[32m"guide-image"[39m
                    [33msrc[39m=[32m"/1.png"[39m
                  [36m/>[39m
                [36m</div>[39m
              [36m</div>[39m
            [36m</div>[39m
            [36m<div[39m
              [33mclass[39m=[32m"modal-footer"[39m
            [36m>[39m
              [36m<div[39m
                [33mclass[39m=[32m"pagination-controls"[39m
              [36m>[39m
                [36m<button[39m
                  [33mclass[39m=[32m"pagination-btn"[39m
                [36m>[39m
                  [36m<svg[39m
                    [33maria-hidden[39m=[32m"true"[39m
                    [33mclass[39m=[32m"lucide lucide-chevron-left"[39m
                    [33mfill[39m=[32m"none"[39m
                    [33mheight[39m=[32m"24"[39m
                    [33mstroke[39m=[32m"currentColor"[39m
                    [33mstroke-linecap[39m=[32m"round"[39m
                    [33mstroke-linejoin[39m=[32m"round"[39m
                    [33mstroke-width[39m=[32m"2"[39m
                    [33mviewBox[39m=[32m"0 0 24 24"[39m
                    [33mwidth[39m=[32m"24"[39m
                    [33mxmlns[39m=[32m"http://www.w3.org/2000/svg"[39m
                  [36m>[39m
                    [36m<path[39m
                      [33md[39m=[32m"m15 18-6-6 6-6"[39m
                    [36m/>[39m
                  [36m</svg>[39m
                  [0mTrang trﾆｰ盻嫩[0m
                [36m</button>[39m
                [36m<div[39m
                  [33mclass[39m=[32m"pagination-dots"[39m
                [36m>[39m
                  [36m<button[39m
                    [33mclass[39m=[32m"pagination-dot "[39m
                    [33mtitle[39m=[32m"Trang 1"[39m
                  [36m/>[39m
                  [36m<button[39m
                    [33mclass[39m=[32m"pagination-dot active"[39m
                    [33mtitle[39m=[32m"Trang 2"[39m
                  [36m/>[39m
                  [36m<button[39m
                    [33mclass[39m=[32m"pagination-dot "[39m
                    [33mtitle[39m=[32m"Trang 3"[39m
                  [36m/>[39m
                  [36m<button[39m
                    [33mclass[39m=[32m"pagination-dot "[39m
                    [33mtitle[39m=[32m"Trang 4"[39m
                  [36m/>[39m
                  [36m<button[39m
                    [33mclass[39m=[32m"pagination-dot "[39m
                    [33mtitle[39m=[32m"Trang 5"[39m
                  [36m/>[39m
                [36m</div>[39m
                [36m<button[39m
                  [33mclass[39m=[32m"pagination-btn"[39m
                [36m>[39m
                  [0mTrang sau[0m
                  [36m<svg[39m
                    [33maria-hidden[39m=[32m"true"[39m
                    [33mclass[39m=[32m"lucide lucide-chevron-right"[39m
                    [33mfill[39m=[32m"none"[39m
                    [33mheight[39m=[32m"24"[39m
                    [33mstroke[39m=[32m"currentColor"[39m
                    [33mstroke-linecap[39m=[32m"round"[39m
                    [33mstroke-linejoin[39m=[32m"round"[39m
                    [33mstroke-width[39m=[32m"2"[39m
                    [33mviewBox[39m=[32m"0 0 24 24"[39m
                    [33mwidth[39m=[32m"24"[39m
                    [33mxmlns[39m=[32m"http://www.w3.org/2000/svg"[39m
                  [36m>[39m
                    [36m<path[39m
                      [33md[39m=[32m"m9 18 6-6-6-6"[39m
                    [36m/>[39m
                  [36m</svg>[39m
                [36m</button>[39m
              [36m</div>[39m
              [36m<div[39m
                [33mclass[39m=[32m"page-indicator"[39m
              [36m>[39m
                [0mTrang [0m
                [0m2[0m
                [0m / [0m
                [0m5[0m
              [36m</div>[39m
            [36m</div>[39m
          [36m</div>[39m
        [36m</div>[39m
      [36m</div>[39m
    [36m</body>[39m

    [0m [90m 16 |[39m     [36mconst[39m nextBtn [33m=[39m 
screen[33m.[39mgetByRole([32m'button'[39m[33m,[39m { name[33m:[39m [35m/Trang 
sau/i[39m })[33m;[39m
     [90m 17 |[39m     fireEvent[33m.[39mclick(nextBtn)[33m;[39m
    [31m[1m>[22m[39m[90m 18 |[39m     expect(screen[33m.[39mgetByText([35m/Groups 
Management|Working with Groups/i[39m))[33m.[39mtoBeInTheDocument()[33m;[39m
     [90m    |[39m                   [31m[1m^[22m[39m
     [90m 19 |[39m
     [90m 20 |[39m     [90m// jump to page 3 using dots (there are 4 dots total; index-based 
via title)[39m
     [90m 21 |[39m     [36mconst[39m page3Dot [33m=[39m 
screen[33m.[39mgetByTitle([32m'Trang 3'[39m)[33m;[39m[0m

      at Object.getElementError (node_modules/@testing-library/dom/dist/config.js:37:19)
      at getElementError (node_modules/@testing-library/dom/dist/query-helpers.js:20:35)
      at getMultipleElementsFoundError 
(node_modules/@testing-library/dom/dist/query-helpers.js:23:10)
      at node_modules/@testing-library/dom/dist/query-helpers.js:55:13
      at getByText (node_modules/@testing-library/dom/dist/query-helpers.js:95:19)
      at Object.<anonymous> 
(src/test/__tests_cps__/components/helpButton.GuideModal.render.test.tsx:18:19)

FAIL src/test/pages/analytics.throughput.test.tsx
  笳・Throughput page 窶ｺ loads boards and renders throughput summary

    TestingLibraryElementError: Found multiple elements with the text: /Tasks Entered/i

    Here are the matching elements:

    Ignored nodes: comments, script, style
    [36m<strong>[39m
      [0mTotal tasks entered:[0m
    [36m</strong>[39m

    Ignored nodes: comments, script, style
    [36m<p[39m
      [33mclass[39m=[32m"text-sm text-gray-600 dark:text-gray-400 mb-1"[39m
    [36m>[39m
      [0mTasks Entered[0m
    [36m</p>[39m

    (If this is intentional, then use the `*AllBy*` variant of the query (like 
`queryAllByText`, `getAllByText`, or `findAllByText`)).

    Ignored nodes: comments, script, style
    [36m<body>[39m
      [36m<div>[39m
        [36m<div[39m
          [33mclass[39m=[32m"p-6 bg-gray-50 dark:bg-slate-900 min-h-screen"[39m
        [36m>[39m
          [36m<div[39m
            [33mclass[39m=[32m"max-w-7xl mx-auto"[39m
          [36m>[39m
            [36m<div[39m
              [33mclass[39m=[32m"mb-6"[39m
            [36m>[39m
              [36m<h1[39m
                [33mclass[39m=[32m"text-3xl font-bold text-gray-900 dark:text-white 
mb-2"[39m
              [36m>[39m
                [0mThroughput Analysis[0m
              [36m</h1>[39m
              [36m<p[39m
                [33mclass[39m=[32m"text-gray-600 dark:text-gray-400"[39m
              [36m>[39m
                [0mAnalyze work throughput across each workflow column[0m
              [36m</p>[39m
            [36m</div>[39m
            [36m<div[39m
              [33mclass[39m=[32m"bg-white dark:bg-slate-800 rounded-lg shadow p-4 mb-6"[39m
            [36m>[39m
              [36m<div[39m
                [33mclass[39m=[32m"grid grid-cols-1 md:grid-cols-4 gap-4"[39m
              [36m>[39m
                [36m<div>[39m
                  [36m<label[39m
                    [33mclass[39m=[32m"block text-sm font-medium text-gray-700 
dark:text-gray-300 mb-2"[39m
                  [36m>[39m
                    [0mSelect Board[0m
                  [36m</label>[39m
                  [36m<select[39m
                    [33mclass[39m=[32m"w-full px-4 py-2 border border-gray-300 
dark:border-slate-600 rounded-lg bg-white dark:bg-slate-700 text-gray-900 dark:text-white 
focus:ring-2 focus:ring-indigo-500 focus:border-transparent"[39m
                  [36m>[39m
                    [36m<option[39m
                      [33mvalue[39m=[32m"b1"[39m
                    [36m>[39m
                      [0mBoard One[0m
                    [36m</option>[39m
                    [36m<option[39m
                      [33mvalue[39m=[32m"b2"[39m
                    [36m>[39m
                      [0mBoard Two[0m
                    [36m</option>[39m
                  [36m</select>[39m
                [36m</div>[39m
                [36m<div>[39m
                  [36m<label[39m
                    [33mclass[39m=[32m"block text-sm font-medium text-gray-700 
dark:text-gray-300 mb-2"[39m
                  [36m>[39m
                    [0mStart Date[0m
                  [36m</label>[39m
                  [36m<input[39m
                    [33mclass[39m=[32m"w-full px-4 py-2 border border-gray-300 
dark:border-slate-600 rounded-lg bg-white dark:bg-slate-700 text-gray-900 dark:text-white 
focus:ring-2 focus:ring-indigo-500 focus:border-transparent"[39m
                    [33mtype[39m=[32m"date"[39m
                    [33mvalue[39m=[32m"2025-11-10"[39m
                  [36m/>[39m
                [36m</div>[39m
                [36m<div>[39m
                  [36m<label[39m
                    [33mclass[39m=[32m"block text-sm font-medium text-gray-700 
dark:text-gray-300 mb-2"[39m
                  [36m>[39m
                    [0mEnd Date[0m
                  [36m</label>[39m
                  [36m<input[39m
                    [33mclass[39m=[32m"w-full px-4 py-2 border border-gray-300 
dark:border-slate-600 rounded-lg bg-white dark:bg-slate-700 text-gray-900 dark:text-white 
focus:ring-2 focus:ring-indigo-500 focus:border-transparent"[39m
                    [33mtype[39m=[32m"date"[39m
                    [33mvalue[39m=[32m"2025-12-10"[39m
                  [36m/>[39m
                [36m</div>[39m
                [36m<div>[39m
                  [36m<label[39m
                    [33mclass[39m=[32m"block text-sm font-medium text-gray-700 
dark:text-gray-300 mb-2"[39m
                  [36m>[39m
                    [0mWIP Limit[0m
                  [36m</label>[39m
                  [36m<input[39m
                    [33mclass[39m=[32m"w-full px-4 py-2 border border-gray-300 
dark:border-slate-600 rounded-lg bg-white dark:bg-slate-700 text-gray-900 dark:text-white 
focus:ring-2 focus:ring-indigo-500 focus:border-transparent"[39m
                    [33mmin[39m=[32m"1"[39m
                    [33mtype[39m=[32m"number"[39m
                    [33mvalue[39m=[32m"5"[39m
                  [36m/>[39m
                [36m</div>[39m
              [36m</div>[39m
            [36m</div>[39m
            [36m<div[39m
              [33mclass[39m=[32m"bg-white dark:bg-slate-800 rounded-lg shadow p-6 mb-6"[39m
            [36m>[39m
              [36m<h2[39m
                [33mclass[39m=[32m"text-xl font-semibold text-gray-900 dark:text-white 
mb-4"[39m
              [36m>[39m
                [0m・ｽ・ｽ Data Overview[0m
              [36m</h2>[39m
              [36m<div[39m
                [33mclass[39m=[32m"grid grid-cols-1 md:grid-cols-2 gap-4 text-sm 
text-gray-700 dark:text-gray-300"[39m
              [36m>[39m
                [36m<div>[39m
                  [36m<p[39m
                    [33mclass[39m=[32m"mb-2"[39m
                  [36m>[39m
                    [36m<strong>[39m
                      [0mAnalysis period:[0m
                    [36m</strong>[39m
                    [0m From [0m
                    [0m11/10/2025[0m
                    [0m to [0m
                    [0m12/10/2025[0m
                  [36m</p>[39m
                  [36m<p[39m
                    [33mclass[39m=[32m"mb-2"[39m
                  [36m>[39m
                    [36m<strong>[39m
                      [0mTotal tasks entered:[0m
                    [36m</strong>[39m
                    [0m [0m
                    [36m<span[39m
                      [33mclass[39m=[32m"font-semibold text-blue-600 dark:text-blue-400"[39m
                    [36m>[39m
                      [0m8[0m
                    [36m</span>[39m
                    [0m tasks[0m
                  [36m</p>[39m
                  [36m<p[39m
                    [33mclass[39m=[32m"mb-2"[39m
                  [36m>[39m
                    [36m<strong>[39m
                      [0mTotal tasks exited:[0m
                    [36m</strong>[39m
                    [0m [0m
                    [36m<span[39m
                      [33mclass[39m=[32m"font-semibold text-green-600 
dark:text-green-400"[39m
                    [36m>[39m
                      [0m7[0m
                    [36m</span>[39m
                    [0m tasks[0m
                  [36m</p>[39m
                  [36m<p>[39m
                    [36m<strong>[39m
                      [0mBacklog:[0m
                    [36m</strong>[39m
                    [0m [0m
                    [36m<span[39m
                      [33mclass[39m=[32m"font-semibold text-orange-600 
dark:text-orange-400"[39m
                    [36m>[39m
                      [0m+[0m
                      [0m1[0m
                    [36m</span>[39m
                    [0m tasks[0m
                  [36m</p>[39m
                [36m</div>[39m
                [36m<div>[39m
                  [36m<p[39m
                    [33mclass[39m=[32m"mb-2"[39m
                  [36m>[39m
                    [36m<strong>[39m
                      [0mAverage cycle time:[0m
                    [36m</strong>[39m
                    [0m [0m
                    [36m<span[39m
                      [33mclass[39m=[32m"font-semibold text-purple-600 dark:text-purple...

    [0m [90m 79 |[39m
     [90m 80 |[39m     expect(screen[33m.[39mgetByRole([32m"combobox"[39m))[33m.[39mtoHa
veValue([32m"b1"[39m)[33m;[39m
    [31m[1m>[22m[39m[90m 81 |[39m     [36mconst[39m enteredCard [33m=[39m 
screen[33m.[39mgetByText([35m/Tasks 
Entered/i[39m)[33m.[39mclosest([32m"div"[39m)[33m;[39m
     [90m    |[39m                                [31m[1m^[22m[39m
     [90m 82 |[39m     expect(within(enteredCard [36mas[39m [33mHTMLElement[39m)[33m.[39
mgetByText([32m"8"[39m))[33m.[39mtoBeInTheDocument()[33m;[39m
     [90m 83 |[39m     expect(screen[33m.[39mgetAllByTestId([32m"bar-chart"[39m)[33m.[39
mlength)[33m.[39mtoBeGreaterThan([35m0[39m)[33m;[39m
     [90m 84 |[39m     expect(screen[33m.[39mgetByTestId([32m"line-chart"[39m))[33m.[39m
toBeInTheDocument()[33m;[39m[0m

      at Object.getElementError (node_modules/@testing-library/dom/dist/config.js:37:19)
      at getElementError (node_modules/@testing-library/dom/dist/query-helpers.js:20:35)
      at getMultipleElementsFoundError 
(node_modules/@testing-library/dom/dist/query-helpers.js:23:10)
      at node_modules/@testing-library/dom/dist/query-helpers.js:55:13
      at getByText (node_modules/@testing-library/dom/dist/query-helpers.js:95:19)
      at Object.<anonymous> (src/test/pages/analytics.throughput.test.tsx:81:32)

FAIL src/test/__tests_cps__/components/commentSection.edgecases.test.tsx
  笳・components/CommentSection edge cases and branches 窶ｺ renders empty state when API returns a 
raw empty array

    useModal must be used within ModalProvider

    [0m [90m 30 |[39m [36mexport[39m [36mconst[39m useModal [33m=[39m () [33m=>[39m {
     [90m 31 |[39m   [36mconst[39m ctx [33m=[39m 
useContext([33mModalContext[39m)[33m;[39m
    [31m[1m>[22m[39m[90m 32 |[39m   [36mif[39m ([33m![39mctx) [36mthrow[39m 
[36mnew[39m [33mError[39m([32m"useModal must be used within ModalProvider"[39m)[33m;[39m
     [90m    |[39m                   [31m[1m^[22m[39m
     [90m 33 |[39m   [36mreturn[39m ctx[33m;[39m
     [90m 34 |[39m }[33m;[39m
     [90m 35 |[39m[0m

      at useModal (src/components/ModalProvider.tsx:32:19)
      at CommentSection (src/components/CommentSection.tsx:63:31)
      at Object.react_stack_bottom_frame 
(node_modules/react-dom/cjs/react-dom-client.development.js:25904:20)
      at renderWithHooks (node_modules/react-dom/cjs/react-dom-client.development.js:7662:22)
      at updateFunctionComponent 
(node_modules/react-dom/cjs/react-dom-client.development.js:10166:19)
      at beginWork (node_modules/react-dom/cjs/react-dom-client.development.js:11778:18)
      at runWithFiberInDEV (node_modules/react-dom/cjs/react-dom-client.development.js:874:13)
      at performUnitOfWork (node_modules/react-dom/cjs/react-dom-client.development.js:17641:22)
      at workLoopSync (node_modules/react-dom/cjs/react-dom-client.development.js:17469:41)
      at renderRootSync (node_modules/react-dom/cjs/react-dom-client.development.js:17450:11)
      at performWorkOnRoot (node_modules/react-dom/cjs/react-dom-client.development.js:16583:35)
      at performWorkOnRootViaSchedulerTask 
(node_modules/react-dom/cjs/react-dom-client.development.js:18957:7)
      at flushActQueue (node_modules/react/cjs/react.development.js:590:34)
      at Object.<anonymous>.process.env.NODE_ENV.exports.act 
(node_modules/react/cjs/react.development.js:884:10)
      at node_modules/@testing-library/react/dist/act-compat.js:47:25
      at renderRoot (node_modules/@testing-library/react/dist/pure.js:190:26)
      at render (node_modules/@testing-library/react/dist/pure.js:292:10)
      at Object.<anonymous> 
(src/test/__tests_cps__/components/commentSection.edgecases.test.tsx:28:11)

  笳・components/CommentSection edge cases and branches 窶ｺ logs error and shows empty state when 
load fails

    useModal must be used within ModalProvider

    [0m [90m 30 |[39m [36mexport[39m [36mconst[39m useModal [33m=[39m () [33m=>[39m {
     [90m 31 |[39m   [36mconst[39m ctx [33m=[39m 
useContext([33mModalContext[39m)[33m;[39m
    [31m[1m>[22m[39m[90m 32 |[39m   [36mif[39m ([33m![39mctx) [36mthrow[39m 
[36mnew[39m [33mError[39m([32m"useModal must be used within ModalProvider"[39m)[33m;[39m
     [90m    |[39m                   [31m[1m^[22m[39m
     [90m 33 |[39m   [36mreturn[39m ctx[33m;[39m
     [90m 34 |[39m }[33m;[39m
     [90m 35 |[39m[0m

      at useModal (src/components/ModalProvider.tsx:32:19)
      at CommentSection (src/components/CommentSection.tsx:63:31)
      at Object.react_stack_bottom_frame 
(node_modules/react-dom/cjs/react-dom-client.development.js:25904:20)
      at renderWithHooks (node_modules/react-dom/cjs/react-dom-client.development.js:7662:22)
      at updateFunctionComponent 
(node_modules/react-dom/cjs/react-dom-client.development.js:10166:19)
      at beginWork (node_modules/react-dom/cjs/react-dom-client.development.js:11778:18)
      at runWithFiberInDEV (node_modules/react-dom/cjs/react-dom-client.development.js:874:13)
      at performUnitOfWork (node_modules/react-dom/cjs/react-dom-client.development.js:17641:22)
      at workLoopSync (node_modules/react-dom/cjs/react-dom-client.development.js:17469:41)
      at renderRootSync (node_modules/react-dom/cjs/react-dom-client.development.js:17450:11)
      at performWorkOnRoot (node_modules/react-dom/cjs/react-dom-client.development.js:16583:35)
      at performWorkOnRootViaSchedulerTask 
(node_modules/react-dom/cjs/react-dom-client.development.js:18957:7)
      at flushActQueue (node_modules/react/cjs/react.development.js:590:34)
      at Object.<anonymous>.process.env.NODE_ENV.exports.act 
(node_modules/react/cjs/react.development.js:884:10)
      at node_modules/@testing-library/react/dist/act-compat.js:47:25
      at renderRoot (node_modules/@testing-library/react/dist/pure.js:190:26)
      at render (node_modules/@testing-library/react/dist/pure.js:292:10)
      at Object.<anonymous> 
(src/test/__tests_cps__/components/commentSection.edgecases.test.tsx:40:11)

  笳・components/CommentSection edge cases and branches 窶ｺ disables send button when textarea is 
empty; enables on input and shows loading text while sending

    useModal must be used within ModalProvider

    [0m [90m 30 |[39m [36mexport[39m [36mconst[39m useModal [33m=[39m () [33m=>[39m {
     [90m 31 |[39m   [36mconst[39m ctx [33m=[39m 
useContext([33mModalContext[39m)[33m;[39m
    [31m[1m>[22m[39m[90m 32 |[39m   [36mif[39m ([33m![39mctx) [36mthrow[39m 
[36mnew[39m [33mError[39m([32m"useModal must be used within ModalProvider"[39m)[33m;[39m
     [90m    |[39m                   [31m[1m^[22m[39m
     [90m 33 |[39m   [36mreturn[39m ctx[33m;[39m
     [90m 34 |[39m }[33m;[39m
     [90m 35 |[39m[0m

      at useModal (src/components/ModalProvider.tsx:32:19)
      at CommentSection (src/components/CommentSection.tsx:63:31)
      at Object.react_stack_bottom_frame 
(node_modules/react-dom/cjs/react-dom-client.development.js:25904:20)
      at renderWithHooks (node_modules/react-dom/cjs/react-dom-client.development.js:7662:22)
      at updateFunctionComponent 
(node_modules/react-dom/cjs/react-dom-client.development.js:10166:19)
      at beginWork (node_modules/react-dom/cjs/react-dom-client.development.js:11778:18)
      at runWithFiberInDEV (node_modules/react-dom/cjs/react-dom-client.development.js:874:13)
      at performUnitOfWork (node_modules/react-dom/cjs/react-dom-client.development.js:17641:22)
      at workLoopSync (node_modules/react-dom/cjs/react-dom-client.development.js:17469:41)
      at renderRootSync (node_modules/react-dom/cjs/react-dom-client.development.js:17450:11)
      at performWorkOnRoot (node_modules/react-dom/cjs/react-dom-client.development.js:16583:35)
      at performWorkOnRootViaSchedulerTask 
(node_modules/react-dom/cjs/react-dom-client.development.js:18957:7)
      at flushActQueue (node_modules/react/cjs/react.development.js:590:34)
      at Object.<anonymous>.process.env.NODE_ENV.exports.act 
(node_modules/react/cjs/react.development.js:884:10)
      at node_modules/@testing-library/react/dist/act-compat.js:47:25
      at renderRoot (node_modules/@testing-library/react/dist/pure.js:190:26)
      at render (node_modules/@testing-library/react/dist/pure.js:292:10)
      at Object.<anonymous> 
(src/test/__tests_cps__/components/commentSection.edgecases.test.tsx:69:11)

  笳・components/CommentSection edge cases and branches 窶ｺ edit flow disables Save when 
whitespace only; Cancel exits edit without calling update

    useModal must be used within ModalProvider

    [0m [90m 30 |[39m [36mexport[39m [36mconst[39m useModal [33m=[39m () [33m=>[39m {
     [90m 31 |[39m   [36mconst[39m ctx [33m=[39m 
useContext([33mModalContext[39m)[33m;[39m
    [31m[1m>[22m[39m[90m 32 |[39m   [36mif[39m ([33m![39mctx) [36mthrow[39m 
[36mnew[39m [33mError[39m([32m"useModal must be used within ModalProvider"[39m)[33m;[39m
     [90m    |[39m                   [31m[1m^[22m[39m
     [90m 33 |[39m   [36mreturn[39m ctx[33m;[39m
     [90m 34 |[39m }[33m;[39m
     [90m 35 |[39m[0m

      at useModal (src/components/ModalProvider.tsx:32:19)
      at CommentSection (src/components/CommentSection.tsx:63:31)
      at Object.react_stack_bottom_frame 
(node_modules/react-dom/cjs/react-dom-client.development.js:25904:20)
      at renderWithHooks (node_modules/react-dom/cjs/react-dom-client.development.js:7662:22)
      at updateFunctionComponent 
(node_modules/react-dom/cjs/react-dom-client.development.js:10166:19)
      at beginWork (node_modules/react-dom/cjs/react-dom-client.development.js:11778:18)
      at runWithFiberInDEV (node_modules/react-dom/cjs/react-dom-client.development.js:874:13)
      at performUnitOfWork (node_modules/react-dom/cjs/react-dom-client.development.js:17641:22)
      at workLoopSync (node_modules/react-dom/cjs/react-dom-client.development.js:17469:41)
      at renderRootSync (node_modules/react-dom/cjs/react-dom-client.development.js:17450:11)
      at performWorkOnRoot (node_modules/react-dom/cjs/react-dom-client.development.js:16583:35)
      at performWorkOnRootViaSchedulerTask 
(node_modules/react-dom/cjs/react-dom-client.development.js:18957:7)
      at flushActQueue (node_modules/react/cjs/react.development.js:590:34)
      at Object.<anonymous>.process.env.NODE_ENV.exports.act 
(node_modules/react/cjs/react.development.js:884:10)
      at node_modules/@testing-library/react/dist/act-compat.js:47:25
      at renderRoot (node_modules/@testing-library/react/dist/pure.js:190:26)
      at render (node_modules/@testing-library/react/dist/pure.js:292:10)
      at Object.<anonymous> 
(src/test/__tests_cps__/components/commentSection.edgecases.test.tsx:104:11)

  笳・components/CommentSection edge cases and branches 窶ｺ delete modal Cancel closes without 
calling API

    useModal must be used within ModalProvider

    [0m [90m 30 |[39m [36mexport[39m [36mconst[39m useModal [33m=[39m () [33m=>[39m {
     [90m 31 |[39m   [36mconst[39m ctx [33m=[39m 
useContext([33mModalContext[39m)[33m;[39m
    [31m[1m>[22m[39m[90m 32 |[39m   [36mif[39m ([33m![39mctx) [36mthrow[39m 
[36mnew[39m [33mError[39m([32m"useModal must be used within ModalProvider"[39m)[33m;[39m
     [90m    |[39m                   [31m[1m^[22m[39m
     [90m 33 |[39m   [36mreturn[39m ctx[33m;[39m
     [90m 34 |[39m }[33m;[39m
     [90m 35 |[39m[0m

      at useModal (src/components/ModalProvider.tsx:32:19)
      at CommentSection (src/components/CommentSection.tsx:63:31)
      at Object.react_stack_bottom_frame 
(node_modules/react-dom/cjs/react-dom-client.development.js:25904:20)
      at renderWithHooks (node_modules/react-dom/cjs/react-dom-client.development.js:7662:22)
      at updateFunctionComponent 
(node_modules/react-dom/cjs/react-dom-client.development.js:10166:19)
      at beginWork (node_modules/react-dom/cjs/react-dom-client.development.js:11778:18)
      at runWithFiberInDEV (node_modules/react-dom/cjs/react-dom-client.development.js:874:13)
      at performUnitOfWork (node_modules/react-dom/cjs/react-dom-client.development.js:17641:22)
      at workLoopSync (node_modules/react-dom/cjs/react-dom-client.development.js:17469:41)
      at renderRootSync (node_modules/react-dom/cjs/react-dom-client.development.js:17450:11)
      at performWorkOnRoot (node_modules/react-dom/cjs/react-dom-client.development.js:16583:35)
      at performWorkOnRootViaSchedulerTask 
(node_modules/react-dom/cjs/react-dom-client.development.js:18957:7)
      at flushActQueue (node_modules/react/cjs/react.development.js:590:34)
      at Object.<anonymous>.process.env.NODE_ENV.exports.act 
(node_modules/react/cjs/react.development.js:884:10)
      at node_modules/@testing-library/react/dist/act-compat.js:47:25
      at renderRoot (node_modules/@testing-library/react/dist/pure.js:190:26)
      at render (node_modules/@testing-library/react/dist/pure.js:292:10)
      at Object.<anonymous> 
(src/test/__tests_cps__/components/commentSection.edgecases.test.tsx:135:11)

  笳・components/CommentSection edge cases and branches 窶ｺ does not show action buttons for 
comments by other users

    useModal must be used within ModalProvider

    [0m [90m 30 |[39m [36mexport[39m [36mconst[39m useModal [33m=[39m () [33m=>[39m {
     [90m 31 |[39m   [36mconst[39m ctx [33m=[39m 
useContext([33mModalContext[39m)[33m;[39m
    [31m[1m>[22m[39m[90m 32 |[39m   [36mif[39m ([33m![39mctx) [36mthrow[39m 
[36mnew[39m [33mError[39m([32m"useModal must be used within ModalProvider"[39m)[33m;[39m
     [90m    |[39m                   [31m[1m^[22m[39m
     [90m 33 |[39m   [36mreturn[39m ctx[33m;[39m
     [90m 34 |[39m }[33m;[39m
     [90m 35 |[39m[0m

      at useModal (src/components/ModalProvider.tsx:32:19)
      at CommentSection (src/components/CommentSection.tsx:63:31)
      at Object.react_stack_bottom_frame 
(node_modules/react-dom/cjs/react-dom-client.development.js:25904:20)
      at renderWithHooks (node_modules/react-dom/cjs/react-dom-client.development.js:7662:22)
      at updateFunctionComponent 
(node_modules/react-dom/cjs/react-dom-client.development.js:10166:19)
      at beginWork (node_modules/react-dom/cjs/react-dom-client.development.js:11778:18)
      at runWithFiberInDEV (node_modules/react-dom/cjs/react-dom-client.development.js:874:13)
      at performUnitOfWork (node_modules/react-dom/cjs/react-dom-client.development.js:17641:22)
      at workLoopSync (node_modules/react-dom/cjs/react-dom-client.development.js:17469:41)
      at renderRootSync (node_modules/react-dom/cjs/react-dom-client.development.js:17450:11)
      at performWorkOnRoot (node_modules/react-dom/cjs/react-dom-client.development.js:16583:35)
      at performWorkOnRootViaSchedulerTask 
(node_modules/react-dom/cjs/react-dom-client.development.js:18957:7)
      at flushActQueue (node_modules/react/cjs/react.development.js:590:34)
      at Object.<anonymous>.process.env.NODE_ENV.exports.act 
(node_modules/react/cjs/react.development.js:884:10)
      at node_modules/@testing-library/react/dist/act-compat.js:47:25
      at renderRoot (node_modules/@testing-library/react/dist/pure.js:190:26)
      at render (node_modules/@testing-library/react/dist/pure.js:292:10)
      at Object.<anonymous> 
(src/test/__tests_cps__/components/commentSection.edgecases.test.tsx:161:11)

  笳・components/CommentSection edge cases and branches 窶ｺ formatDate shows all branches (v盻ｫa 
xong, phﾃｺt, gi盻・ ngﾃy, locale date)

    useModal must be used within ModalProvider

    [0m [90m 30 |[39m [36mexport[39m [36mconst[39m useModal [33m=[39m () [33m=>[39m {
     [90m 31 |[39m   [36mconst[39m ctx [33m=[39m 
useContext([33mModalContext[39m)[33m;[39m
    [31m[1m>[22m[39m[90m 32 |[39m   [36mif[39m ([33m![39mctx) [36mthrow[39m 
[36mnew[39m [33mError[39m([32m"useModal must be used within ModalProvider"[39m)[33m;[39m
     [90m    |[39m                   [31m[1m^[22m[39m
     [90m 33 |[39m   [36mreturn[39m ctx[33m;[39m
     [90m 34 |[39m }[33m;[39m
     [90m 35 |[39m[0m

      at useModal (src/components/ModalProvider.tsx:32:19)
      at CommentSection (src/components/CommentSection.tsx:63:31)
      at Object.react_stack_bottom_frame 
(node_modules/react-dom/cjs/react-dom-client.development.js:25904:20)
      at renderWithHooks (node_modules/react-dom/cjs/react-dom-client.development.js:7662:22)
      at updateFunctionComponent 
(node_modules/react-dom/cjs/react-dom-client.development.js:10166:19)
      at beginWork (node_modules/react-dom/cjs/react-dom-client.development.js:11778:18)
      at runWithFiberInDEV (node_modules/react-dom/cjs/react-dom-client.development.js:874:13)
      at performUnitOfWork (node_modules/react-dom/cjs/react-dom-client.development.js:17641:22)
      at workLoopSync (node_modules/react-dom/cjs/react-dom-client.development.js:17469:41)
      at renderRootSync (node_modules/react-dom/cjs/react-dom-client.development.js:17450:11)
      at performWorkOnRoot (node_modules/react-dom/cjs/react-dom-client.development.js:16583:35)
      at performWorkOnRootViaSchedulerTask 
(node_modules/react-dom/cjs/react-dom-client.development.js:18957:7)
      at flushActQueue (node_modules/react/cjs/react.development.js:590:34)
      at Object.<anonymous>.process.env.NODE_ENV.exports.act 
(node_modules/react/cjs/react.development.js:884:10)
      at node_modules/@testing-library/react/dist/act-compat.js:47:25
      at renderRoot (node_modules/@testing-library/react/dist/pure.js:190:26)
      at render (node_modules/@testing-library/react/dist/pure.js:292:10)
      at Object.<anonymous> 
(src/test/__tests_cps__/components/commentSection.edgecases.test.tsx:196:11)

FAIL src/test/__tests_cps__/components/loginForm.comprehensive.test.tsx (6.709 s)
  笳・LoginForm Component 窶ｺ Input Fields 窶ｺ should allow typing in username field

    TestingLibraryElementError: Unable to find an element with the placeholder text of: /nh蘯ｭp 
tﾃｪn ﾄ惰ハg nh蘯ｭp/i

    Ignored nodes: comments, script, style
    [36m<body>[39m
      [36m<div>[39m
        [36m<div[39m
          [33mclass[39m=[32m"flex items-center justify-center min-h-screen bg-gray-100"[39m
        [36m>[39m
          [36m<div[39m
            [33mclass[39m=[32m"w-full max-w-md bg-white shadow-xl rounded-2xl p-8"[39m
          [36m>[39m
            [36m<h2[39m
              [33mclass[39m=[32m"text-2xl font-bold text-center text-gray-800 mb-6"[39m
            [36m>[39m
              [0mLogin[0m
            [36m</h2>[39m
            [36m<form[39m
              [33mclass[39m=[32m"space-y-5"[39m
            [36m>[39m
              [36m<div>[39m
                [36m<label[39m
                  [33mclass[39m=[32m"block text-sm font-medium text-gray-700 mb-1"[39m
                [36m>[39m
                  [0mUsername[0m
                [36m</label>[39m
                [36m<input[39m
                  [33mclass[39m=[32m"w-full px-4 py-2 border border-gray-300 rounded-lg 
focus:outline-none focus:ring-2 focus:ring-indigo-500"[39m
                  [33mplaceholder[39m=[32m"Enter username"[39m
                  [33mtype[39m=[32m"text"[39m
                [36m/>[39m
              [36m</div>[39m
              [36m<div>[39m
                [36m<label[39m
                  [33mclass[39m=[32m"block text-sm font-medium text-gray-700 mb-1"[39m
                [36m>[39m
                  [0mPassword[0m
                [36m</label>[39m
                [36m<input[39m
                  [33mclass[39m=[32m"w-full px-4 py-2 border border-gray-300 rounded-lg 
focus:outline-none focus:ring-2 focus:ring-indigo-500"[39m
                  [33mplaceholder[39m=[32m"Enter password"[39m
                  [33mtype[39m=[32m"password"[39m
                [36m/>[39m
              [36m</div>[39m
              [36m<button[39m
                [33mclass[39m=[32m"w-full py-2 bg-indigo-600 hover:bg-indigo-700 text-white 
font-semibold rounded-lg transition"[39m
                [33mtype[39m=[32m"submit"[39m
              [36m>[39m
                [0mLogin[0m
              [36m</button>[39m
            [36m</form>[39m
            [36m<div[39m
              [33mclass[39m=[32m"flex justify-between items-center mt-5 text-sm 
text-gray-600"[39m
            [36m>[39m
              [36m<a[39m
                [33mclass[39m=[32m"hover:underline"[39m
                [33mhref[39m=[32m"#"[39m
              [36m>[39m
                [0mForgot password?[0m
              [36m</a>[39m
              [36m<a[39m
                [33mclass[39m=[32m"hover:underline"[39m
                [33mhref[39m=[32m"#"[39m
              [36m>[39m
                [0mSign up[0m
              [36m</a>[39m
            [36m</div>[39m
          [36m</div>[39m
        [36m</div>[39m
      [36m</div>[39m
    [36m</body>[39m

    [0m [90m 69 |[39m       render([33m<[39m[33mLoginForm[39m 
[33m/[39m[33m>[39m)[33m;[39m
     [90m 70 |[39m
    [31m[1m>[22m[39m[90m 71 |[39m       [36mconst[39m usernameInput [33m=[39m 
screen[33m.[39mgetByPlaceholderText([35m/nh蘯ｭp tﾃｪn ﾄ惰ハg nh蘯ｭp/i[39m) [36mas[39m 
[33mHTMLInputElement[39m[33m;[39m
     [90m    |[39m                                    [31m[1m^[22m[39m
     [90m 72 |[39m       userEvent[33m.[39mtype(usernameInput[33m,[39m 
[32m'testuser'[39m)[33m;[39m
     [90m 73 |[39m
     [90m 74 |[39m       
expect(usernameInput[33m.[39mvalue)[33m.[39mtoBe([32m'testuser'[39m)[33m;[39m[0m

      at Object.getElementError (node_modules/@testing-library/dom/dist/config.js:37:19)
      at node_modules/@testing-library/dom/dist/query-helpers.js:76:38
      at node_modules/@testing-library/dom/dist/query-helpers.js:52:17
      at getByPlaceholderText (node_modules/@testing-library/dom/dist/query-helpers.js:95:19)
      at Object.<anonymous> 
(src/test/__tests_cps__/components/loginForm.comprehensive.test.tsx:71:36)

  笳・LoginForm Component 窶ｺ Input Fields 窶ｺ should allow typing in password field

    TestingLibraryElementError: Unable to find an element with the placeholder text of: /nh蘯ｭp 
m蘯ｭt kh蘯ｩu/i

    Ignored nodes: comments, script, style
    [36m<body>[39m
      [36m<div>[39m
        [36m<div[39m
          [33mclass[39m=[32m"flex items-center justify-center min-h-screen bg-gray-100"[39m
        [36m>[39m
          [36m<div[39m
            [33mclass[39m=[32m"w-full max-w-md bg-white shadow-xl rounded-2xl p-8"[39m
          [36m>[39m
            [36m<h2[39m
              [33mclass[39m=[32m"text-2xl font-bold text-center text-gray-800 mb-6"[39m
            [36m>[39m
              [0mLogin[0m
            [36m</h2>[39m
            [36m<form[39m
              [33mclass[39m=[32m"space-y-5"[39m
            [36m>[39m
              [36m<div>[39m
                [36m<label[39m
                  [33mclass[39m=[32m"block text-sm font-medium text-gray-700 mb-1"[39m
                [36m>[39m
                  [0mUsername[0m
                [36m</label>[39m
                [36m<input[39m
                  [33mclass[39m=[32m"w-full px-4 py-2 border border-gray-300 rounded-lg 
focus:outline-none focus:ring-2 focus:ring-indigo-500"[39m
                  [33mplaceholder[39m=[32m"Enter username"[39m
                  [33mtype[39m=[32m"text"[39m
                [36m/>[39m
              [36m</div>[39m
              [36m<div>[39m
                [36m<label[39m
                  [33mclass[39m=[32m"block text-sm font-medium text-gray-700 mb-1"[39m
                [36m>[39m
                  [0mPassword[0m
                [36m</label>[39m
                [36m<input[39m
                  [33mclass[39m=[32m"w-full px-4 py-2 border border-gray-300 rounded-lg 
focus:outline-none focus:ring-2 focus:ring-indigo-500"[39m
                  [33mplaceholder[39m=[32m"Enter password"[39m
                  [33mtype[39m=[32m"password"[39m
                [36m/>[39m
              [36m</div>[39m
              [36m<button[39m
                [33mclass[39m=[32m"w-full py-2 bg-indigo-600 hover:bg-indigo-700 text-white 
font-semibold rounded-lg transition"[39m
                [33mtype[39m=[32m"submit"[39m
              [36m>[39m
                [0mLogin[0m
              [36m</button>[39m
            [36m</form>[39m
            [36m<div[39m
              [33mclass[39m=[32m"flex justify-between items-center mt-5 text-sm 
text-gray-600"[39m
            [36m>[39m
              [36m<a[39m
                [33mclass[39m=[32m"hover:underline"[39m
                [33mhref[39m=[32m"#"[39m
              [36m>[39m
                [0mForgot password?[0m
              [36m</a>[39m
              [36m<a[39m
                [33mclass[39m=[32m"hover:underline"[39m
                [33mhref[39m=[32m"#"[39m
              [36m>[39m
                [0mSign up[0m
              [36m</a>[39m
            [36m</div>[39m
          [36m</div>[39m
        [36m</div>[39m
      [36m</div>[39m
    [36m</body>[39m

    [0m [90m 78 |[39m       render([33m<[39m[33mLoginForm[39m 
[33m/[39m[33m>[39m)[33m;[39m
     [90m 79 |[39m
    [31m[1m>[22m[39m[90m 80 |[39m       [36mconst[39m passwordInput [33m=[39m 
screen[33m.[39mgetByPlaceholderText([35m/nh蘯ｭp m蘯ｭt kh蘯ｩu/i[39m) [36mas[39m 
[33mHTMLInputElement[39m[33m;[39m
     [90m    |[39m                                    [31m[1m^[22m[39m
     [90m 81 |[39m       userEvent[33m.[39mtype(passwordInput[33m,[39m 
[32m'password123'[39m)[33m;[39m
     [90m 82 |[39m
     [90m 83 |[39m       
expect(passwordInput[33m.[39mvalue)[33m.[39mtoBe([32m'password123'[39m)[33m;[39m[0m

      at Object.getElementError (node_modules/@testing-library/dom/dist/config.js:37:19)
      at node_modules/@testing-library/dom/dist/query-helpers.js:76:38
      at node_modules/@testing-library/dom/dist/query-helpers.js:52:17
      at getByPlaceholderText (node_modules/@testing-library/dom/dist/query-helpers.js:95:19)
      at Object.<anonymous> 
(src/test/__tests_cps__/components/loginForm.comprehensive.test.tsx:80:36)

  笳・LoginForm Component 窶ｺ User Interactions 窶ｺ should handle form submission

    TestingLibraryElementError: Unable to find an accessible element with the role "button" and 
name `/ﾄ惰ハg nh蘯ｭp/i`

    Here are the accessible roles:

      heading:

      Name "Login":
      [36m<h2[39m
        [33mclass[39m=[32m"text-2xl font-bold text-center text-gray-800 mb-6"[39m
      [36m/>[39m

      --------------------------------------------------
      textbox:

      Name "":
      [36m<input[39m
        [33mclass[39m=[32m"w-full px-4 py-2 border border-gray-300 rounded-lg 
focus:outline-none focus:ring-2 focus:ring-indigo-500"[39m
        [33mplaceholder[39m=[32m"Enter username"[39m
        [33mtype[39m=[32m"text"[39m
      [36m/>[39m

      --------------------------------------------------
      button:

      Name "Login":
      [36m<button[39m
        [33mclass[39m=[32m"w-full py-2 bg-indigo-600 hover:bg-indigo-700 text-white 
font-semibold rounded-lg transition"[39m
        [33mtype[39m=[32m"submit"[39m
      [36m/>[39m

      --------------------------------------------------
      link:

      Name "Forgot password?":
      [36m<a[39m
        [33mclass[39m=[32m"hover:underline"[39m
        [33mhref[39m=[32m"#"[39m
      [36m/>[39m

      Name "Sign up":
      [36m<a[39m
        [33mclass[39m=[32m"hover:underline"[39m
        [33mhref[39m=[32m"#"[39m
      [36m/>[39m

      --------------------------------------------------

    Ignored nodes: comments, script, style
    [36m<body>[39m
      [36m<div>[39m
        [36m<div[39m
          [33mclass[39m=[32m"flex items-center justify-center min-h-screen bg-gray-100"[39m
        [36m>[39m
          [36m<div[39m
            [33mclass[39m=[32m"w-full max-w-md bg-white shadow-xl rounded-2xl p-8"[39m
          [36m>[39m
            [36m<h2[39m
              [33mclass[39m=[32m"text-2xl font-bold text-center text-gray-800 mb-6"[39m
            [36m>[39m
              [0mLogin[0m
            [36m</h2>[39m
            [36m<form[39m
              [33mclass[39m=[32m"space-y-5"[39m
            [36m>[39m
              [36m<div>[39m
                [36m<label[39m
                  [33mclass[39m=[32m"block text-sm font-medium text-gray-700 mb-1"[39m
                [36m>[39m
                  [0mUsername[0m
                [36m</label>[39m
                [36m<input[39m
                  [33mclass[39m=[32m"w-full px-4 py-2 border border-gray-300 rounded-lg 
focus:outline-none focus:ring-2 focus:ring-indigo-500"[39m
                  [33mplaceholder[39m=[32m"Enter username"[39m
                  [33mtype[39m=[32m"text"[39m
                [36m/>[39m
              [36m</div>[39m
              [36m<div>[39m
                [36m<label[39m
                  [33mclass[39m=[32m"block text-sm font-medium text-gray-700 mb-1"[39m
                [36m>[39m
                  [0mPassword[0m
                [36m</label>[39m
                [36m<input[39m
                  [33mclass[39m=[32m"w-full px-4 py-2 border border-gray-300 rounded-lg 
focus:outline-none focus:ring-2 focus:ring-indigo-500"[39m
                  [33mplaceholder[39m=[32m"Enter password"[39m
                  [33mtype[39m=[32m"password"[39m
                [36m/>[39m
              [36m</div>[39m
              [36m<button[39m
                [33mclass[39m=[32m"w-full py-2 bg-indigo-600 hover:bg-indigo-700 text-white 
font-semibold rounded-lg transition"[39m
                [33mtype[39m=[32m"submit"[39m
              [36m>[39m
                [0mLogin[0m
              [36m</button>[39m
            [36m</form>[39m
            [36m<div[39m
              [33mclass[39m=[32m"flex justify-between items-center mt-5 text-sm 
text-gray-600"[39m
            [36m>[39m
              [36m<a[39m
                [33mclass[39m=[32m"hover:underline"[39m
                [33mhref[39m=[32m"#"[39m
              [36m>[39m
                [0mForgot password?[0m
              [36m</a>[39m
              [36m<a[39m
                [33mclass[39m=[32m"hover:underline"[39m
                [33mhref[39m=[32m"#"[39m
              [36m>[39m
                [0mSign up[0m
              [36m</a>[39m
            [36m</div>[39m
          [36m</div>[39m
        [36m</div>[39m
      [36m</div>[39m
    [36m</body>[39m

    [0m [90m 120 |[39m       render([33m<[39m[33mLoginForm[39m 
[33m/[39m[33m>[39m)[33m;[39m
     [90m 121 |[39m
    [31m[1m>[22m[39m[90m 122 |[39m       [36mconst[39m form [33m=[39m 
screen[33m.[39mgetByRole([32m'button'[39m[33m,[39m { name[33m:[39m [35m/ﾄ惰ハg 
nh蘯ｭp/i[39m })[33m.[39mclosest([32m'form'[39m)[33m;[39m
     [90m     |[39m                           [31m[1m^[22m[39m
     [90m 123 |[39m       expect(form)[33m.[39mtoBeInTheDocument()[33m;[39m
     [90m 124 |[39m     })[33m;[39m
     [90m 125 |[39m   })[33m;[39m[0m

      at Object.getElementError (node_modules/@testing-library/dom/dist/config.js:37:19)
      at node_modules/@testing-library/dom/dist/query-helpers.js:76:38
      at node_modules/@testing-library/dom/dist/query-helpers.js:52:17
      at getByRole (node_modules/@testing-library/dom/dist/query-helpers.js:95:19)
      at Object.<anonymous> 
(src/test/__tests_cps__/components/loginForm.comprehensive.test.tsx:122:27)

  笳・LoginForm Component 窶ｺ Form Layout 窶ｺ should display heading text correctly

    TestingLibraryElementError: Unable to find an accessible element with the role "heading" 
and name `/ﾄ惰ハg nh蘯ｭp/i`

    Here are the accessible roles:

      heading:

      Name "Login":
      [36m<h2[39m
        [33mclass[39m=[32m"text-2xl font-bold text-center text-gray-800 mb-6"[39m
      [36m/>[39m

      --------------------------------------------------
      textbox:

      Name "":
      [36m<input[39m
        [33mclass[39m=[32m"w-full px-4 py-2 border border-gray-300 rounded-lg 
focus:outline-none focus:ring-2 focus:ring-indigo-500"[39m
        [33mplaceholder[39m=[32m"Enter username"[39m
        [33mtype[39m=[32m"text"[39m
      [36m/>[39m

      --------------------------------------------------
      button:

      Name "Login":
      [36m<button[39m
        [33mclass[39m=[32m"w-full py-2 bg-indigo-600 hover:bg-indigo-700 text-white 
font-semibold rounded-lg transition"[39m
        [33mtype[39m=[32m"submit"[39m
      [36m/>[39m

      --------------------------------------------------
      link:

      Name "Forgot password?":
      [36m<a[39m
        [33mclass[39m=[32m"hover:underline"[39m
        [33mhref[39m=[32m"#"[39m
      [36m/>[39m

      Name "Sign up":
      [36m<a[39m
        [33mclass[39m=[32m"hover:underline"[39m
        [33mhref[39m=[32m"#"[39m
      [36m/>[39m

      --------------------------------------------------

    Ignored nodes: comments, script, style
    [36m<body>[39m
      [36m<div>[39m
        [36m<div[39m
          [33mclass[39m=[32m"flex items-center justify-center min-h-screen bg-gray-100"[39m
        [36m>[39m
          [36m<div[39m
            [33mclass[39m=[32m"w-full max-w-md bg-white shadow-xl rounded-2xl p-8"[39m
          [36m>[39m
            [36m<h2[39m
              [33mclass[39m=[32m"text-2xl font-bold text-center text-gray-800 mb-6"[39m
            [36m>[39m
              [0mLogin[0m
            [36m</h2>[39m
            [36m<form[39m
              [33mclass[39m=[32m"space-y-5"[39m
            [36m>[39m
              [36m<div>[39m
                [36m<label[39m
                  [33mclass[39m=[32m"block text-sm font-medium text-gray-700 mb-1"[39m
                [36m>[39m
                  [0mUsername[0m
                [36m</label>[39m
                [36m<input[39m
                  [33mclass[39m=[32m"w-full px-4 py-2 border border-gray-300 rounded-lg 
focus:outline-none focus:ring-2 focus:ring-indigo-500"[39m
                  [33mplaceholder[39m=[32m"Enter username"[39m
                  [33mtype[39m=[32m"text"[39m
                [36m/>[39m
              [36m</div>[39m
              [36m<div>[39m
                [36m<label[39m
                  [33mclass[39m=[32m"block text-sm font-medium text-gray-700 mb-1"[39m
                [36m>[39m
                  [0mPassword[0m
                [36m</label>[39m
                [36m<input[39m
                  [33mclass[39m=[32m"w-full px-4 py-2 border border-gray-300 rounded-lg 
focus:outline-none focus:ring-2 focus:ring-indigo-500"[39m
                  [33mplaceholder[39m=[32m"Enter password"[39m
                  [33mtype[39m=[32m"password"[39m
                [36m/>[39m
              [36m</div>[39m
              [36m<button[39m
                [33mclass[39m=[32m"w-full py-2 bg-indigo-600 hover:bg-indigo-700 text-white 
font-semibold rounded-lg transition"[39m
                [33mtype[39m=[32m"submit"[39m
              [36m>[39m
                [0mLogin[0m
              [36m</button>[39m
            [36m</form>[39m
            [36m<div[39m
              [33mclass[39m=[32m"flex justify-between items-center mt-5 text-sm 
text-gray-600"[39m
            [36m>[39m
              [36m<a[39m
                [33mclass[39m=[32m"hover:underline"[39m
                [33mhref[39m=[32m"#"[39m
              [36m>[39m
                [0mForgot password?[0m
              [36m</a>[39m
              [36m<a[39m
                [33mclass[39m=[32m"hover:underline"[39m
                [33mhref[39m=[32m"#"[39m
              [36m>[39m
                [0mSign up[0m
              [36m</a>[39m
            [36m</div>[39m
          [36m</div>[39m
        [36m</div>[39m
      [36m</div>[39m
    [36m</body>[39m

    [0m [90m 189 |[39m       render([33m<[39m[33mLoginForm[39m 
[33m/[39m[33m>[39m)[33m;[39m
     [90m 190 |[39m
    [31m[1m>[22m[39m[90m 191 |[39m       [36mconst[39m heading [33m=[39m 
screen[33m.[39mgetByRole([32m'heading'[39m[33m,[39m { name[33m:[39m [35m/ﾄ惰ハg 
nh蘯ｭp/i[39m })[33m;[39m
     [90m     |[39m                              [31m[1m^[22m[39m
     [90m 192 |[39m       
expect(heading)[33m.[39mtoHaveTextContent([32m'Login'[39m)[33m;[39m
     [90m 193 |[39m     })[33m;[39m
     [90m 194 |[39m   })[33m;[39m[0m

      at Object.getElementError (node_modules/@testing-library/dom/dist/config.js:37:19)
      at node_modules/@testing-library/dom/dist/query-helpers.js:76:38
      at node_modules/@testing-library/dom/dist/query-helpers.js:52:17
      at getByRole (node_modules/@testing-library/dom/dist/query-helpers.js:95:19)
      at Object.<anonymous> 
(src/test/__tests_cps__/components/loginForm.comprehensive.test.tsx:191:30)

  笳・LoginForm Component 窶ｺ Input Validation Visual 窶ｺ should accept text input in username field

    TestingLibraryElementError: Unable to find an element with the placeholder text of: /nh蘯ｭp 
tﾃｪn ﾄ惰ハg nh蘯ｭp/i

    Ignored nodes: comments, script, style
    [36m<body>[39m
      [36m<div>[39m
        [36m<div[39m
          [33mclass[39m=[32m"flex items-center justify-center min-h-screen bg-gray-100"[39m
        [36m>[39m
          [36m<div[39m
            [33mclass[39m=[32m"w-full max-w-md bg-white shadow-xl rounded-2xl p-8"[39m
          [36m>[39m
            [36m<h2[39m
              [33mclass[39m=[32m"text-2xl font-bold text-center text-gray-800 mb-6"[39m
            [36m>[39m
              [0mLogin[0m
            [36m</h2>[39m
            [36m<form[39m
              [33mclass[39m=[32m"space-y-5"[39m
            [36m>[39m
              [36m<div>[39m
                [36m<label[39m
                  [33mclass[39m=[32m"block text-sm font-medium text-gray-700 mb-1"[39m
                [36m>[39m
                  [0mUsername[0m
                [36m</label>[39m
                [36m<input[39m
                  [33mclass[39m=[32m"w-full px-4 py-2 border border-gray-300 rounded-lg 
focus:outline-none focus:ring-2 focus:ring-indigo-500"[39m
                  [33mplaceholder[39m=[32m"Enter username"[39m
                  [33mtype[39m=[32m"text"[39m
                [36m/>[39m
              [36m</div>[39m
              [36m<div>[39m
                [36m<label[39m
                  [33mclass[39m=[32m"block text-sm font-medium text-gray-700 mb-1"[39m
                [36m>[39m
                  [0mPassword[0m
                [36m</label>[39m
                [36m<input[39m
                  [33mclass[39m=[32m"w-full px-4 py-2 border border-gray-300 rounded-lg 
focus:outline-none focus:ring-2 focus:ring-indigo-500"[39m
                  [33mplaceholder[39m=[32m"Enter password"[39m
                  [33mtype[39m=[32m"password"[39m
                [36m/>[39m
              [36m</div>[39m
              [36m<button[39m
                [33mclass[39m=[32m"w-full py-2 bg-indigo-600 hover:bg-indigo-700 text-white 
font-semibold rounded-lg transition"[39m
                [33mtype[39m=[32m"submit"[39m
              [36m>[39m
                [0mLogin[0m
              [36m</button>[39m
            [36m</form>[39m
            [36m<div[39m
              [33mclass[39m=[32m"flex justify-between items-center mt-5 text-sm 
text-gray-600"[39m
            [36m>[39m
              [36m<a[39m
                [33mclass[39m=[32m"hover:underline"[39m
                [33mhref[39m=[32m"#"[39m
              [36m>[39m
                [0mForgot password?[0m
              [36m</a>[39m
              [36m<a[39m
                [33mclass[39m=[32m"hover:underline"[39m
                [33mhref[39m=[32m"#"[39m
              [36m>[39m
                [0mSign up[0m
              [36m</a>[39m
            [36m</div>[39m
          [36m</div>[39m
        [36m</div>[39m
      [36m</div>[39m
    [36m</body>[39m

    [0m [90m 198 |[39m       render([33m<[39m[33mLoginForm[39m 
[33m/[39m[33m>[39m)[33m;[39m
     [90m 199 |[39m
    [31m[1m>[22m[39m[90m 200 |[39m       [36mconst[39m usernameInput [33m=[39m 
screen[33m.[39mgetByPlaceholderText([35m/nh蘯ｭp tﾃｪn ﾄ惰ハg nh蘯ｭp/i[39m) [36mas[39m 
[33mHTMLInputElement[39m[33m;[39m
     [90m     |[39m                                    [31m[1m^[22m[39m
     [90m 201 |[39m       userEvent[33m.[39mtype(usernameInput[33m,[39m 
[32m'user@example.com'[39m)[33m;[39m
     [90m 202 |[39m
     [90m 203 |[39m       expect(usernameInput[33m.[39mvalue)[33m.[39mtoBe([32m'user@exam
ple.com'[39m)[33m;[39m[0m

      at Object.getElementError (node_modules/@testing-library/dom/dist/config.js:37:19)
      at node_modules/@testing-library/dom/dist/query-helpers.js:76:38
      at node_modules/@testing-library/dom/dist/query-helpers.js:52:17
      at getByPlaceholderText (node_modules/@testing-library/dom/dist/query-helpers.js:95:19)
      at Object.<anonymous> 
(src/test/__tests_cps__/components/loginForm.comprehensive.test.tsx:200:36)

  笳・LoginForm Component 窶ｺ Input Validation Visual 窶ｺ should accept text input in password field

    TestingLibraryElementError: Unable to find an element with the placeholder text of: /nh蘯ｭp 
m蘯ｭt kh蘯ｩu/i

    Ignored nodes: comments, script, style
    [36m<body>[39m
      [36m<div>[39m
        [36m<div[39m
          [33mclass[39m=[32m"flex items-center justify-center min-h-screen bg-gray-100"[39m
        [36m>[39m
          [36m<div[39m
            [33mclass[39m=[32m"w-full max-w-md bg-white shadow-xl rounded-2xl p-8"[39m
          [36m>[39m
            [36m<h2[39m
              [33mclass[39m=[32m"text-2xl font-bold text-center text-gray-800 mb-6"[39m
            [36m>[39m
              [0mLogin[0m
            [36m</h2>[39m
            [36m<form[39m
              [33mclass[39m=[32m"space-y-5"[39m
            [36m>[39m
              [36m<div>[39m
                [36m<label[39m
                  [33mclass[39m=[32m"block text-sm font-medium text-gray-700 mb-1"[39m
                [36m>[39m
                  [0mUsername[0m
                [36m</label>[39m
                [36m<input[39m
                  [33mclass[39m=[32m"w-full px-4 py-2 border border-gray-300 rounded-lg 
focus:outline-none focus:ring-2 focus:ring-indigo-500"[39m
                  [33mplaceholder[39m=[32m"Enter username"[39m
                  [33mtype[39m=[32m"text"[39m
                [36m/>[39m
              [36m</div>[39m
              [36m<div>[39m
                [36m<label[39m
                  [33mclass[39m=[32m"block text-sm font-medium text-gray-700 mb-1"[39m
                [36m>[39m
                  [0mPassword[0m
                [36m</label>[39m
                [36m<input[39m
                  [33mclass[39m=[32m"w-full px-4 py-2 border border-gray-300 rounded-lg 
focus:outline-none focus:ring-2 focus:ring-indigo-500"[39m
                  [33mplaceholder[39m=[32m"Enter password"[39m
                  [33mtype[39m=[32m"password"[39m
                [36m/>[39m
              [36m</div>[39m
              [36m<button[39m
                [33mclass[39m=[32m"w-full py-2 bg-indigo-600 hover:bg-indigo-700 text-white 
font-semibold rounded-lg transition"[39m
                [33mtype[39m=[32m"submit"[39m
              [36m>[39m
                [0mLogin[0m
              [36m</button>[39m
            [36m</form>[39m
            [36m<div[39m
              [33mclass[39m=[32m"flex justify-between items-center mt-5 text-sm 
text-gray-600"[39m
            [36m>[39m
              [36m<a[39m
                [33mclass[39m=[32m"hover:underline"[39m
                [33mhref[39m=[32m"#"[39m
              [36m>[39m
                [0mForgot password?[0m
              [36m</a>[39m
              [36m<a[39m
                [33mclass[39m=[32m"hover:underline"[39m
                [33mhref[39m=[32m"#"[39m
              [36m>[39m
                [0mSign up[0m
              [36m</a>[39m
            [36m</div>[39m
          [36m</div>[39m
        [36m</div>[39m
      [36m</div>[39m
    [36m</body>[39m

    [0m [90m 207 |[39m       render([33m<[39m[33mLoginForm[39m 
[33m/[39m[33m>[39m)[33m;[39m
     [90m 208 |[39m
    [31m[1m>[22m[39m[90m 209 |[39m       [36mconst[39m passwordInput [33m=[39m 
screen[33m.[39mgetByPlaceholderText([35m/nh蘯ｭp m蘯ｭt kh蘯ｩu/i[39m) [36mas[39m 
[33mHTMLInputElement[39m[33m;[39m
     [90m     |[39m                                    [31m[1m^[22m[39m
     [90m 210 |[39m       userEvent[33m.[39mtype(passwordInput[33m,[39m 
[32m'SecurePass123!'[39m)[33m;[39m
     [90m 211 |[39m
     [90m 212 |[39m       
expect(passwordInput[33m.[39mvalue)[33m.[39mtoBe([32m'SecurePass123!'[39m)[33m;[39m[0m

      at Object.getElementError (node_modules/@testing-library/dom/dist/config.js:37:19)
      at node_modules/@testing-library/dom/dist/query-helpers.js:76:38
      at node_modules/@testing-library/dom/dist/query-helpers.js:52:17
      at getByPlaceholderText (node_modules/@testing-library/dom/dist/query-helpers.js:95:19)
      at Object.<anonymous> 
(src/test/__tests_cps__/components/loginForm.comprehensive.test.tsx:209:36)

  笳・LoginForm Component 窶ｺ Input Validation Visual 窶ｺ should allow clearing input fields

    TestingLibraryElementError: Unable to find an element with the placeholder text of: /nh蘯ｭp 
tﾃｪn ﾄ惰ハg nh蘯ｭp/i

    Ignored nodes: comments, script, style
    [36m<body>[39m
      [36m<div>[39m
        [36m<div[39m
          [33mclass[39m=[32m"flex items-center justify-center min-h-screen bg-gray-100"[39m
        [36m>[39m
          [36m<div[39m
            [33mclass[39m=[32m"w-full max-w-md bg-white shadow-xl rounded-2xl p-8"[39m
          [36m>[39m
            [36m<h2[39m
              [33mclass[39m=[32m"text-2xl font-bold text-center text-gray-800 mb-6"[39m
            [36m>[39m
              [0mLogin[0m
            [36m</h2>[39m
            [36m<form[39m
              [33mclass[39m=[32m"space-y-5"[39m
            [36m>[39m
              [36m<div>[39m
                [36m<label[39m
                  [33mclass[39m=[32m"block text-sm font-medium text-gray-700 mb-1"[39m
                [36m>[39m
                  [0mUsername[0m
                [36m</label>[39m
                [36m<input[39m
                  [33mclass[39m=[32m"w-full px-4 py-2 border border-gray-300 rounded-lg 
focus:outline-none focus:ring-2 focus:ring-indigo-500"[39m
                  [33mplaceholder[39m=[32m"Enter username"[39m
                  [33mtype[39m=[32m"text"[39m
                [36m/>[39m
              [36m</div>[39m
              [36m<div>[39m
                [36m<label[39m
                  [33mclass[39m=[32m"block text-sm font-medium text-gray-700 mb-1"[39m
                [36m>[39m
                  [0mPassword[0m
                [36m</label>[39m
                [36m<input[39m
                  [33mclass[39m=[32m"w-full px-4 py-2 border border-gray-300 rounded-lg 
focus:outline-none focus:ring-2 focus:ring-indigo-500"[39m
                  [33mplaceholder[39m=[32m"Enter password"[39m
                  [33mtype[39m=[32m"password"[39m
                [36m/>[39m
              [36m</div>[39m
              [36m<button[39m
                [33mclass[39m=[32m"w-full py-2 bg-indigo-600 hover:bg-indigo-700 text-white 
font-semibold rounded-lg transition"[39m
                [33mtype[39m=[32m"submit"[39m
              [36m>[39m
                [0mLogin[0m
              [36m</button>[39m
            [36m</form>[39m
            [36m<div[39m
              [33mclass[39m=[32m"flex justify-between items-center mt-5 text-sm 
text-gray-600"[39m
            [36m>[39m
              [36m<a[39m
                [33mclass[39m=[32m"hover:underline"[39m
                [33mhref[39m=[32m"#"[39m
              [36m>[39m
                [0mForgot password?[0m
              [36m</a>[39m
              [36m<a[39m
                [33mclass[39m=[32m"hover:underline"[39m
                [33mhref[39m=[32m"#"[39m
              [36m>[39m
                [0mSign up[0m
              [36m</a>[39m
            [36m</div>[39m
          [36m</div>[39m
        [36m</div>[39m
      [36m</div>[39m
    [36m</body>[39m

    [0m [90m 216 |[39m       render([33m<[39m[33mLoginForm[39m 
[33m/[39m[33m>[39m)[33m;[39m
     [90m 217 |[39m
    [31m[1m>[22m[39m[90m 218 |[39m       [36mconst[39m usernameInput [33m=[39m 
screen[33m.[39mgetByPlaceholderText([35m/nh蘯ｭp tﾃｪn ﾄ惰ハg nh蘯ｭp/i[39m) [36mas[39m 
[33mHTMLInputElement[39m[33m;[39m
     [90m     |[39m                                    [31m[1m^[22m[39m
     [90m 219 |[39m       userEvent[33m.[39mtype(usernameInput[33m,[39m 
[32m'testuser'[39m)[33m;[39m
     [90m 220 |[39m       
expect(usernameInput[33m.[39mvalue)[33m.[39mtoBe([32m'testuser'[39m)[33m;[39m
     [90m 221 |[39m[0m

      at Object.getElementError (node_modules/@testing-library/dom/dist/config.js:37:19)
      at node_modules/@testing-library/dom/dist/query-helpers.js:76:38
      at node_modules/@testing-library/dom/dist/query-helpers.js:52:17
      at getByPlaceholderText (node_modules/@testing-library/dom/dist/query-helpers.js:95:19)
      at Object.<anonymous> 
(src/test/__tests_cps__/components/loginForm.comprehensive.test.tsx:218:36)

  笳・LoginForm Component 窶ｺ Edge Cases 窶ｺ should maintain input values after typing

    TestingLibraryElementError: Unable to find an element with the placeholder text of: /nh蘯ｭp 
tﾃｪn ﾄ惰ハg nh蘯ｭp/i

    Ignored nodes: comments, script, style
    [36m<body>[39m
      [36m<div>[39m
        [36m<div[39m
          [33mclass[39m=[32m"flex items-center justify-center min-h-screen bg-gray-100"[39m
        [36m>[39m
          [36m<div[39m
            [33mclass[39m=[32m"w-full max-w-md bg-white shadow-xl rounded-2xl p-8"[39m
          [36m>[39m
            [36m<h2[39m
              [33mclass[39m=[32m"text-2xl font-bold text-center text-gray-800 mb-6"[39m
            [36m>[39m
              [0mLogin[0m
            [36m</h2>[39m
            [36m<form[39m
              [33mclass[39m=[32m"space-y-5"[39m
            [36m>[39m
              [36m<div>[39m
                [36m<label[39m
                  [33mclass[39m=[32m"block text-sm font-medium text-gray-700 mb-1"[39m
                [36m>[39m
                  [0mUsername[0m
                [36m</label>[39m
                [36m<input[39m
                  [33mclass[39m=[32m"w-full px-4 py-2 border border-gray-300 rounded-lg 
focus:outline-none focus:ring-2 focus:ring-indigo-500"[39m
                  [33mplaceholder[39m=[32m"Enter username"[39m
                  [33mtype[39m=[32m"text"[39m
                [36m/>[39m
              [36m</div>[39m
              [36m<div>[39m
                [36m<label[39m
                  [33mclass[39m=[32m"block text-sm font-medium text-gray-700 mb-1"[39m
                [36m>[39m
                  [0mPassword[0m
                [36m</label>[39m
                [36m<input[39m
                  [33mclass[39m=[32m"w-full px-4 py-2 border border-gray-300 rounded-lg 
focus:outline-none focus:ring-2 focus:ring-indigo-500"[39m
                  [33mplaceholder[39m=[32m"Enter password"[39m
                  [33mtype[39m=[32m"password"[39m
                [36m/>[39m
              [36m</div>[39m
              [36m<button[39m
                [33mclass[39m=[32m"w-full py-2 bg-indigo-600 hover:bg-indigo-700 text-white 
font-semibold rounded-lg transition"[39m
                [33mtype[39m=[32m"submit"[39m
              [36m>[39m
                [0mLogin[0m
              [36m</button>[39m
            [36m</form>[39m
            [36m<div[39m
              [33mclass[39m=[32m"flex justify-between items-center mt-5 text-sm 
text-gray-600"[39m
            [36m>[39m
              [36m<a[39m
                [33mclass[39m=[32m"hover:underline"[39m
                [33mhref[39m=[32m"#"[39m
              [36m>[39m
                [0mForgot password?[0m
              [36m</a>[39m
              [36m<a[39m
                [33mclass[39m=[32m"hover:underline"[39m
                [33mhref[39m=[32m"#"[39m
              [36m>[39m
                [0mSign up[0m
              [36m</a>[39m
            [36m</div>[39m
          [36m</div>[39m
        [36m</div>[39m
      [36m</div>[39m
    [36m</body>[39m

    [0m [90m 262 |[39m       render([33m<[39m[33mLoginForm[39m 
[33m/[39m[33m>[39m)[33m;[39m
     [90m 263 |[39m
    [31m[1m>[22m[39m[90m 264 |[39m       [36mconst[39m usernameInput [33m=[39m 
screen[33m.[39mgetByPlaceholderText([35m/nh蘯ｭp tﾃｪn ﾄ惰ハg nh蘯ｭp/i[39m) [36mas[39m 
[33mHTMLInputElement[39m[33m;[39m
     [90m     |[39m                                    [31m[1m^[22m[39m
     [90m 265 |[39m       [36mconst[39m passwordInput [33m=[39m 
screen[33m.[39mgetByPlaceholderText([35m/nh蘯ｭp m蘯ｭt kh蘯ｩu/i[39m) [36mas[39m 
[33mHTMLInputElement[39m[33m;[39m
     [90m 266 |[39m
     [90m 267 |[39m       userEvent[33m.[39mtype(usernameInput[33m,[39m 
[32m'user123'[39m)[33m;[39m[0m

      at Object.getElementError (node_modules/@testing-library/dom/dist/config.js:37:19)
      at node_modules/@testing-library/dom/dist/query-helpers.js:76:38
      at node_modules/@testing-library/dom/dist/query-helpers.js:52:17
      at getByPlaceholderText (node_modules/@testing-library/dom/dist/query-helpers.js:95:19)
      at Object.<anonymous> 
(src/test/__tests_cps__/components/loginForm.comprehensive.test.tsx:264:36)

  笳・LoginForm Component 窶ｺ Component Structure 窶ｺ should render complete login form

    TestingLibraryElementError: Unable to find an element with the placeholder text of: /nh蘯ｭp 
tﾃｪn ﾄ惰ハg nh蘯ｭp/i

    Ignored nodes: comments, script, style
    [36m<body>[39m
      [36m<div>[39m
        [36m<div[39m
          [33mclass[39m=[32m"flex items-center justify-center min-h-screen bg-gray-100"[39m
        [36m>[39m
          [36m<div[39m
            [33mclass[39m=[32m"w-full max-w-md bg-white shadow-xl rounded-2xl p-8"[39m
          [36m>[39m
            [36m<h2[39m
              [33mclass[39m=[32m"text-2xl font-bold text-center text-gray-800 mb-6"[39m
            [36m>[39m
              [0mLogin[0m
            [36m</h2>[39m
            [36m<form[39m
              [33mclass[39m=[32m"space-y-5"[39m
            [36m>[39m
              [36m<div>[39m
                [36m<label[39m
                  [33mclass[39m=[32m"block text-sm font-medium text-gray-700 mb-1"[39m
                [36m>[39m
                  [0mUsername[0m
                [36m</label>[39m
                [36m<input[39m
                  [33mclass[39m=[32m"w-full px-4 py-2 border border-gray-300 rounded-lg 
focus:outline-none focus:ring-2 focus:ring-indigo-500"[39m
                  [33mplaceholder[39m=[32m"Enter username"[39m
                  [33mtype[39m=[32m"text"[39m
                [36m/>[39m
              [36m</div>[39m
              [36m<div>[39m
                [36m<label[39m
                  [33mclass[39m=[32m"block text-sm font-medium text-gray-700 mb-1"[39m
                [36m>[39m
                  [0mPassword[0m
                [36m</label>[39m
                [36m<input[39m
                  [33mclass[39m=[32m"w-full px-4 py-2 border border-gray-300 rounded-lg 
focus:outline-none focus:ring-2 focus:ring-indigo-500"[39m
                  [33mplaceholder[39m=[32m"Enter password"[39m
                  [33mtype[39m=[32m"password"[39m
                [36m/>[39m
              [36m</div>[39m
              [36m<button[39m
                [33mclass[39m=[32m"w-full py-2 bg-indigo-600 hover:bg-indigo-700 text-white 
font-semibold rounded-lg transition"[39m
                [33mtype[39m=[32m"submit"[39m
              [36m>[39m
                [0mLogin[0m
              [36m</button>[39m
            [36m</form>[39m
            [36m<div[39m
              [33mclass[39m=[32m"flex justify-between items-center mt-5 text-sm 
text-gray-600"[39m
            [36m>[39m
              [36m<a[39m
                [33mclass[39m=[32m"hover:underline"[39m
                [33mhref[39m=[32m"#"[39m
              [36m>[39m
                [0mForgot password?[0m
              [36m</a>[39m
              [36m<a[39m
                [33mclass[39m=[32m"hover:underline"[39m
                [33mhref[39m=[32m"#"[39m
              [36m>[39m
                [0mSign up[0m
              [36m</a>[39m
            [36m</div>[39m
          [36m</div>[39m
        [36m</div>[39m
      [36m</div>[39m
    [36m</body>[39m

    [0m [90m 281 |[39m       
     [90m 282 |[39m       [90m// Should have all inputs[39m
    [31m[1m>[22m[39m[90m 283 |[39m       
expect(screen[33m.[39mgetByPlaceholderText([35m/nh蘯ｭp tﾃｪn ﾄ惰ハg 
nh蘯ｭp/i[39m))[33m.[39mtoBeInTheDocument()[33m;[39m
     [90m     |[39m                     [31m[1m^[22m[39m
     [90m 284 |[39m       expect(screen[33m.[39mgetByPlaceholderText([35m/nh蘯ｭp m蘯ｭt 
kh蘯ｩu/i[39m))[33m.[39mtoBeInTheDocument()[33m;[39m
     [90m 285 |[39m       
     [90m 286 |[39m       [90m// Should have submit button[39m[0m

      at Object.getElementError (node_modules/@testing-library/dom/dist/config.js:37:19)
      at node_modules/@testing-library/dom/dist/query-helpers.js:76:38
      at node_modules/@testing-library/dom/dist/query-helpers.js:52:17
      at getByPlaceholderText (node_modules/@testing-library/dom/dist/query-helpers.js:95:19)
      at Object.<anonymous> 
(src/test/__tests_cps__/components/loginForm.comprehensive.test.tsx:283:21)


Test Suites: 22 failed, 262 passed, 284 total
Tests:       61 failed, 1294 passed, 1355 total
Snapshots:   0 total
Time:        57.824 s
Ran all test suites.
